
Running only on specified device: 3A021JEHN02756
Deploying and running 'bm-fully-cifar-sparse-vk' on device: 3A021JEHN02756
build/android/arm64-v8a/release/bm-fully-cifar-sparse-vk: 1 file pushed, 0 skipped. 463.2 MB/s (2712016 bytes in 0.006s)
[2025-06-25 10:49:23.149] [info] Pinable Lit cores: 0 1 2 3 
[2025-06-25 10:49:23.150] [info] Pinable Med cores: 4 5 
[2025-06-25 10:49:23.150] [info] Pinable Big cores: 6 7 
[2025-06-25 10:49:23.150] [info] Pinable Sup cores: 
Stage: 1 by Little
	Count 	51
	Average 	19.7647 ms
Stage: 1 by Medium
	Count 	184
	Average 	5.4620 ms
Stage: 1 by Big
	Count 	230
	Average 	4.4739 ms
Stage: 1 by Vulkan
	Count 	139
	Average 	7.6475 ms
Stage: 2 by Little
	Count 	44
	Average 	23.5682 ms
Stage: 2 by Medium
	Count 	82
	Average 	12.8902 ms
Stage: 2 by Big
	Count 	94
	Average 	10.9894 ms
Stage: 2 by Vulkan
	Count 	160
	Average 	6.5875 ms
Stage: 3 by Little
	Count 	99
	Average 	10.4848 ms
Stage: 3 by Medium
	Count 	344
	Average 	3.0640 ms
Stage: 3 by Big
	Count 	424
	Average 	2.3656 ms
Stage: 3 by Vulkan
	Count 	282
	Average 	3.7695 ms
Stage: 4 by Little
	Count 	80
	Average 	13.0625 ms
Stage: 4 by Medium
	Count 	156
	Average 	6.8269 ms
Stage: 4 by Big
	Count 	184
	Average 	5.6033 ms
Stage: 4 by Vulkan
	Count 	351
	Average 	3.0171 ms
Stage: 5 by Little
	Count 	175
	Average 	5.9257 ms
Stage: 5 by Medium
	Count 	562
	Average 	1.7829 ms
Stage: 5 by Big
	Count 	768
	Average 	1.3438 ms
Stage: 5 by Vulkan
	Count 	509
	Average 	2.0629 ms
Stage: 6 by Little
	Count 	175
	Average 	6.0457 ms
Stage: 6 by Medium
	Count 	583
	Average 	1.7770 ms
Stage: 6 by Big
	Count 	767
	Average 	1.3507 ms
Stage: 6 by Vulkan
	Count 	436
	Average 	2.4128 ms
Stage: 7 by Little
	Count 	172
	Average 	5.9767 ms
Stage: 7 by Medium
	Count 	583
	Average 	1.8268 ms
Stage: 7 by Big
	Count 	690
	Average 	1.4913 ms
Stage: 7 by Vulkan
	Count 	326
	Average 	3.0767 ms
Stage: 8 by Little
	Count 	153
	Average 	6.7647 ms
Stage: 8 by Medium
	Count 	285
	Average 	3.7158 ms
Stage: 8 by Big
	Count 	329
	Average 	3.1307 ms
Stage: 8 by Vulkan
	Count 	407
	Average 	2.5799 ms
Stage: 9 by Little
	Count 	40361
	Average 	0.0259 ms
Stage: 9 by Medium
	Count 	80021
	Average 	0.0132 ms
Stage: 9 by Big
	Count 	99141
	Average 	0.0105 ms
Stage: 9 by Vulkan
	Count 	2164
	Average 	0.4866 ms
Stage: 1
	Little 	23.8182 ms 	(44)
	Medium 	6.1647 ms 	(170)
	Big    	5.2929 ms 	(198)
	Vulkan 	4.9434 ms 	(212)
Stage: 2
	Little 	26.8500 ms 	(40)
	Medium 	14.1316 ms 	(76)
	Big    	12.7857 ms 	(84)
	Vulkan 	2.8042 ms 	(383)
Stage: 3
	Little 	13.1266 ms 	(79)
	Medium 	3.4799 ms 	(298)
	Big    	3.1235 ms 	(332)
	Vulkan 	2.7951 ms 	(371)
Stage: 4
	Little 	14.0139 ms 	(72)
	Medium 	6.5948 ms 	(153)
	Big    	6.5948 ms 	(153)
	Vulkan 	1.4191 ms 	(711)
Stage: 5
	Little 	7.1929 ms 	(140)
	Medium 	1.7273 ms 	(583)
	Big    	1.8822 ms 	(535)
	Vulkan 	1.2089 ms 	(833)
Stage: 6
	Little 	7.1571 ms 	(140)
	Medium 	1.7548 ms 	(571)
	Big    	1.9532 ms 	(513)
	Vulkan 	1.7041 ms 	(588)
Stage: 7
	Little 	10.0099 ms 	(101)
	Medium 	1.8933 ms 	(534)
	Big    	2.4963 ms 	(405)
	Vulkan 	1.8933 ms 	(534)
Stage: 8
	Little 	8.8938 ms 	(113)
	Medium 	3.8506 ms 	(261)
	Big    	4.4273 ms 	(227)
	Vulkan 	1.0535 ms 	(954)
Stage: 9
	Little 	0.0432 ms 	(23180)
	Medium 	0.0182 ms 	(55132)
	Big    	0.0143 ms 	(69992)
	Vulkan 	0.2529 ms 	(3958)

Normal Benchmark Results Table (ms per task):
Stage | Little Core | Medium Core | Big Core | Vulkan | CUDA
------|------------|-------------|----------|--------|-------
    1 |     19.7647 |      5.4620 |   4.4739 | 7.6475 | 0.0000
    2 |     23.5682 |     12.8902 |  10.9894 | 6.5875 | 0.0000
    3 |     10.4848 |      3.0640 |   2.3656 | 3.7695 | 0.0000
    4 |     13.0625 |      6.8269 |   5.6033 | 3.0171 | 0.0000
    5 |      5.9257 |      1.7829 |   1.3438 | 2.0629 | 0.0000
    6 |      6.0457 |      1.7770 |   1.3507 | 2.4128 | 0.0000
    7 |      5.9767 |      1.8268 |   1.4913 | 3.0767 | 0.0000
    8 |      6.7647 |      3.7158 |   3.1307 | 2.5799 | 0.0000
    9 |      0.0259 |      0.0132 |   0.0105 | 0.4866 | 0.0000

Normal Benchmark - Sum of stages 1-9:
Little Core: 91.6190 ms
Medium Core: 37.3588 ms
Big Core: 30.7591 ms
Vulkan: 31.6404 ms
CUDA: 0.0000 ms

Fully Benchmark Results Table (ms per task):
Stage | Little Core | Medium Core | Big Core | Vulkan | CUDA
------|-------------|-------------|----------|--------|-------
    1 |     23.8182 |      6.1647 |   5.2929 | 4.9434 | 0.0000
    2 |     26.8500 |     14.1316 |  12.7857 | 2.8042 | 0.0000
    3 |     13.1266 |      3.4799 |   3.1235 | 2.7951 | 0.0000
    4 |     14.0139 |      6.5948 |   6.5948 | 1.4191 | 0.0000
    5 |      7.1929 |      1.7273 |   1.8822 | 1.2089 | 0.0000
    6 |      7.1571 |      1.7548 |   1.9532 | 1.7041 | 0.0000
    7 |     10.0099 |      1.8933 |   2.4963 | 1.8933 | 0.0000
    8 |      8.8938 |      3.8506 |   4.4273 | 1.0535 | 0.0000
    9 |      0.0432 |      0.0182 |   0.0143 | 0.2529 | 0.0000

Fully Benchmark - Sum of stages 1-9:
Little Core: 111.1055 ms
Medium Core: 39.6150 ms
Big Core: 38.5703 ms
Vulkan: 18.0744 ms
CUDA: 0.0000 ms

Performance Comparison (Fully vs Normal):
Processor  | Normal (ms) | Fully (ms) | Ratio
-----------|-------------|------------|-------
Little Core|       91.62 |     111.11 |  1.21x
Medium Core|       37.36 |      39.62 |  1.06x
Big Core   |       30.76 |      38.57 |  1.25x
Vulkan     |       31.64 |      18.07 |  0.57x

### PYTHON_DATA_START ###
# NORMAL_BENCHMARK_DATA
stage,little,medium,big,vulkan,cuda
1,19.7647,5.4620,4.4739,7.6475,0.0000
2,23.5682,12.8902,10.9894,6.5875,0.0000
3,10.4848,3.0640,2.3656,3.7695,0.0000
4,13.0625,6.8269,5.6033,3.0171,0.0000
5,5.9257,1.7829,1.3438,2.0629,0.0000
6,6.0457,1.7770,1.3507,2.4128,0.0000
7,5.9767,1.8268,1.4913,3.0767,0.0000
8,6.7647,3.7158,3.1307,2.5799,0.0000
9,0.0259,0.0132,0.0105,0.4866,0.0000
# FULLY_BENCHMARK_DATA
stage,little,medium,big,vulkan,cuda
1,23.8182,6.1647,5.2929,4.9434,0.0000
2,26.8500,14.1316,12.7857,2.8042,0.0000
3,13.1266,3.4799,3.1235,2.7951,0.0000
4,14.0139,6.5948,6.5948,1.4191,0.0000
5,7.1929,1.7273,1.8822,1.2089,0.0000
6,7.1571,1.7548,1.9532,1.7041,0.0000
7,10.0099,1.8933,2.4963,1.8933,0.0000
8,8.8938,3.8506,4.4273,1.0535,0.0000
9,0.0432,0.0182,0.0143,0.2529,0.0000
### PYTHON_DATA_END ###
