
Running only on specified device: 3A021JEHN02756
Deploying and running 'bm-fully-cifar-sparse-vk' on device: 3A021JEHN02756
build/android/arm64-v8a/release/bm-fully-cifar-sparse-vk: 1 file pushed, 0 skipped. 415.9 MB/s (2712016 bytes in 0.006s)
[2025-06-28 09:45:11.071] [info] Pinable Lit cores: 0 1 2 3 
[2025-06-28 09:45:11.071] [info] Pinable Med cores: 4 5 
[2025-06-28 09:45:11.071] [info] Pinable Big cores: 6 7 
[2025-06-28 09:45:11.071] [info] Pinable Sup cores: 
Stage: 1 by Little
	Count 	50
	Average 	20.3400 ms
Stage: 1 by Medium
	Count 	168
	Average 	6.2857 ms
Stage: 1 by Big
	Count 	206
	Average 	4.9757 ms
Stage: 1 by Vulkan
	Count 	155
	Average 	6.7871 ms
Stage: 2 by Little
	Count 	44
	Average 	22.9318 ms
Stage: 2 by Medium
	Count 	74
	Average 	14.5270 ms
Stage: 2 by Big
	Count 	88
	Average 	11.4886 ms
Stage: 2 by Vulkan
	Count 	134
	Average 	7.9328 ms
Stage: 3 by Little
	Count 	100
	Average 	10.0800 ms
Stage: 3 by Medium
	Count 	332
	Average 	3.1928 ms
Stage: 3 by Big
	Count 	400
	Average 	2.5850 ms
Stage: 3 by Vulkan
	Count 	182
	Average 	5.8462 ms
Stage: 4 by Little
	Count 	82
	Average 	12.7805 ms
Stage: 4 by Medium
	Count 	150
	Average 	7.0733 ms
Stage: 4 by Big
	Count 	174
	Average 	5.9253 ms
Stage: 4 by Vulkan
	Count 	229
	Average 	4.6332 ms
Stage: 5 by Little
	Count 	174
	Average 	5.9655 ms
Stage: 5 by Medium
	Count 	595
	Average 	1.7815 ms
Stage: 5 by Big
	Count 	673
	Average 	1.5483 ms
Stage: 5 by Vulkan
	Count 	312
	Average 	3.3910 ms
Stage: 6 by Little
	Count 	176
	Average 	5.9375 ms
Stage: 6 by Medium
	Count 	581
	Average 	1.8176 ms
Stage: 6 by Big
	Count 	678
	Average 	1.5295 ms
Stage: 6 by Vulkan
	Count 	324
	Average 	3.2222 ms
Stage: 7 by Little
	Count 	176
	Average 	5.9261 ms
Stage: 7 by Medium
	Count 	582
	Average 	1.8110 ms
Stage: 7 by Big
	Count 	675
	Average 	1.5244 ms
Stage: 7 by Vulkan
	Count 	448
	Average 	2.2388 ms
Stage: 8 by Little
	Count 	152
	Average 	6.8684 ms
Stage: 8 by Medium
	Count 	277
	Average 	3.8014 ms
Stage: 8 by Big
	Count 	297
	Average 	3.4781 ms
Stage: 8 by Vulkan
	Count 	568
	Average 	1.8768 ms
Stage: 9 by Little
	Count 	41195
	Average 	0.0252 ms
Stage: 9 by Medium
	Count 	79944
	Average 	0.0132 ms
Stage: 9 by Big
	Count 	93550
	Average 	0.0110 ms
Stage: 9 by Vulkan
	Count 	2306
	Average 	0.4627 ms
Stage: 1
	Little 	24.0000 ms 	(44)
	Medium 	6.0690 ms 	(174)
	Big    	6.1754 ms 	(171)
	Vulkan 	4.6726 ms 	(226)
Stage: 2
	Little 	29.9714 ms 	(35)
	Medium 	13.6234 ms 	(77)
	Big    	14.5694 ms 	(72)
	Vulkan 	2.6897 ms 	(390)
Stage: 3
	Little 	14.3714 ms 	(70)
	Medium 	3.0301 ms 	(332)
	Big    	3.4931 ms 	(288)
	Vulkan 	2.3505 ms 	(428)
Stage: 4
	Little 	15.2576 ms 	(66)
	Medium 	7.0420 ms 	(143)
	Big    	7.9291 ms 	(127)
	Vulkan 	1.8858 ms 	(534)
Stage: 5
	Little 	8.1463 ms 	(123)
	Medium 	1.8625 ms 	(538)
	Big    	2.0875 ms 	(480)
	Vulkan 	1.9724 ms 	(508)
Stage: 6
	Little 	8.3750 ms 	(120)
	Medium 	1.8407 ms 	(546)
	Big    	2.1567 ms 	(466)
	Vulkan 	1.6639 ms 	(604)
Stage: 7
	Little 	8.3306 ms 	(121)
	Medium 	1.8097 ms 	(557)
	Big    	2.1961 ms 	(459)
	Vulkan 	1.9649 ms 	(513)
Stage: 8
	Little 	8.4622 ms 	(119)
	Medium 	3.8000 ms 	(265)
	Big    	4.3593 ms 	(231)
	Vulkan 	1.4594 ms 	(690)
Stage: 9
	Little 	0.0440 ms 	(22840)
	Medium 	0.0160 ms 	(62757)
	Big    	0.0154 ms 	(65286)
	Vulkan 	0.3030 ms 	(3314)

Normal Benchmark Results Table (ms per task):
Stage | Little Core | Medium Core | Big Core | Vulkan | CUDA
------|------------|-------------|----------|--------|-------
    1 |     20.3400 |      6.2857 |   4.9757 | 6.7871 | 0.0000
    2 |     22.9318 |     14.5270 |  11.4886 | 7.9328 | 0.0000
    3 |     10.0800 |      3.1928 |   2.5850 | 5.8462 | 0.0000
    4 |     12.7805 |      7.0733 |   5.9253 | 4.6332 | 0.0000
    5 |      5.9655 |      1.7815 |   1.5483 | 3.3910 | 0.0000
    6 |      5.9375 |      1.8176 |   1.5295 | 3.2222 | 0.0000
    7 |      5.9261 |      1.8110 |   1.5244 | 2.2388 | 0.0000
    8 |      6.8684 |      3.8014 |   3.4781 | 1.8768 | 0.0000
    9 |      0.0252 |      0.0132 |   0.0110 | 0.4627 | 0.0000

Normal Benchmark - Sum of stages 1-9:
Little Core: 90.8551 ms
Medium Core: 40.3036 ms
Big Core: 33.0660 ms
Vulkan: 36.3908 ms
CUDA: 0.0000 ms

Fully Benchmark Results Table (ms per task):
Stage | Little Core | Medium Core | Big Core | Vulkan | CUDA
------|-------------|-------------|----------|--------|-------
    1 |     24.0000 |      6.0690 |   6.1754 | 4.6726 | 0.0000
    2 |     29.9714 |     13.6234 |  14.5694 | 2.6897 | 0.0000
    3 |     14.3714 |      3.0301 |   3.4931 | 2.3505 | 0.0000
    4 |     15.2576 |      7.0420 |   7.9291 | 1.8858 | 0.0000
    5 |      8.1463 |      1.8625 |   2.0875 | 1.9724 | 0.0000
    6 |      8.3750 |      1.8407 |   2.1567 | 1.6639 | 0.0000
    7 |      8.3306 |      1.8097 |   2.1961 | 1.9649 | 0.0000
    8 |      8.4622 |      3.8000 |   4.3593 | 1.4594 | 0.0000
    9 |      0.0440 |      0.0160 |   0.0154 | 0.3030 | 0.0000

Fully Benchmark - Sum of stages 1-9:
Little Core: 116.9585 ms
Medium Core: 39.0932 ms
Big Core: 42.9820 ms
Vulkan: 18.9622 ms
CUDA: 0.0000 ms

Performance Comparison (Fully vs Normal):
Processor  | Normal (ms) | Fully (ms) | Ratio
-----------|-------------|------------|-------
Little Core|       90.86 |     116.96 |  1.29x
Medium Core|       40.30 |      39.09 |  0.97x
Big Core   |       33.07 |      42.98 |  1.30x
Vulkan     |       36.39 |      18.96 |  0.52x

### PYTHON_DATA_START ###
# NORMAL_BENCHMARK_DATA
stage,little,medium,big,vulkan,cuda
1,20.3400,6.2857,4.9757,6.7871,0.0000
2,22.9318,14.5270,11.4886,7.9328,0.0000
3,10.0800,3.1928,2.5850,5.8462,0.0000
4,12.7805,7.0733,5.9253,4.6332,0.0000
5,5.9655,1.7815,1.5483,3.3910,0.0000
6,5.9375,1.8176,1.5295,3.2222,0.0000
7,5.9261,1.8110,1.5244,2.2388,0.0000
8,6.8684,3.8014,3.4781,1.8768,0.0000
9,0.0252,0.0132,0.0110,0.4627,0.0000
# FULLY_BENCHMARK_DATA
stage,little,medium,big,vulkan,cuda
1,24.0000,6.0690,6.1754,4.6726,0.0000
2,29.9714,13.6234,14.5694,2.6897,0.0000
3,14.3714,3.0301,3.4931,2.3505,0.0000
4,15.2576,7.0420,7.9291,1.8858,0.0000
5,8.1463,1.8625,2.0875,1.9724,0.0000
6,8.3750,1.8407,2.1567,1.6639,0.0000
7,8.3306,1.8097,2.1961,1.9649,0.0000
8,8.4622,3.8000,4.3593,1.4594,0.0000
9,0.0440,0.0160,0.0154,0.3030,0.0000
### PYTHON_DATA_END ###
