
Running only on specified device: 3A021JEHN02756
Deploying and running 'bm-fully-cifar-sparse-vk' on device: 3A021JEHN02756
build/android/arm64-v8a/release/bm-fully-cifar-sparse-vk: 1 file pushed, 0 skipped. 433.4 MB/s (2712016 bytes in 0.006s)
[2025-06-28 10:46:33.307] [info] Pinable Lit cores: 0 1 2 3 
[2025-06-28 10:46:33.308] [info] Pinable Med cores: 4 5 
[2025-06-28 10:46:33.308] [info] Pinable Big cores: 6 7 
[2025-06-28 10:46:33.308] [info] Pinable Sup cores: 
Stage: 1 by Little
	Count 	51
	Average 	19.8039 ms
Stage: 1 by Medium
	Count 	177
	Average 	5.9548 ms
Stage: 1 by Big
	Count 	207
	Average 	4.9275 ms
Stage: 1 by Vulkan
	Count 	146
	Average 	7.1370 ms
Stage: 2 by Little
	Count 	44
	Average 	22.9318 ms
Stage: 2 by Medium
	Count 	78
	Average 	13.7179 ms
Stage: 2 by Big
	Count 	89
	Average 	11.3258 ms
Stage: 2 by Vulkan
	Count 	133
	Average 	8.0451 ms
Stage: 3 by Little
	Count 	99
	Average 	10.3939 ms
Stage: 3 by Medium
	Count 	333
	Average 	3.1922 ms
Stage: 3 by Big
	Count 	405
	Average 	2.5235 ms
Stage: 3 by Vulkan
	Count 	182
	Average 	5.8352 ms
Stage: 4 by Little
	Count 	79
	Average 	13.0759 ms
Stage: 4 by Medium
	Count 	151
	Average 	7.0265 ms
Stage: 4 by Big
	Count 	162
	Average 	6.3827 ms
Stage: 4 by Vulkan
	Count 	232
	Average 	4.5862 ms
Stage: 5 by Little
	Count 	176
	Average 	5.8750 ms
Stage: 5 by Medium
	Count 	575
	Average 	1.7426 ms
Stage: 5 by Big
	Count 	669
	Average 	1.4993 ms
Stage: 5 by Vulkan
	Count 	324
	Average 	3.2840 ms
Stage: 6 by Little
	Count 	176
	Average 	5.8580 ms
Stage: 6 by Medium
	Count 	585
	Average 	1.8034 ms
Stage: 6 by Big
	Count 	698
	Average 	1.4785 ms
Stage: 6 by Vulkan
	Count 	425
	Average 	2.4753 ms
Stage: 7 by Little
	Count 	176
	Average 	5.7273 ms
Stage: 7 by Medium
	Count 	580
	Average 	1.8241 ms
Stage: 7 by Big
	Count 	682
	Average 	1.5264 ms
Stage: 7 by Vulkan
	Count 	447
	Average 	2.2416 ms
Stage: 8 by Little
	Count 	154
	Average 	6.8571 ms
Stage: 8 by Medium
	Count 	275
	Average 	3.8218 ms
Stage: 8 by Big
	Count 	321
	Average 	3.2586 ms
Stage: 8 by Vulkan
	Count 	425
	Average 	2.4682 ms
Stage: 9 by Little
	Count 	40034
	Average 	0.0262 ms
Stage: 9 by Medium
	Count 	79708
	Average 	0.0131 ms
Stage: 9 by Big
	Count 	95461
	Average 	0.0110 ms
Stage: 9 by Vulkan
	Count 	2213
	Average 	0.4722 ms
Stage: 1
	Little 	22.5778 ms 	(45)
	Medium 	6.1205 ms 	(166)
	Big    	5.6444 ms 	(180)
	Vulkan 	3.7770 ms 	(269)
Stage: 2
	Little 	28.6486 ms 	(37)
	Medium 	13.5897 ms 	(78)
	Big    	14.7222 ms 	(72)
	Vulkan 	2.2410 ms 	(473)
Stage: 3
	Little 	13.8158 ms 	(76)
	Medium 	3.2407 ms 	(324)
	Big    	3.4539 ms 	(304)
	Vulkan 	2.2152 ms 	(474)
Stage: 4
	Little 	14.9118 ms 	(68)
	Medium 	6.7152 ms 	(151)
	Big    	7.9219 ms 	(128)
	Vulkan 	1.6044 ms 	(632)
Stage: 5
	Little 	8.8070 ms 	(114)
	Medium 	1.7221 ms 	(583)
	Big    	2.1092 ms 	(476)
	Vulkan 	1.9764 ms 	(508)
Stage: 6
	Little 	8.6638 ms 	(116)
	Medium 	1.7448 ms 	(576)
	Big    	2.2284 ms 	(451)
	Vulkan 	1.6448 ms 	(611)
Stage: 7
	Little 	8.1452 ms 	(124)
	Medium 	1.8600 ms 	(543)
	Big    	2.1398 ms 	(472)
	Vulkan 	2.0040 ms 	(504)
Stage: 8
	Little 	8.0480 ms 	(125)
	Medium 	3.7122 ms 	(271)
	Big    	4.3362 ms 	(232)
	Vulkan 	1.2359 ms 	(814)
Stage: 9
	Little 	0.0727 ms 	(14172)
	Medium 	0.0135 ms 	(76430)
	Big    	0.0147 ms 	(70074)
	Vulkan 	0.3400 ms 	(3029)

Normal Benchmark Results Table (ms per task):
Stage | Little Core | Medium Core | Big Core | Vulkan | CUDA
------|------------|-------------|----------|--------|-------
    1 |     19.8039 |      5.9548 |   4.9275 | 7.1370 | 0.0000
    2 |     22.9318 |     13.7179 |  11.3258 | 8.0451 | 0.0000
    3 |     10.3939 |      3.1922 |   2.5235 | 5.8352 | 0.0000
    4 |     13.0759 |      7.0265 |   6.3827 | 4.5862 | 0.0000
    5 |      5.8750 |      1.7426 |   1.4993 | 3.2840 | 0.0000
    6 |      5.8580 |      1.8034 |   1.4785 | 2.4753 | 0.0000
    7 |      5.7273 |      1.8241 |   1.5264 | 2.2416 | 0.0000
    8 |      6.8571 |      3.8218 |   3.2586 | 2.4682 | 0.0000
    9 |      0.0262 |      0.0131 |   0.0110 | 0.4722 | 0.0000

Normal Benchmark - Sum of stages 1-9:
Little Core: 90.5492 ms
Medium Core: 39.0965 ms
Big Core: 32.9333 ms
Vulkan: 36.5448 ms
CUDA: 0.0000 ms

Fully Benchmark Results Table (ms per task):
Stage | Little Core | Medium Core | Big Core | Vulkan | CUDA
------|-------------|-------------|----------|--------|-------
    1 |     22.5778 |      6.1205 |   5.6444 | 3.7770 | 0.0000
    2 |     28.6486 |     13.5897 |  14.7222 | 2.2410 | 0.0000
    3 |     13.8158 |      3.2407 |   3.4539 | 2.2152 | 0.0000
    4 |     14.9118 |      6.7152 |   7.9219 | 1.6044 | 0.0000
    5 |      8.8070 |      1.7221 |   2.1092 | 1.9764 | 0.0000
    6 |      8.6638 |      1.7448 |   2.2284 | 1.6448 | 0.0000
    7 |      8.1452 |      1.8600 |   2.1398 | 2.0040 | 0.0000
    8 |      8.0480 |      3.7122 |   4.3362 | 1.2359 | 0.0000
    9 |      0.0727 |      0.0135 |   0.0147 | 0.3400 | 0.0000

Fully Benchmark - Sum of stages 1-9:
Little Core: 113.6906 ms
Medium Core: 38.7188 ms
Big Core: 42.5709 ms
Vulkan: 17.0387 ms
CUDA: 0.0000 ms

Performance Comparison (Fully vs Normal):
Processor  | Normal (ms) | Fully (ms) | Ratio
-----------|-------------|------------|-------
Little Core|       90.55 |     113.69 |  1.26x
Medium Core|       39.10 |      38.72 |  0.99x
Big Core   |       32.93 |      42.57 |  1.29x
Vulkan     |       36.54 |      17.04 |  0.47x

### PYTHON_DATA_START ###
# NORMAL_BENCHMARK_DATA
stage,little,medium,big,vulkan,cuda
1,19.8039,5.9548,4.9275,7.1370,0.0000
2,22.9318,13.7179,11.3258,8.0451,0.0000
3,10.3939,3.1922,2.5235,5.8352,0.0000
4,13.0759,7.0265,6.3827,4.5862,0.0000
5,5.8750,1.7426,1.4993,3.2840,0.0000
6,5.8580,1.8034,1.4785,2.4753,0.0000
7,5.7273,1.8241,1.5264,2.2416,0.0000
8,6.8571,3.8218,3.2586,2.4682,0.0000
9,0.0262,0.0131,0.0110,0.4722,0.0000
# FULLY_BENCHMARK_DATA
stage,little,medium,big,vulkan,cuda
1,22.5778,6.1205,5.6444,3.7770,0.0000
2,28.6486,13.5897,14.7222,2.2410,0.0000
3,13.8158,3.2407,3.4539,2.2152,0.0000
4,14.9118,6.7152,7.9219,1.6044,0.0000
5,8.8070,1.7221,2.1092,1.9764,0.0000
6,8.6638,1.7448,2.2284,1.6448,0.0000
7,8.1452,1.8600,2.1398,2.0040,0.0000
8,8.0480,3.7122,4.3362,1.2359,0.0000
9,0.0727,0.0135,0.0147,0.3400,0.0000
### PYTHON_DATA_END ###
