
Running only on specified device: R5CY21Y3VEV
Deploying and running 'bm-fully-cifar-dense-vk' on device: R5CY21Y3VEV
build/android/arm64-v8a/release/bm-fully-cifar-dense-vk: 1 file pushed, 0 skipped. 444.5 MB/s (2585632 bytes in 0.006s)
[2025-08-24 17:36:01.792] [info] Pinable Lit cores: 0 1 2 3 
[2025-08-24 17:36:01.793] [info] Pinable Med cores: 4 5 6 
[2025-08-24 17:36:01.793] [info] Pinable Big cores: 7 8 
[2025-08-24 17:36:01.793] [info] Pinable Sup cores: 9 
Stage: 1 by Little
	Count 	9
	Average 	113.3333 ms
Stage: 1 by Medium
	Count 	22
	Average 	47.5000 ms
Stage: 1 by Big
	Count 	14
	Average 	72.5714 ms
Stage: 1 by Vulkan
	Count 	748
	Average 	1.3436 ms
Stage: 2 by Little
	Count 	126
	Average 	7.9524 ms
Stage: 2 by Medium
	Count 	345
	Average 	2.9101 ms
Stage: 2 by Big
	Count 	238
	Average 	4.2185 ms
Stage: 2 by Vulkan
	Count 	1002
	Average 	1.0010 ms
Stage: 3 by Little
	Count 	4
	Average 	256.0000 ms
Stage: 3 by Medium
	Count 	9
	Average 	121.2222 ms
Stage: 3 by Big
	Count 	6
	Average 	184.1667 ms
Stage: 3 by Vulkan
	Count 	763
	Average 	1.3145 ms
Stage: 4 by Little
	Count 	252
	Average 	3.9762 ms
Stage: 4 by Medium
	Count 	701
	Average 	1.4294 ms
Stage: 4 by Big
	Count 	469
	Average 	2.1386 ms
Stage: 4 by Vulkan
	Count 	997
	Average 	1.0050 ms
Stage: 5 by Little
	Count 	5
	Average 	246.6000 ms
Stage: 5 by Medium
	Count 	9
	Average 	119.5556 ms
Stage: 5 by Big
	Count 	6
	Average 	181.8333 ms
Stage: 5 by Vulkan
	Count 	679
	Average 	1.4757 ms
Stage: 6 by Little
	Count 	3
	Average 	486.0000 ms
Stage: 6 by Medium
	Count 	5
	Average 	225.6000 ms
Stage: 6 by Big
	Count 	3
	Average 	342.6667 ms
Stage: 6 by Vulkan
	Count 	490
	Average 	2.0469 ms
Stage: 7 by Little
	Count 	3
	Average 	484.0000 ms
Stage: 7 by Medium
	Count 	5
	Average 	225.0000 ms
Stage: 7 by Big
	Count 	3
	Average 	341.3333 ms
Stage: 7 by Vulkan
	Count 	504
	Average 	1.9921 ms
Stage: 8 by Little
	Count 	507
	Average 	1.9763 ms
Stage: 8 by Medium
	Count 	1592
	Average 	0.6288 ms
Stage: 8 by Big
	Count 	1045
	Average 	0.9589 ms
Stage: 8 by Vulkan
	Count 	1067
	Average 	0.9391 ms
Stage: 9 by Little
	Count 	1044
	Average 	0.9598 ms
Stage: 9 by Medium
	Count 	2107
	Average 	0.4751 ms
Stage: 9 by Big
	Count 	1378
	Average 	0.7271 ms
Stage: 9 by Vulkan
	Count 	502
	Average 	1.9980 ms
Stage: 1
	Little 	157.5714 ms 	(7)
	Medium 	45.9583 ms 	(24)
	Big    	68.9375 ms 	(16)
	Vulkan 	0.6328 ms 	(1743)
Stage: 2
	Little 	15.9524 ms 	(63)
	Medium 	2.5969 ms 	(387)
	Big    	3.7222 ms 	(270)
	Vulkan 	0.3534 ms 	(2844)
Stage: 3
	Little 	384.3333 ms 	(3)
	Medium 	115.3000 ms 	(10)
	Big    	164.7143 ms 	(7)
	Vulkan 	0.5814 ms 	(1983)
Stage: 4
	Little 	10.5579 ms 	(95)
	Medium 	1.7504 ms 	(573)
	Big    	1.8609 ms 	(539)
	Vulkan 	0.2580 ms 	(3887)
Stage: 5
	Little 	381.6667 ms 	(3)
	Medium 	127.2222 ms 	(9)
	Big    	163.5714 ms 	(7)
	Vulkan 	0.4879 ms 	(2347)
Stage: 6
	Little 	647.0000 ms 	(2)
	Medium 	258.8000 ms 	(5)
	Big    	323.5000 ms 	(4)
	Vulkan 	0.6887 ms 	(1879)
Stage: 7
	Little 	672.5000 ms 	(2)
	Medium 	269.0000 ms 	(5)
	Big    	336.2500 ms 	(4)
	Vulkan 	0.8650 ms 	(1555)
Stage: 8
	Little 	4.9900 ms 	(201)
	Medium 	0.6277 ms 	(1598)
	Big    	0.9543 ms 	(1051)
	Vulkan 	0.3169 ms 	(3165)
Stage: 9
	Little 	1.1451 ms 	(875)
	Medium 	0.4742 ms 	(2113)
	Big    	1.0481 ms 	(956)
	Vulkan 	1.1584 ms 	(865)

Normal Benchmark Results Table (ms per task):
Stage | Little Core | Medium Core | Big Core | Vulkan | CUDA
------|------------|-------------|----------|--------|-------
    1 |    113.3333 |     47.5000 |  72.5714 | 1.3436 | 0.0000
    2 |      7.9524 |      2.9101 |   4.2185 | 1.0010 | 0.0000
    3 |    256.0000 |    121.2222 | 184.1667 | 1.3145 | 0.0000
    4 |      3.9762 |      1.4294 |   2.1386 | 1.0050 | 0.0000
    5 |    246.6000 |    119.5556 | 181.8333 | 1.4757 | 0.0000
    6 |    486.0000 |    225.6000 | 342.6667 | 2.0469 | 0.0000
    7 |    484.0000 |    225.0000 | 341.3333 | 1.9921 | 0.0000
    8 |      1.9763 |      0.6288 |   0.9589 | 0.9391 | 0.0000
    9 |      0.9598 |      0.4751 |   0.7271 | 1.9980 | 0.0000

Normal Benchmark - Sum of stages 1-9:
Little Core: 1600.7980 ms
Medium Core: 744.3212 ms
Big Core: 1130.6145 ms
Vulkan: 13.1159 ms
CUDA: 0.0000 ms

Fully Benchmark Results Table (ms per task):
Stage | Little Core | Medium Core | Big Core | Vulkan | CUDA
------|-------------|-------------|----------|--------|-------
    1 |    157.5714 |     45.9583 |  68.9375 | 0.6328 | 0.0000
    2 |     15.9524 |      2.5969 |   3.7222 | 0.3534 | 0.0000
    3 |    384.3333 |    115.3000 | 164.7143 | 0.5814 | 0.0000
    4 |     10.5579 |      1.7504 |   1.8609 | 0.2580 | 0.0000
    5 |    381.6667 |    127.2222 | 163.5714 | 0.4879 | 0.0000
    6 |    647.0000 |    258.8000 | 323.5000 | 0.6887 | 0.0000
    7 |    672.5000 |    269.0000 | 336.2500 | 0.8650 | 0.0000
    8 |      4.9900 |      0.6277 |   0.9543 | 0.3169 | 0.0000
    9 |      1.1451 |      0.4742 |   1.0481 | 1.1584 | 0.0000

Fully Benchmark - Sum of stages 1-9:
Little Core: 2275.7169 ms
Medium Core: 821.7298 ms
Big Core: 1064.5587 ms
Vulkan: 5.3424 ms
CUDA: 0.0000 ms

Performance Comparison (Fully vs Normal):
Processor  | Normal (ms) | Fully (ms) | Ratio
-----------|-------------|------------|-------
Little Core|     1600.80 |    2275.72 |  1.42x
Medium Core|      744.32 |     821.73 |  1.10x
Big Core   |     1130.61 |    1064.56 |  0.94x
Vulkan     |       13.12 |       5.34 |  0.41x

### PYTHON_DATA_START ###
# NORMAL_BENCHMARK_DATA
stage,little,medium,big,vulkan,cuda
1,113.3333,47.5000,72.5714,1.3436,0.0000
2,7.9524,2.9101,4.2185,1.0010,0.0000
3,256.0000,121.2222,184.1667,1.3145,0.0000
4,3.9762,1.4294,2.1386,1.0050,0.0000
5,246.6000,119.5556,181.8333,1.4757,0.0000
6,486.0000,225.6000,342.6667,2.0469,0.0000
7,484.0000,225.0000,341.3333,1.9921,0.0000
8,1.9763,0.6288,0.9589,0.9391,0.0000
9,0.9598,0.4751,0.7271,1.9980,0.0000
# FULLY_BENCHMARK_DATA
stage,little,medium,big,vulkan,cuda
1,157.5714,45.9583,68.9375,0.6328,0.0000
2,15.9524,2.5969,3.7222,0.3534,0.0000
3,384.3333,115.3000,164.7143,0.5814,0.0000
4,10.5579,1.7504,1.8609,0.2580,0.0000
5,381.6667,127.2222,163.5714,0.4879,0.0000
6,647.0000,258.8000,323.5000,0.6887,0.0000
7,672.5000,269.0000,336.2500,0.8650,0.0000
8,4.9900,0.6277,0.9543,0.3169,0.0000
9,1.1451,0.4742,1.0481,1.1584,0.0000
### PYTHON_DATA_END ###
