[2026-06-17 00:38:32.787] [info] Pinable Lit cores: 0 1 2 3 
[2026-06-17 00:38:32.788] [info] Pinable Med cores: 4 5 6 
[2026-06-17 00:38:32.788] [info] Pinable Big cores: 7 8 
[2026-06-17 00:38:32.788] [info] Pinable Sup cores: 9 
[2026-06-17 00:38:42.789] [info] Loading schedule JSON from file: schedules_btpm_tmax.json
[2026-06-17 00:38:42.790] [info] Loaded 10 valid schedules from JSON
[2026-06-17 00:38:42.791] [info] Loaded 10 schedules
--------------------------------
Schedule 0 [UID: SCH-M9-G000-75b7]:
  Chunk 0 [OMP/Medium]: 1, 2, 3, 4, 5, 6, 7, 8, 9
--------------------------------
Schedule 1 [UID: SCH-G9-G000-992c]:
  Chunk 0 [Vulkan    ]: 1, 2, 3, 4, 5, 6, 7, 8, 9
--------------------------------
Schedule 2 [UID: SCH-B9-G000-6aa6]:
  Chunk 0 [OMP/Big   ]: 1, 2, 3, 4, 5, 6, 7, 8, 9
--------------------------------
Schedule 3 [UID: SCH-L9-G000-bd51]:
  Chunk 0 [OMP/Little]: 1, 2, 3, 4, 5, 6, 7, 8, 9
--------------------------------
Schedule 4 [UID: SCH-L5M4-G302-63d9]:
  Chunk 0 [OMP/Little]: 1, 2, 3, 4, 5
  Chunk 1 [OMP/Medium]: 6, 7, 8, 9
--------------------------------
Schedule 5 [UID: SCH-M1G8-G7845-a53f]:
  Chunk 0 [OMP/Medium]: 1
  Chunk 1 [Vulkan    ]: 2, 3, 4, 5, 6, 7, 8, 9
--------------------------------
Schedule 6 [UID: SCH-M2G7-G8975-ca35]:
  Chunk 0 [OMP/Medium]: 1, 2
  Chunk 1 [Vulkan    ]: 3, 4, 5, 6, 7, 8, 9
--------------------------------
Schedule 7 [UID: SCH-B1G8-G19390-8217]:
  Chunk 0 [OMP/Big   ]: 1
  Chunk 1 [Vulkan    ]: 2, 3, 4, 5, 6, 7, 8, 9
--------------------------------
Schedule 8 [UID: SCH-B2G7-G20815-a1ff]:
  Chunk 0 [OMP/Big   ]: 1, 2
  Chunk 1 [Vulkan    ]: 3, 4, 5, 6, 7, 8, 9
--------------------------------
Schedule 9 [UID: SCH-G7L2-G24717-0ad0]:
  Chunk 0 [Vulkan    ]: 1, 2, 3, 4, 5, 6, 7
  Chunk 1 [OMP/Little]: 8, 9
[2026-06-17 00:38:42.793] [info] Running 1/10 schedules

--------------------------------
[2026-06-17 00:38:42.794] [info] Available Vulkan Layers:
[2026-06-17 00:38:42.794] [warning] Validation layer requested but not available, continuing without it...
[2026-06-17 00:38:42.806] [info] Using integrated GPU: Samsung Xclipse 940
### Python Begin ###
Schedule_UID=SCH-M9-G000-75b7
Frequency=25600000 Hz
Task=0 Chunk=0 Start=3038061724400 End=3038351192399 Duration=289467999
Task=1 Chunk=0 Start=3038351192410 End=3038627680413 Duration=276488003
Task=2 Chunk=0 Start=3038627680421 End=3038904133800 Duration=276453379
Task=3 Chunk=0 Start=3038904133815 End=3039180529584 Duration=276395769
Task=4 Chunk=0 Start=3039180529600 End=3039456710586 Duration=276180986
Task=5 Chunk=0 Start=3039456710596 End=3039732875202 Duration=276164606
Task=6 Chunk=0 Start=3039732875216 End=3040009056562 Duration=276181346
Task=7 Chunk=0 Start=3040009056574 End=3040285433419 Duration=276376845
Task=8 Chunk=0 Start=3040285433433 End=3040561812487 Duration=276379054
Task=9 Chunk=0 Start=3040561812510 End=3040838291881 Duration=276479371
Task=10 Chunk=0 Start=3040838291885 End=3041115052103 Duration=276760218
Task=11 Chunk=0 Start=3041115052113 End=3041391634326 Duration=276582213
Task=12 Chunk=0 Start=3041391634341 End=3041668523906 Duration=276889565
Task=13 Chunk=0 Start=3041668523924 End=3041945030608 Duration=276506684
Task=14 Chunk=0 Start=3041945030617 End=3042222200715 Duration=277170098
Task=15 Chunk=0 Start=3042222200726 End=3042498888695 Duration=276687969
Task=16 Chunk=0 Start=3042498888713 End=3042774875091 Duration=275986378
Task=17 Chunk=0 Start=3042774875104 End=3043050942513 Duration=276067409
Task=18 Chunk=0 Start=3043050942521 End=3043326822185 Duration=275879664
Task=19 Chunk=0 Start=3043326822194 End=3043603101430 Duration=276279236
Task=20 Chunk=0 Start=3043603101444 End=3043879154982 Duration=276053538
Task=21 Chunk=0 Start=3043879155003 End=3044155127562 Duration=275972559
Task=22 Chunk=0 Start=3044155127572 End=3044431315843 Duration=276188271
Task=23 Chunk=0 Start=3044431315864 End=3044707379499 Duration=276063635
Task=24 Chunk=0 Start=3044707379513 End=3044983756973 Duration=276377460
Task=25 Chunk=0 Start=3044983756993 End=3045259720226 Duration=275963233
Task=26 Chunk=0 Start=3045259720237 End=3045536171946 Duration=276451709
Task=27 Chunk=0 Start=3045536171961 End=3045812413622 Duration=276241661
Task=28 Chunk=0 Start=3045812413635 End=3046088619938 Duration=276206303
Task=29 Chunk=0 Start=3046088619949 End=3046364588287 Duration=275968338
Task=30 Chunk=0 Start=3046364588298 End=3046640245220 Duration=275656922
Task=31 Chunk=0 Start=3046640245232 End=3046916191812 Duration=275946580
Task=32 Chunk=0 Start=3046916191827 End=3047192211046 Duration=276019219
Task=33 Chunk=0 Start=3047192211061 End=3047468460319 Duration=276249258
Task=34 Chunk=0 Start=3047468460330 End=3047744326093 Duration=275865763
Task=35 Chunk=0 Start=3047744326107 End=3048019983211 Duration=275657104
Task=36 Chunk=0 Start=3048019983225 End=3048157915495 Duration=137932270
Task=37 Chunk=0 Start=3048157915505 End=3048295775057 Duration=137859552
Task=38 Chunk=0 Start=3048295775070 End=3048433790807 Duration=138015737
Task=39 Chunk=0 Start=3048433790818 End=3048571784353 Duration=137993535
Task=40 Chunk=0 Start=3048571784365 End=3048722943492 Duration=151159127
Task=41 Chunk=0 Start=3048722943506 End=3048877994544 Duration=155051038
Task=42 Chunk=0 Start=3048877994554 End=3049033009874 Duration=155015320
Task=43 Chunk=0 Start=3049033009884 End=3049180122195 Duration=147112311
Task=44 Chunk=0 Start=3049180122213 End=3049317977834 Duration=137855621
Task=45 Chunk=0 Start=3049317977844 End=3049455951302 Duration=137973458
Task=46 Chunk=0 Start=3049455951314 End=3049593842076 Duration=137890762
Task=47 Chunk=0 Start=3049593842093 End=3049731731080 Duration=137888987
Task=48 Chunk=0 Start=3049731731089 End=3049869607588 Duration=137876499
Task=49 Chunk=0 Start=3049869607601 End=3050007778732 Duration=138171131
Task=50 Chunk=0 Start=3050007778744 End=3050146234749 Duration=138456005
Task=51 Chunk=0 Start=3050146234759 End=3050301315293 Duration=155080534
Task=52 Chunk=0 Start=3050301315311 End=3050450201241 Duration=148885930
Task=53 Chunk=0 Start=3050450201251 End=3050588119242 Duration=137917991
Task=54 Chunk=0 Start=3050588119252 End=3050725976782 Duration=137857530
Task=55 Chunk=0 Start=3050725976798 End=3050863819779 Duration=137842981
Task=56 Chunk=0 Start=3050863819780 End=3051013071232 Duration=149251452
Task=57 Chunk=0 Start=3051013071245 End=3051168190575 Duration=155119330
Task=58 Chunk=0 Start=3051168190584 End=3051323288166 Duration=155097582
Task=59 Chunk=0 Start=3051323288187 End=3051472093957 Duration=148805770
Task=60 Chunk=0 Start=3051472093973 End=3051610335358 Duration=138241385
Task=61 Chunk=0 Start=3051610335395 End=3051756906839 Duration=146571444
Task=62 Chunk=0 Start=3051756906854 End=3051911922981 Duration=155016127
Task=63 Chunk=0 Start=3051911923001 End=3052066983213 Duration=155060212
Task=64 Chunk=0 Start=3052066983225 End=3052221995662 Duration=155012437
Task=65 Chunk=0 Start=3052221995674 End=3052377118330 Duration=155122656
Task=66 Chunk=0 Start=3052377118344 End=3052532178837 Duration=155060493
Task=67 Chunk=0 Start=3052532178854 End=3052687213424 Duration=155034570
Task=68 Chunk=0 Start=3052687213425 End=3052842254940 Duration=155041515
Task=69 Chunk=0 Start=3052842255010 End=3052997282708 Duration=155027698
Task=70 Chunk=0 Start=3052997282720 End=3053152295032 Duration=155012312
Task=71 Chunk=0 Start=3053152295033 End=3053307310352 Duration=155015319
Task=72 Chunk=0 Start=3053307310367 End=3053462640201 Duration=155329834
Task=73 Chunk=0 Start=3053462640213 End=3053617736357 Duration=155096144
Task=74 Chunk=0 Start=3053617736375 End=3053772765829 Duration=155029454
Task=75 Chunk=0 Start=3053772765838 End=3053927770802 Duration=155004964
Task=76 Chunk=0 Start=3053927770803 End=3054091501017 Duration=163730214
Task=77 Chunk=0 Start=3054091501034 End=3054260213848 Duration=168712814
Task=78 Chunk=0 Start=3054260213865 End=3054415409169 Duration=155195304
Task=79 Chunk=0 Start=3054415409178 End=3054570418189 Duration=155009011
Task=80 Chunk=0 Start=3054570418202 End=3054725450101 Duration=155031899
Task=81 Chunk=0 Start=3054725450112 End=3054880576937 Duration=155126825
Task=82 Chunk=0 Start=3054880576951 End=3055035719364 Duration=155142413
Task=83 Chunk=0 Start=3055035719382 End=3055190796138 Duration=155076756
Task=84 Chunk=0 Start=3055190796150 End=3055345799508 Duration=155003358
Task=85 Chunk=0 Start=3055345799519 End=3055503744848 Duration=157945329
Task=86 Chunk=0 Start=3055503744862 End=3055658990688 Duration=155245826
Task=87 Chunk=0 Start=3055658990700 End=3055814114176 Duration=155123476
Task=88 Chunk=0 Start=3055814114191 End=3055969187762 Duration=155073571
Task=89 Chunk=0 Start=3055969187772 End=3056124855997 Duration=155668225
Task=90 Chunk=0 Start=3056124856019 End=3056280015595 Duration=155159576
Task=91 Chunk=0 Start=3056280015605 End=3056435050749 Duration=155035144
Task=92 Chunk=0 Start=3056435050749 End=3056590094307 Duration=155043558
Task=93 Chunk=0 Start=3056590094321 End=3056745143261 Duration=155048940
Task=94 Chunk=0 Start=3056745143275 End=3056900217755 Duration=155074480
Task=95 Chunk=0 Start=3056900217766 End=3057055319784 Duration=155102018
Task=96 Chunk=0 Start=3057055319796 End=3057210348026 Duration=155028230
Task=97 Chunk=0 Start=3057210348026 End=3057365368347 Duration=155020321
Task=98 Chunk=0 Start=3057365368348 End=3057520391422 Duration=155023074
Task=99 Chunk=0 Start=3057520391435 End=3057675459294 Duration=155067859
### Python End ###
