
Running only on specified device: 9b034f1b
Deploying and running 'bm-gen-logs-cifar-dense-vk' on device: 9b034f1b
build/android/arm64-v8a/release/bm-gen-logs-cifar-dense-vk: 1 file pushed, 0 skipped. 484.9 MB/s (6981840 bytes in 0.014s)
[2025-06-28 13:06:15.740] [info] Pinable Lit cores: 0 1 2 
[2025-06-28 13:06:15.740] [info] Pinable Med cores: 3 4 
[2025-06-28 13:06:15.740] [info] Pinable Big cores: 5 6 7 
[2025-06-28 13:06:15.740] [info] Pinable Sup cores: 
[2025-06-28 13:06:17.460] [info] Fetching JSON from URL: http://192.168.1.12:8080/9b034f1b/cifar-dense/vk/schedules_btpm_gapness.json
[2025-06-28 13:06:17.529] [info] Loaded 30 valid schedules from JSON
[2025-06-28 13:06:17.530] [info] Loaded 30 schedules
--------------------------------
Schedule 0 [UID: SCH-M9-G000-3ec6]:
  Chunk 0 [OMP/Medium]: 1, 2, 3, 4, 5, 6, 7, 8, 9
--------------------------------
Schedule 1 [UID: SCH-L9-G000-d5da]:
  Chunk 0 [OMP/Little]: 1, 2, 3, 4, 5, 6, 7, 8, 9
--------------------------------
Schedule 2 [UID: SCH-G9-G000-8889]:
  Chunk 0 [Vulkan    ]: 1, 2, 3, 4, 5, 6, 7, 8, 9
--------------------------------
Schedule 3 [UID: SCH-B9-G000-cd46]:
  Chunk 0 [OMP/Big   ]: 1, 2, 3, 4, 5, 6, 7, 8, 9
--------------------------------
Schedule 4 [UID: SCH-G7L2-G074-88dc]:
  Chunk 0 [Vulkan    ]: 1, 2, 3, 4, 5, 6, 7
  Chunk 1 [OMP/Little]: 8, 9
--------------------------------
Schedule 5 [UID: SCH-G7M2-G341-241b]:
  Chunk 0 [Vulkan    ]: 1, 2, 3, 4, 5, 6, 7
  Chunk 1 [OMP/Medium]: 8, 9
--------------------------------
Schedule 6 [UID: SCH-G7B2-G401-e157]:
  Chunk 0 [Vulkan    ]: 1, 2, 3, 4, 5, 6, 7
  Chunk 1 [OMP/Big   ]: 8, 9
--------------------------------
Schedule 7 [UID: SCH-G7M1L1-G414-732d]:
  Chunk 0 [Vulkan    ]: 1, 2, 3, 4, 5, 6, 7
  Chunk 1 [OMP/Medium]: 8
  Chunk 2 [OMP/Little]: 9
--------------------------------
Schedule 8 [UID: SCH-G8L1-G419-2841]:
  Chunk 0 [Vulkan    ]: 1, 2, 3, 4, 5, 6, 7, 8
  Chunk 1 [OMP/Little]: 9
--------------------------------
Schedule 9 [UID: SCH-G7L1M1-G437-3c7f]:
  Chunk 0 [Vulkan    ]: 1, 2, 3, 4, 5, 6, 7
  Chunk 1 [OMP/Little]: 8
  Chunk 2 [OMP/Medium]: 9
--------------------------------
Schedule 10 [UID: SCH-G7B1L1-G447-dd78]:
  Chunk 0 [Vulkan    ]: 1, 2, 3, 4, 5, 6, 7
  Chunk 1 [OMP/Big   ]: 8
  Chunk 2 [OMP/Little]: 9
--------------------------------
Schedule 11 [UID: SCH-G7B1M1-G447-3dfd]:
  Chunk 0 [Vulkan    ]: 1, 2, 3, 4, 5, 6, 7
  Chunk 1 [OMP/Big   ]: 8
  Chunk 2 [OMP/Medium]: 9
--------------------------------
Schedule 12 [UID: SCH-G7M1B1-G464-8326]:
  Chunk 0 [Vulkan    ]: 1, 2, 3, 4, 5, 6, 7
  Chunk 1 [OMP/Medium]: 8
  Chunk 2 [OMP/Big   ]: 9
--------------------------------
Schedule 13 [UID: SCH-G7L1B1-G464-0b8b]:
  Chunk 0 [Vulkan    ]: 1, 2, 3, 4, 5, 6, 7
  Chunk 1 [OMP/Little]: 8
  Chunk 2 [OMP/Big   ]: 9
--------------------------------
Schedule 14 [UID: SCH-G8M1-G467-1dee]:
  Chunk 0 [Vulkan    ]: 1, 2, 3, 4, 5, 6, 7, 8
  Chunk 1 [OMP/Medium]: 9
--------------------------------
Schedule 15 [UID: SCH-G8B1-G494-f2f0]:
  Chunk 0 [Vulkan    ]: 1, 2, 3, 4, 5, 6, 7, 8
  Chunk 1 [OMP/Big   ]: 9
--------------------------------
Schedule 16 [UID: SCH-B1G8-G4005-b2ea]:
  Chunk 0 [OMP/Big   ]: 1
  Chunk 1 [Vulkan    ]: 2, 3, 4, 5, 6, 7, 8, 9
--------------------------------
Schedule 17 [UID: SCH-B1L1G7-G4046-3b01]:
  Chunk 0 [OMP/Big   ]: 1
  Chunk 1 [OMP/Little]: 2
  Chunk 2 [Vulkan    ]: 3, 4, 5, 6, 7, 8, 9
--------------------------------
Schedule 18 [UID: SCH-B1G6L2-G4179-43e3]:
  Chunk 0 [OMP/Big   ]: 1
  Chunk 1 [Vulkan    ]: 2, 3, 4, 5, 6, 7
  Chunk 2 [OMP/Little]: 8, 9
--------------------------------
Schedule 19 [UID: SCH-B1M1G7-G4209-1124]:
  Chunk 0 [OMP/Big   ]: 1
  Chunk 1 [OMP/Medium]: 2
  Chunk 2 [Vulkan    ]: 3, 4, 5, 6, 7, 8, 9
--------------------------------
Schedule 20 [UID: SCH-B1M1G5L2-G4221-eaec]:
  Chunk 0 [OMP/Big   ]: 1
  Chunk 1 [OMP/Medium]: 2
  Chunk 2 [Vulkan    ]: 3, 4, 5, 6, 7
  Chunk 3 [OMP/Little]: 8, 9
--------------------------------
Schedule 21 [UID: SCH-B2G7-G4299-24ca]:
  Chunk 0 [OMP/Big   ]: 1, 2
  Chunk 1 [Vulkan    ]: 3, 4, 5, 6, 7, 8, 9
--------------------------------
Schedule 22 [UID: SCH-B1L1G5M2-G4431-6084]:
  Chunk 0 [OMP/Big   ]: 1
  Chunk 1 [OMP/Little]: 2
  Chunk 2 [Vulkan    ]: 3, 4, 5, 6, 7
  Chunk 3 [OMP/Medium]: 8, 9
--------------------------------
Schedule 23 [UID: SCH-B1G6M2-G4431-97bf]:
  Chunk 0 [OMP/Big   ]: 1
  Chunk 1 [Vulkan    ]: 2, 3, 4, 5, 6, 7
  Chunk 2 [OMP/Medium]: 8, 9
--------------------------------
Schedule 24 [UID: SCH-B2G5L2-G4473-3335]:
  Chunk 0 [OMP/Big   ]: 1, 2
  Chunk 1 [Vulkan    ]: 3, 4, 5, 6, 7
  Chunk 2 [OMP/Little]: 8, 9
--------------------------------
Schedule 25 [UID: SCH-B1G7L1-G4479-ef47]:
  Chunk 0 [OMP/Big   ]: 1
  Chunk 1 [Vulkan    ]: 2, 3, 4, 5, 6, 7, 8
  Chunk 2 [OMP/Little]: 9
--------------------------------
Schedule 26 [UID: SCH-B1M1G6L1-G4479-ebb0]:
  Chunk 0 [OMP/Big   ]: 1
  Chunk 1 [OMP/Medium]: 2
  Chunk 2 [Vulkan    ]: 3, 4, 5, 6, 7, 8
  Chunk 3 [OMP/Little]: 9
--------------------------------
Schedule 27 [UID: SCH-B1G6M1L1-G4505-73ab]:
  Chunk 0 [OMP/Big   ]: 1
  Chunk 1 [Vulkan    ]: 2, 3, 4, 5, 6, 7
  Chunk 2 [OMP/Medium]: 8
  Chunk 3 [OMP/Little]: 9
--------------------------------
Schedule 28 [UID: SCH-B1G7M1-G4528-c430]:
  Chunk 0 [OMP/Big   ]: 1
  Chunk 1 [Vulkan    ]: 2, 3, 4, 5, 6, 7, 8
  Chunk 2 [OMP/Medium]: 9
--------------------------------
Schedule 29 [UID: SCH-B1G6L1M1-G4528-402a]:
  Chunk 0 [OMP/Big   ]: 1
  Chunk 1 [Vulkan    ]: 2, 3, 4, 5, 6, 7
  Chunk 2 [OMP/Little]: 8
  Chunk 3 [OMP/Medium]: 9
[2025-06-28 13:06:17.541] [info] Running 30/30 schedules

--------------------------------
[2025-06-28 13:06:17.542] [info] Available Vulkan Layers:
[2025-06-28 13:06:17.542] [warning] Validation layer requested but not available, continuing without it...
[2025-06-28 13:06:17.548] [info] Using integrated GPU: Adreno (TM) 740
### Python Begin ###
Schedule_UID=SCH-M9-G000-3ec6
Frequency=19200000 Hz
Task=0 Chunk=0 Start=6173553598614 End=6173575386072 Duration=21787458
Task=1 Chunk=0 Start=6173575386089 End=6173597057310 Duration=21671221
Task=2 Chunk=0 Start=6173597057319 End=6173618722910 Duration=21665591
Task=3 Chunk=0 Start=6173618722915 End=6173640392374 Duration=21669459
Task=4 Chunk=0 Start=6173640392375 End=6173662060306 Duration=21667931
Task=5 Chunk=0 Start=6173662060322 End=6173683900768 Duration=21840446
Task=6 Chunk=0 Start=6173683900793 End=6173705567583 Duration=21666790
Task=7 Chunk=0 Start=6173705567591 End=6173727237032 Duration=21669441
Task=8 Chunk=0 Start=6173727237045 End=6173748906698 Duration=21669653
Task=9 Chunk=0 Start=6173748906698 End=6173770571665 Duration=21664967
Task=10 Chunk=0 Start=6173770571665 End=6173792237894 Duration=21666229
Task=11 Chunk=0 Start=6173792237903 End=6173813899672 Duration=21661769
Task=12 Chunk=0 Start=6173813899681 End=6173835570585 Duration=21670904
Task=13 Chunk=0 Start=6173835570586 End=6173857240161 Duration=21669575
Task=14 Chunk=0 Start=6173857240162 End=6173878904880 Duration=21664718
Task=15 Chunk=0 Start=6173878904884 End=6173900573187 Duration=21668303
Task=16 Chunk=0 Start=6173900573198 End=6173922245342 Duration=21672144
Task=17 Chunk=0 Start=6173922245343 End=6173943912063 Duration=21666720
Task=18 Chunk=0 Start=6173943912064 End=6173965576831 Duration=21664767
Task=19 Chunk=0 Start=6173965576850 End=6173987251481 Duration=21674631
Task=20 Chunk=0 Start=6173987251500 End=6174008925705 Duration=21674205
Task=21 Chunk=0 Start=6174008925714 End=6174030593764 Duration=21668050
Task=22 Chunk=0 Start=6174030593800 End=6174052254102 Duration=21660302
Task=23 Chunk=0 Start=6174052254111 End=6174073925917 Duration=21671806
Task=24 Chunk=0 Start=6174073925927 End=6174095585412 Duration=21659485
Task=25 Chunk=0 Start=6174095585425 End=6174117254925 Duration=21669500
Task=26 Chunk=0 Start=6174117254929 End=6174138926505 Duration=21671576
Task=27 Chunk=0 Start=6174138926508 End=6174160594179 Duration=21667671
Task=28 Chunk=0 Start=6174160594181 End=6174182265657 Duration=21671476
Task=29 Chunk=0 Start=6174182265658 End=6174203938955 Duration=21673297
Task=30 Chunk=0 Start=6174203938955 End=6174225606026 Duration=21667071
Task=31 Chunk=0 Start=6174225606027 End=6174247275970 Duration=21669943
Task=32 Chunk=0 Start=6174247275976 End=6174268939904 Duration=21663928
Task=33 Chunk=0 Start=6174268939905 End=6174290605358 Duration=21665453
Task=34 Chunk=0 Start=6174290605359 End=6174312279493 Duration=21674134
Task=35 Chunk=0 Start=6174312279494 End=6174333952549 Duration=21673055
Task=36 Chunk=0 Start=6174333952569 End=6174355620339 Duration=21667770
Task=37 Chunk=0 Start=6174355620343 End=6174377361949 Duration=21741606
Task=38 Chunk=0 Start=6174377361968 End=6174399042002 Duration=21680034
Task=39 Chunk=0 Start=6174399042033 End=6174420718044 Duration=21676011
Task=40 Chunk=0 Start=6174420718054 End=6174442390665 Duration=21672611
Task=41 Chunk=0 Start=6174442390676 End=6174464056277 Duration=21665601
Task=42 Chunk=0 Start=6174464056289 End=6174485724061 Duration=21667772
Task=43 Chunk=0 Start=6174485724064 End=6174507400890 Duration=21676826
Task=44 Chunk=0 Start=6174507400916 End=6174529079877 Duration=21678961
Task=45 Chunk=0 Start=6174529079886 End=6174550750594 Duration=21670708
Task=46 Chunk=0 Start=6174550750599 End=6174572420093 Duration=21669494
Task=47 Chunk=0 Start=6174572420128 End=6174594092987 Duration=21672859
Task=48 Chunk=0 Start=6174594092994 End=6174615766574 Duration=21673580
Task=49 Chunk=0 Start=6174615766588 End=6174637437943 Duration=21671355
Task=50 Chunk=0 Start=6174637437955 End=6174659100676 Duration=21662721
Task=51 Chunk=0 Start=6174659100701 End=6174680770373 Duration=21669672
Task=52 Chunk=0 Start=6174680770401 End=6174702441758 Duration=21671357
Task=53 Chunk=0 Start=6174702441766 End=6174724113403 Duration=21671637
Task=54 Chunk=0 Start=6174724113406 End=6174745784370 Duration=21670964
Task=55 Chunk=0 Start=6174745784371 End=6174767458490 Duration=21674119
Task=56 Chunk=0 Start=6174767458491 End=6174789127456 Duration=21668965
Task=57 Chunk=0 Start=6174789127457 End=6174810793671 Duration=21666214
Task=58 Chunk=0 Start=6174810793682 End=6174832469783 Duration=21676101
Task=59 Chunk=0 Start=6174832469784 End=6174854136093 Duration=21666309
Task=60 Chunk=0 Start=6174854136101 End=6174875805762 Duration=21669661
Task=61 Chunk=0 Start=6174875805775 End=6174897474973 Duration=21669198
Task=62 Chunk=0 Start=6174897474974 End=6174919148416 Duration=21673442
Task=63 Chunk=0 Start=6174919148426 End=6174940821588 Duration=21673162
Task=64 Chunk=0 Start=6174940821591 End=6174962480126 Duration=21658535
Task=65 Chunk=0 Start=6174962480127 End=6174984144509 Duration=21664382
Task=66 Chunk=0 Start=6174984144510 End=6175005819806 Duration=21675296
Task=67 Chunk=0 Start=6175005819817 End=6175027500857 Duration=21681040
Task=68 Chunk=0 Start=6175027500868 End=6175049162494 Duration=21661626
Task=69 Chunk=0 Start=6175049162500 End=6175070838182 Duration=21675682
Task=70 Chunk=0 Start=6175070838191 End=6175092509849 Duration=21671658
Task=71 Chunk=0 Start=6175092509865 End=6175114181436 Duration=21671571
Task=72 Chunk=0 Start=6175114181437 End=6175135850727 Duration=21669290
Task=73 Chunk=0 Start=6175135850737 End=6175157521310 Duration=21670573
Task=74 Chunk=0 Start=6175157521330 End=6175179189584 Duration=21668254
Task=75 Chunk=0 Start=6175179189613 End=6175200865425 Duration=21675812
Task=76 Chunk=0 Start=6175200865433 End=6175222536085 Duration=21670652
Task=77 Chunk=0 Start=6175222536086 End=6175244198304 Duration=21662218
Task=78 Chunk=0 Start=6175244198316 End=6175265864967 Duration=21666651
Task=79 Chunk=0 Start=6175265864992 End=6175287540644 Duration=21675652
Task=80 Chunk=0 Start=6175287540664 End=6175309217717 Duration=21677053
Task=81 Chunk=0 Start=6175309217717 End=6175330889438 Duration=21671721
Task=82 Chunk=0 Start=6175330889439 End=6175352566788 Duration=21677349
Task=83 Chunk=0 Start=6175352566789 End=6175374234117 Duration=21667328
Task=84 Chunk=0 Start=6175374234119 End=6175395908236 Duration=21674117
Task=85 Chunk=0 Start=6175395908237 End=6175417581911 Duration=21673674
Task=86 Chunk=0 Start=6175417581913 End=6175439250686 Duration=21668773
Task=87 Chunk=0 Start=6175439250697 End=6175460917658 Duration=21666961
Task=88 Chunk=0 Start=6175460917659 End=6175482587454 Duration=21669795
Task=89 Chunk=0 Start=6175482587465 End=6175504254409 Duration=21666944
Task=90 Chunk=0 Start=6175504254417 End=6175526021118 Duration=21766701
Task=91 Chunk=0 Start=6175526021130 End=6175550479405 Duration=24458275
Task=92 Chunk=0 Start=6175550479411 End=6175572278403 Duration=21798992
Task=93 Chunk=0 Start=6175572278421 End=6175594079605 Duration=21801184
Task=94 Chunk=0 Start=6175594079631 End=6175615883891 Duration=21804260
Task=95 Chunk=0 Start=6175615883903 End=6175637683155 Duration=21799252
Task=96 Chunk=0 Start=6175637683188 End=6175659482612 Duration=21799424
Task=97 Chunk=0 Start=6175659482613 End=6175681189780 Duration=21707167
Task=98 Chunk=0 Start=6175681189781 End=6175702849480 Duration=21659699
Task=99 Chunk=0 Start=6175702849481 End=6175724523683 Duration=21674202
### Python End ###

--------------------------------
[2025-06-28 13:08:10.858] [info] Available Vulkan Layers:
[2025-06-28 13:08:10.858] [warning] Validation layer requested but not available, continuing without it...
[2025-06-28 13:08:10.861] [info] Using integrated GPU: Adreno (TM) 740
