[2026-06-16 18:40:54.341] [info] Pinable Lit cores: 
[2026-06-16 18:40:54.341] [info] Pinable Med cores: 
[2026-06-16 18:40:54.341] [info] Pinable Big cores: 0 1 2 3 4 5 6 7 8 9 10 11 12 13 14 15 
[2026-06-16 18:40:54.341] [info] Pinable Sup cores: 
Stage: 1 by Big
	Count 	19643
	Average 	0.1527 ms
Stage: 1 by Vulkan
	Count 	25284
	Average 	0.1187 ms
Stage: 2 by Big
	Count 	5778
	Average 	0.5192 ms
Stage: 2 by Vulkan
	Count 	3318
	Average 	0.9042 ms
Stage: 3 by Big
	Count 	10222
	Average 	0.2935 ms
Stage: 3 by Vulkan
	Count 	12054
	Average 	0.2489 ms
Stage: 4 by Big
	Count 	4396
	Average 	0.6824 ms
Stage: 4 by Vulkan
	Count 	16115
	Average 	0.1862 ms
Stage: 5 by Big
	Count 	40529
	Average 	0.0740 ms
Stage: 5 by Vulkan
	Count 	34188
	Average 	0.0878 ms
Stage: 6 by Big
	Count 	10526
	Average 	0.2850 ms
Stage: 6 by Vulkan
	Count 	22238
	Average 	0.1349 ms
Stage: 7 by Big
	Count 	5890
	Average 	0.5093 ms
Stage: 7 by Vulkan
	Count 	10632
	Average 	0.2822 ms
Stage: 1
	Little 	inf ms 	(0)
	Medium 	inf ms 	(0)
	Big    	0.2763 ms 	(10859)
	Vulkan 	0.3061 ms 	(9801)
Stage: 2
	Little 	inf ms 	(0)
	Medium 	inf ms 	(0)
	Big    	0.6793 ms 	(4416)
	Vulkan 	1.0688 ms 	(2807)
Stage: 3
	Little 	inf ms 	(0)
	Medium 	inf ms 	(0)
	Big    	0.3279 ms 	(9149)
	Vulkan 	0.3886 ms 	(7720)
Stage: 4
	Little 	inf ms 	(0)
	Medium 	inf ms 	(0)
	Big    	0.8301 ms 	(3614)
	Vulkan 	0.4663 ms 	(6434)
Stage: 5
	Little 	inf ms 	(0)
	Medium 	inf ms 	(0)
	Big    	0.1317 ms 	(22777)
	Vulkan 	0.1480 ms 	(20268)
Stage: 6
	Little 	inf ms 	(0)
	Medium 	inf ms 	(0)
	Big    	0.3048 ms 	(9844)
	Vulkan 	0.3236 ms 	(9271)
Stage: 7
	Little 	inf ms 	(0)
	Medium 	inf ms 	(0)
	Big    	0.8099 ms 	(3704)
	Vulkan 	0.7146 ms 	(4198)

Normal Benchmark Results Table (ms per task):
Stage | Little Core | Medium Core | Big Core | Vulkan | CUDA
------|------------|-------------|----------|--------|-------
    1 |      0.0000 |      0.0000 |   0.1527 | 0.1187 | 0.0000
    2 |      0.0000 |      0.0000 |   0.5192 | 0.9042 | 0.0000
    3 |      0.0000 |      0.0000 |   0.2935 | 0.2489 | 0.0000
    4 |      0.0000 |      0.0000 |   0.6824 | 0.1862 | 0.0000
    5 |      0.0000 |      0.0000 |   0.0740 | 0.0878 | 0.0000
    6 |      0.0000 |      0.0000 |   0.2850 | 0.1349 | 0.0000
    7 |      0.0000 |      0.0000 |   0.5093 | 0.2822 | 0.0000

Normal Benchmark - Sum of stages 1-7:
Little Core: 0.0000 ms
Medium Core: 0.0000 ms
Big Core: 2.5162 ms
Vulkan: 1.9627 ms
CUDA: 0.0000 ms

Fully Benchmark Results Table (ms per task):
Stage | Little Core | Medium Core | Big Core | Vulkan | CUDA
------|-------------|-------------|----------|--------|-------
    1 |      0.0000 |      0.0000 |   0.2763 | 0.3061 | 0.0000
    2 |      0.0000 |      0.0000 |   0.6793 | 1.0688 | 0.0000
    3 |      0.0000 |      0.0000 |   0.3279 | 0.3886 | 0.0000
    4 |      0.0000 |      0.0000 |   0.8301 | 0.4663 | 0.0000
    5 |      0.0000 |      0.0000 |   0.1317 | 0.1480 | 0.0000
    6 |      0.0000 |      0.0000 |   0.3048 | 0.3236 | 0.0000
    7 |      0.0000 |      0.0000 |   0.8099 | 0.7146 | 0.0000

Fully Benchmark - Sum of stages 1-7:
Little Core: 0.0000 ms
Medium Core: 0.0000 ms
Big Core: 3.3600 ms
Vulkan: 3.4160 ms
CUDA: 0.0000 ms

Performance Comparison (Fully vs Normal):
Processor  | Normal (ms) | Fully (ms) | Ratio
-----------|-------------|------------|-------
Big Core   |        2.52 |       3.36 |  1.34x
Vulkan     |        1.96 |       3.42 |  1.74x

### PYTHON_DATA_START ###
# NORMAL_BENCHMARK_DATA
stage,little,medium,big,vulkan,cuda
1,0.0000,0.0000,0.1527,0.1187,0.0000
2,0.0000,0.0000,0.5192,0.9042,0.0000
3,0.0000,0.0000,0.2935,0.2489,0.0000
4,0.0000,0.0000,0.6824,0.1862,0.0000
5,0.0000,0.0000,0.0740,0.0878,0.0000
6,0.0000,0.0000,0.2850,0.1349,0.0000
7,0.0000,0.0000,0.5093,0.2822,0.0000
# FULLY_BENCHMARK_DATA
stage,little,medium,big,vulkan,cuda
1,0.0000,0.0000,0.2763,0.3061,0.0000
2,0.0000,0.0000,0.6793,1.0688,0.0000
3,0.0000,0.0000,0.3279,0.3886,0.0000
4,0.0000,0.0000,0.8301,0.4663,0.0000
5,0.0000,0.0000,0.1317,0.1480,0.0000
6,0.0000,0.0000,0.3048,0.3236,0.0000
7,0.0000,0.0000,0.8099,0.7146,0.0000
### PYTHON_DATA_END ###
