[2026-06-16 23:45:19.980] [info] Pinable Lit cores: 
[2026-06-16 23:45:19.980] [info] Pinable Med cores: 
[2026-06-16 23:45:19.980] [info] Pinable Big cores: 0 1 2 3 4 5 6 7 8 9 10 11 12 13 14 15 
[2026-06-16 23:45:19.980] [info] Pinable Sup cores: 
[2026-06-16 23:45:20.291] [info] Loading schedule JSON from file: schedules_btpm_tmax.json
[2026-06-16 23:45:20.291] [info] Loaded 10 valid schedules from JSON
[2026-06-16 23:45:20.291] [info] Loaded 10 schedules
--------------------------------
Schedule 0 [UID: SCH-G9-G000-5d1a]:
  Chunk 0 [Vulkan    ]: 1, 2, 3, 4, 5, 6, 7, 8, 9
--------------------------------
Schedule 1 [UID: SCH-B9-G000-750f]:
  Chunk 0 [OMP/Big   ]: 1, 2, 3, 4, 5, 6, 7, 8, 9
--------------------------------
Schedule 2 [UID: SCH-G5B4-G1281-2774]:
  Chunk 0 [Vulkan    ]: 1, 2, 3, 4, 5
  Chunk 1 [OMP/Big   ]: 6, 7, 8, 9
--------------------------------
Schedule 3 [UID: SCH-B6G3-G1283-8741]:
  Chunk 0 [OMP/Big   ]: 1, 2, 3, 4, 5, 6
  Chunk 1 [Vulkan    ]: 7, 8, 9
--------------------------------
Schedule 4 [UID: SCH-B5G4-G1571-2e3c]:
  Chunk 0 [OMP/Big   ]: 1, 2, 3, 4, 5
  Chunk 1 [Vulkan    ]: 6, 7, 8, 9
--------------------------------
Schedule 5 [UID: SCH-G6B3-G1573-847b]:
  Chunk 0 [Vulkan    ]: 1, 2, 3, 4, 5, 6
  Chunk 1 [OMP/Big   ]: 7, 8, 9
--------------------------------
Schedule 6 [UID: SCH-G4B5-G2711-ac1b]:
  Chunk 0 [Vulkan    ]: 1, 2, 3, 4
  Chunk 1 [OMP/Big   ]: 5, 6, 7, 8, 9
--------------------------------
Schedule 7 [UID: SCH-G3B6-G2742-30fa]:
  Chunk 0 [Vulkan    ]: 1, 2, 3
  Chunk 1 [OMP/Big   ]: 4, 5, 6, 7, 8, 9
--------------------------------
Schedule 8 [UID: SCH-B4G5-G3001-a482]:
  Chunk 0 [OMP/Big   ]: 1, 2, 3, 4
  Chunk 1 [Vulkan    ]: 5, 6, 7, 8, 9
--------------------------------
Schedule 9 [UID: SCH-B3G6-G3032-1e1b]:
  Chunk 0 [OMP/Big   ]: 1, 2, 3
  Chunk 1 [Vulkan    ]: 4, 5, 6, 7, 8, 9
[2026-06-16 23:45:20.291] [info] Running 2/10 schedules

--------------------------------
[2026-06-16 23:45:20.293] [info] Available Vulkan Layers:
[2026-06-16 23:45:20.293] [info] - VK_LAYER_MESA_device_select
[2026-06-16 23:45:20.293] [warning] Validation layer requested but not available, continuing without it...
[2026-06-16 23:45:20.303] [info] Using integrated GPU: AMD Radeon 780M Graphics (RADV PHOENIX)
### Python Begin ###
Schedule_UID=SCH-G9-G000-5d1a
Frequency=3991383479 Hz
Task=0 Chunk=0 Start=1286869122595040 End=1286869488580440 Duration=365985400
Task=1 Chunk=0 Start=1286869488581000 End=1286869683941040 Duration=195360040
Task=2 Chunk=0 Start=1286869683941440 End=1286869846183560 Duration=162242120
Task=3 Chunk=0 Start=1286869846183960 End=1286870010987200 Duration=164803240
Task=4 Chunk=0 Start=1286870010987720 End=1286870170420560 Duration=159432840
Task=5 Chunk=0 Start=1286870170421000 End=1286870327784600 Duration=157363600
Task=6 Chunk=0 Start=1286870327785040 End=1286870486081040 Duration=158296000
Task=7 Chunk=0 Start=1286870486081440 End=1286870644615760 Duration=158534320
Task=8 Chunk=0 Start=1286870644616160 End=1286870809247200 Duration=164631040
Task=9 Chunk=0 Start=1286870809247640 End=1286870966846720 Duration=157599080
Task=10 Chunk=0 Start=1286870966847200 End=1286871126686680 Duration=159839480
Task=11 Chunk=0 Start=1286871126687080 End=1286871288537960 Duration=161850880
Task=12 Chunk=0 Start=1286871288538360 End=1286871446018680 Duration=157480320
Task=13 Chunk=0 Start=1286871446019040 End=1286871607944320 Duration=161925280
Task=14 Chunk=0 Start=1286871607944760 End=1286871765535680 Duration=157590920
Task=15 Chunk=0 Start=1286871765536080 End=1286871926466000 Duration=160929920
Task=16 Chunk=0 Start=1286871926466600 End=1286872089704560 Duration=163237960
Task=17 Chunk=0 Start=1286872089705480 End=1286872254573280 Duration=164867800
Task=18 Chunk=0 Start=1286872254573680 End=1286872414685520 Duration=160111840
Task=19 Chunk=0 Start=1286872414685920 End=1286872570960760 Duration=156274840
Task=20 Chunk=0 Start=1286872570961160 End=1286872725803120 Duration=154841960
Task=21 Chunk=0 Start=1286872725803520 End=1286872884570520 Duration=158767000
Task=22 Chunk=0 Start=1286872884571440 End=1286873046960240 Duration=162388800
Task=23 Chunk=0 Start=1286873046960800 End=1286873208806520 Duration=161845720
Task=24 Chunk=0 Start=1286873208807280 End=1286873370417760 Duration=161610480
Task=25 Chunk=0 Start=1286873370418600 End=1286873528205600 Duration=157787000
Task=26 Chunk=0 Start=1286873528206320 End=1286873687392040 Duration=159185720
Task=27 Chunk=0 Start=1286873687392440 End=1286873849645400 Duration=162252960
Task=28 Chunk=0 Start=1286873849645800 End=1286874008040840 Duration=158395040
Task=29 Chunk=0 Start=1286874008041280 End=1286874167007200 Duration=158965920
Task=30 Chunk=0 Start=1286874167007600 End=1286874326706840 Duration=159699240
Task=31 Chunk=0 Start=1286874326707680 End=1286874488418600 Duration=161710920
Task=32 Chunk=0 Start=1286874488419000 End=1286874646321640 Duration=157902640
Task=33 Chunk=0 Start=1286874646322040 End=1286874805791480 Duration=159469440
Task=34 Chunk=0 Start=1286874805791880 End=1286874967621720 Duration=161829840
Task=35 Chunk=0 Start=1286874967622640 End=1286875121584040 Duration=153961400
Task=36 Chunk=0 Start=1286875121584480 End=1286875281234880 Duration=159650400
Task=37 Chunk=0 Start=1286875281235280 End=1286875439758360 Duration=158523080
Task=38 Chunk=0 Start=1286875439758760 End=1286875600537520 Duration=160778760
Task=39 Chunk=0 Start=1286875600537920 End=1286875760303240 Duration=159765320
Task=40 Chunk=0 Start=1286875760303640 End=1286875917092840 Duration=156789200
Task=41 Chunk=0 Start=1286875917093240 End=1286876080119040 Duration=163025800
Task=42 Chunk=0 Start=1286876080119480 End=1286876240404680 Duration=160285200
Task=43 Chunk=0 Start=1286876240405160 End=1286876404035720 Duration=163630560
Task=44 Chunk=0 Start=1286876404036120 End=1286876563912520 Duration=159876400
Task=45 Chunk=0 Start=1286876563912920 End=1286876718462640 Duration=154549720
Task=46 Chunk=0 Start=1286876718463040 End=1286876876712680 Duration=158249640
Task=47 Chunk=0 Start=1286876876713080 End=1286877029532600 Duration=152819520
Task=48 Chunk=0 Start=1286877029533000 End=1286877192938000 Duration=163405000
Task=49 Chunk=0 Start=1286877192938400 End=1286877356893800 Duration=163955400
Task=50 Chunk=0 Start=1286877356894240 End=1286877513607080 Duration=156712840
Task=51 Chunk=0 Start=1286877513607480 End=1286877674243600 Duration=160636120
Task=52 Chunk=0 Start=1286877674244080 End=1286877833145840 Duration=158901760
Task=53 Chunk=0 Start=1286877833146280 End=1286877991959800 Duration=158813520
Task=54 Chunk=0 Start=1286877991960240 End=1286878151639720 Duration=159679480
Task=55 Chunk=0 Start=1286878151640120 End=1286878307475080 Duration=155834960
Task=56 Chunk=0 Start=1286878307475480 End=1286878467147840 Duration=159672360
Task=57 Chunk=0 Start=1286878467148240 End=1286878624451520 Duration=157303280
Task=58 Chunk=0 Start=1286878624451920 End=1286878781320640 Duration=156868720
Task=59 Chunk=0 Start=1286878781321040 End=1286878940317320 Duration=158996280
Task=60 Chunk=0 Start=1286878940317720 End=1286879094739120 Duration=154421400
Task=61 Chunk=0 Start=1286879094739560 End=1286879253582600 Duration=158843040
Task=62 Chunk=0 Start=1286879253583000 End=1286879414206920 Duration=160623920
Task=63 Chunk=0 Start=1286879414207320 End=1286879573943960 Duration=159736640
Task=64 Chunk=0 Start=1286879573944600 End=1286879732978360 Duration=159033760
Task=65 Chunk=0 Start=1286879732978800 End=1286879892300280 Duration=159321480
Task=66 Chunk=0 Start=1286879892300720 End=1286880053317040 Duration=161016320
Task=67 Chunk=0 Start=1286880053317440 End=1286880209698960 Duration=156381520
Task=68 Chunk=0 Start=1286880209699320 End=1286880363317400 Duration=153618080
Task=69 Chunk=0 Start=1286880363317960 End=1286880521017920 Duration=157699960
Task=70 Chunk=0 Start=1286880521018360 End=1286880676671640 Duration=155653280
Task=71 Chunk=0 Start=1286880676672040 End=1286880835301680 Duration=158629640
Task=72 Chunk=0 Start=1286880835302720 End=1286880992751000 Duration=157448280
Task=73 Chunk=0 Start=1286880992751440 End=1286881155720440 Duration=162969000
Task=74 Chunk=0 Start=1286881155721440 End=1286881314588280 Duration=158866840
Task=75 Chunk=0 Start=1286881314588720 End=1286881474095520 Duration=159506800
Task=76 Chunk=0 Start=1286881474096440 End=1286881633342440 Duration=159246000
Task=77 Chunk=0 Start=1286881633342840 End=1286881793465440 Duration=160122600
Task=78 Chunk=0 Start=1286881793465880 End=1286881953377240 Duration=159911360
Task=79 Chunk=0 Start=1286881953377640 End=1286882112595240 Duration=159217600
Task=80 Chunk=0 Start=1286882112595640 End=1286882270246160 Duration=157650520
Task=81 Chunk=0 Start=1286882270246560 End=1286882428073600 Duration=157827040
Task=82 Chunk=0 Start=1286882428074000 End=1286882584412120 Duration=156338120
Task=83 Chunk=0 Start=1286882584412920 End=1286882745772360 Duration=161359440
Task=84 Chunk=0 Start=1286882745772720 End=1286882903405720 Duration=157633000
Task=85 Chunk=0 Start=1286882903406120 End=1286883060450400 Duration=157044280
Task=86 Chunk=0 Start=1286883060450840 End=1286883220152200 Duration=159701360
Task=87 Chunk=0 Start=1286883220152800 End=1286883378397640 Duration=158244840
Task=88 Chunk=0 Start=1286883378398520 End=1286883539780000 Duration=161381480
Task=89 Chunk=0 Start=1286883539780400 End=1286883701616600 Duration=161836200
Task=90 Chunk=0 Start=1286883701617120 End=1286883859147000 Duration=157529880
Task=91 Chunk=0 Start=1286883859147400 End=1286884021260120 Duration=162112720
Task=92 Chunk=0 Start=1286884021260680 End=1286884178580960 Duration=157320280
Task=93 Chunk=0 Start=1286884178581720 End=1286884341206840 Duration=162625120
Task=94 Chunk=0 Start=1286884341207680 End=1286884500874400 Duration=159666720
Task=95 Chunk=0 Start=1286884500874840 End=1286884653714800 Duration=152839960
Task=96 Chunk=0 Start=1286884653715200 End=1286884808349480 Duration=154634280
Task=97 Chunk=0 Start=1286884808350160 End=1286884964645840 Duration=156295680
Task=98 Chunk=0 Start=1286884964646280 End=1286885119457200 Duration=154810920
Task=99 Chunk=0 Start=1286885119457640 End=1286885275464480 Duration=156006840
### Python End ###

--------------------------------
[2026-06-16 23:45:24.450] [info] Available Vulkan Layers:
[2026-06-16 23:45:24.450] [info] - VK_LAYER_MESA_device_select
[2026-06-16 23:45:24.450] [warning] Validation layer requested but not available, continuing without it...
[2026-06-16 23:45:24.462] [info] Using integrated GPU: AMD Radeon 780M Graphics (RADV PHOENIX)
### Python Begin ###
Schedule_UID=SCH-B9-G000-750f
Frequency=3991383479 Hz
Task=0 Chunk=0 Start=1286885731090640 End=1286885888089640 Duration=156999000
Task=1 Chunk=0 Start=1286885888091320 End=1286886042441520 Duration=154350200
Task=2 Chunk=0 Start=1286886042442280 End=1286886201160960 Duration=158718680
Task=3 Chunk=0 Start=1286886201162440 End=1286886363057000 Duration=161894560
Task=4 Chunk=0 Start=1286886363057640 End=1286886520881640 Duration=157824000
Task=5 Chunk=0 Start=1286886520884000 End=1286886677231080 Duration=156347080
Task=6 Chunk=0 Start=1286886677232440 End=1286886831088640 Duration=153856200
Task=7 Chunk=0 Start=1286886831089960 End=1286886985337880 Duration=154247920
Task=8 Chunk=0 Start=1286886985338760 End=1286887141597240 Duration=156258480
Task=9 Chunk=0 Start=1286887141599200 End=1286887299932320 Duration=158333120
Task=10 Chunk=0 Start=1286887299933520 End=1286887454812760 Duration=154879240
Task=11 Chunk=0 Start=1286887454814400 End=1286887609911280 Duration=155096880
Task=12 Chunk=0 Start=1286887609911320 End=1286887767404880 Duration=157493560
Task=13 Chunk=0 Start=1286887767405440 End=1286887928178960 Duration=160773520
Task=14 Chunk=0 Start=1286887928180360 End=1286888082960000 Duration=154779640
Task=15 Chunk=0 Start=1286888082960080 End=1286888251827560 Duration=168867480
Task=16 Chunk=0 Start=1286888251828240 End=1286888406446440 Duration=154618200
Task=17 Chunk=0 Start=1286888406447120 End=1286888619465720 Duration=213018600
Task=18 Chunk=0 Start=1286888619466160 End=1286888773396240 Duration=153930080
Task=19 Chunk=0 Start=1286888773397120 End=1286888927974320 Duration=154577200
Task=20 Chunk=0 Start=1286888927974480 End=1286889083542520 Duration=155568040
Task=21 Chunk=0 Start=1286889083543040 End=1286889238095440 Duration=154552400
Task=22 Chunk=0 Start=1286889238096240 End=1286889394029440 Duration=155933200
Task=23 Chunk=0 Start=1286889394030880 End=1286889549454320 Duration=155423440
Task=24 Chunk=0 Start=1286889549455280 End=1286889704391400 Duration=154936120
Task=25 Chunk=0 Start=1286889704392320 End=1286889860094440 Duration=155702120
Task=26 Chunk=0 Start=1286889860095680 End=1286890015150920 Duration=155055240
Task=27 Chunk=0 Start=1286890015151760 End=1286890170233720 Duration=155081960
Task=28 Chunk=0 Start=1286890170234560 End=1286890325358480 Duration=155123920
Task=29 Chunk=0 Start=1286890325359320 End=1286890480512000 Duration=155152680
Task=30 Chunk=0 Start=1286890480512120 End=1286890635434240 Duration=154922120
Task=31 Chunk=0 Start=1286890635434360 End=1286890791866040 Duration=156431680
Task=32 Chunk=0 Start=1286890791866320 End=1286890947683760 Duration=155817440
Task=33 Chunk=0 Start=1286890947684600 End=1286891102811760 Duration=155127160
Task=34 Chunk=0 Start=1286891102812880 End=1286891258518760 Duration=155705880
Task=35 Chunk=0 Start=1286891258519400 End=1286891413369960 Duration=154850560
Task=36 Chunk=0 Start=1286891413371560 End=1286891569871800 Duration=156500240
Task=37 Chunk=0 Start=1286891569872480 End=1286891724769520 Duration=154897040
Task=38 Chunk=0 Start=1286891724770240 End=1286891889533760 Duration=164763520
Task=39 Chunk=0 Start=1286891889534520 End=1286892049586880 Duration=160052360
Task=40 Chunk=0 Start=1286892049587720 End=1286892216889400 Duration=167301680
Task=41 Chunk=0 Start=1286892216890280 End=1286892372813360 Duration=155923080
Task=42 Chunk=0 Start=1286892372813840 End=1286892554681840 Duration=181868000
Task=43 Chunk=0 Start=1286892554683200 End=1286892712385240 Duration=157702040
Task=44 Chunk=0 Start=1286892712386880 End=1286892869843480 Duration=157456600
Task=45 Chunk=0 Start=1286892869844160 End=1286893028215640 Duration=158371480
Task=46 Chunk=0 Start=1286893028216240 End=1286893183973680 Duration=155757440
Task=47 Chunk=0 Start=1286893183975880 End=1286893338805000 Duration=154829120
Task=48 Chunk=0 Start=1286893338805200 End=1286893494654160 Duration=155848960
Task=49 Chunk=0 Start=1286893494655000 End=1286893649759960 Duration=155104960
Task=50 Chunk=0 Start=1286893649760720 End=1286893804638280 Duration=154877560
Task=51 Chunk=0 Start=1286893804639120 End=1286893960612160 Duration=155973040
Task=52 Chunk=0 Start=1286893960613000 End=1286894115512080 Duration=154899080
Task=53 Chunk=0 Start=1286894115512160 End=1286894271261440 Duration=155749280
Task=54 Chunk=0 Start=1286894271262240 End=1286894427212000 Duration=155949760
Task=55 Chunk=0 Start=1286894427213400 End=1286894582257960 Duration=155044560
Task=56 Chunk=0 Start=1286894582258720 End=1286894738925320 Duration=156666600
Task=57 Chunk=0 Start=1286894738925960 End=1286894894596720 Duration=155670760
Task=58 Chunk=0 Start=1286894894598160 End=1286895050641560 Duration=156043400
Task=59 Chunk=0 Start=1286895050642320 End=1286895206288400 Duration=155646080
Task=60 Chunk=0 Start=1286895206288560 End=1286895361550440 Duration=155261880
Task=61 Chunk=0 Start=1286895361551240 End=1286895517673160 Duration=156121920
Task=62 Chunk=0 Start=1286895517673760 End=1286895673217360 Duration=155543600
Task=63 Chunk=0 Start=1286895673217680 End=1286895835578840 Duration=162361160
Task=64 Chunk=0 Start=1286895835579640 End=1286895992038680 Duration=156459040
Task=65 Chunk=0 Start=1286895992039600 End=1286896147128760 Duration=155089160
Task=66 Chunk=0 Start=1286896147130000 End=1286896309313920 Duration=162183920
Task=67 Chunk=0 Start=1286896309314440 End=1286896464608520 Duration=155294080
Task=68 Chunk=0 Start=1286896464609960 End=1286896646843960 Duration=182234000
Task=69 Chunk=0 Start=1286896646845280 End=1286896802827080 Duration=155981800
Task=70 Chunk=0 Start=1286896802829040 End=1286896959354600 Duration=156525560
Task=71 Chunk=0 Start=1286896959355400 End=1286897114720680 Duration=155365280
Task=72 Chunk=0 Start=1286897114720720 End=1286897271066920 Duration=156346200
Task=73 Chunk=0 Start=1286897271067680 End=1286897426442640 Duration=155374960
Task=74 Chunk=0 Start=1286897426442720 End=1286897587399680 Duration=160956960
Task=75 Chunk=0 Start=1286897587401280 End=1286897747196080 Duration=159794800
Task=76 Chunk=0 Start=1286897747196880 End=1286897905572920 Duration=158376040
Task=77 Chunk=0 Start=1286897905573000 End=1286898060757600 Duration=155184600
Task=78 Chunk=0 Start=1286898060758400 End=1286898216967560 Duration=156209160
Task=79 Chunk=0 Start=1286898216968800 End=1286898373228280 Duration=156259480
Task=80 Chunk=0 Start=1286898373229000 End=1286898528633560 Duration=155404560
Task=81 Chunk=0 Start=1286898528634640 End=1286898687947920 Duration=159313280
Task=82 Chunk=0 Start=1286898687948320 End=1286898843014160 Duration=155065840
Task=83 Chunk=0 Start=1286898843014920 End=1286898998937040 Duration=155922120
Task=84 Chunk=0 Start=1286898998937880 End=1286899154660240 Duration=155722360
Task=85 Chunk=0 Start=1286899154661040 End=1286899310101960 Duration=155440920
Task=86 Chunk=0 Start=1286899310102920 End=1286899465754640 Duration=155651720
Task=87 Chunk=0 Start=1286899465754720 End=1286899621610680 Duration=155855960
Task=88 Chunk=0 Start=1286899621611400 End=1286899778858760 Duration=157247360
Task=89 Chunk=0 Start=1286899778860200 End=1286899939357640 Duration=160497440
Task=90 Chunk=0 Start=1286899939359080 End=1286900094782160 Duration=155423080
Task=91 Chunk=0 Start=1286900094783000 End=1286900265743440 Duration=170960440
Task=92 Chunk=0 Start=1286900265744760 End=1286900421002000 Duration=155257240
Task=93 Chunk=0 Start=1286900421003520 End=1286900610886440 Duration=189882920
Task=94 Chunk=0 Start=1286900610887720 End=1286900766651040 Duration=155763320
Task=95 Chunk=0 Start=1286900766651840 End=1286900921798920 Duration=155147080
Task=96 Chunk=0 Start=1286900921799120 End=1286901077517920 Duration=155718800
Task=97 Chunk=0 Start=1286901077518800 End=1286901232501160 Duration=154982360
Task=98 Chunk=0 Start=1286901232501200 End=1286901389404080 Duration=156902880
Task=99 Chunk=0 Start=1286901389404760 End=1286901544734000 Duration=155329240
### Python End ###
