[2026-06-17 01:00:45.513] [info] Pinable Lit cores: 0 1 2 3 4 5 
[2026-06-17 01:00:45.513] [info] Pinable Med cores: 
[2026-06-17 01:00:45.513] [info] Pinable Big cores: 
[2026-06-17 01:00:45.513] [info] Pinable Sup cores: 
[2026-06-17 01:00:50.581] [info] Loading schedule JSON from file: sched_sparse_vk.json
[2026-06-17 01:00:50.582] [info] Loaded 10 valid schedules from JSON
[2026-06-17 01:00:50.582] [info] Loaded 10 schedules
--------------------------------
Schedule 0 [UID: SCH-L9-G000-2e11]:
  Chunk 0 [OMP/Little]: 1, 2, 3, 4, 5, 6, 7, 8, 9
--------------------------------
Schedule 1 [UID: SCH-G9-G000-9809]:
  Chunk 0 [Vulkan    ]: 1, 2, 3, 4, 5, 6, 7, 8, 9
--------------------------------
Schedule 2 [UID: SCH-L3G6-G23406-3b0a]:
  Chunk 0 [OMP/Little]: 1, 2, 3
  Chunk 1 [Vulkan    ]: 4, 5, 6, 7, 8, 9
--------------------------------
Schedule 3 [UID: SCH-L4G5-G23670-aad7]:
  Chunk 0 [OMP/Little]: 1, 2, 3, 4
  Chunk 1 [Vulkan    ]: 5, 6, 7, 8, 9
--------------------------------
Schedule 4 [UID: SCH-L2G7-G23768-0591]:
  Chunk 0 [OMP/Little]: 1, 2
  Chunk 1 [Vulkan    ]: 3, 4, 5, 6, 7, 8, 9
--------------------------------
Schedule 5 [UID: SCH-L1G8-G24242-5132]:
  Chunk 0 [OMP/Little]: 1
  Chunk 1 [Vulkan    ]: 2, 3, 4, 5, 6, 7, 8, 9
--------------------------------
Schedule 6 [UID: SCH-G7L2-G43026-c425]:
  Chunk 0 [Vulkan    ]: 1, 2, 3, 4, 5, 6, 7
  Chunk 1 [OMP/Little]: 8, 9
--------------------------------
Schedule 7 [UID: SCH-G8L1-G43284-b957]:
  Chunk 0 [Vulkan    ]: 1, 2, 3, 4, 5, 6, 7, 8
  Chunk 1 [OMP/Little]: 9
--------------------------------
Schedule 8 [UID: SCH-G6L3-G49376-be30]:
  Chunk 0 [Vulkan    ]: 1, 2, 3, 4, 5, 6
  Chunk 1 [OMP/Little]: 7, 8, 9
--------------------------------
Schedule 9 [UID: SCH-L5G4-G69492-b011]:
  Chunk 0 [OMP/Little]: 1, 2, 3, 4, 5
  Chunk 1 [Vulkan    ]: 6, 7, 8, 9
[2026-06-17 01:00:50.582] [info] Running 3/10 schedules

--------------------------------
[2026-06-17 01:00:50.583] [info] Available Vulkan Layers:
[2026-06-17 01:00:50.583] [warning] Validation layer requested but not available, continuing without it...
[2026-06-17 01:00:50.585] [info] Using integrated GPU: NVIDIA Tegra Orin (nvgpu)
### Python Begin ###
Schedule_UID=SCH-L9-G000-2e11
Frequency=31250000 Hz
Task=0 Chunk=0 Start=39037606907931 End=39037687071252 Duration=80163321
Task=1 Chunk=0 Start=39037687071264 End=39037766921038 Duration=79849774
Task=2 Chunk=0 Start=39037766921051 End=39037847067907 Duration=80146856
Task=3 Chunk=0 Start=39037847067918 End=39037927299769 Duration=80231851
Task=4 Chunk=0 Start=39037927299780 End=39038007739078 Duration=80439298
Task=5 Chunk=0 Start=39038007739088 End=39038087947667 Duration=80208579
Task=6 Chunk=0 Start=39038087947678 End=39038168142910 Duration=80195232
Task=7 Chunk=0 Start=39038168142921 End=39038248156190 Duration=80013269
Task=8 Chunk=0 Start=39038248156201 End=39038328429084 Duration=80272883
Task=9 Chunk=0 Start=39038328429098 End=39038408406878 Duration=79977780
Task=10 Chunk=0 Start=39038408406889 End=39038489064725 Duration=80657836
Task=11 Chunk=0 Start=39038489064759 End=39038569250375 Duration=80185616
Task=12 Chunk=0 Start=39038569250385 End=39038649513541 Duration=80263156
Task=13 Chunk=0 Start=39038649513551 End=39038729525893 Duration=80012342
Task=14 Chunk=0 Start=39038729525904 End=39038809632238 Duration=80106334
Task=15 Chunk=0 Start=39038809632251 End=39038889902313 Duration=80270062
Task=16 Chunk=0 Start=39038889902322 End=39038969952872 Duration=80050550
Task=17 Chunk=0 Start=39038969952883 End=39039049839993 Duration=79887110
Task=18 Chunk=0 Start=39039049840005 End=39039129894027 Duration=80054022
Task=19 Chunk=0 Start=39039129894041 End=39039210047353 Duration=80153312
Task=20 Chunk=0 Start=39039210047366 End=39039290238843 Duration=80191477
Task=21 Chunk=0 Start=39039290238853 End=39039370079115 Duration=79840262
Task=22 Chunk=0 Start=39039370079127 End=39039449914564 Duration=79835437
Task=23 Chunk=0 Start=39039449914575 End=39039529593017 Duration=79678442
Task=24 Chunk=0 Start=39039529593032 End=39039609364469 Duration=79771437
Task=25 Chunk=0 Start=39039609364480 End=39039689150618 Duration=79786138
Task=26 Chunk=0 Start=39039689150629 End=39039769042569 Duration=79891940
Task=27 Chunk=0 Start=39039769042580 End=39039848789718 Duration=79747138
Task=28 Chunk=0 Start=39039848789719 End=39039928763956 Duration=79974237
Task=29 Chunk=0 Start=39039928763956 End=39040008530687 Duration=79766731
Task=30 Chunk=0 Start=39040008530697 End=39040088279093 Duration=79748396
Task=31 Chunk=0 Start=39040088279104 End=39040168006747 Duration=79727643
Task=32 Chunk=0 Start=39040168006760 End=39040247874506 Duration=79867746
Task=33 Chunk=0 Start=39040247874517 End=39040327609265 Duration=79734748
Task=34 Chunk=0 Start=39040327609278 End=39040407491255 Duration=79881977
Task=35 Chunk=0 Start=39040407491267 End=39040487290228 Duration=79798961
Task=36 Chunk=0 Start=39040487290238 End=39040568303004 Duration=81012766
Task=37 Chunk=0 Start=39040568303014 End=39040648222389 Duration=79919375
Task=38 Chunk=0 Start=39040648222401 End=39040728808939 Duration=80586538
Task=39 Chunk=0 Start=39040728808950 End=39040808489699 Duration=79680749
Task=40 Chunk=0 Start=39040808489710 End=39040888192667 Duration=79702957
Task=41 Chunk=0 Start=39040888192677 End=39040967892330 Duration=79699653
Task=42 Chunk=0 Start=39040967892340 End=39041047531750 Duration=79639410
Task=43 Chunk=0 Start=39041047531760 End=39041127215061 Duration=79683301
Task=44 Chunk=0 Start=39041127215072 End=39041206953249 Duration=79738177
Task=45 Chunk=0 Start=39041206953262 End=39041286656063 Duration=79702801
Task=46 Chunk=0 Start=39041286656076 End=39041366266923 Duration=79610847
Task=47 Chunk=0 Start=39041366266934 End=39041445963226 Duration=79696292
Task=48 Chunk=0 Start=39041445963238 End=39041525631937 Duration=79668699
Task=49 Chunk=0 Start=39041525631947 End=39041605412437 Duration=79780490
Task=50 Chunk=0 Start=39041605412438 End=39041685235882 Duration=79823444
Task=51 Chunk=0 Start=39041685235893 End=39041765216157 Duration=79980264
Task=52 Chunk=0 Start=39041765216169 End=39041845117194 Duration=79901025
Task=53 Chunk=0 Start=39041845117205 End=39041924808082 Duration=79690877
Task=54 Chunk=0 Start=39041924808093 End=39042004481018 Duration=79672925
Task=55 Chunk=0 Start=39042004481029 End=39042084147031 Duration=79666002
Task=56 Chunk=0 Start=39042084147042 End=39042163927836 Duration=79780794
Task=57 Chunk=0 Start=39042163927846 End=39042243658298 Duration=79730452
Task=58 Chunk=0 Start=39042243658310 End=39042323318074 Duration=79659764
Task=59 Chunk=0 Start=39042323318084 End=39042402885922 Duration=79567838
Task=60 Chunk=0 Start=39042402885936 End=39042482463362 Duration=79577426
Task=61 Chunk=0 Start=39042482463373 End=39042562067210 Duration=79603837
Task=62 Chunk=0 Start=39042562067221 End=39042641777660 Duration=79710439
Task=63 Chunk=0 Start=39042641777671 End=39042721480202 Duration=79702531
Task=64 Chunk=0 Start=39042721480213 End=39042801287975 Duration=79807762
Task=65 Chunk=0 Start=39042801287986 End=39042881054360 Duration=79766374
Task=66 Chunk=0 Start=39042881054371 End=39042960742600 Duration=79688229
Task=67 Chunk=0 Start=39042960742611 End=39043040504000 Duration=79761389
Task=68 Chunk=0 Start=39043040504010 End=39043120176846 Duration=79672836
Task=69 Chunk=0 Start=39043120176857 End=39043199888008 Duration=79711151
Task=70 Chunk=0 Start=39043199888018 End=39043279641199 Duration=79753181
Task=71 Chunk=0 Start=39043279641209 End=39043359428519 Duration=79787310
Task=72 Chunk=0 Start=39043359428531 End=39043439131413 Duration=79702882
Task=73 Chunk=0 Start=39043439131423 End=39043518692912 Duration=79561489
Task=74 Chunk=0 Start=39043518692923 End=39043598417781 Duration=79724858
Task=75 Chunk=0 Start=39043598417792 End=39043678318699 Duration=79900907
Task=76 Chunk=0 Start=39043678318712 End=39043758047661 Duration=79728949
Task=77 Chunk=0 Start=39043758047671 End=39043837659407 Duration=79611736
Task=78 Chunk=0 Start=39043837659419 End=39043917425994 Duration=79766575
Task=79 Chunk=0 Start=39043917426006 End=39043997251908 Duration=79825902
Task=80 Chunk=0 Start=39043997251919 End=39044077072954 Duration=79821035
Task=81 Chunk=0 Start=39044077072965 End=39044156909132 Duration=79836167
Task=82 Chunk=0 Start=39044156909143 End=39044236675765 Duration=79766622
Task=83 Chunk=0 Start=39044236675775 End=39044317659105 Duration=80983330
Task=84 Chunk=0 Start=39044317659115 End=39044397440453 Duration=79781338
Task=85 Chunk=0 Start=39044397440464 End=39044477730094 Duration=80289630
Task=86 Chunk=0 Start=39044477730106 End=39044557459005 Duration=79728899
Task=87 Chunk=0 Start=39044557459017 End=39044637222253 Duration=79763236
Task=88 Chunk=0 Start=39044637222265 End=39044716989795 Duration=79767530
Task=89 Chunk=0 Start=39044716989805 End=39044796692265 Duration=79702460
Task=90 Chunk=0 Start=39044796692277 End=39044876351008 Duration=79658731
Task=91 Chunk=0 Start=39044876351019 End=39044956109184 Duration=79758165
Task=92 Chunk=0 Start=39044956109196 End=39045035786264 Duration=79677068
Task=93 Chunk=0 Start=39045035786277 End=39045115609868 Duration=79823591
Task=94 Chunk=0 Start=39045115609879 End=39045195387853 Duration=79777974
Task=95 Chunk=0 Start=39045195387864 End=39045275203358 Duration=79815494
Task=96 Chunk=0 Start=39045275203368 End=39045354936445 Duration=79733077
Task=97 Chunk=0 Start=39045354936456 End=39045434782798 Duration=79846342
Task=98 Chunk=0 Start=39045434782799 End=39045514906271 Duration=80123472
Task=99 Chunk=0 Start=39045514906282 End=39045594816897 Duration=79910615
### Python End ###

--------------------------------
[2026-06-17 01:05:07.349] [info] Available Vulkan Layers:
[2026-06-17 01:05:07.350] [warning] Validation layer requested but not available, continuing without it...
[2026-06-17 01:05:07.351] [info] Using integrated GPU: NVIDIA Tegra Orin (nvgpu)
### Python Begin ###
Schedule_UID=SCH-G9-G000-9809
Frequency=31250000 Hz
Task=0 Chunk=0 Start=39045630657746 End=39045645058257 Duration=14400511
Task=1 Chunk=0 Start=39045645058266 End=39045658770571 Duration=13712305
Task=2 Chunk=0 Start=39045658770581 End=39045672481264 Duration=13710683
Task=3 Chunk=0 Start=39045672481273 End=39045686201032 Duration=13719759
Task=4 Chunk=0 Start=39045686201045 End=39045699916280 Duration=13715235
Task=5 Chunk=0 Start=39045699916289 End=39045713636605 Duration=13720316
Task=6 Chunk=0 Start=39045713636612 End=39045727343548 Duration=13706936
Task=7 Chunk=0 Start=39045727343559 End=39045741060613 Duration=13717054
Task=8 Chunk=0 Start=39045741060622 End=39045754793662 Duration=13733040
Task=9 Chunk=0 Start=39045754793672 End=39045768515456 Duration=13721784
Task=10 Chunk=0 Start=39045768515462 End=39045782210392 Duration=13694930
Task=11 Chunk=0 Start=39045782210398 End=39045795906710 Duration=13696312
Task=12 Chunk=0 Start=39045795906717 End=39045809604436 Duration=13697719
Task=13 Chunk=0 Start=39045809604446 End=39045823312057 Duration=13707611
Task=14 Chunk=0 Start=39045823312069 End=39045837017720 Duration=13705651
Task=15 Chunk=0 Start=39045837017731 End=39045850731869 Duration=13714138
Task=16 Chunk=0 Start=39045850731890 End=39045864438030 Duration=13706140
Task=17 Chunk=0 Start=39045864438048 End=39045878153154 Duration=13715106
Task=18 Chunk=0 Start=39045878153160 End=39045891869400 Duration=13716240
Task=19 Chunk=0 Start=39045891869407 End=39045905573043 Duration=13703636
Task=20 Chunk=0 Start=39045905573056 End=39045919266733 Duration=13693677
Task=21 Chunk=0 Start=39045919266746 End=39045932965699 Duration=13698953
Task=22 Chunk=0 Start=39045932965709 End=39045946701242 Duration=13735533
Task=23 Chunk=0 Start=39045946701252 End=39045960400796 Duration=13699544
Task=24 Chunk=0 Start=39045960400807 End=39045974099802 Duration=13698995
Task=25 Chunk=0 Start=39045974099813 End=39045987809025 Duration=13709212
Task=26 Chunk=0 Start=39045987809036 End=39046001529473 Duration=13720437
Task=27 Chunk=0 Start=39046001529483 End=39046015252600 Duration=13723117
Task=28 Chunk=0 Start=39046015252610 End=39046028982941 Duration=13730331
Task=29 Chunk=0 Start=39046028982952 End=39046042713703 Duration=13730751
Task=30 Chunk=0 Start=39046042713712 End=39046056418753 Duration=13705041
Task=31 Chunk=0 Start=39046056418764 End=39046070117716 Duration=13698952
Task=32 Chunk=0 Start=39046070117724 End=39046083812153 Duration=13694429
Task=33 Chunk=0 Start=39046083812168 End=39046097513090 Duration=13700922
Task=34 Chunk=0 Start=39046097513093 End=39046111216002 Duration=13702909
Task=35 Chunk=0 Start=39046111216005 End=39046124914188 Duration=13698183
Task=36 Chunk=0 Start=39046124914194 End=39046138613008 Duration=13698814
Task=37 Chunk=0 Start=39046138613012 End=39046152314979 Duration=13701967
Task=38 Chunk=0 Start=39046152314984 End=39046166026089 Duration=13711105
Task=39 Chunk=0 Start=39046166026099 End=39046179758122 Duration=13732023
Task=40 Chunk=0 Start=39046179758134 End=39046193491829 Duration=13733695
Task=41 Chunk=0 Start=39046193491839 End=39046207190419 Duration=13698580
Task=42 Chunk=0 Start=39046207190427 End=39046220896977 Duration=13706550
Task=43 Chunk=0 Start=39046220896988 End=39046234595765 Duration=13698777
Task=44 Chunk=0 Start=39046234595775 End=39046248320846 Duration=13725071
Task=45 Chunk=0 Start=39046248320857 End=39046262047115 Duration=13726258
Task=46 Chunk=0 Start=39046262047125 End=39046275765100 Duration=13717975
Task=47 Chunk=0 Start=39046275765112 End=39046289483526 Duration=13718414
Task=48 Chunk=0 Start=39046289483537 End=39046303196606 Duration=13713069
Task=49 Chunk=0 Start=39046303196618 End=39046316927128 Duration=13730510
Task=50 Chunk=0 Start=39046316927138 End=39046330658166 Duration=13731028
Task=51 Chunk=0 Start=39046330658177 End=39046344356708 Duration=13698531
Task=52 Chunk=0 Start=39046344356716 End=39046358070629 Duration=13713913
Task=53 Chunk=0 Start=39046358070639 End=39046371807619 Duration=13736980
Task=54 Chunk=0 Start=39046371807628 End=39046385533665 Duration=13726037
Task=55 Chunk=0 Start=39046385533677 End=39046399260495 Duration=13726818
Task=56 Chunk=0 Start=39046399260515 End=39046412990238 Duration=13729723
Task=57 Chunk=0 Start=39046412990253 End=39046426698861 Duration=13708608
Task=58 Chunk=0 Start=39046426698871 End=39046440428652 Duration=13729781
Task=59 Chunk=0 Start=39046440428662 End=39046454157504 Duration=13728842
Task=60 Chunk=0 Start=39046454157517 End=39046467879547 Duration=13722030
Task=61 Chunk=0 Start=39046467879559 End=39046481604680 Duration=13725121
Task=62 Chunk=0 Start=39046481604690 End=39046495336561 Duration=13731871
Task=63 Chunk=0 Start=39046495336570 End=39046509060945 Duration=13724375
Task=64 Chunk=0 Start=39046509060955 End=39046522775980 Duration=13715025
Task=65 Chunk=0 Start=39046522775993 End=39046536495883 Duration=13719890
Task=66 Chunk=0 Start=39046536495895 End=39046550221842 Duration=13725947
Task=67 Chunk=0 Start=39046550221854 End=39046563928087 Duration=13706233
Task=68 Chunk=0 Start=39046563928097 End=39046577632954 Duration=13704857
Task=69 Chunk=0 Start=39046577632964 End=39046591355785 Duration=13722821
Task=70 Chunk=0 Start=39046591355795 End=39046605058249 Duration=13702454
Task=71 Chunk=0 Start=39046605058259 End=39046618782649 Duration=13724390
Task=72 Chunk=0 Start=39046618782659 End=39046632488478 Duration=13705819
Task=73 Chunk=0 Start=39046632488488 End=39046646213341 Duration=13724853
Task=74 Chunk=0 Start=39046646213353 End=39046659937782 Duration=13724429
Task=75 Chunk=0 Start=39046659937791 End=39046673649523 Duration=13711732
Task=76 Chunk=0 Start=39046673649534 End=39046687359836 Duration=13710302
Task=77 Chunk=0 Start=39046687359848 End=39046701094027 Duration=13734179
Task=78 Chunk=0 Start=39046701094036 End=39046714808528 Duration=13714492
Task=79 Chunk=0 Start=39046714808538 End=39046728523714 Duration=13715176
Task=80 Chunk=0 Start=39046728523723 End=39046742244831 Duration=13721108
Task=81 Chunk=0 Start=39046742244843 End=39046755958725 Duration=13713882
Task=82 Chunk=0 Start=39046755958736 End=39046769672278 Duration=13713542
Task=83 Chunk=0 Start=39046769672286 End=39046783381860 Duration=13709574
Task=84 Chunk=0 Start=39046783381867 End=39046797102848 Duration=13720981
Task=85 Chunk=0 Start=39046797102859 End=39046810805399 Duration=13702540
Task=86 Chunk=0 Start=39046810805403 End=39046824519239 Duration=13713836
Task=87 Chunk=0 Start=39046824519244 End=39046838246891 Duration=13727647
Task=88 Chunk=0 Start=39046838246904 End=39046851993978 Duration=13747074
Task=89 Chunk=0 Start=39046851993987 End=39046865739133 Duration=13745146
Task=90 Chunk=0 Start=39046865739144 End=39046879483453 Duration=13744309
Task=91 Chunk=0 Start=39046879483465 End=39046893240871 Duration=13757406
Task=92 Chunk=0 Start=39046893240882 End=39046906977994 Duration=13737112
Task=93 Chunk=0 Start=39046906978008 End=39046920723012 Duration=13745004
Task=94 Chunk=0 Start=39046920723024 End=39046934474124 Duration=13751100
Task=95 Chunk=0 Start=39046934474135 End=39046948194605 Duration=13720470
Task=96 Chunk=0 Start=39046948194616 End=39046961941653 Duration=13747037
Task=97 Chunk=0 Start=39046961941666 End=39046975683330 Duration=13741664
Task=98 Chunk=0 Start=39046975683345 End=39046989408252 Duration=13724907
Task=99 Chunk=0 Start=39046989408262 End=39047003134464 Duration=13726202
### Python End ###

--------------------------------
[2026-06-17 01:05:52.420] [info] Available Vulkan Layers:
[2026-06-17 01:05:52.420] [warning] Validation layer requested but not available, continuing without it...
[2026-06-17 01:05:52.422] [info] Using integrated GPU: NVIDIA Tegra Orin (nvgpu)
### Python Begin ###
Schedule_UID=SCH-L3G6-G23406-3b0a
Frequency=31250000 Hz
Task=0 Chunk=0 Start=39047038847416 End=39047064809318 Duration=25961902
Task=0 Chunk=1 Start=39047064809347 End=39047076408465 Duration=11599118
Task=1 Chunk=0 Start=39047064809340 End=39047085279778 Duration=20470438
Task=1 Chunk=1 Start=39047085279807 End=39047097245876 Duration=11966069
Task=2 Chunk=0 Start=39047085279779 End=39047105454637 Duration=20174858
Task=2 Chunk=1 Start=39047105829166 End=39047116816024 Duration=10986858
Task=3 Chunk=0 Start=39047105454660 End=39047125944163 Duration=20489503
Task=3 Chunk=1 Start=39047125944203 End=39047137340021 Duration=11395818
Task=4 Chunk=0 Start=39047125944198 End=39047145928122 Duration=19983924
Task=4 Chunk=1 Start=39047145934409 End=39047156732086 Duration=10797677
Task=5 Chunk=0 Start=39047145928150 End=39047166504691 Duration=20576541
Task=5 Chunk=1 Start=39047166504725 End=39047178056225 Duration=11551500
Task=6 Chunk=0 Start=39047166504692 End=39047187056171 Duration=20551479
Task=6 Chunk=1 Start=39047187056207 End=39047198468581 Duration=11412374
Task=7 Chunk=0 Start=39047187056172 End=39047207482309 Duration=20426137
Task=7 Chunk=1 Start=39047207482348 End=39047219111032 Duration=11628684
Task=8 Chunk=0 Start=39047207482331 End=39047228430742 Duration=20948411
Task=8 Chunk=1 Start=39047228430775 End=39047239738141 Duration=11307366
Task=9 Chunk=0 Start=39047228430766 End=39047249622693 Duration=21191927
Task=9 Chunk=1 Start=39047249622705 End=39047261029923 Duration=11407218
Task=10 Chunk=0 Start=39047249622693 End=39047270506770 Duration=20884077
Task=10 Chunk=1 Start=39047270506802 End=39047281778834 Duration=11272032
Task=11 Chunk=0 Start=39047270506786 End=39047291035774 Duration=20528988
Task=11 Chunk=1 Start=39047291035789 End=39047302320400 Duration=11284611
Task=12 Chunk=0 Start=39047291035775 End=39047311512505 Duration=20476730
Task=12 Chunk=1 Start=39047311512541 End=39047322723230 Duration=11210689
Task=13 Chunk=0 Start=39047311512507 End=39047333038383 Duration=21525876
Task=13 Chunk=1 Start=39047333038410 End=39047344358653 Duration=11320243
Task=14 Chunk=0 Start=39047333038385 End=39047355360699 Duration=22322314
Task=14 Chunk=1 Start=39047355360723 End=39047366778389 Duration=11417666
Task=15 Chunk=0 Start=39047355360713 End=39047374833092 Duration=19472379
Task=15 Chunk=1 Start=39047374833117 End=39047386323549 Duration=11490432
Task=16 Chunk=0 Start=39047374833092 End=39047394736170 Duration=19903078
Task=16 Chunk=1 Start=39047394736185 End=39047405775919 Duration=11039734
Task=17 Chunk=0 Start=39047394736171 End=39047416222191 Duration=21486020
Task=17 Chunk=1 Start=39047416222240 End=39047427452532 Duration=11230292
Task=18 Chunk=0 Start=39047416222221 End=39047438040077 Duration=21817856
Task=18 Chunk=1 Start=39047438040102 End=39047449121137 Duration=11081035
Task=19 Chunk=0 Start=39047438040078 End=39047459390818 Duration=21350740
Task=19 Chunk=1 Start=39047459390841 End=39047470730154 Duration=11339313
Task=20 Chunk=0 Start=39047459390833 End=39047479674153 Duration=20283320
Task=20 Chunk=1 Start=39047479674176 End=39047490712347 Duration=11038171
Task=21 Chunk=0 Start=39047479674167 End=39047501104187 Duration=21430020
Task=21 Chunk=1 Start=39047501104223 End=39047512482709 Duration=11378486
Task=22 Chunk=0 Start=39047501104188 End=39047522514940 Duration=21410752
Task=22 Chunk=1 Start=39047522514972 End=39047533857648 Duration=11342676
Task=23 Chunk=0 Start=39047522514983 End=39047543659740 Duration=21144757
Task=23 Chunk=1 Start=39047543659774 End=39047555077443 Duration=11417669
Task=24 Chunk=0 Start=39047543659755 End=39047564427246 Duration=20767491
Task=24 Chunk=1 Start=39047564444866 End=39047575562993 Duration=11118127
Task=25 Chunk=0 Start=39047564427274 End=39047585319548 Duration=20892274
Task=25 Chunk=1 Start=39047585319557 End=39047596601968 Duration=11282411
Task=26 Chunk=0 Start=39047585319549 End=39047606200907 Duration=20881358
Task=26 Chunk=1 Start=39047606200933 End=39047617521468 Duration=11320535
Task=27 Chunk=0 Start=39047606200908 End=39047627463336 Duration=21262428
Task=27 Chunk=1 Start=39047627463362 End=39047638770519 Duration=11307157
Task=28 Chunk=0 Start=39047627463342 End=39047648788741 Duration=21325399
Task=28 Chunk=1 Start=39047648788799 End=39047660105550 Duration=11316751
Task=29 Chunk=0 Start=39047648788752 End=39047669800833 Duration=21012081
Task=29 Chunk=1 Start=39047669800863 End=39047680924042 Duration=11123179
Task=30 Chunk=0 Start=39047669800834 End=39047691253661 Duration=21452827
Task=30 Chunk=1 Start=39047691253718 End=39047702431990 Duration=11178272
Task=31 Chunk=0 Start=39047691253672 End=39047711992185 Duration=20738513
Task=31 Chunk=1 Start=39047711992234 End=39047723270796 Duration=11278562
Task=32 Chunk=0 Start=39047711992217 End=39047733118693 Duration=21126476
Task=32 Chunk=1 Start=39047733118740 End=39047744398726 Duration=11279986
Task=33 Chunk=0 Start=39047733118738 End=39047753922222 Duration=20803484
Task=33 Chunk=1 Start=39047753922269 End=39047765159570 Duration=11237301
Task=34 Chunk=0 Start=39047753922224 End=39047775124541 Duration=21202317
Task=34 Chunk=1 Start=39047775124571 End=39047786584940 Duration=11460369
Task=35 Chunk=0 Start=39047775124542 End=39047796465775 Duration=21341233
Task=35 Chunk=1 Start=39047796465827 End=39047807717903 Duration=11252076
Task=36 Chunk=0 Start=39047796465823 End=39047816837701 Duration=20371878
Task=36 Chunk=1 Start=39047816837733 End=39047828026043 Duration=11188310
Task=37 Chunk=0 Start=39047816837702 End=39047837646487 Duration=20808785
Task=37 Chunk=1 Start=39047837646536 End=39047849074149 Duration=11427613
Task=38 Chunk=0 Start=39047837646519 End=39047858361395 Duration=20714876
Task=38 Chunk=1 Start=39047858361421 End=39047869981341 Duration=11619920
Task=39 Chunk=0 Start=39047858361395 End=39047878321385 Duration=19959990
Task=39 Chunk=1 Start=39047878321416 End=39047889576454 Duration=11255038
Task=40 Chunk=0 Start=39047878321402 End=39047898181736 Duration=19860334
Task=40 Chunk=1 Start=39047898181769 End=39047909145814 Duration=10964045
Task=41 Chunk=0 Start=39047898181736 End=39047919725579 Duration=21543843
Task=41 Chunk=1 Start=39047919725621 End=39047930736234 Duration=11010613
Task=42 Chunk=0 Start=39047919725594 End=39047940755401 Duration=21029807
Task=42 Chunk=1 Start=39047940755426 End=39047952102561 Duration=11347135
Task=43 Chunk=0 Start=39047940755417 End=39047962081287 Duration=21325870
Task=43 Chunk=1 Start=39047962081329 End=39047973306824 Duration=11225495
Task=44 Chunk=0 Start=39047962081290 End=39047983444765 Duration=21363475
Task=44 Chunk=1 Start=39047983444817 End=39047994684602 Duration=11239785
Task=45 Chunk=0 Start=39047983444775 End=39048007951382 Duration=24506607
Task=45 Chunk=1 Start=39048007951409 End=39048019587629 Duration=11636220
Task=46 Chunk=0 Start=39048007951388 End=39048028942296 Duration=20990908
Task=46 Chunk=1 Start=39048028942353 End=39048040178844 Duration=11236491
Task=47 Chunk=0 Start=39048028942305 End=39048049718118 Duration=20775813
Task=47 Chunk=1 Start=39048050312779 End=39048061422078 Duration=11109299
Task=48 Chunk=0 Start=39048049718152 End=39048070370351 Duration=20652199
Task=48 Chunk=1 Start=39048070370397 End=39048081708721 Duration=11338324
Task=49 Chunk=0 Start=39048070370380 End=39048091617037 Duration=21246657
Task=49 Chunk=1 Start=39048091617078 End=39048102578594 Duration=10961516
Task=50 Chunk=0 Start=39048091617059 End=39048112691149 Duration=21074090
Task=50 Chunk=1 Start=39048112691181 End=39048123838126 Duration=11146945
Task=51 Chunk=0 Start=39048112691190 End=39048133911142 Duration=21219952
Task=51 Chunk=1 Start=39048133911192 End=39048145040841 Duration=11129649
Task=52 Chunk=0 Start=39048133911181 End=39048154677340 Duration=20766159
Task=52 Chunk=1 Start=39048154677355 End=39048166115639 Duration=11438284
Task=53 Chunk=0 Start=39048154677340 End=39048174275811 Duration=19598471
Task=53 Chunk=1 Start=39048174275824 End=39048185083544 Duration=10807720
Task=54 Chunk=0 Start=39048174275820 End=39048194467243 Duration=20191423
Task=54 Chunk=1 Start=39048194467265 End=39048205832164 Duration=11364899
Task=55 Chunk=0 Start=39048194467243 End=39048215789258 Duration=21322015
Task=55 Chunk=1 Start=39048215789289 End=39048226994073 Duration=11204784
Task=56 Chunk=0 Start=39048215789263 End=39048237336764 Duration=21547501
Task=56 Chunk=1 Start=39048237336806 End=39048248561457 Duration=11224651
Task=57 Chunk=0 Start=39048237336765 End=39048258155311 Duration=20818546
Task=57 Chunk=1 Start=39048258155334 End=39048269251011 Duration=11095677
Task=58 Chunk=0 Start=39048258155332 End=39048280054879 Duration=21899547
Task=58 Chunk=1 Start=39048280054913 End=39048291291267 Duration=11236354
Task=59 Chunk=0 Start=39048280054879 End=39048299999369 Duration=19944490
Task=59 Chunk=1 Start=39048299999425 End=39048311719152 Duration=11719727
Task=60 Chunk=0 Start=39048299999390 End=39048321278885 Duration=21279495
Task=60 Chunk=1 Start=39048321278911 End=39048332702695 Duration=11423784
Task=61 Chunk=0 Start=39048321278886 End=39048342603559 Duration=21324673
Task=61 Chunk=1 Start=39048342603578 End=39048353605397 Duration=11001819
Task=62 Chunk=0 Start=39048342603559 End=39048362643508 Duration=20039949
Task=62 Chunk=1 Start=39048362643536 End=39048373846203 Duration=11202667
Task=63 Chunk=0 Start=39048362643509 End=39048384286901 Duration=21643392
Task=63 Chunk=1 Start=39048384345610 End=39048395357759 Duration=11012149
Task=64 Chunk=0 Start=39048384286927 End=39048405515923 Duration=21228996
Task=64 Chunk=1 Start=39048405515953 End=39048416689041 Duration=11173088
Task=65 Chunk=0 Start=39048405515952 End=39048427096644 Duration=21580692
Task=65 Chunk=1 Start=39048427096667 End=39048438194441 Duration=11097774
Task=66 Chunk=0 Start=39048427096647 End=39048448570065 Duration=21473418
Task=66 Chunk=1 Start=39048448930874 End=39048460122458 Duration=11191584
Task=67 Chunk=0 Start=39048448570066 End=39048469532475 Duration=20962409
Task=67 Chunk=1 Start=39048469930472 End=39048481038389 Duration=11107917
Task=68 Chunk=0 Start=39048469532501 End=39048490609350 Duration=21076849
Task=68 Chunk=1 Start=39048490609373 End=39048501883703 Duration=11274330
Task=69 Chunk=0 Start=39048490609368 End=39048511273431 Duration=20664063
Task=69 Chunk=1 Start=39048511273468 End=39048522799092 Duration=11525624
Task=70 Chunk=0 Start=39048511273454 End=39048532528085 Duration=21254631
Task=70 Chunk=1 Start=39048532528109 End=39048543768694 Duration=11240585
Task=71 Chunk=0 Start=39048532528107 End=39048552753122 Duration=20225015
Task=71 Chunk=1 Start=39048552753158 End=39048564144749 Duration=11391591
Task=72 Chunk=0 Start=39048552753147 End=39048573535108 Duration=20781961
Task=72 Chunk=1 Start=39048573535150 End=39048584525784 Duration=10990634
Task=73 Chunk=0 Start=39048573535132 End=39048595555711 Duration=22020579
Task=73 Chunk=1 Start=39048595555734 End=39048607087486 Duration=11531752
Task=74 Chunk=0 Start=39048595555733 End=39048615895163 Duration=20339430
Task=74 Chunk=1 Start=39048615895191 End=39048627294619 Duration=11399428
Task=75 Chunk=0 Start=39048615895163 End=39048636908336 Duration=21013173
Task=75 Chunk=1 Start=39048636908355 End=39048648205005 Duration=11296650
Task=76 Chunk=0 Start=39048636908336 End=39048658148030 Duration=21239694
Task=76 Chunk=1 Start=39048658148073 End=39048669540872 Duration=11392799
Task=77 Chunk=0 Start=39048658148060 End=39048678967133 Duration=20819073
Task=77 Chunk=1 Start=39048678967174 End=39048689934376 Duration=10967202
Task=78 Chunk=0 Start=39048678967157 End=39048699090394 Duration=20123237
Task=78 Chunk=1 Start=39048699522939 End=39048710726019 Duration=11203080
Task=79 Chunk=0 Start=39048699090400 End=39048718609405 Duration=19519005
Task=79 Chunk=1 Start=39048718609428 End=39048729810731 Duration=11201303
Task=80 Chunk=0 Start=39048718609407 End=39048739113037 Duration=20503630
Task=80 Chunk=1 Start=39048739113070 End=39048750846750 Duration=11733680
Task=81 Chunk=0 Start=39048739113066 End=39048759134962 Duration=20021896
Task=81 Chunk=1 Start=39048759134977 End=39048770942757 Duration=11807780
Task=82 Chunk=0 Start=39048759134963 End=39048779917641 Duration=20782678
Task=82 Chunk=1 Start=39048779917655 End=39048790798209 Duration=10880554
Task=83 Chunk=0 Start=39048779917654 End=39048800545980 Duration=20628326
Task=83 Chunk=1 Start=39048800546013 End=39048811967369 Duration=11421356
Task=84 Chunk=0 Start=39048800545980 End=39048819967636 Duration=19421656
Task=84 Chunk=1 Start=39048819967654 End=39048830761132 Duration=10793478
Task=85 Chunk=0 Start=39048819967637 End=39048840430646 Duration=20463009
Task=85 Chunk=1 Start=39048840430670 End=39048851628550 Duration=11197880
Task=86 Chunk=0 Start=39048840430648 End=39048861300106 Duration=20869458
Task=86 Chunk=1 Start=39048861300149 End=39048872531863 Duration=11231714
Task=87 Chunk=0 Start=39048861300107 End=39048882224750 Duration=20924643
Task=87 Chunk=1 Start=39048882224776 End=39048893825193 Duration=11600417
Task=88 Chunk=0 Start=39048882224751 End=39048903286359 Duration=21061608
Task=88 Chunk=1 Start=39048903286409 End=39048914231907 Duration=10945498
Task=89 Chunk=0 Start=39048903286387 End=39048923831159 Duration=20544772
Task=89 Chunk=1 Start=39048923831183 End=39048935040949 Duration=11209766
Task=90 Chunk=0 Start=39048923831167 End=39048945348957 Duration=21517790
Task=90 Chunk=1 Start=39048945348976 End=39048956439271 Duration=11090295
Task=91 Chunk=0 Start=39048945348958 End=39048966607780 Duration=21258822
Task=91 Chunk=1 Start=39048966607804 End=39048977832885 Duration=11225081
Task=92 Chunk=0 Start=39048966607801 End=39048987203773 Duration=20595972
Task=92 Chunk=1 Start=39048987203790 End=39048998454314 Duration=11250524
Task=93 Chunk=0 Start=39048987203773 End=39049008477781 Duration=21274008
Task=93 Chunk=1 Start=39049008477816 End=39049019480930 Duration=11003114
Task=94 Chunk=0 Start=39049008477786 End=39049030200102 Duration=21722316
Task=94 Chunk=1 Start=39049030200159 End=39049041253681 Duration=11053522
Task=95 Chunk=0 Start=39049030200136 End=39049051105335 Duration=20905199
Task=95 Chunk=1 Start=39049051105360 End=39049062459813 Duration=11354453
Task=96 Chunk=0 Start=39049051105358 End=39049071980869 Duration=20875511
Task=96 Chunk=1 Start=39049071980902 End=39049083239126 Duration=11258224
Task=97 Chunk=0 Start=39049071980884 End=39049093347994 Duration=21367110
Task=97 Chunk=1 Start=39049093348022 End=39049104311311 Duration=10963289
Task=98 Chunk=0 Start=39049093348013 End=39049115116398 Duration=21768385
Task=98 Chunk=1 Start=39049115116413 End=39049126333443 Duration=11217030
Task=99 Chunk=0 Start=39049115116399 End=39049135831554 Duration=20715155
Task=99 Chunk=1 Start=39049135831586 End=39049146862574 Duration=11030988
### Python End ###
