
Running only on specified device: 3A021JEHN02756
Deploying and running 'bm-fully-cifar-dense-vk' on device: 3A021JEHN02756
build/android/arm64-v8a/release/bm-fully-cifar-dense-vk: 1 file pushed, 0 skipped. 459.1 MB/s (2710480 bytes in 0.006s)
[2025-06-24 19:16:08.364] [info] Pinable Lit cores: 0 1 2 3 
[2025-06-24 19:16:08.364] [info] Pinable Med cores: 4 5 
[2025-06-24 19:16:08.364] [info] Pinable Big cores: 6 7 
[2025-06-24 19:16:08.364] [info] Pinable Sup cores: 
Stage: 1 by Little
	Count 	5
	Average 	230.8000 ms
Stage: 1 by Medium
	Count 	14
	Average 	76.1429 ms
Stage: 1 by Big
	Count 	11
	Average 	95.2727 ms
Stage: 1 by Vulkan
	Count 	1129
	Average 	0.8857 ms
Stage: 2 by Little
	Count 	114
	Average 	8.9386 ms
Stage: 2 by Medium
	Count 	232
	Average 	4.3276 ms
Stage: 2 by Big
	Count 	197
	Average 	5.1827 ms
Stage: 2 by Vulkan
	Count 	1934
	Average 	0.5176 ms
Stage: 3 by Little
	Count 	3
	Average 	457.3333 ms
Stage: 3 by Medium
	Count 	6
	Average 	176.8333 ms
Stage: 3 by Big
	Count 	5
	Average 	225.8000 ms
Stage: 3 by Vulkan
	Count 	1315
	Average 	0.7681 ms
Stage: 4 by Little
	Count 	235
	Average 	4.3532 ms
Stage: 4 by Medium
	Count 	488
	Average 	2.0881 ms
Stage: 4 by Big
	Count 	397
	Average 	2.5945 ms
Stage: 4 by Vulkan
	Count 	2381
	Average 	0.4234 ms
Stage: 5 by Little
	Count 	3
	Average 	437.0000 ms
Stage: 5 by Medium
	Count 	6
	Average 	171.0000 ms
Stage: 5 by Big
	Count 	5
	Average 	205.6000 ms
Stage: 5 by Vulkan
	Count 	821
	Average 	1.2192 ms
Stage: 6 by Little
	Count 	2
	Average 	863.5000 ms
Stage: 6 by Medium
	Count 	4
	Average 	325.0000 ms
Stage: 6 by Big
	Count 	3
	Average 	388.6667 ms
Stage: 6 by Vulkan
	Count 	546
	Average 	1.8828 ms
Stage: 7 by Little
	Count 	2
	Average 	762.5000 ms
Stage: 7 by Medium
	Count 	4
	Average 	328.5000 ms
Stage: 7 by Big
	Count 	3
	Average 	404.6667 ms
Stage: 7 by Vulkan
	Count 	612
	Average 	1.6471 ms
Stage: 8 by Little
	Count 	572
	Average 	1.8059 ms
Stage: 8 by Medium
	Count 	984
	Average 	1.0163 ms
Stage: 8 by Big
	Count 	845
	Average 	1.1976 ms
Stage: 8 by Vulkan
	Count 	2454
	Average 	0.4152 ms
Stage: 9 by Little
	Count 	911
	Average 	1.1284 ms
Stage: 9 by Medium
	Count 	1488
	Average 	0.6929 ms
Stage: 9 by Big
	Count 	1199
	Average 	0.8524 ms
Stage: 9 by Vulkan
	Count 	940
	Average 	1.0904 ms
Stage: 1
	Little 	190.0000 ms 	(6)
	Medium 	76.0000 ms 	(15)
	Big    	95.0000 ms 	(12)
	Vulkan 	0.6113 ms 	(1865)
Stage: 2
	Little 	9.2523 ms 	(111)
	Medium 	4.6471 ms 	(221)
	Big    	5.0591 ms 	(203)
	Vulkan 	0.3544 ms 	(2898)
Stage: 3
	Little 	445.6667 ms 	(3)
	Medium 	222.8333 ms 	(6)
	Big    	267.4000 ms 	(5)
	Vulkan 	0.8750 ms 	(1528)
Stage: 4
	Little 	4.7685 ms 	(216)
	Medium 	2.5558 ms 	(403)
	Big    	2.6963 ms 	(382)
	Vulkan 	0.2631 ms 	(3915)
Stage: 5
	Little 	416.6667 ms 	(3)
	Medium 	178.5714 ms 	(7)
	Big    	208.3333 ms 	(6)
	Vulkan 	1.0955 ms 	(1141)
Stage: 6
	Little 	757.5000 ms 	(2)
	Medium 	378.7500 ms 	(4)
	Big    	505.0000 ms 	(3)
	Vulkan 	1.9727 ms 	(768)
Stage: 7
	Little 	821.0000 ms 	(2)
	Medium 	547.3333 ms 	(3)
	Big    	547.3333 ms 	(3)
	Vulkan 	2.0944 ms 	(784)
Stage: 8
	Little 	4.1405 ms 	(242)
	Medium 	1.1774 ms 	(851)
	Big    	1.5705 ms 	(638)
	Vulkan 	0.2709 ms 	(3699)
Stage: 9
	Little 	1.4087 ms 	(712)
	Medium 	0.8269 ms 	(1213)
	Big    	1.0832 ms 	(926)
	Vulkan 	0.8154 ms 	(1230)

Normal Benchmark Results Table (ms per task):
Stage | Little Core | Medium Core | Big Core | Vulkan | CUDA
------|------------|-------------|----------|--------|-------
    1 |    230.8000 |     76.1429 |  95.2727 | 0.8857 | 0.0000
    2 |      8.9386 |      4.3276 |   5.1827 | 0.5176 | 0.0000
    3 |    457.3333 |    176.8333 | 225.8000 | 0.7681 | 0.0000
    4 |      4.3532 |      2.0881 |   2.5945 | 0.4234 | 0.0000
    5 |    437.0000 |    171.0000 | 205.6000 | 1.2192 | 0.0000
    6 |    863.5000 |    325.0000 | 388.6667 | 1.8828 | 0.0000
    7 |    762.5000 |    328.5000 | 404.6667 | 1.6471 | 0.0000
    8 |      1.8059 |      1.0163 |   1.1976 | 0.4152 | 0.0000
    9 |      1.1284 |      0.6929 |   0.8524 | 1.0904 | 0.0000

Normal Benchmark - Sum of stages 1-9:
Little Core: 2767.3595 ms
Medium Core: 1085.6010 ms
Big Core: 1329.8333 ms
Vulkan: 8.8495 ms
CUDA: 0.0000 ms

Fully Benchmark Results Table (ms per task):
Stage | Little Core | Medium Core | Big Core | Vulkan | CUDA
------|-------------|-------------|----------|--------|-------
    1 |    190.0000 |     76.0000 |  95.0000 | 0.6113 | 0.0000
    2 |      9.2523 |      4.6471 |   5.0591 | 0.3544 | 0.0000
    3 |    445.6667 |    222.8333 | 267.4000 | 0.8750 | 0.0000
    4 |      4.7685 |      2.5558 |   2.6963 | 0.2631 | 0.0000
    5 |    416.6667 |    178.5714 | 208.3333 | 1.0955 | 0.0000
    6 |    757.5000 |    378.7500 | 505.0000 | 1.9727 | 0.0000
    7 |    821.0000 |    547.3333 | 547.3333 | 2.0944 | 0.0000
    8 |      4.1405 |      1.1774 |   1.5705 | 0.2709 | 0.0000
    9 |      1.4087 |      0.8269 |   1.0832 | 0.8154 | 0.0000

Fully Benchmark - Sum of stages 1-9:
Little Core: 2650.4033 ms
Medium Core: 1412.6953 ms
Big Core: 1633.4758 ms
Vulkan: 8.3526 ms
CUDA: 0.0000 ms

Performance Comparison (Fully vs Normal):
Processor  | Normal (ms) | Fully (ms) | Ratio
-----------|-------------|------------|-------
Little Core|     2767.36 |    2650.40 |  0.96x
Medium Core|     1085.60 |    1412.70 |  1.30x
Big Core   |     1329.83 |    1633.48 |  1.23x
Vulkan     |        8.85 |       8.35 |  0.94x

### PYTHON_DATA_START ###
# NORMAL_BENCHMARK_DATA
stage,little,medium,big,vulkan,cuda
1,230.8000,76.1429,95.2727,0.8857,0.0000
2,8.9386,4.3276,5.1827,0.5176,0.0000
3,457.3333,176.8333,225.8000,0.7681,0.0000
4,4.3532,2.0881,2.5945,0.4234,0.0000
5,437.0000,171.0000,205.6000,1.2192,0.0000
6,863.5000,325.0000,388.6667,1.8828,0.0000
7,762.5000,328.5000,404.6667,1.6471,0.0000
8,1.8059,1.0163,1.1976,0.4152,0.0000
9,1.1284,0.6929,0.8524,1.0904,0.0000
# FULLY_BENCHMARK_DATA
stage,little,medium,big,vulkan,cuda
1,190.0000,76.0000,95.0000,0.6113,0.0000
2,9.2523,4.6471,5.0591,0.3544,0.0000
3,445.6667,222.8333,267.4000,0.8750,0.0000
4,4.7685,2.5558,2.6963,0.2631,0.0000
5,416.6667,178.5714,208.3333,1.0955,0.0000
6,757.5000,378.7500,505.0000,1.9727,0.0000
7,821.0000,547.3333,547.3333,2.0944,0.0000
8,4.1405,1.1774,1.5705,0.2709,0.0000
9,1.4087,0.8269,1.0832,0.8154,0.0000
### PYTHON_DATA_END ###
