
Running only on specified device: 3A021JEHN02756
Deploying and running 'bm-fully-cifar-dense-vk' on device: 3A021JEHN02756
build/android/arm64-v8a/release/bm-fully-cifar-dense-vk: 1 file pushed, 0 skipped. 350.6 MB/s (2710480 bytes in 0.007s)
[2025-06-25 10:44:21.981] [info] Pinable Lit cores: 0 1 2 3 
[2025-06-25 10:44:21.986] [info] Pinable Med cores: 4 5 
[2025-06-25 10:44:21.986] [info] Pinable Big cores: 6 7 
[2025-06-25 10:44:21.986] [info] Pinable Sup cores: 
Stage: 1 by Little
	Count 	7
	Average 	155.7143 ms
Stage: 1 by Medium
	Count 	18
	Average 	58.6111 ms
Stage: 1 by Big
	Count 	19
	Average 	54.1579 ms
Stage: 1 by Vulkan
	Count 	905
	Average 	1.1094 ms
Stage: 2 by Little
	Count 	154
	Average 	6.5260 ms
Stage: 2 by Medium
	Count 	315
	Average 	3.1810 ms
Stage: 2 by Big
	Count 	363
	Average 	2.7658 ms
Stage: 2 by Vulkan
	Count 	1794
	Average 	0.5585 ms
Stage: 3 by Little
	Count 	3
	Average 	348.3333 ms
Stage: 3 by Medium
	Count 	8
	Average 	134.8750 ms
Stage: 3 by Big
	Count 	8
	Average 	126.2500 ms
Stage: 3 by Vulkan
	Count 	1253
	Average 	0.8005 ms
Stage: 4 by Little
	Count 	296
	Average 	3.3986 ms
Stage: 4 by Medium
	Count 	637
	Average 	1.5730 ms
Stage: 4 by Big
	Count 	730
	Average 	1.3726 ms
Stage: 4 by Vulkan
	Count 	2101
	Average 	0.4764 ms
Stage: 5 by Little
	Count 	4
	Average 	331.2500 ms
Stage: 5 by Medium
	Count 	8
	Average 	130.2500 ms
Stage: 5 by Big
	Count 	9
	Average 	119.4444 ms
Stage: 5 by Vulkan
	Count 	758
	Average 	1.3219 ms
Stage: 6 by Little
	Count 	2
	Average 	660.0000 ms
Stage: 6 by Medium
	Count 	4
	Average 	255.2500 ms
Stage: 6 by Big
	Count 	5
	Average 	226.6000 ms
Stage: 6 by Vulkan
	Count 	688
	Average 	1.4578 ms
Stage: 7 by Little
	Count 	2
	Average 	654.0000 ms
Stage: 7 by Medium
	Count 	4
	Average 	262.5000 ms
Stage: 7 by Big
	Count 	5
	Average 	227.6000 ms
Stage: 7 by Vulkan
	Count 	518
	Average 	1.9363 ms
Stage: 8 by Little
	Count 	600
	Average 	1.6750 ms
Stage: 8 by Medium
	Count 	1281
	Average 	0.7814 ms
Stage: 8 by Big
	Count 	1463
	Average 	0.6849 ms
Stage: 8 by Vulkan
	Count 	2330
	Average 	0.4343 ms
Stage: 9 by Little
	Count 	883
	Average 	1.1393 ms
Stage: 9 by Medium
	Count 	1639
	Average 	0.6107 ms
Stage: 9 by Big
	Count 	1968
	Average 	0.5091 ms
Stage: 9 by Vulkan
	Count 	811
	Average 	1.2367 ms
Stage: 1
	Little 	184.0000 ms 	(6)
	Medium 	61.3333 ms 	(18)
	Big    	58.1053 ms 	(19)
	Vulkan 	0.7282 ms 	(1516)
Stage: 2
	Little 	7.9683 ms 	(126)
	Medium 	3.5105 ms 	(286)
	Big    	3.4621 ms 	(290)
	Vulkan 	0.3519 ms 	(2853)
Stage: 3
	Little 	416.6667 ms 	(3)
	Medium 	156.2500 ms 	(8)
	Big    	178.5714 ms 	(7)
	Vulkan 	0.5551 ms 	(2252)
Stage: 4
	Little 	5.2737 ms 	(190)
	Medium 	1.8764 ms 	(534)
	Big    	1.6589 ms 	(604)
	Vulkan 	0.2755 ms 	(3637)
Stage: 5
	Little 	399.3333 ms 	(3)
	Medium 	149.7500 ms 	(8)
	Big    	171.1429 ms 	(7)
	Vulkan 	0.9599 ms 	(1248)
Stage: 6
	Little 	708.5000 ms 	(2)
	Medium 	354.2500 ms 	(4)
	Big    	354.2500 ms 	(4)
	Vulkan 	1.6363 ms 	(866)
Stage: 7
	Little 	709.0000 ms 	(2)
	Medium 	354.5000 ms 	(4)
	Big    	354.5000 ms 	(4)
	Vulkan 	1.6761 ms 	(846)
Stage: 8
	Little 	2.5561 ms 	(392)
	Medium 	0.9027 ms 	(1110)
	Big    	0.9068 ms 	(1105)
	Vulkan 	0.2326 ms 	(4308)
Stage: 9
	Little 	1.3802 ms 	(726)
	Medium 	0.6398 ms 	(1566)
	Big    	0.5745 ms 	(1744)
	Vulkan 	0.6858 ms 	(1461)

Normal Benchmark Results Table (ms per task):
Stage | Little Core | Medium Core | Big Core | Vulkan | CUDA
------|------------|-------------|----------|--------|-------
    1 |    155.7143 |     58.6111 |  54.1579 | 1.1094 | 0.0000
    2 |      6.5260 |      3.1810 |   2.7658 | 0.5585 | 0.0000
    3 |    348.3333 |    134.8750 | 126.2500 | 0.8005 | 0.0000
    4 |      3.3986 |      1.5730 |   1.3726 | 0.4764 | 0.0000
    5 |    331.2500 |    130.2500 | 119.4444 | 1.3219 | 0.0000
    6 |    660.0000 |    255.2500 | 226.6000 | 1.4578 | 0.0000
    7 |    654.0000 |    262.5000 | 227.6000 | 1.9363 | 0.0000
    8 |      1.6750 |      0.7814 |   0.6849 | 0.4343 | 0.0000
    9 |      1.1393 |      0.6107 |   0.5091 | 1.2367 | 0.0000

Normal Benchmark - Sum of stages 1-9:
Little Core: 2162.0365 ms
Medium Core: 847.6322 ms
Big Core: 759.3848 ms
Vulkan: 9.3320 ms
CUDA: 0.0000 ms

Fully Benchmark Results Table (ms per task):
Stage | Little Core | Medium Core | Big Core | Vulkan | CUDA
------|-------------|-------------|----------|--------|-------
    1 |    184.0000 |     61.3333 |  58.1053 | 0.7282 | 0.0000
    2 |      7.9683 |      3.5105 |   3.4621 | 0.3519 | 0.0000
    3 |    416.6667 |    156.2500 | 178.5714 | 0.5551 | 0.0000
    4 |      5.2737 |      1.8764 |   1.6589 | 0.2755 | 0.0000
    5 |    399.3333 |    149.7500 | 171.1429 | 0.9599 | 0.0000
    6 |    708.5000 |    354.2500 | 354.2500 | 1.6363 | 0.0000
    7 |    709.0000 |    354.5000 | 354.5000 | 1.6761 | 0.0000
    8 |      2.5561 |      0.9027 |   0.9068 | 0.2326 | 0.0000
    9 |      1.3802 |      0.6398 |   0.5745 | 0.6858 | 0.0000

Fully Benchmark - Sum of stages 1-9:
Little Core: 2434.6782 ms
Medium Core: 1083.0128 ms
Big Core: 1123.1719 ms
Vulkan: 7.1014 ms
CUDA: 0.0000 ms

Performance Comparison (Fully vs Normal):
Processor  | Normal (ms) | Fully (ms) | Ratio
-----------|-------------|------------|-------
Little Core|     2162.04 |    2434.68 |  1.13x
Medium Core|      847.63 |    1083.01 |  1.28x
Big Core   |      759.38 |    1123.17 |  1.48x
Vulkan     |        9.33 |       7.10 |  0.76x

### PYTHON_DATA_START ###
# NORMAL_BENCHMARK_DATA
stage,little,medium,big,vulkan,cuda
1,155.7143,58.6111,54.1579,1.1094,0.0000
2,6.5260,3.1810,2.7658,0.5585,0.0000
3,348.3333,134.8750,126.2500,0.8005,0.0000
4,3.3986,1.5730,1.3726,0.4764,0.0000
5,331.2500,130.2500,119.4444,1.3219,0.0000
6,660.0000,255.2500,226.6000,1.4578,0.0000
7,654.0000,262.5000,227.6000,1.9363,0.0000
8,1.6750,0.7814,0.6849,0.4343,0.0000
9,1.1393,0.6107,0.5091,1.2367,0.0000
# FULLY_BENCHMARK_DATA
stage,little,medium,big,vulkan,cuda
1,184.0000,61.3333,58.1053,0.7282,0.0000
2,7.9683,3.5105,3.4621,0.3519,0.0000
3,416.6667,156.2500,178.5714,0.5551,0.0000
4,5.2737,1.8764,1.6589,0.2755,0.0000
5,399.3333,149.7500,171.1429,0.9599,0.0000
6,708.5000,354.2500,354.2500,1.6363,0.0000
7,709.0000,354.5000,354.5000,1.6761,0.0000
8,2.5561,0.9027,0.9068,0.2326,0.0000
9,1.3802,0.6398,0.5745,0.6858,0.0000
### PYTHON_DATA_END ###
