
Running only on specified device: 3A021JEHN02756
Deploying and running 'bm-fully-cifar-dense-vk' on device: 3A021JEHN02756
build/android/arm64-v8a/release/bm-fully-cifar-dense-vk: 1 file pushed, 0 skipped. 380.5 MB/s (2710480 bytes in 0.007s)
[2025-06-28 09:33:39.858] [info] Pinable Lit cores: 0 1 2 3 
[2025-06-28 09:33:39.858] [info] Pinable Med cores: 4 5 
[2025-06-28 09:33:39.858] [info] Pinable Big cores: 6 7 
[2025-06-28 09:33:39.858] [info] Pinable Sup cores: 
Stage: 1 by Little
	Count 	7
	Average 	154.0000 ms
Stage: 1 by Medium
	Count 	18
	Average 	57.4444 ms
Stage: 1 by Big
	Count 	18
	Average 	56.4444 ms
Stage: 1 by Vulkan
	Count 	921
	Average 	1.0879 ms
Stage: 2 by Little
	Count 	155
	Average 	6.4839 ms
Stage: 2 by Medium
	Count 	307
	Average 	3.2704 ms
Stage: 2 by Big
	Count 	344
	Average 	2.9157 ms
Stage: 2 by Vulkan
	Count 	1686
	Average 	0.5949 ms
Stage: 3 by Little
	Count 	3
	Average 	345.0000 ms
Stage: 3 by Medium
	Count 	8
	Average 	137.3750 ms
Stage: 3 by Big
	Count 	8
	Average 	128.6250 ms
Stage: 3 by Vulkan
	Count 	1036
	Average 	0.9681 ms
Stage: 4 by Little
	Count 	308
	Average 	3.2532 ms
Stage: 4 by Medium
	Count 	636
	Average 	1.5739 ms
Stage: 4 by Big
	Count 	700
	Average 	1.4314 ms
Stage: 4 by Vulkan
	Count 	1904
	Average 	0.5268 ms
Stage: 5 by Little
	Count 	4
	Average 	332.0000 ms
Stage: 5 by Medium
	Count 	8
	Average 	133.8750 ms
Stage: 5 by Big
	Count 	9
	Average 	122.4444 ms
Stage: 5 by Vulkan
	Count 	784
	Average 	1.2781 ms
Stage: 6 by Little
	Count 	2
	Average 	650.5000 ms
Stage: 6 by Medium
	Count 	4
	Average 	264.2500 ms
Stage: 6 by Big
	Count 	5
	Average 	244.0000 ms
Stage: 6 by Vulkan
	Count 	472
	Average 	2.1250 ms
Stage: 7 by Little
	Count 	2
	Average 	651.0000 ms
Stage: 7 by Medium
	Count 	4
	Average 	265.2500 ms
Stage: 7 by Big
	Count 	5
	Average 	244.6000 ms
Stage: 7 by Vulkan
	Count 	454
	Average 	2.2137 ms
Stage: 8 by Little
	Count 	582
	Average 	1.7285 ms
Stage: 8 by Medium
	Count 	1205
	Average 	0.8315 ms
Stage: 8 by Big
	Count 	1372
	Average 	0.7303 ms
Stage: 8 by Vulkan
	Count 	1868
	Average 	0.5364 ms
Stage: 9 by Little
	Count 	955
	Average 	1.0524 ms
Stage: 9 by Medium
	Count 	1631
	Average 	0.6137 ms
Stage: 9 by Big
	Count 	1879
	Average 	0.5333 ms
Stage: 9 by Vulkan
	Count 	804
	Average 	1.2463 ms
Stage: 1
	Little 	179.5000 ms 	(6)
	Medium 	59.8333 ms 	(18)
	Big    	59.8333 ms 	(18)
	Vulkan 	0.8110 ms 	(1328)
Stage: 2
	Little 	9.2385 ms 	(109)
	Medium 	3.4369 ms 	(293)
	Big    	3.3567 ms 	(300)
	Vulkan 	0.3449 ms 	(2920)
Stage: 3
	Little 	445.6667 ms 	(3)
	Medium 	167.1250 ms 	(8)
	Big    	191.0000 ms 	(7)
	Vulkan 	0.8320 ms 	(1607)
Stage: 4
	Little 	6.4774 ms 	(155)
	Medium 	1.7192 ms 	(584)
	Big    	1.8188 ms 	(552)
	Vulkan 	0.2840 ms 	(3535)
Stage: 5
	Little 	422.6667 ms 	(3)
	Medium 	158.5000 ms 	(8)
	Big    	181.1429 ms 	(7)
	Vulkan 	0.9621 ms 	(1318)
Stage: 6
	Little 	791.0000 ms 	(2)
	Medium 	395.5000 ms 	(4)
	Big    	527.3333 ms 	(3)
	Vulkan 	2.0519 ms 	(771)
Stage: 7
	Little 	763.5000 ms 	(2)
	Medium 	381.7500 ms 	(4)
	Big    	381.7500 ms 	(4)
	Vulkan 	1.7902 ms 	(853)
Stage: 8
	Little 	3.6304 ms 	(276)
	Medium 	0.9347 ms 	(1072)
	Big    	0.9435 ms 	(1062)
	Vulkan 	0.2419 ms 	(4143)
Stage: 9
	Little 	1.2447 ms 	(805)
	Medium 	0.6224 ms 	(1610)
	Big    	0.6106 ms 	(1641)
	Vulkan 	0.7798 ms 	(1285)

Normal Benchmark Results Table (ms per task):
Stage | Little Core | Medium Core | Big Core | Vulkan | CUDA
------|------------|-------------|----------|--------|-------
    1 |    154.0000 |     57.4444 |  56.4444 | 1.0879 | 0.0000
    2 |      6.4839 |      3.2704 |   2.9157 | 0.5949 | 0.0000
    3 |    345.0000 |    137.3750 | 128.6250 | 0.9681 | 0.0000
    4 |      3.2532 |      1.5739 |   1.4314 | 0.5268 | 0.0000
    5 |    332.0000 |    133.8750 | 122.4444 | 1.2781 | 0.0000
    6 |    650.5000 |    264.2500 | 244.0000 | 2.1250 | 0.0000
    7 |    651.0000 |    265.2500 | 244.6000 | 2.2137 | 0.0000
    8 |      1.7285 |      0.8315 |   0.7303 | 0.5364 | 0.0000
    9 |      1.0524 |      0.6137 |   0.5333 | 1.2463 | 0.0000

Normal Benchmark - Sum of stages 1-9:
Little Core: 2145.0180 ms
Medium Core: 864.4840 ms
Big Core: 801.7246 ms
Vulkan: 10.5772 ms
CUDA: 0.0000 ms

Fully Benchmark Results Table (ms per task):
Stage | Little Core | Medium Core | Big Core | Vulkan | CUDA
------|-------------|-------------|----------|--------|-------
    1 |    179.5000 |     59.8333 |  59.8333 | 0.8110 | 0.0000
    2 |      9.2385 |      3.4369 |   3.3567 | 0.3449 | 0.0000
    3 |    445.6667 |    167.1250 | 191.0000 | 0.8320 | 0.0000
    4 |      6.4774 |      1.7192 |   1.8188 | 0.2840 | 0.0000
    5 |    422.6667 |    158.5000 | 181.1429 | 0.9621 | 0.0000
    6 |    791.0000 |    395.5000 | 527.3333 | 2.0519 | 0.0000
    7 |    763.5000 |    381.7500 | 381.7500 | 1.7902 | 0.0000
    8 |      3.6304 |      0.9347 |   0.9435 | 0.2419 | 0.0000
    9 |      1.2447 |      0.6224 |   0.6106 | 0.7798 | 0.0000

Fully Benchmark - Sum of stages 1-9:
Little Core: 2622.9244 ms
Medium Core: 1169.4214 ms
Big Core: 1347.7891 ms
Vulkan: 8.0976 ms
CUDA: 0.0000 ms

Performance Comparison (Fully vs Normal):
Processor  | Normal (ms) | Fully (ms) | Ratio
-----------|-------------|------------|-------
Little Core|     2145.02 |    2622.92 |  1.22x
Medium Core|      864.48 |    1169.42 |  1.35x
Big Core   |      801.72 |    1347.79 |  1.68x
Vulkan     |       10.58 |       8.10 |  0.77x

### PYTHON_DATA_START ###
# NORMAL_BENCHMARK_DATA
stage,little,medium,big,vulkan,cuda
1,154.0000,57.4444,56.4444,1.0879,0.0000
2,6.4839,3.2704,2.9157,0.5949,0.0000
3,345.0000,137.3750,128.6250,0.9681,0.0000
4,3.2532,1.5739,1.4314,0.5268,0.0000
5,332.0000,133.8750,122.4444,1.2781,0.0000
6,650.5000,264.2500,244.0000,2.1250,0.0000
7,651.0000,265.2500,244.6000,2.2137,0.0000
8,1.7285,0.8315,0.7303,0.5364,0.0000
9,1.0524,0.6137,0.5333,1.2463,0.0000
# FULLY_BENCHMARK_DATA
stage,little,medium,big,vulkan,cuda
1,179.5000,59.8333,59.8333,0.8110,0.0000
2,9.2385,3.4369,3.3567,0.3449,0.0000
3,445.6667,167.1250,191.0000,0.8320,0.0000
4,6.4774,1.7192,1.8188,0.2840,0.0000
5,422.6667,158.5000,181.1429,0.9621,0.0000
6,791.0000,395.5000,527.3333,2.0519,0.0000
7,763.5000,381.7500,381.7500,1.7902,0.0000
8,3.6304,0.9347,0.9435,0.2419,0.0000
9,1.2447,0.6224,0.6106,0.7798,0.0000
### PYTHON_DATA_END ###
