
Running only on specified device: 3A021JEHN02756
Deploying and running 'bm-fully-cifar-dense-vk' on device: 3A021JEHN02756
build/android/arm64-v8a/release/bm-fully-cifar-dense-vk: 1 file pushed, 0 skipped. 413.5 MB/s (2710480 bytes in 0.006s)
[2025-06-28 09:40:05.131] [info] Pinable Lit cores: 0 1 2 3 
[2025-06-28 09:40:05.132] [info] Pinable Med cores: 4 5 
[2025-06-28 09:40:05.132] [info] Pinable Big cores: 6 7 
[2025-06-28 09:40:05.132] [info] Pinable Sup cores: 
Stage: 1 by Little
	Count 	7
	Average 	161.7143 ms
Stage: 1 by Medium
	Count 	17
	Average 	62.5882 ms
Stage: 1 by Big
	Count 	18
	Average 	57.0556 ms
Stage: 1 by Vulkan
	Count 	920
	Average 	1.0924 ms
Stage: 2 by Little
	Count 	120
	Average 	8.3583 ms
Stage: 2 by Medium
	Count 	282
	Average 	3.5532 ms
Stage: 2 by Big
	Count 	347
	Average 	2.8905 ms
Stage: 2 by Vulkan
	Count 	1779
	Average 	0.5627 ms
Stage: 3 by Little
	Count 	3
	Average 	363.6667 ms
Stage: 3 by Medium
	Count 	8
	Average 	141.6250 ms
Stage: 3 by Big
	Count 	8
	Average 	133.1250 ms
Stage: 3 by Vulkan
	Count 	1162
	Average 	0.8623 ms
Stage: 4 by Little
	Count 	292
	Average 	3.4486 ms
Stage: 4 by Medium
	Count 	610
	Average 	1.6426 ms
Stage: 4 by Big
	Count 	689
	Average 	1.4543 ms
Stage: 4 by Vulkan
	Count 	1950
	Average 	0.5138 ms
Stage: 5 by Little
	Count 	4
	Average 	330.5000 ms
Stage: 5 by Medium
	Count 	8
	Average 	133.6250 ms
Stage: 5 by Big
	Count 	8
	Average 	127.6250 ms
Stage: 5 by Vulkan
	Count 	755
	Average 	1.3285 ms
Stage: 6 by Little
	Count 	2
	Average 	648.0000 ms
Stage: 6 by Medium
	Count 	4
	Average 	262.2500 ms
Stage: 6 by Big
	Count 	5
	Average 	249.2000 ms
Stage: 6 by Vulkan
	Count 	470
	Average 	2.1383 ms
Stage: 7 by Little
	Count 	2
	Average 	650.0000 ms
Stage: 7 by Medium
	Count 	4
	Average 	254.2500 ms
Stage: 7 by Big
	Count 	4
	Average 	258.7500 ms
Stage: 7 by Vulkan
	Count 	443
	Average 	2.2619 ms
Stage: 8 by Little
	Count 	595
	Average 	1.6941 ms
Stage: 8 by Medium
	Count 	1265
	Average 	0.7913 ms
Stage: 8 by Big
	Count 	1387
	Average 	0.7224 ms
Stage: 8 by Vulkan
	Count 	2068
	Average 	0.4845 ms
Stage: 9 by Little
	Count 	950
	Average 	1.0579 ms
Stage: 9 by Medium
	Count 	1688
	Average 	0.5930 ms
Stage: 9 by Big
	Count 	1897
	Average 	0.5282 ms
Stage: 9 by Vulkan
	Count 	783
	Average 	1.2797 ms
Stage: 1
	Little 	213.0000 ms 	(5)
	Medium 	59.1667 ms 	(18)
	Big    	59.1667 ms 	(18)
	Vulkan 	0.7172 ms 	(1485)
Stage: 2
	Little 	10.5474 ms 	(95)
	Medium 	3.3512 ms 	(299)
	Big    	3.5035 ms 	(286)
	Vulkan 	0.3442 ms 	(2911)
Stage: 3
	Little 	452.6667 ms 	(3)
	Medium 	169.7500 ms 	(8)
	Big    	226.3333 ms 	(6)
	Vulkan 	0.8716 ms 	(1558)
Stage: 4
	Little 	6.7000 ms 	(150)
	Medium 	1.6694 ms 	(602)
	Big    	1.9364 ms 	(519)
	Vulkan 	0.2748 ms 	(3657)
Stage: 5
	Little 	432.0000 ms 	(3)
	Medium 	162.0000 ms 	(8)
	Big    	216.0000 ms 	(6)
	Vulkan 	1.1429 ms 	(1134)
Stage: 6
	Little 	764.0000 ms 	(2)
	Medium 	382.0000 ms 	(4)
	Big    	509.3333 ms 	(3)
	Vulkan 	1.9244 ms 	(794)
Stage: 7
	Little 	797.5000 ms 	(2)
	Medium 	398.7500 ms 	(4)
	Big    	531.6667 ms 	(3)
	Vulkan 	1.8229 ms 	(875)
Stage: 8
	Little 	3.8726 ms 	(259)
	Medium 	0.8939 ms 	(1122)
	Big    	0.9672 ms 	(1037)
	Vulkan 	0.2381 ms 	(4213)
Stage: 9
	Little 	1.2866 ms 	(778)
	Medium 	0.6171 ms 	(1622)
	Big    	0.6248 ms 	(1602)
	Vulkan 	0.8066 ms 	(1241)

Normal Benchmark Results Table (ms per task):
Stage | Little Core | Medium Core | Big Core | Vulkan | CUDA
------|------------|-------------|----------|--------|-------
    1 |    161.7143 |     62.5882 |  57.0556 | 1.0924 | 0.0000
    2 |      8.3583 |      3.5532 |   2.8905 | 0.5627 | 0.0000
    3 |    363.6667 |    141.6250 | 133.1250 | 0.8623 | 0.0000
    4 |      3.4486 |      1.6426 |   1.4543 | 0.5138 | 0.0000
    5 |    330.5000 |    133.6250 | 127.6250 | 1.3285 | 0.0000
    6 |    648.0000 |    262.2500 | 249.2000 | 2.1383 | 0.0000
    7 |    650.0000 |    254.2500 | 258.7500 | 2.2619 | 0.0000
    8 |      1.6941 |      0.7913 |   0.7224 | 0.4845 | 0.0000
    9 |      1.0579 |      0.5930 |   0.5282 | 1.2797 | 0.0000

Normal Benchmark - Sum of stages 1-9:
Little Core: 2168.4399 ms
Medium Core: 860.9184 ms
Big Core: 831.3510 ms
Vulkan: 10.5241 ms
CUDA: 0.0000 ms

Fully Benchmark Results Table (ms per task):
Stage | Little Core | Medium Core | Big Core | Vulkan | CUDA
------|-------------|-------------|----------|--------|-------
    1 |    213.0000 |     59.1667 |  59.1667 | 0.7172 | 0.0000
    2 |     10.5474 |      3.3512 |   3.5035 | 0.3442 | 0.0000
    3 |    452.6667 |    169.7500 | 226.3333 | 0.8716 | 0.0000
    4 |      6.7000 |      1.6694 |   1.9364 | 0.2748 | 0.0000
    5 |    432.0000 |    162.0000 | 216.0000 | 1.1429 | 0.0000
    6 |    764.0000 |    382.0000 | 509.3333 | 1.9244 | 0.0000
    7 |    797.5000 |    398.7500 | 531.6667 | 1.8229 | 0.0000
    8 |      3.8726 |      0.8939 |   0.9672 | 0.2381 | 0.0000
    9 |      1.2866 |      0.6171 |   0.6248 | 0.8066 | 0.0000

Fully Benchmark - Sum of stages 1-9:
Little Core: 2681.5733 ms
Medium Core: 1178.1984 ms
Big Core: 1549.5320 ms
Vulkan: 8.1427 ms
CUDA: 0.0000 ms

Performance Comparison (Fully vs Normal):
Processor  | Normal (ms) | Fully (ms) | Ratio
-----------|-------------|------------|-------
Little Core|     2168.44 |    2681.57 |  1.24x
Medium Core|      860.92 |    1178.20 |  1.37x
Big Core   |      831.35 |    1549.53 |  1.86x
Vulkan     |       10.52 |       8.14 |  0.77x

### PYTHON_DATA_START ###
# NORMAL_BENCHMARK_DATA
stage,little,medium,big,vulkan,cuda
1,161.7143,62.5882,57.0556,1.0924,0.0000
2,8.3583,3.5532,2.8905,0.5627,0.0000
3,363.6667,141.6250,133.1250,0.8623,0.0000
4,3.4486,1.6426,1.4543,0.5138,0.0000
5,330.5000,133.6250,127.6250,1.3285,0.0000
6,648.0000,262.2500,249.2000,2.1383,0.0000
7,650.0000,254.2500,258.7500,2.2619,0.0000
8,1.6941,0.7913,0.7224,0.4845,0.0000
9,1.0579,0.5930,0.5282,1.2797,0.0000
# FULLY_BENCHMARK_DATA
stage,little,medium,big,vulkan,cuda
1,213.0000,59.1667,59.1667,0.7172,0.0000
2,10.5474,3.3512,3.5035,0.3442,0.0000
3,452.6667,169.7500,226.3333,0.8716,0.0000
4,6.7000,1.6694,1.9364,0.2748,0.0000
5,432.0000,162.0000,216.0000,1.1429,0.0000
6,764.0000,382.0000,509.3333,1.9244,0.0000
7,797.5000,398.7500,531.6667,1.8229,0.0000
8,3.8726,0.8939,0.9672,0.2381,0.0000
9,1.2866,0.6171,0.6248,0.8066,0.0000
### PYTHON_DATA_END ###
