
Running only on specified device: 3A021JEHN02756
Deploying and running 'bm-fully-cifar-dense-vk' on device: 3A021JEHN02756
build/android/arm64-v8a/release/bm-fully-cifar-dense-vk: 1 file pushed, 0 skipped. 386.9 MB/s (2710480 bytes in 0.007s)
[2025-06-28 09:46:29.508] [info] Pinable Lit cores: 0 1 2 3 
[2025-06-28 09:46:29.510] [info] Pinable Med cores: 4 5 
[2025-06-28 09:46:29.510] [info] Pinable Big cores: 6 7 
[2025-06-28 09:46:29.510] [info] Pinable Sup cores: 
Stage: 1 by Little
	Count 	6
	Average 	173.0000 ms
Stage: 1 by Medium
	Count 	17
	Average 	62.4706 ms
Stage: 1 by Big
	Count 	18
	Average 	57.0000 ms
Stage: 1 by Vulkan
	Count 	903
	Average 	1.1118 ms
Stage: 2 by Little
	Count 	137
	Average 	7.3285 ms
Stage: 2 by Medium
	Count 	281
	Average 	3.5623 ms
Stage: 2 by Big
	Count 	331
	Average 	3.0272 ms
Stage: 2 by Vulkan
	Count 	1631
	Average 	0.6150 ms
Stage: 3 by Little
	Count 	3
	Average 	376.3333 ms
Stage: 3 by Medium
	Count 	7
	Average 	151.8571 ms
Stage: 3 by Big
	Count 	8
	Average 	133.7500 ms
Stage: 3 by Vulkan
	Count 	1110
	Average 	0.9036 ms
Stage: 4 by Little
	Count 	275
	Average 	3.6655 ms
Stage: 4 by Medium
	Count 	585
	Average 	1.7128 ms
Stage: 4 by Big
	Count 	654
	Average 	1.5306 ms
Stage: 4 by Vulkan
	Count 	2088
	Average 	0.4799 ms
Stage: 5 by Little
	Count 	4
	Average 	329.5000 ms
Stage: 5 by Medium
	Count 	8
	Average 	135.8750 ms
Stage: 5 by Big
	Count 	8
	Average 	136.2500 ms
Stage: 5 by Vulkan
	Count 	754
	Average 	1.3302 ms
Stage: 6 by Little
	Count 	2
	Average 	647.5000 ms
Stage: 6 by Medium
	Count 	4
	Average 	268.2500 ms
Stage: 6 by Big
	Count 	5
	Average 	245.6000 ms
Stage: 6 by Vulkan
	Count 	466
	Average 	2.1545 ms
Stage: 7 by Little
	Count 	2
	Average 	656.5000 ms
Stage: 7 by Medium
	Count 	4
	Average 	262.5000 ms
Stage: 7 by Big
	Count 	4
	Average 	268.2500 ms
Stage: 7 by Vulkan
	Count 	480
	Average 	2.0875 ms
Stage: 8 by Little
	Count 	589
	Average 	1.7114 ms
Stage: 8 by Medium
	Count 	1213
	Average 	0.8252 ms
Stage: 8 by Big
	Count 	1312
	Average 	0.7637 ms
Stage: 8 by Vulkan
	Count 	2263
	Average 	0.4432 ms
Stage: 9 by Little
	Count 	905
	Average 	1.1116 ms
Stage: 9 by Medium
	Count 	1703
	Average 	0.5878 ms
Stage: 9 by Big
	Count 	1754
	Average 	0.5713 ms
Stage: 9 by Vulkan
	Count 	865
	Average 	1.1595 ms
Stage: 1
	Little 	191.5000 ms 	(6)
	Medium 	67.5882 ms 	(17)
	Big    	63.8333 ms 	(18)
	Vulkan 	0.7665 ms 	(1499)
Stage: 2
	Little 	11.0330 ms 	(91)
	Medium 	3.3805 ms 	(297)
	Big    	3.4621 ms 	(290)
	Vulkan 	0.3416 ms 	(2939)
Stage: 3
	Little 	439.3333 ms 	(3)
	Medium 	188.2857 ms 	(7)
	Big    	219.6667 ms 	(6)
	Vulkan 	0.7645 ms 	(1724)
Stage: 4
	Little 	6.5556 ms 	(153)
	Medium 	1.7087 ms 	(587)
	Big    	1.9705 ms 	(509)
	Vulkan 	0.2788 ms 	(3598)
Stage: 5
	Little 	410.3333 ms 	(3)
	Medium 	175.8571 ms 	(7)
	Big    	205.1667 ms 	(6)
	Vulkan 	1.0760 ms 	(1144)
Stage: 6
	Little 	793.0000 ms 	(2)
	Medium 	396.5000 ms 	(4)
	Big    	528.6667 ms 	(3)
	Vulkan 	2.0127 ms 	(788)
Stage: 7
	Little 	775.0000 ms 	(2)
	Medium 	387.5000 ms 	(4)
	Big    	387.5000 ms 	(4)
	Vulkan 	1.9595 ms 	(791)
Stage: 8
	Little 	3.9449 ms 	(254)
	Medium 	0.9286 ms 	(1079)
	Big    	0.9911 ms 	(1011)
	Vulkan 	0.2483 ms 	(4036)
Stage: 9
	Little 	1.4173 ms 	(707)
	Medium 	0.6605 ms 	(1517)
	Big    	0.6278 ms 	(1596)
	Vulkan 	0.8127 ms 	(1233)

Normal Benchmark Results Table (ms per task):
Stage | Little Core | Medium Core | Big Core | Vulkan | CUDA
------|------------|-------------|----------|--------|-------
    1 |    173.0000 |     62.4706 |  57.0000 | 1.1118 | 0.0000
    2 |      7.3285 |      3.5623 |   3.0272 | 0.6150 | 0.0000
    3 |    376.3333 |    151.8571 | 133.7500 | 0.9036 | 0.0000
    4 |      3.6655 |      1.7128 |   1.5306 | 0.4799 | 0.0000
    5 |    329.5000 |    135.8750 | 136.2500 | 1.3302 | 0.0000
    6 |    647.5000 |    268.2500 | 245.6000 | 2.1545 | 0.0000
    7 |    656.5000 |    262.5000 | 268.2500 | 2.0875 | 0.0000
    8 |      1.7114 |      0.8252 |   0.7637 | 0.4432 | 0.0000
    9 |      1.1116 |      0.5878 |   0.5713 | 1.1595 | 0.0000

Normal Benchmark - Sum of stages 1-9:
Little Core: 2196.6502 ms
Medium Core: 887.6408 ms
Big Core: 846.7428 ms
Vulkan: 10.2853 ms
CUDA: 0.0000 ms

Fully Benchmark Results Table (ms per task):
Stage | Little Core | Medium Core | Big Core | Vulkan | CUDA
------|-------------|-------------|----------|--------|-------
    1 |    191.5000 |     67.5882 |  63.8333 | 0.7665 | 0.0000
    2 |     11.0330 |      3.3805 |   3.4621 | 0.3416 | 0.0000
    3 |    439.3333 |    188.2857 | 219.6667 | 0.7645 | 0.0000
    4 |      6.5556 |      1.7087 |   1.9705 | 0.2788 | 0.0000
    5 |    410.3333 |    175.8571 | 205.1667 | 1.0760 | 0.0000
    6 |    793.0000 |    396.5000 | 528.6667 | 2.0127 | 0.0000
    7 |    775.0000 |    387.5000 | 387.5000 | 1.9595 | 0.0000
    8 |      3.9449 |      0.9286 |   0.9911 | 0.2483 | 0.0000
    9 |      1.4173 |      0.6605 |   0.6278 | 0.8127 | 0.0000

Fully Benchmark - Sum of stages 1-9:
Little Core: 2632.1173 ms
Medium Core: 1222.4094 ms
Big Core: 1411.8849 ms
Vulkan: 8.2606 ms
CUDA: 0.0000 ms

Performance Comparison (Fully vs Normal):
Processor  | Normal (ms) | Fully (ms) | Ratio
-----------|-------------|------------|-------
Little Core|     2196.65 |    2632.12 |  1.20x
Medium Core|      887.64 |    1222.41 |  1.38x
Big Core   |      846.74 |    1411.88 |  1.67x
Vulkan     |       10.29 |       8.26 |  0.80x

### PYTHON_DATA_START ###
# NORMAL_BENCHMARK_DATA
stage,little,medium,big,vulkan,cuda
1,173.0000,62.4706,57.0000,1.1118,0.0000
2,7.3285,3.5623,3.0272,0.6150,0.0000
3,376.3333,151.8571,133.7500,0.9036,0.0000
4,3.6655,1.7128,1.5306,0.4799,0.0000
5,329.5000,135.8750,136.2500,1.3302,0.0000
6,647.5000,268.2500,245.6000,2.1545,0.0000
7,656.5000,262.5000,268.2500,2.0875,0.0000
8,1.7114,0.8252,0.7637,0.4432,0.0000
9,1.1116,0.5878,0.5713,1.1595,0.0000
# FULLY_BENCHMARK_DATA
stage,little,medium,big,vulkan,cuda
1,191.5000,67.5882,63.8333,0.7665,0.0000
2,11.0330,3.3805,3.4621,0.3416,0.0000
3,439.3333,188.2857,219.6667,0.7645,0.0000
4,6.5556,1.7087,1.9705,0.2788,0.0000
5,410.3333,175.8571,205.1667,1.0760,0.0000
6,793.0000,396.5000,528.6667,2.0127,0.0000
7,775.0000,387.5000,387.5000,1.9595,0.0000
8,3.9449,0.9286,0.9911,0.2483,0.0000
9,1.4173,0.6605,0.6278,0.8127,0.0000
### PYTHON_DATA_END ###
