
Running only on specified device: 3A021JEHN02756
Deploying and running 'bm-fully-cifar-dense-vk' on device: 3A021JEHN02756
build/android/arm64-v8a/release/bm-fully-cifar-dense-vk: 1 file pushed, 0 skipped. 451.9 MB/s (2710480 bytes in 0.006s)
[2025-06-28 10:47:50.831] [info] Pinable Lit cores: 0 1 2 3 
[2025-06-28 10:47:50.831] [info] Pinable Med cores: 4 5 
[2025-06-28 10:47:50.831] [info] Pinable Big cores: 6 7 
[2025-06-28 10:47:50.831] [info] Pinable Sup cores: 
Stage: 1 by Little
	Count 	7
	Average 	153.5714 ms
Stage: 1 by Medium
	Count 	16
	Average 	64.0625 ms
Stage: 1 by Big
	Count 	18
	Average 	57.0000 ms
Stage: 1 by Vulkan
	Count 	914
	Average 	1.0974 ms
Stage: 2 by Little
	Count 	154
	Average 	6.5130 ms
Stage: 2 by Medium
	Count 	313
	Average 	3.1981 ms
Stage: 2 by Big
	Count 	332
	Average 	3.0151 ms
Stage: 2 by Vulkan
	Count 	1652
	Average 	0.6059 ms
Stage: 3 by Little
	Count 	3
	Average 	345.3333 ms
Stage: 3 by Medium
	Count 	8
	Average 	139.2500 ms
Stage: 3 by Big
	Count 	8
	Average 	132.6250 ms
Stage: 3 by Vulkan
	Count 	1090
	Average 	0.9193 ms
Stage: 4 by Little
	Count 	278
	Average 	3.6223 ms
Stage: 4 by Medium
	Count 	605
	Average 	1.6562 ms
Stage: 4 by Big
	Count 	698
	Average 	1.4370 ms
Stage: 4 by Vulkan
	Count 	2048
	Average 	0.4897 ms
Stage: 5 by Little
	Count 	4
	Average 	330.5000 ms
Stage: 5 by Medium
	Count 	8
	Average 	127.8750 ms
Stage: 5 by Big
	Count 	8
	Average 	130.8750 ms
Stage: 5 by Vulkan
	Count 	786
	Average 	1.2748 ms
Stage: 6 by Little
	Count 	2
	Average 	648.0000 ms
Stage: 6 by Medium
	Count 	4
	Average 	264.7500 ms
Stage: 6 by Big
	Count 	4
	Average 	263.0000 ms
Stage: 6 by Vulkan
	Count 	606
	Average 	1.6551 ms
Stage: 7 by Little
	Count 	2
	Average 	649.0000 ms
Stage: 7 by Medium
	Count 	4
	Average 	253.7500 ms
Stage: 7 by Big
	Count 	5
	Average 	247.6000 ms
Stage: 7 by Vulkan
	Count 	451
	Average 	2.2217 ms
Stage: 8 by Little
	Count 	585
	Average 	1.7179 ms
Stage: 8 by Medium
	Count 	1214
	Average 	0.8245 ms
Stage: 8 by Big
	Count 	1402
	Average 	0.7147 ms
Stage: 8 by Vulkan
	Count 	2192
	Average 	0.4567 ms
Stage: 9 by Little
	Count 	941
	Average 	1.0691 ms
Stage: 9 by Medium
	Count 	1698
	Average 	0.5901 ms
Stage: 9 by Big
	Count 	1885
	Average 	0.5316 ms
Stage: 9 by Vulkan
	Count 	844
	Average 	1.1884 ms
Stage: 1
	Little 	188.6667 ms 	(6)
	Medium 	66.5882 ms 	(17)
	Big    	62.8889 ms 	(18)
	Vulkan 	0.7582 ms 	(1493)
Stage: 2
	Little 	10.7849 ms 	(93)
	Medium 	3.2671 ms 	(307)
	Big    	3.5821 ms 	(280)
	Vulkan 	0.3393 ms 	(2956)
Stage: 3
	Little 	439.6667 ms 	(3)
	Medium 	164.8750 ms 	(8)
	Big    	219.8333 ms 	(6)
	Vulkan 	0.8311 ms 	(1587)
Stage: 4
	Little 	6.7770 ms 	(148)
	Medium 	1.7353 ms 	(578)
	Big    	1.8203 ms 	(551)
	Vulkan 	0.2768 ms 	(3624)
Stage: 5
	Little 	419.6667 ms 	(3)
	Medium 	157.3750 ms 	(8)
	Big    	209.8333 ms 	(6)
	Vulkan 	1.2211 ms 	(1031)
Stage: 6
	Little 	773.5000 ms 	(2)
	Medium 	386.7500 ms 	(4)
	Big    	515.6667 ms 	(3)
	Vulkan 	1.9533 ms 	(792)
Stage: 7
	Little 	755.5000 ms 	(2)
	Medium 	377.7500 ms 	(4)
	Big    	377.7500 ms 	(4)
	Vulkan 	1.7590 ms 	(859)
Stage: 8
	Little 	4.1967 ms 	(239)
	Medium 	0.9061 ms 	(1107)
	Big    	0.9616 ms 	(1043)
	Vulkan 	0.2474 ms 	(4054)
Stage: 9
	Little 	1.2671 ms 	(790)
	Medium 	0.6237 ms 	(1605)
	Big    	0.6233 ms 	(1606)
	Vulkan 	0.7957 ms 	(1258)

Normal Benchmark Results Table (ms per task):
Stage | Little Core | Medium Core | Big Core | Vulkan | CUDA
------|------------|-------------|----------|--------|-------
    1 |    153.5714 |     64.0625 |  57.0000 | 1.0974 | 0.0000
    2 |      6.5130 |      3.1981 |   3.0151 | 0.6059 | 0.0000
    3 |    345.3333 |    139.2500 | 132.6250 | 0.9193 | 0.0000
    4 |      3.6223 |      1.6562 |   1.4370 | 0.4897 | 0.0000
    5 |    330.5000 |    127.8750 | 130.8750 | 1.2748 | 0.0000
    6 |    648.0000 |    264.7500 | 263.0000 | 1.6551 | 0.0000
    7 |    649.0000 |    253.7500 | 247.6000 | 2.2217 | 0.0000
    8 |      1.7179 |      0.8245 |   0.7147 | 0.4567 | 0.0000
    9 |      1.0691 |      0.5901 |   0.5316 | 1.1884 | 0.0000

Normal Benchmark - Sum of stages 1-9:
Little Core: 2139.3271 ms
Medium Core: 855.9564 ms
Big Core: 836.7983 ms
Vulkan: 9.9090 ms
CUDA: 0.0000 ms

Fully Benchmark Results Table (ms per task):
Stage | Little Core | Medium Core | Big Core | Vulkan | CUDA
------|-------------|-------------|----------|--------|-------
    1 |    188.6667 |     66.5882 |  62.8889 | 0.7582 | 0.0000
    2 |     10.7849 |      3.2671 |   3.5821 | 0.3393 | 0.0000
    3 |    439.6667 |    164.8750 | 219.8333 | 0.8311 | 0.0000
    4 |      6.7770 |      1.7353 |   1.8203 | 0.2768 | 0.0000
    5 |    419.6667 |    157.3750 | 209.8333 | 1.2211 | 0.0000
    6 |    773.5000 |    386.7500 | 515.6667 | 1.9533 | 0.0000
    7 |    755.5000 |    377.7500 | 377.7500 | 1.7590 | 0.0000
    8 |      4.1967 |      0.9061 |   0.9616 | 0.2474 | 0.0000
    9 |      1.2671 |      0.6237 |   0.6233 | 0.7957 | 0.0000

Fully Benchmark - Sum of stages 1-9:
Little Core: 2600.0257 ms
Medium Core: 1159.8704 ms
Big Core: 1392.9596 ms
Vulkan: 8.1820 ms
CUDA: 0.0000 ms

Performance Comparison (Fully vs Normal):
Processor  | Normal (ms) | Fully (ms) | Ratio
-----------|-------------|------------|-------
Little Core|     2139.33 |    2600.03 |  1.22x
Medium Core|      855.96 |    1159.87 |  1.36x
Big Core   |      836.80 |    1392.96 |  1.66x
Vulkan     |        9.91 |       8.18 |  0.83x

### PYTHON_DATA_START ###
# NORMAL_BENCHMARK_DATA
stage,little,medium,big,vulkan,cuda
1,153.5714,64.0625,57.0000,1.0974,0.0000
2,6.5130,3.1981,3.0151,0.6059,0.0000
3,345.3333,139.2500,132.6250,0.9193,0.0000
4,3.6223,1.6562,1.4370,0.4897,0.0000
5,330.5000,127.8750,130.8750,1.2748,0.0000
6,648.0000,264.7500,263.0000,1.6551,0.0000
7,649.0000,253.7500,247.6000,2.2217,0.0000
8,1.7179,0.8245,0.7147,0.4567,0.0000
9,1.0691,0.5901,0.5316,1.1884,0.0000
# FULLY_BENCHMARK_DATA
stage,little,medium,big,vulkan,cuda
1,188.6667,66.5882,62.8889,0.7582,0.0000
2,10.7849,3.2671,3.5821,0.3393,0.0000
3,439.6667,164.8750,219.8333,0.8311,0.0000
4,6.7770,1.7353,1.8203,0.2768,0.0000
5,419.6667,157.3750,209.8333,1.2211,0.0000
6,773.5000,386.7500,515.6667,1.9533,0.0000
7,755.5000,377.7500,377.7500,1.7590,0.0000
8,4.1967,0.9061,0.9616,0.2474,0.0000
9,1.2671,0.6237,0.6233,0.7957,0.0000
### PYTHON_DATA_END ###
