
Running only on specified device: 3A021JEHN02756
Deploying and running 'bm-gen-logs-cifar-sparse-vk' on device: 3A021JEHN02756
build/android/arm64-v8a/release/bm-gen-logs-cifar-sparse-vk: 1 file pushed, 0 skipped. 464.2 MB/s (6985936 bytes in 0.014s)
[2025-06-28 11:20:28.649] [info] Pinable Lit cores: 0 1 2 3 
[2025-06-28 11:20:28.650] [info] Pinable Med cores: 4 5 
[2025-06-28 11:20:28.650] [info] Pinable Big cores: 6 7 
[2025-06-28 11:20:28.650] [info] Pinable Sup cores: 
[2025-06-28 11:20:29.613] [info] Fetching JSON from URL: http://192.168.1.12:8080/3A021JEHN02756/cifar-sparse/vk/schedules_btpm_gapness.json
[2025-06-28 11:20:29.710] [info] Loaded 30 valid schedules from JSON
[2025-06-28 11:20:29.710] [info] Loaded 30 schedules
--------------------------------
Schedule 0 [UID: SCH-B9-G000-a938]:
  Chunk 0 [OMP/Big   ]: 1, 2, 3, 4, 5, 6, 7, 8, 9
--------------------------------
Schedule 1 [UID: SCH-L9-G000-fa8d]:
  Chunk 0 [OMP/Little]: 1, 2, 3, 4, 5, 6, 7, 8, 9
--------------------------------
Schedule 2 [UID: SCH-M9-G000-2366]:
  Chunk 0 [OMP/Medium]: 1, 2, 3, 4, 5, 6, 7, 8, 9
--------------------------------
Schedule 3 [UID: SCH-G9-G000-4981]:
  Chunk 0 [Vulkan    ]: 1, 2, 3, 4, 5, 6, 7, 8, 9
--------------------------------
Schedule 4 [UID: SCH-G4B5-G049-d312]:
  Chunk 0 [Vulkan    ]: 1, 2, 3, 4
  Chunk 1 [OMP/Big   ]: 5, 6, 7, 8, 9
--------------------------------
Schedule 5 [UID: SCH-B2M7-G059-2519]:
  Chunk 0 [OMP/Big   ]: 1, 2
  Chunk 1 [OMP/Medium]: 3, 4, 5, 6, 7, 8, 9
--------------------------------
Schedule 6 [UID: SCH-G3M2B4-G081-799c]:
  Chunk 0 [Vulkan    ]: 1, 2, 3
  Chunk 1 [OMP/Medium]: 4, 5
  Chunk 2 [OMP/Big   ]: 6, 7, 8, 9
--------------------------------
Schedule 7 [UID: SCH-G3B1M5-G185-7c71]:
  Chunk 0 [Vulkan    ]: 1, 2, 3
  Chunk 1 [OMP/Big   ]: 4
  Chunk 2 [OMP/Medium]: 5, 6, 7, 8, 9
--------------------------------
Schedule 8 [UID: SCH-G3B1L1M4-G194-6e9d]:
  Chunk 0 [Vulkan    ]: 1, 2, 3
  Chunk 1 [OMP/Big   ]: 4
  Chunk 2 [OMP/Little]: 5
  Chunk 3 [OMP/Medium]: 6, 7, 8, 9
--------------------------------
Schedule 9 [UID: SCH-M2B7-G198-ab7a]:
  Chunk 0 [OMP/Medium]: 1, 2
  Chunk 1 [OMP/Big   ]: 3, 4, 5, 6, 7, 8, 9
--------------------------------
Schedule 10 [UID: SCH-G4M5-G200-57b5]:
  Chunk 0 [Vulkan    ]: 1, 2, 3, 4
  Chunk 1 [OMP/Medium]: 5, 6, 7, 8, 9
--------------------------------
Schedule 11 [UID: SCH-G3B2M4-G210-c640]:
  Chunk 0 [Vulkan    ]: 1, 2, 3
  Chunk 1 [OMP/Big   ]: 4, 5
  Chunk 2 [OMP/Medium]: 6, 7, 8, 9
--------------------------------
Schedule 12 [UID: SCH-B1G3L1M4-G214-226f]:
  Chunk 0 [OMP/Big   ]: 1
  Chunk 1 [Vulkan    ]: 2, 3, 4
  Chunk 2 [OMP/Little]: 5
  Chunk 3 [OMP/Medium]: 6, 7, 8, 9
--------------------------------
Schedule 13 [UID: SCH-M1G4L1B3-G260-fe1d]:
  Chunk 0 [OMP/Medium]: 1
  Chunk 1 [Vulkan    ]: 2, 3, 4, 5
  Chunk 2 [OMP/Little]: 6
  Chunk 3 [OMP/Big   ]: 7, 8, 9
--------------------------------
Schedule 14 [UID: SCH-G3M1L1B4-G260-a55b]:
  Chunk 0 [Vulkan    ]: 1, 2, 3
  Chunk 1 [OMP/Medium]: 4
  Chunk 2 [OMP/Little]: 5
  Chunk 3 [OMP/Big   ]: 6, 7, 8, 9
--------------------------------
Schedule 15 [UID: SCH-G3M2L1B3-G278-d0eb]:
  Chunk 0 [Vulkan    ]: 1, 2, 3
  Chunk 1 [OMP/Medium]: 4, 5
  Chunk 2 [OMP/Little]: 6
  Chunk 3 [OMP/Big   ]: 7, 8, 9
--------------------------------
Schedule 16 [UID: SCH-M1G3L1B4-G286-8d5e]:
  Chunk 0 [OMP/Medium]: 1
  Chunk 1 [Vulkan    ]: 2, 3, 4
  Chunk 2 [OMP/Little]: 5
  Chunk 3 [OMP/Big   ]: 6, 7, 8, 9
--------------------------------
Schedule 17 [UID: SCH-M1G4B4-G286-a856]:
  Chunk 0 [OMP/Medium]: 1
  Chunk 1 [Vulkan    ]: 2, 3, 4, 5
  Chunk 2 [OMP/Big   ]: 6, 7, 8, 9
--------------------------------
Schedule 18 [UID: SCH-B1G4L1M3-G298-856b]:
  Chunk 0 [OMP/Big   ]: 1
  Chunk 1 [Vulkan    ]: 2, 3, 4, 5
  Chunk 2 [OMP/Little]: 6
  Chunk 3 [OMP/Medium]: 7, 8, 9
--------------------------------
Schedule 19 [UID: SCH-B1G4M4-G298-102c]:
  Chunk 0 [OMP/Big   ]: 1
  Chunk 1 [Vulkan    ]: 2, 3, 4, 5
  Chunk 2 [OMP/Medium]: 6, 7, 8, 9
--------------------------------
Schedule 20 [UID: SCH-G3M4L2-G303-1b48]:
  Chunk 0 [Vulkan    ]: 1, 2, 3
  Chunk 1 [OMP/Medium]: 4, 5, 6, 7
  Chunk 2 [OMP/Little]: 8, 9
--------------------------------
Schedule 21 [UID: SCH-B4L5-G306-e401]:
  Chunk 0 [OMP/Big   ]: 1, 2, 3, 4
  Chunk 1 [OMP/Little]: 5, 6, 7, 8, 9
--------------------------------
Schedule 22 [UID: SCH-G2M2L1B4-G310-44fc]:
  Chunk 0 [Vulkan    ]: 1, 2
  Chunk 1 [OMP/Medium]: 3, 4
  Chunk 2 [OMP/Little]: 5
  Chunk 3 [OMP/Big   ]: 6, 7, 8, 9
--------------------------------
Schedule 23 [UID: SCH-G3M1B3L2-G321-9db6]:
  Chunk 0 [Vulkan    ]: 1, 2, 3
  Chunk 1 [OMP/Medium]: 4
  Chunk 2 [OMP/Big   ]: 5, 6, 7
  Chunk 3 [OMP/Little]: 8, 9
--------------------------------
Schedule 24 [UID: SCH-M1G3B3L2-G336-98f1]:
  Chunk 0 [OMP/Medium]: 1
  Chunk 1 [Vulkan    ]: 2, 3, 4
  Chunk 2 [OMP/Big   ]: 5, 6, 7
  Chunk 3 [OMP/Little]: 8, 9
--------------------------------
Schedule 25 [UID: SCH-G6L3-G340-d912]:
  Chunk 0 [Vulkan    ]: 1, 2, 3, 4, 5, 6
  Chunk 1 [OMP/Little]: 7, 8, 9
--------------------------------
Schedule 26 [UID: SCH-G4L1B4-G360-1216]:
  Chunk 0 [Vulkan    ]: 1, 2, 3, 4
  Chunk 1 [OMP/Little]: 5
  Chunk 2 [OMP/Big   ]: 6, 7, 8, 9
--------------------------------
Schedule 27 [UID: SCH-B1G3M5-G374-0e78]:
  Chunk 0 [OMP/Big   ]: 1
  Chunk 1 [Vulkan    ]: 2, 3, 4
  Chunk 2 [OMP/Medium]: 5, 6, 7, 8, 9
--------------------------------
Schedule 28 [UID: SCH-G4L1M4-G379-673e]:
  Chunk 0 [Vulkan    ]: 1, 2, 3, 4
  Chunk 1 [OMP/Little]: 5
  Chunk 2 [OMP/Medium]: 6, 7, 8, 9
--------------------------------
Schedule 29 [UID: SCH-G3M3B3-G380-1095]:
  Chunk 0 [Vulkan    ]: 1, 2, 3
  Chunk 1 [OMP/Medium]: 4, 5, 6
  Chunk 2 [OMP/Big   ]: 7, 8, 9
[2025-06-28 11:20:29.714] [info] Running 30/30 schedules

--------------------------------
[2025-06-28 11:20:29.784] [info] Available Vulkan Layers:
[2025-06-28 11:20:29.784] [warning] Validation layer requested but not available, continuing without it...
[2025-06-28 11:20:29.789] [info] Using integrated GPU: Mali-G710
### Python Begin ###
Schedule_UID=SCH-B9-G000-a938
Frequency=24576000 Hz
Task=0 Chunk=0 Start=7706615265611 End=7706616095519 Duration=829908
Task=1 Chunk=0 Start=7706616095555 End=7706616716695 Duration=621140
Task=2 Chunk=0 Start=7706616716701 End=7706617341183 Duration=624482
Task=3 Chunk=0 Start=7706617341184 End=7706617983044 Duration=641860
Task=4 Chunk=0 Start=7706617983045 End=7706618635047 Duration=652002
Task=5 Chunk=0 Start=7706618635048 End=7706619285398 Duration=650350
Task=6 Chunk=0 Start=7706619285398 End=7706619936730 Duration=651332
Task=7 Chunk=0 Start=7706619936731 End=7706620591336 Duration=654605
Task=8 Chunk=0 Start=7706620591363 End=7706621243431 Duration=652068
Task=9 Chunk=0 Start=7706621243432 End=7706621893380 Duration=649948
Task=10 Chunk=0 Start=7706621893381 End=7706622545928 Duration=652547
Task=11 Chunk=0 Start=7706622545929 End=7706623199071 Duration=653142
Task=12 Chunk=0 Start=7706623199072 End=7706623880415 Duration=681343
Task=13 Chunk=0 Start=7706623880420 End=7706624560069 Duration=679649
Task=14 Chunk=0 Start=7706624560070 End=7706625238251 Duration=678181
Task=15 Chunk=0 Start=7706625238252 End=7706625917159 Duration=678907
Task=16 Chunk=0 Start=7706625917160 End=7706626596146 Duration=678986
Task=17 Chunk=0 Start=7706626596150 End=7706627275542 Duration=679392
Task=18 Chunk=0 Start=7706627275542 End=7706627954449 Duration=678907
Task=19 Chunk=0 Start=7706627954452 End=7706628633373 Duration=678921
Task=20 Chunk=0 Start=7706628633378 End=7706629359082 Duration=725704
Task=21 Chunk=0 Start=7706629359082 End=7706630083429 Duration=724347
Task=22 Chunk=0 Start=7706630083430 End=7706630769386 Duration=685956
Task=23 Chunk=0 Start=7706630769386 End=7706631455065 Duration=685679
Task=24 Chunk=0 Start=7706631455069 End=7706632177815 Duration=722746
Task=25 Chunk=0 Start=7706632177816 End=7706632901951 Duration=724135
Task=26 Chunk=0 Start=7706632901952 End=7706633581300 Duration=679348
Task=27 Chunk=0 Start=7706633581302 End=7706634270568 Duration=689266
Task=28 Chunk=0 Start=7706634270568 End=7706634997219 Duration=726651
Task=29 Chunk=0 Start=7706634997220 End=7706635717686 Duration=720466
Task=30 Chunk=0 Start=7706635717693 End=7706636395090 Duration=677397
Task=31 Chunk=0 Start=7706636395091 End=7706637084606 Duration=689515
Task=32 Chunk=0 Start=7706637084606 End=7706637810068 Duration=725462
Task=33 Chunk=0 Start=7706637810069 End=7706638526808 Duration=716739
Task=34 Chunk=0 Start=7706638526810 End=7706639206511 Duration=679701
Task=35 Chunk=0 Start=7706639206512 End=7706639901518 Duration=695006
Task=36 Chunk=0 Start=7706639901519 End=7706640624147 Duration=722628
Task=37 Chunk=0 Start=7706640624149 End=7706641348260 Duration=724111
Task=38 Chunk=0 Start=7706641348260 End=7706642070289 Duration=722029
Task=39 Chunk=0 Start=7706642070290 End=7706642778026 Duration=707736
Task=40 Chunk=0 Start=7706642778027 End=7706643455958 Duration=677931
Task=41 Chunk=0 Start=7706643455959 End=7706644156944 Duration=700985
Task=42 Chunk=0 Start=7706644156944 End=7706644882809 Duration=725865
Task=43 Chunk=0 Start=7706644882809 End=7706645587491 Duration=704682
Task=44 Chunk=0 Start=7706645587491 End=7706646267918 Duration=680427
Task=45 Chunk=0 Start=7706646267919 End=7706646988069 Duration=720150
Task=46 Chunk=0 Start=7706646988070 End=7706647732902 Duration=744832
Task=47 Chunk=0 Start=7706647732903 End=7706648467266 Duration=734363
Task=48 Chunk=0 Start=7706648467267 End=7706649192516 Duration=725249
Task=49 Chunk=0 Start=7706649192517 End=7706649918547 Duration=726030
Task=50 Chunk=0 Start=7706649918548 End=7706650643074 Duration=724526
Task=51 Chunk=0 Start=7706650643074 End=7706651337134 Duration=694060
Task=52 Chunk=0 Start=7706651337135 End=7706652019459 Duration=682324
Task=53 Chunk=0 Start=7706652019461 End=7706652746481 Duration=727020
Task=54 Chunk=0 Start=7706652746482 End=7706653470019 Duration=723537
Task=55 Chunk=0 Start=7706653470020 End=7706654155144 Duration=685124
Task=56 Chunk=0 Start=7706654155145 End=7706654840917 Duration=685772
Task=57 Chunk=0 Start=7706654840918 End=7706655634090 Duration=793172
Task=58 Chunk=0 Start=7706655634092 End=7706656409249 Duration=775157
Task=59 Chunk=0 Start=7706656409250 End=7706657092767 Duration=683517
Task=60 Chunk=0 Start=7706657092769 End=7706657787157 Duration=694388
Task=61 Chunk=0 Start=7706657787159 End=7706658507006 Duration=719847
Task=62 Chunk=0 Start=7706658507007 End=7706659231135 Duration=724128
Task=63 Chunk=0 Start=7706659231136 End=7706659956964 Duration=725828
Task=64 Chunk=0 Start=7706659956965 End=7706660679375 Duration=722410
Task=65 Chunk=0 Start=7706660679377 End=7706661405150 Duration=725773
Task=66 Chunk=0 Start=7706661405151 End=7706662109022 Duration=703871
Task=67 Chunk=0 Start=7706662109022 End=7706662790647 Duration=681625
Task=68 Chunk=0 Start=7706662790647 End=7706663501682 Duration=711035
Task=69 Chunk=0 Start=7706663501682 End=7706664225791 Duration=724109
Task=70 Chunk=0 Start=7706664225793 End=7706664925807 Duration=700014
Task=71 Chunk=0 Start=7706664925808 End=7706665609238 Duration=683430
Task=72 Chunk=0 Start=7706665609240 End=7706666371760 Duration=762520
Task=73 Chunk=0 Start=7706666371762 End=7706667172705 Duration=800943
Task=74 Chunk=0 Start=7706667172707 End=7706667908884 Duration=736177
Task=75 Chunk=0 Start=7706667908886 End=7706668634831 Duration=725945
Task=76 Chunk=0 Start=7706668634832 End=7706669382483 Duration=747651
Task=77 Chunk=0 Start=7706669382484 End=7706670126253 Duration=743769
Task=78 Chunk=0 Start=7706670126254 End=7706670849031 Duration=722777
Task=79 Chunk=0 Start=7706670849032 End=7706671562976 Duration=713944
Task=80 Chunk=0 Start=7706671562977 End=7706672243961 Duration=680984
Task=81 Chunk=0 Start=7706672243965 End=7706672947030 Duration=703065
Task=82 Chunk=0 Start=7706672947032 End=7706673694547 Duration=747515
Task=83 Chunk=0 Start=7706673694548 End=7706674438352 Duration=743804
Task=84 Chunk=0 Start=7706674438356 End=7706675161925 Duration=723569
Task=85 Chunk=0 Start=7706675161925 End=7706675885624 Duration=723699
Task=86 Chunk=0 Start=7706675885625 End=7706676609504 Duration=723879
Task=87 Chunk=0 Start=7706676609505 End=7706677311629 Duration=702124
Task=88 Chunk=0 Start=7706677311630 End=7706677992220 Duration=680590
Task=89 Chunk=0 Start=7706677992223 End=7706678704070 Duration=711847
Task=90 Chunk=0 Start=7706678704071 End=7706679426096 Duration=722025
Task=91 Chunk=0 Start=7706679426096 End=7706680168555 Duration=742459
Task=92 Chunk=0 Start=7706680168556 End=7706680914171 Duration=745615
Task=93 Chunk=0 Start=7706680914172 End=7706681641932 Duration=727760
Task=94 Chunk=0 Start=7706681641933 End=7706682369948 Duration=728015
Task=95 Chunk=0 Start=7706682369949 End=7706683118567 Duration=748618
Task=96 Chunk=0 Start=7706683118568 End=7706683863864 Duration=745296
Task=97 Chunk=0 Start=7706683863865 End=7706684589725 Duration=725860
Task=98 Chunk=0 Start=7706684589727 End=7706685314636 Duration=724909
Task=99 Chunk=0 Start=7706685314637 End=7706686039387 Duration=724750
### Python End ###

--------------------------------
[2025-06-28 11:20:33.380] [info] Available Vulkan Layers:
[2025-06-28 11:20:33.380] [warning] Validation layer requested but not available, continuing without it...
[2025-06-28 11:20:33.384] [info] Using integrated GPU: Mali-G710
### Python Begin ###
Schedule_UID=SCH-L9-G000-fa8d
Frequency=24576000 Hz
Task=0 Chunk=0 Start=7706703380006 End=7706705197255 Duration=1817249
Task=1 Chunk=0 Start=7706705197303 End=7706706838394 Duration=1641091
Task=2 Chunk=0 Start=7706706838457 End=7706708496123 Duration=1657666
Task=3 Chunk=0 Start=7706708496214 End=7706710191450 Duration=1695236
Task=4 Chunk=0 Start=7706710191592 End=7706711871250 Duration=1679658
Task=5 Chunk=0 Start=7706711871315 End=7706713530861 Duration=1659546
Task=6 Chunk=0 Start=7706713530957 End=7706715199399 Duration=1668442
Task=7 Chunk=0 Start=7706715199470 End=7706716870382 Duration=1670912
Task=8 Chunk=0 Start=7706716870462 End=7706718530602 Duration=1660140
Task=9 Chunk=0 Start=7706718530713 End=7706720205106 Duration=1674393
Task=10 Chunk=0 Start=7706720205196 End=7706721861832 Duration=1656636
Task=11 Chunk=0 Start=7706721861899 End=7706723523731 Duration=1661832
Task=12 Chunk=0 Start=7706723523813 End=7706725190709 Duration=1666896
Task=13 Chunk=0 Start=7706725190782 End=7706726847468 Duration=1656686
Task=14 Chunk=0 Start=7706726847543 End=7706728509845 Duration=1662302
Task=15 Chunk=0 Start=7706728509937 End=7706730189156 Duration=1679219
Task=16 Chunk=0 Start=7706730189264 End=7706731865807 Duration=1676543
Task=17 Chunk=0 Start=7706731865936 End=7706733547114 Duration=1681178
Task=18 Chunk=0 Start=7706733547207 End=7706735222981 Duration=1675774
Task=19 Chunk=0 Start=7706735223057 End=7706736893331 Duration=1670274
Task=20 Chunk=0 Start=7706736893432 End=7706738565017 Duration=1671585
Task=21 Chunk=0 Start=7706738565110 End=7706740230852 Duration=1665742
Task=22 Chunk=0 Start=7706740230945 End=7706741914537 Duration=1683592
Task=23 Chunk=0 Start=7706741914607 End=7706743582771 Duration=1668164
Task=24 Chunk=0 Start=7706743582858 End=7706745258006 Duration=1675148
Task=25 Chunk=0 Start=7706745258109 End=7706746940564 Duration=1682455
Task=26 Chunk=0 Start=7706746940666 End=7706748604838 Duration=1664172
Task=27 Chunk=0 Start=7706748604920 End=7706750279435 Duration=1674515
Task=28 Chunk=0 Start=7706750279509 End=7706751943531 Duration=1664022
Task=29 Chunk=0 Start=7706751943604 End=7706753615677 Duration=1672073
Task=30 Chunk=0 Start=7706753615754 End=7706755290053 Duration=1674299
Task=31 Chunk=0 Start=7706755290141 End=7706756964025 Duration=1673884
Task=32 Chunk=0 Start=7706756964120 End=7706758625761 Duration=1661641
Task=33 Chunk=0 Start=7706758625856 End=7706760296101 Duration=1670245
Task=34 Chunk=0 Start=7706760296169 End=7706761964939 Duration=1668770
Task=35 Chunk=0 Start=7706761965070 End=7706763652153 Duration=1687083
Task=36 Chunk=0 Start=7706763652256 End=7706765318362 Duration=1666106
Task=37 Chunk=0 Start=7706765318455 End=7706767003730 Duration=1685275
Task=38 Chunk=0 Start=7706767003814 End=7706768676123 Duration=1672309
Task=39 Chunk=0 Start=7706768676228 End=7706770356027 Duration=1679799
Task=40 Chunk=0 Start=7706770356130 End=7706772027213 Duration=1671083
Task=41 Chunk=0 Start=7706772027301 End=7706773701915 Duration=1674614
Task=42 Chunk=0 Start=7706773701996 End=7706775372136 Duration=1670140
Task=43 Chunk=0 Start=7706775372235 End=7706777049819 Duration=1677584
Task=44 Chunk=0 Start=7706777049933 End=7706778714974 Duration=1665041
Task=45 Chunk=0 Start=7706778715088 End=7706780395834 Duration=1680746
Task=46 Chunk=0 Start=7706780395938 End=7706782324186 Duration=1928248
Task=47 Chunk=0 Start=7706782324274 End=7706783995149 Duration=1670875
Task=48 Chunk=0 Start=7706783995242 End=7706785660703 Duration=1665461
Task=49 Chunk=0 Start=7706785660777 End=7706787325475 Duration=1664698
Task=50 Chunk=0 Start=7706787325548 End=7706789000755 Duration=1675207
Task=51 Chunk=0 Start=7706789000911 End=7706790682796 Duration=1681885
Task=52 Chunk=0 Start=7706790682881 End=7706792365407 Duration=1682526
Task=53 Chunk=0 Start=7706792365499 End=7706794035775 Duration=1670276
Task=54 Chunk=0 Start=7706794035868 End=7706795700495 Duration=1664627
Task=55 Chunk=0 Start=7706795700589 End=7706797374402 Duration=1673813
Task=56 Chunk=0 Start=7706797374496 End=7706799060096 Duration=1685600
Task=57 Chunk=0 Start=7706799060171 End=7706800721104 Duration=1660933
Task=58 Chunk=0 Start=7706800721189 End=7706802399447 Duration=1678258
Task=59 Chunk=0 Start=7706802399551 End=7706804090861 Duration=1691310
Task=60 Chunk=0 Start=7706804090949 End=7706805764061 Duration=1673112
Task=61 Chunk=0 Start=7706805764155 End=7706807434682 Duration=1670527
Task=62 Chunk=0 Start=7706807434772 End=7706809112872 Duration=1678100
Task=63 Chunk=0 Start=7706809112948 End=7706810782528 Duration=1669580
Task=64 Chunk=0 Start=7706810782621 End=7706812453472 Duration=1670851
Task=65 Chunk=0 Start=7706812453565 End=7706814124001 Duration=1670436
Task=66 Chunk=0 Start=7706814124077 End=7706815805063 Duration=1680986
Task=67 Chunk=0 Start=7706815805133 End=7706817472593 Duration=1667460
Task=68 Chunk=0 Start=7706817472670 End=7706819141368 Duration=1668698
Task=69 Chunk=0 Start=7706819141448 End=7706820799550 Duration=1658102
Task=70 Chunk=0 Start=7706820799648 End=7706822484370 Duration=1684722
Task=71 Chunk=0 Start=7706822484453 End=7706824153763 Duration=1669310
Task=72 Chunk=0 Start=7706824153845 End=7706825913222 Duration=1759377
Task=73 Chunk=0 Start=7706825913288 End=7706827572982 Duration=1659694
Task=74 Chunk=0 Start=7706827573065 End=7706829235161 Duration=1662096
Task=75 Chunk=0 Start=7706829235273 End=7706830918272 Duration=1682999
Task=76 Chunk=0 Start=7706830918355 End=7706832581712 Duration=1663357
Task=77 Chunk=0 Start=7706832581800 End=7706834248001 Duration=1666201
Task=78 Chunk=0 Start=7706834248072 End=7706835908361 Duration=1660289
Task=79 Chunk=0 Start=7706835908432 End=7706837657217 Duration=1748785
Task=80 Chunk=0 Start=7706837657291 End=7706839324719 Duration=1667428
Task=81 Chunk=0 Start=7706839324798 End=7706841005108 Duration=1680310
Task=82 Chunk=0 Start=7706841005206 End=7706842694454 Duration=1689248
Task=83 Chunk=0 Start=7706842694541 End=7706844364119 Duration=1669578
Task=84 Chunk=0 Start=7706844364205 End=7706846044398 Duration=1680193
Task=85 Chunk=0 Start=7706846044492 End=7706847716810 Duration=1672318
Task=86 Chunk=0 Start=7706847716884 End=7706849388767 Duration=1671883
Task=87 Chunk=0 Start=7706849388839 End=7706851047246 Duration=1658407
Task=88 Chunk=0 Start=7706851047339 End=7706852721326 Duration=1673987
Task=89 Chunk=0 Start=7706852721425 End=7706854401207 Duration=1679782
Task=90 Chunk=0 Start=7706854401307 End=7706856068849 Duration=1667542
Task=91 Chunk=0 Start=7706856068925 End=7706857737790 Duration=1668865
Task=92 Chunk=0 Start=7706857737854 End=7706859399747 Duration=1661893
Task=93 Chunk=0 Start=7706859399826 End=7706861060764 Duration=1660938
Task=94 Chunk=0 Start=7706861060860 End=7706862742899 Duration=1682039
Task=95 Chunk=0 Start=7706862743006 End=7706864420200 Duration=1677194
Task=96 Chunk=0 Start=7706864420283 End=7706866091763 Duration=1671480
Task=97 Chunk=0 Start=7706866091852 End=7706867770376 Duration=1678524
Task=98 Chunk=0 Start=7706867770456 End=7706869450004 Duration=1679548
Task=99 Chunk=0 Start=7706869450074 End=7706871113034 Duration=1662960
### Python End ###

--------------------------------
[2025-06-28 11:20:40.911] [info] Available Vulkan Layers:
[2025-06-28 11:20:40.911] [warning] Validation layer requested but not available, continuing without it...
[2025-06-28 11:20:40.917] [info] Using integrated GPU: Mali-G710
