[2026-06-16 17:03:19.824] [info] Pinable Lit cores: 
[2026-06-16 17:03:19.824] [info] Pinable Med cores: 
[2026-06-16 17:03:19.824] [info] Pinable Big cores: 0 1 2 3 4 5 6 7 8 9 10 11 12 13 14 15 
[2026-06-16 17:03:19.824] [info] Pinable Sup cores: 
Stage: 1 by Big
	Count 	902
	Average 	3.3271 ms
Stage: 1 by Vulkan
	Count 	3612
	Average 	0.8306 ms
Stage: 2 by Big
	Count 	11489
	Average 	0.2612 ms
Stage: 2 by Vulkan
	Count 	16223
	Average 	0.1849 ms
Stage: 3 by Big
	Count 	429
	Average 	7.0210 ms
Stage: 3 by Vulkan
	Count 	1474
	Average 	2.0366 ms
Stage: 4 by Big
	Count 	21809
	Average 	0.1376 ms
Stage: 4 by Vulkan
	Count 	20217
	Average 	0.1484 ms
Stage: 5 by Big
	Count 	480
	Average 	6.2562 ms
Stage: 5 by Vulkan
	Count 	419
	Average 	7.1647 ms
Stage: 6 by Big
	Count 	243
	Average 	12.3868 ms
Stage: 6 by Vulkan
	Count 	212
	Average 	14.1934 ms
Stage: 7 by Big
	Count 	245
	Average 	12.3224 ms
Stage: 7 by Vulkan
	Count 	212
	Average 	14.1604 ms
Stage: 8 by Big
	Count 	44868
	Average 	0.0669 ms
Stage: 8 by Vulkan
	Count 	16982
	Average 	0.1767 ms
Stage: 9 by Big
	Count 	50563
	Average 	0.0593 ms
Stage: 9 by Vulkan
	Count 	21140
	Average 	0.1419 ms
Stage: 1
	Little 	inf ms 	(0)
	Medium 	inf ms 	(0)
	Big    	3.7466 ms 	(801)
	Vulkan 	1.0406 ms 	(2884)
Stage: 2
	Little 	inf ms 	(0)
	Medium 	inf ms 	(0)
	Big    	0.4586 ms 	(6541)
	Vulkan 	0.4361 ms 	(6879)
Stage: 3
	Little 	inf ms 	(0)
	Medium 	inf ms 	(0)
	Big    	7.6556 ms 	(392)
	Vulkan 	2.4260 ms 	(1237)
Stage: 4
	Little 	inf ms 	(0)
	Medium 	inf ms 	(0)
	Big    	0.2099 ms 	(14295)
	Vulkan 	0.4104 ms 	(7313)
Stage: 5
	Little 	inf ms 	(0)
	Medium 	inf ms 	(0)
	Big    	6.5249 ms 	(461)
	Vulkan 	8.6936 ms 	(346)
Stage: 6
	Little 	inf ms 	(0)
	Medium 	inf ms 	(0)
	Big    	13.1043 ms 	(230)
	Vulkan 	17.5233 ms 	(172)
Stage: 7
	Little 	inf ms 	(0)
	Medium 	inf ms 	(0)
	Big    	13.3230 ms 	(226)
	Vulkan 	17.4046 ms 	(173)
Stage: 8
	Little 	inf ms 	(0)
	Medium 	inf ms 	(0)
	Big    	0.0777 ms 	(38614)
	Vulkan 	0.2874 ms 	(10440)
Stage: 9
	Little 	inf ms 	(0)
	Medium 	inf ms 	(0)
	Big    	0.0651 ms 	(46098)
	Vulkan 	0.2134 ms 	(14064)

Normal Benchmark Results Table (ms per task):
Stage | Little Core | Medium Core | Big Core | Vulkan | CUDA
------|------------|-------------|----------|--------|-------
    1 |      0.0000 |      0.0000 |   3.3271 | 0.8306 | 0.0000
    2 |      0.0000 |      0.0000 |   0.2612 | 0.1849 | 0.0000
    3 |      0.0000 |      0.0000 |   7.0210 | 2.0366 | 0.0000
    4 |      0.0000 |      0.0000 |   0.1376 | 0.1484 | 0.0000
    5 |      0.0000 |      0.0000 |   6.2562 | 7.1647 | 0.0000
    6 |      0.0000 |      0.0000 |  12.3868 | 14.1934 | 0.0000
    7 |      0.0000 |      0.0000 |  12.3224 | 14.1604 | 0.0000
    8 |      0.0000 |      0.0000 |   0.0669 | 0.1767 | 0.0000
    9 |      0.0000 |      0.0000 |   0.0593 | 0.1419 | 0.0000

Normal Benchmark - Sum of stages 1-9:
Little Core: 0.0000 ms
Medium Core: 0.0000 ms
Big Core: 41.8386 ms
Vulkan: 39.0375 ms
CUDA: 0.0000 ms

Fully Benchmark Results Table (ms per task):
Stage | Little Core | Medium Core | Big Core | Vulkan | CUDA
------|-------------|-------------|----------|--------|-------
    1 |      0.0000 |      0.0000 |   3.7466 | 1.0406 | 0.0000
    2 |      0.0000 |      0.0000 |   0.4586 | 0.4361 | 0.0000
    3 |      0.0000 |      0.0000 |   7.6556 | 2.4260 | 0.0000
    4 |      0.0000 |      0.0000 |   0.2099 | 0.4104 | 0.0000
    5 |      0.0000 |      0.0000 |   6.5249 | 8.6936 | 0.0000
    6 |      0.0000 |      0.0000 |  13.1043 | 17.5233 | 0.0000
    7 |      0.0000 |      0.0000 |  13.3230 | 17.4046 | 0.0000
    8 |      0.0000 |      0.0000 |   0.0777 | 0.2874 | 0.0000
    9 |      0.0000 |      0.0000 |   0.0651 | 0.2134 | 0.0000

Fully Benchmark - Sum of stages 1-9:
Little Core: 0.0000 ms
Medium Core: 0.0000 ms
Big Core: 45.1659 ms
Vulkan: 48.4353 ms
CUDA: 0.0000 ms

Performance Comparison (Fully vs Normal):
Processor  | Normal (ms) | Fully (ms) | Ratio
-----------|-------------|------------|-------
Big Core   |       41.84 |      45.17 |  1.08x
Vulkan     |       39.04 |      48.44 |  1.24x

### PYTHON_DATA_START ###
# NORMAL_BENCHMARK_DATA
stage,little,medium,big,vulkan,cuda
1,0.0000,0.0000,3.3271,0.8306,0.0000
2,0.0000,0.0000,0.2612,0.1849,0.0000
3,0.0000,0.0000,7.0210,2.0366,0.0000
4,0.0000,0.0000,0.1376,0.1484,0.0000
5,0.0000,0.0000,6.2562,7.1647,0.0000
6,0.0000,0.0000,12.3868,14.1934,0.0000
7,0.0000,0.0000,12.3224,14.1604,0.0000
8,0.0000,0.0000,0.0669,0.1767,0.0000
9,0.0000,0.0000,0.0593,0.1419,0.0000
# FULLY_BENCHMARK_DATA
stage,little,medium,big,vulkan,cuda
1,0.0000,0.0000,3.7466,1.0406,0.0000
2,0.0000,0.0000,0.4586,0.4361,0.0000
3,0.0000,0.0000,7.6556,2.4260,0.0000
4,0.0000,0.0000,0.2099,0.4104,0.0000
5,0.0000,0.0000,6.5249,8.6936,0.0000
6,0.0000,0.0000,13.1043,17.5233,0.0000
7,0.0000,0.0000,13.3230,17.4046,0.0000
8,0.0000,0.0000,0.0777,0.2874,0.0000
9,0.0000,0.0000,0.0651,0.2134,0.0000
### PYTHON_DATA_END ###
