[2026-06-16 17:04:44.029] [info] Pinable Lit cores: 
[2026-06-16 17:04:44.029] [info] Pinable Med cores: 
[2026-06-16 17:04:44.029] [info] Pinable Big cores: 0 1 2 3 4 5 6 7 8 9 10 11 12 13 14 15 
[2026-06-16 17:04:44.029] [info] Pinable Sup cores: 
Stage: 1 by Big
	Count 	873
	Average 	3.4399 ms
Stage: 1 by Vulkan
	Count 	3694
	Average 	0.8121 ms
Stage: 2 by Big
	Count 	11389
	Average 	0.2634 ms
Stage: 2 by Vulkan
	Count 	16244
	Average 	0.1847 ms
Stage: 3 by Big
	Count 	431
	Average 	6.9652 ms
Stage: 3 by Vulkan
	Count 	1414
	Average 	2.1223 ms
Stage: 4 by Big
	Count 	21695
	Average 	0.1383 ms
Stage: 4 by Vulkan
	Count 	20174
	Average 	0.1487 ms
Stage: 5 by Big
	Count 	479
	Average 	6.2693 ms
Stage: 5 by Vulkan
	Count 	419
	Average 	7.1742 ms
Stage: 6 by Big
	Count 	236
	Average 	12.7542 ms
Stage: 6 by Vulkan
	Count 	212
	Average 	14.1557 ms
Stage: 7 by Big
	Count 	238
	Average 	12.6134 ms
Stage: 7 by Vulkan
	Count 	211
	Average 	14.2180 ms
Stage: 8 by Big
	Count 	44005
	Average 	0.0682 ms
Stage: 8 by Vulkan
	Count 	16950
	Average 	0.1770 ms
Stage: 9 by Big
	Count 	51474
	Average 	0.0583 ms
Stage: 9 by Vulkan
	Count 	21274
	Average 	0.1410 ms
Stage: 1
	Little 	inf ms 	(0)
	Medium 	inf ms 	(0)
	Big    	3.8860 ms 	(772)
	Vulkan 	1.0341 ms 	(2901)
Stage: 2
	Little 	inf ms 	(0)
	Medium 	inf ms 	(0)
	Big    	0.4619 ms 	(6495)
	Vulkan 	0.4473 ms 	(6707)
Stage: 3
	Little 	inf ms 	(0)
	Medium 	inf ms 	(0)
	Big    	7.6320 ms 	(394)
	Vulkan 	2.4270 ms 	(1239)
Stage: 4
	Little 	inf ms 	(0)
	Medium 	inf ms 	(0)
	Big    	0.2062 ms 	(14547)
	Vulkan 	0.4012 ms 	(7477)
Stage: 5
	Little 	inf ms 	(0)
	Medium 	inf ms 	(0)
	Big    	6.5611 ms 	(458)
	Vulkan 	8.2782 ms 	(363)
Stage: 6
	Little 	inf ms 	(0)
	Medium 	inf ms 	(0)
	Big    	13.0870 ms 	(230)
	Vulkan 	17.0056 ms 	(177)
Stage: 7
	Little 	inf ms 	(0)
	Medium 	inf ms 	(0)
	Big    	13.4843 ms 	(223)
	Vulkan 	16.9887 ms 	(177)
Stage: 8
	Little 	inf ms 	(0)
	Medium 	inf ms 	(0)
	Big    	0.0798 ms 	(37595)
	Vulkan 	0.2501 ms 	(11995)
Stage: 9
	Little 	inf ms 	(0)
	Medium 	inf ms 	(0)
	Big    	0.0654 ms 	(45885)
	Vulkan 	0.2127 ms 	(14108)

Normal Benchmark Results Table (ms per task):
Stage | Little Core | Medium Core | Big Core | Vulkan | CUDA
------|------------|-------------|----------|--------|-------
    1 |      0.0000 |      0.0000 |   3.4399 | 0.8121 | 0.0000
    2 |      0.0000 |      0.0000 |   0.2634 | 0.1847 | 0.0000
    3 |      0.0000 |      0.0000 |   6.9652 | 2.1223 | 0.0000
    4 |      0.0000 |      0.0000 |   0.1383 | 0.1487 | 0.0000
    5 |      0.0000 |      0.0000 |   6.2693 | 7.1742 | 0.0000
    6 |      0.0000 |      0.0000 |  12.7542 | 14.1557 | 0.0000
    7 |      0.0000 |      0.0000 |  12.6134 | 14.2180 | 0.0000
    8 |      0.0000 |      0.0000 |   0.0682 | 0.1770 | 0.0000
    9 |      0.0000 |      0.0000 |   0.0583 | 0.1410 | 0.0000

Normal Benchmark - Sum of stages 1-9:
Little Core: 0.0000 ms
Medium Core: 0.0000 ms
Big Core: 42.5703 ms
Vulkan: 39.1338 ms
CUDA: 0.0000 ms

Fully Benchmark Results Table (ms per task):
Stage | Little Core | Medium Core | Big Core | Vulkan | CUDA
------|-------------|-------------|----------|--------|-------
    1 |      0.0000 |      0.0000 |   3.8860 | 1.0341 | 0.0000
    2 |      0.0000 |      0.0000 |   0.4619 | 0.4473 | 0.0000
    3 |      0.0000 |      0.0000 |   7.6320 | 2.4270 | 0.0000
    4 |      0.0000 |      0.0000 |   0.2062 | 0.4012 | 0.0000
    5 |      0.0000 |      0.0000 |   6.5611 | 8.2782 | 0.0000
    6 |      0.0000 |      0.0000 |  13.0870 | 17.0056 | 0.0000
    7 |      0.0000 |      0.0000 |  13.4843 | 16.9887 | 0.0000
    8 |      0.0000 |      0.0000 |   0.0798 | 0.2501 | 0.0000
    9 |      0.0000 |      0.0000 |   0.0654 | 0.2127 | 0.0000

Fully Benchmark - Sum of stages 1-9:
Little Core: 0.0000 ms
Medium Core: 0.0000 ms
Big Core: 45.4637 ms
Vulkan: 47.0450 ms
CUDA: 0.0000 ms

Performance Comparison (Fully vs Normal):
Processor  | Normal (ms) | Fully (ms) | Ratio
-----------|-------------|------------|-------
Big Core   |       42.57 |      45.46 |  1.07x
Vulkan     |       39.13 |      47.05 |  1.20x

### PYTHON_DATA_START ###
# NORMAL_BENCHMARK_DATA
stage,little,medium,big,vulkan,cuda
1,0.0000,0.0000,3.4399,0.8121,0.0000
2,0.0000,0.0000,0.2634,0.1847,0.0000
3,0.0000,0.0000,6.9652,2.1223,0.0000
4,0.0000,0.0000,0.1383,0.1487,0.0000
5,0.0000,0.0000,6.2693,7.1742,0.0000
6,0.0000,0.0000,12.7542,14.1557,0.0000
7,0.0000,0.0000,12.6134,14.2180,0.0000
8,0.0000,0.0000,0.0682,0.1770,0.0000
9,0.0000,0.0000,0.0583,0.1410,0.0000
# FULLY_BENCHMARK_DATA
stage,little,medium,big,vulkan,cuda
1,0.0000,0.0000,3.8860,1.0341,0.0000
2,0.0000,0.0000,0.4619,0.4473,0.0000
3,0.0000,0.0000,7.6320,2.4270,0.0000
4,0.0000,0.0000,0.2062,0.4012,0.0000
5,0.0000,0.0000,6.5611,8.2782,0.0000
6,0.0000,0.0000,13.0870,17.0056,0.0000
7,0.0000,0.0000,13.4843,16.9887,0.0000
8,0.0000,0.0000,0.0798,0.2501,0.0000
9,0.0000,0.0000,0.0654,0.2127,0.0000
### PYTHON_DATA_END ###
