
Running only on specified device: 9b034f1b
Deploying and running 'bm-fully-tree-vk' on device: 9b034f1b
build/android/arm64-v8a/release/bm-fully-tree-vk: 1 file pushed, 0 skipped. 470.7 MB/s (2816720 bytes in 0.006s)
[2025-06-25 10:35:06.013] [info] Pinable Lit cores: 0 1 2 
[2025-06-25 10:35:06.014] [info] Pinable Med cores: 3 4 
[2025-06-25 10:35:06.014] [info] Pinable Big cores: 5 6 7 
[2025-06-25 10:35:06.014] [info] Pinable Sup cores: 
Stage: 1 by Little
	Count 	376
	Average 	2.6622 ms
Stage: 1 by Medium
	Count 	1091
	Average 	0.9175 ms
Stage: 1 by Big
	Count 	843
	Average 	1.1874 ms
Stage: 1 by Vulkan
	Count 	620
	Average 	1.6177 ms
Stage: 2 by Little
	Count 	649
	Average 	1.5439 ms
Stage: 2 by Medium
	Count 	1162
	Average 	0.8614 ms
Stage: 2 by Big
	Count 	359
	Average 	2.7883 ms
Stage: 2 by Vulkan
	Count 	24
	Average 	42.8750 ms
Stage: 3 by Little
	Count 	1482
	Average 	0.6761 ms
Stage: 3 by Medium
	Count 	2745
	Average 	0.3643 ms
Stage: 3 by Big
	Count 	2647
	Average 	0.3778 ms
Stage: 3 by Vulkan
	Count 	4575
	Average 	0.2186 ms
Stage: 4 by Little
	Count 	122
	Average 	8.2377 ms
Stage: 4 by Medium
	Count 	146
	Average 	6.9041 ms
Stage: 4 by Big
	Count 	132
	Average 	7.6212 ms
Stage: 4 by Vulkan
	Count 	395
	Average 	2.5392 ms
Stage: 5 by Little
	Count 	1424
	Average 	0.7037 ms
Stage: 5 by Medium
	Count 	4224
	Average 	0.2370 ms
Stage: 5 by Big
	Count 	3095
	Average 	0.3231 ms
Stage: 5 by Vulkan
	Count 	1004
	Average 	0.9980 ms
Stage: 6 by Little
	Count 	2871
	Average 	0.3487 ms
Stage: 6 by Medium
	Count 	3601
	Average 	0.2777 ms
Stage: 6 by Big
	Count 	1895
	Average 	0.5277 ms
Stage: 6 by Vulkan
	Count 	5311
	Average 	0.1883 ms
Stage: 7 by Little
	Count 	242
	Average 	4.1405 ms
Stage: 7 by Medium
	Count 	437
	Average 	2.2906 ms
Stage: 7 by Big
	Count 	502
	Average 	1.9940 ms
Stage: 7 by Vulkan
	Count 	477
	Average 	2.1027 ms
Stage: 1
	Little 	3.4082 ms 	(294)
	Medium 	0.9201 ms 	(1089)
	Big    	0.6346 ms 	(1579)
	Vulkan 	0.4760 ms 	(2105)
Stage: 2
	Little 	2.8111 ms 	(360)
	Medium 	1.8136 ms 	(558)
	Big    	2.0403 ms 	(496)
	Vulkan 	31.6250 ms 	(32)
Stage: 3
	Little 	0.6761 ms 	(1479)
	Medium 	0.3340 ms 	(2994)
	Big    	0.6072 ms 	(1647)
	Vulkan 	0.3899 ms 	(2565)
Stage: 4
	Little 	8.7391 ms 	(115)
	Medium 	6.4013 ms 	(157)
	Big    	4.1529 ms 	(242)
	Vulkan 	1.4565 ms 	(690)
Stage: 5
	Little 	1.4985 ms 	(668)
	Medium 	0.2320 ms 	(4315)
	Big    	0.1753 ms 	(5709)
	Vulkan 	0.4801 ms 	(2085)
Stage: 6
	Little 	0.3445 ms 	(2903)
	Medium 	0.2656 ms 	(3765)
	Big    	0.4647 ms 	(2152)
	Vulkan 	0.4016 ms 	(2490)
Stage: 7
	Little 	6.7383 ms 	(149)
	Medium 	1.9382 ms 	(518)
	Big    	1.3298 ms 	(755)
	Vulkan 	1.3245 ms 	(758)

Normal Benchmark Results Table (ms per task):
Stage | Little Core | Medium Core | Big Core | Vulkan | CUDA
------|------------|-------------|----------|--------|-------
    1 |      2.6622 |      0.9175 |   1.1874 | 1.6177 | 0.0000
    2 |      1.5439 |      0.8614 |   2.7883 | 42.8750 | 0.0000
    3 |      0.6761 |      0.3643 |   0.3778 | 0.2186 | 0.0000
    4 |      8.2377 |      6.9041 |   7.6212 | 2.5392 | 0.0000
    5 |      0.7037 |      0.2370 |   0.3231 | 0.9980 | 0.0000
    6 |      0.3487 |      0.2777 |   0.5277 | 0.1883 | 0.0000
    7 |      4.1405 |      2.2906 |   1.9940 | 2.1027 | 0.0000

Normal Benchmark - Sum of stages 1-7:
Little Core: 18.3128 ms
Medium Core: 11.8527 ms
Big Core: 14.8196 ms
Vulkan: 50.5396 ms
CUDA: 0.0000 ms

Fully Benchmark Results Table (ms per task):
Stage | Little Core | Medium Core | Big Core | Vulkan | CUDA
------|-------------|-------------|----------|--------|-------
    1 |      3.4082 |      0.9201 |   0.6346 | 0.4760 | 0.0000
    2 |      2.8111 |      1.8136 |   2.0403 | 31.6250 | 0.0000
    3 |      0.6761 |      0.3340 |   0.6072 | 0.3899 | 0.0000
    4 |      8.7391 |      6.4013 |   4.1529 | 1.4565 | 0.0000
    5 |      1.4985 |      0.2320 |   0.1753 | 0.4801 | 0.0000
    6 |      0.3445 |      0.2656 |   0.4647 | 0.4016 | 0.0000
    7 |      6.7383 |      1.9382 |   1.3298 | 1.3245 | 0.0000

Fully Benchmark - Sum of stages 1-7:
Little Core: 24.2158 ms
Medium Core: 11.9048 ms
Big Core: 9.4048 ms
Vulkan: 36.1536 ms
CUDA: 0.0000 ms

Performance Comparison (Fully vs Normal):
Processor  | Normal (ms) | Fully (ms) | Ratio
-----------|-------------|------------|-------
Little Core|       18.31 |      24.22 |  1.32x
Medium Core|       11.85 |      11.90 |  1.00x
Big Core   |       14.82 |       9.40 |  0.63x
Vulkan     |       50.54 |      36.15 |  0.72x

### PYTHON_DATA_START ###
# NORMAL_BENCHMARK_DATA
stage,little,medium,big,vulkan,cuda
1,2.6622,0.9175,1.1874,1.6177,0.0000
2,1.5439,0.8614,2.7883,42.8750,0.0000
3,0.6761,0.3643,0.3778,0.2186,0.0000
4,8.2377,6.9041,7.6212,2.5392,0.0000
5,0.7037,0.2370,0.3231,0.9980,0.0000
6,0.3487,0.2777,0.5277,0.1883,0.0000
7,4.1405,2.2906,1.9940,2.1027,0.0000
# FULLY_BENCHMARK_DATA
stage,little,medium,big,vulkan,cuda
1,3.4082,0.9201,0.6346,0.4760,0.0000
2,2.8111,1.8136,2.0403,31.6250,0.0000
3,0.6761,0.3340,0.6072,0.3899,0.0000
4,8.7391,6.4013,4.1529,1.4565,0.0000
5,1.4985,0.2320,0.1753,0.4801,0.0000
6,0.3445,0.2656,0.4647,0.4016,0.0000
7,6.7383,1.9382,1.3298,1.3245,0.0000
### PYTHON_DATA_END ###
