
Running only on specified device: 9b034f1b
Deploying and running 'bm-fully-tree-vk' on device: 9b034f1b
build/android/arm64-v8a/release/bm-fully-tree-vk: 1 file pushed, 0 skipped. 456.9 MB/s (2816720 bytes in 0.006s)
[2025-06-28 09:24:19.487] [info] Pinable Lit cores: 0 1 2 
[2025-06-28 09:24:19.487] [info] Pinable Med cores: 3 4 
[2025-06-28 09:24:19.487] [info] Pinable Big cores: 5 6 7 
[2025-06-28 09:24:19.487] [info] Pinable Sup cores: 
Stage: 1 by Little
	Count 	379
	Average 	2.6491 ms
Stage: 1 by Medium
	Count 	1085
	Average 	0.9217 ms
Stage: 1 by Big
	Count 	992
	Average 	1.0081 ms
Stage: 1 by Vulkan
	Count 	558
	Average 	1.7993 ms
Stage: 2 by Little
	Count 	641
	Average 	1.5632 ms
Stage: 2 by Medium
	Count 	1141
	Average 	0.8773 ms
Stage: 2 by Big
	Count 	509
	Average 	1.9666 ms
Stage: 2 by Vulkan
	Count 	24
	Average 	42.6250 ms
Stage: 3 by Little
	Count 	1478
	Average 	0.6773 ms
Stage: 3 by Medium
	Count 	2748
	Average 	0.3639 ms
Stage: 3 by Big
	Count 	2937
	Average 	0.3405 ms
Stage: 3 by Vulkan
	Count 	4580
	Average 	0.2183 ms
Stage: 4 by Little
	Count 	122
	Average 	8.2541 ms
Stage: 4 by Medium
	Count 	147
	Average 	6.8503 ms
Stage: 4 by Big
	Count 	128
	Average 	7.8125 ms
Stage: 4 by Vulkan
	Count 	418
	Average 	2.4019 ms
Stage: 5 by Little
	Count 	1406
	Average 	0.7119 ms
Stage: 5 by Medium
	Count 	4231
	Average 	0.2364 ms
Stage: 5 by Big
	Count 	3177
	Average 	0.3148 ms
Stage: 5 by Vulkan
	Count 	991
	Average 	1.0101 ms
Stage: 6 by Little
	Count 	2833
	Average 	0.3537 ms
Stage: 6 by Medium
	Count 	3641
	Average 	0.2746 ms
Stage: 6 by Big
	Count 	2139
	Average 	0.4675 ms
Stage: 6 by Vulkan
	Count 	5334
	Average 	0.1875 ms
Stage: 7 by Little
	Count 	246
	Average 	4.0813 ms
Stage: 7 by Medium
	Count 	486
	Average 	2.0597 ms
Stage: 7 by Big
	Count 	458
	Average 	2.1878 ms
Stage: 7 by Vulkan
	Count 	477
	Average 	2.1027 ms
Stage: 1
	Little 	3.8764 ms 	(259)
	Medium 	0.9045 ms 	(1110)
	Big    	0.6283 ms 	(1598)
	Vulkan 	0.5276 ms 	(1903)
Stage: 2
	Little 	2.6199 ms 	(392)
	Medium 	1.6864 ms 	(609)
	Big    	2.0177 ms 	(509)
	Vulkan 	31.1212 ms 	(33)
Stage: 3
	Little 	0.7084 ms 	(1413)
	Medium 	0.4431 ms 	(2259)
	Big    	0.4700 ms 	(2130)
	Vulkan 	0.5518 ms 	(1814)
Stage: 4
	Little 	8.6810 ms 	(116)
	Medium 	6.3333 ms 	(159)
	Big    	4.1440 ms 	(243)
	Vulkan 	1.5258 ms 	(660)
Stage: 5
	Little 	1.3491 ms 	(742)
	Medium 	0.2348 ms 	(4264)
	Big    	0.1747 ms 	(5729)
	Vulkan 	0.4968 ms 	(2015)
Stage: 6
	Little 	0.3557 ms 	(2814)
	Medium 	0.2488 ms 	(4024)
	Big    	0.5370 ms 	(1864)
	Vulkan 	0.2664 ms 	(3758)
Stage: 7
	Little 	6.8095 ms 	(147)
	Medium 	1.9399 ms 	(516)
	Big    	1.3258 ms 	(755)
	Vulkan 	1.3582 ms 	(737)

Normal Benchmark Results Table (ms per task):
Stage | Little Core | Medium Core | Big Core | Vulkan | CUDA
------|------------|-------------|----------|--------|-------
    1 |      2.6491 |      0.9217 |   1.0081 | 1.7993 | 0.0000
    2 |      1.5632 |      0.8773 |   1.9666 | 42.6250 | 0.0000
    3 |      0.6773 |      0.3639 |   0.3405 | 0.2183 | 0.0000
    4 |      8.2541 |      6.8503 |   7.8125 | 2.4019 | 0.0000
    5 |      0.7119 |      0.2364 |   0.3148 | 1.0101 | 0.0000
    6 |      0.3537 |      0.2746 |   0.4675 | 0.1875 | 0.0000
    7 |      4.0813 |      2.0597 |   2.1878 | 2.1027 | 0.0000

Normal Benchmark - Sum of stages 1-7:
Little Core: 18.2906 ms
Medium Core: 11.5839 ms
Big Core: 14.0977 ms
Vulkan: 50.3448 ms
CUDA: 0.0000 ms

Fully Benchmark Results Table (ms per task):
Stage | Little Core | Medium Core | Big Core | Vulkan | CUDA
------|-------------|-------------|----------|--------|-------
    1 |      3.8764 |      0.9045 |   0.6283 | 0.5276 | 0.0000
    2 |      2.6199 |      1.6864 |   2.0177 | 31.1212 | 0.0000
    3 |      0.7084 |      0.4431 |   0.4700 | 0.5518 | 0.0000
    4 |      8.6810 |      6.3333 |   4.1440 | 1.5258 | 0.0000
    5 |      1.3491 |      0.2348 |   0.1747 | 0.4968 | 0.0000
    6 |      0.3557 |      0.2488 |   0.5370 | 0.2664 | 0.0000
    7 |      6.8095 |      1.9399 |   1.3258 | 1.3582 | 0.0000

Fully Benchmark - Sum of stages 1-7:
Little Core: 24.4001 ms
Medium Core: 11.7908 ms
Big Core: 9.2975 ms
Vulkan: 35.8477 ms
CUDA: 0.0000 ms

Performance Comparison (Fully vs Normal):
Processor  | Normal (ms) | Fully (ms) | Ratio
-----------|-------------|------------|-------
Little Core|       18.29 |      24.40 |  1.33x
Medium Core|       11.58 |      11.79 |  1.02x
Big Core   |       14.10 |       9.30 |  0.66x
Vulkan     |       50.34 |      35.85 |  0.71x

### PYTHON_DATA_START ###
# NORMAL_BENCHMARK_DATA
stage,little,medium,big,vulkan,cuda
1,2.6491,0.9217,1.0081,1.7993,0.0000
2,1.5632,0.8773,1.9666,42.6250,0.0000
3,0.6773,0.3639,0.3405,0.2183,0.0000
4,8.2541,6.8503,7.8125,2.4019,0.0000
5,0.7119,0.2364,0.3148,1.0101,0.0000
6,0.3537,0.2746,0.4675,0.1875,0.0000
7,4.0813,2.0597,2.1878,2.1027,0.0000
# FULLY_BENCHMARK_DATA
stage,little,medium,big,vulkan,cuda
1,3.8764,0.9045,0.6283,0.5276,0.0000
2,2.6199,1.6864,2.0177,31.1212,0.0000
3,0.7084,0.4431,0.4700,0.5518,0.0000
4,8.6810,6.3333,4.1440,1.5258,0.0000
5,1.3491,0.2348,0.1747,0.4968,0.0000
6,0.3557,0.2488,0.5370,0.2664,0.0000
7,6.8095,1.9399,1.3258,1.3582,0.0000
### PYTHON_DATA_END ###
