
Running only on specified device: 9b034f1b
Deploying and running 'bm-fully-tree-vk' on device: 9b034f1b
build/android/arm64-v8a/release/bm-fully-tree-vk: 1 file pushed, 0 skipped. 397.2 MB/s (2816720 bytes in 0.007s)
[2025-06-28 09:37:09.582] [info] Pinable Lit cores: 0 1 2 
[2025-06-28 09:37:09.583] [info] Pinable Med cores: 3 4 
[2025-06-28 09:37:09.583] [info] Pinable Big cores: 5 6 7 
[2025-06-28 09:37:09.583] [info] Pinable Sup cores: 
Stage: 1 by Little
	Count 	380
	Average 	2.6368 ms
Stage: 1 by Medium
	Count 	1087
	Average 	0.9209 ms
Stage: 1 by Big
	Count 	880
	Average 	1.1375 ms
Stage: 1 by Vulkan
	Count 	624
	Average 	1.6074 ms
Stage: 2 by Little
	Count 	644
	Average 	1.5559 ms
Stage: 2 by Medium
	Count 	1162
	Average 	0.8614 ms
Stage: 2 by Big
	Count 	383
	Average 	2.6162 ms
Stage: 2 by Vulkan
	Count 	24
	Average 	43.0417 ms
Stage: 3 by Little
	Count 	1476
	Average 	0.6782 ms
Stage: 3 by Medium
	Count 	2633
	Average 	0.3802 ms
Stage: 3 by Big
	Count 	1488
	Average 	0.6720 ms
Stage: 3 by Vulkan
	Count 	4554
	Average 	0.2196 ms
Stage: 4 by Little
	Count 	121
	Average 	8.2893 ms
Stage: 4 by Medium
	Count 	147
	Average 	6.8435 ms
Stage: 4 by Big
	Count 	122
	Average 	8.2213 ms
Stage: 4 by Vulkan
	Count 	394
	Average 	2.5482 ms
Stage: 5 by Little
	Count 	1389
	Average 	0.7207 ms
Stage: 5 by Medium
	Count 	4214
	Average 	0.2373 ms
Stage: 5 by Big
	Count 	3197
	Average 	0.3128 ms
Stage: 5 by Vulkan
	Count 	887
	Average 	1.1297 ms
Stage: 6 by Little
	Count 	2870
	Average 	0.3488 ms
Stage: 6 by Medium
	Count 	3541
	Average 	0.2827 ms
Stage: 6 by Big
	Count 	1889
	Average 	0.5294 ms
Stage: 6 by Vulkan
	Count 	5333
	Average 	0.1875 ms
Stage: 7 by Little
	Count 	244
	Average 	4.1189 ms
Stage: 7 by Medium
	Count 	484
	Average 	2.0702 ms
Stage: 7 by Big
	Count 	392
	Average 	2.5561 ms
Stage: 7 by Vulkan
	Count 	463
	Average 	2.1641 ms
Stage: 1
	Little 	3.4878 ms 	(287)
	Medium 	0.9158 ms 	(1093)
	Big    	0.6413 ms 	(1561)
	Vulkan 	0.4728 ms 	(2117)
Stage: 2
	Little 	2.5496 ms 	(393)
	Medium 	1.6507 ms 	(607)
	Big    	2.0080 ms 	(499)
	Vulkan 	32.3226 ms 	(31)
Stage: 3
	Little 	0.7289 ms 	(1372)
	Medium 	0.4141 ms 	(2415)
	Big    	0.4649 ms 	(2151)
	Vulkan 	0.4338 ms 	(2305)
Stage: 4
	Little 	8.4915 ms 	(118)
	Medium 	6.3019 ms 	(159)
	Big    	4.1235 ms 	(243)
	Vulkan 	1.4714 ms 	(681)
Stage: 5
	Little 	1.4039 ms 	(713)
	Medium 	0.2334 ms 	(4288)
	Big    	0.1731 ms 	(5782)
	Vulkan 	0.5068 ms 	(1975)
Stage: 6
	Little 	0.3565 ms 	(2805)
	Medium 	0.2633 ms 	(3798)
	Big    	0.4715 ms 	(2121)
	Vulkan 	0.4013 ms 	(2492)
Stage: 7
	Little 	6.8630 ms 	(146)
	Medium 	1.9232 ms 	(521)
	Big    	1.3450 ms 	(745)
	Vulkan 	1.3541 ms 	(740)

Normal Benchmark Results Table (ms per task):
Stage | Little Core | Medium Core | Big Core | Vulkan | CUDA
------|------------|-------------|----------|--------|-------
    1 |      2.6368 |      0.9209 |   1.1375 | 1.6074 | 0.0000
    2 |      1.5559 |      0.8614 |   2.6162 | 43.0417 | 0.0000
    3 |      0.6782 |      0.3802 |   0.6720 | 0.2196 | 0.0000
    4 |      8.2893 |      6.8435 |   8.2213 | 2.5482 | 0.0000
    5 |      0.7207 |      0.2373 |   0.3128 | 1.1297 | 0.0000
    6 |      0.3488 |      0.2827 |   0.5294 | 0.1875 | 0.0000
    7 |      4.1189 |      2.0702 |   2.5561 | 2.1641 | 0.0000

Normal Benchmark - Sum of stages 1-7:
Little Core: 18.3485 ms
Medium Core: 11.5963 ms
Big Core: 16.0453 ms
Vulkan: 50.8982 ms
CUDA: 0.0000 ms

Fully Benchmark Results Table (ms per task):
Stage | Little Core | Medium Core | Big Core | Vulkan | CUDA
------|-------------|-------------|----------|--------|-------
    1 |      3.4878 |      0.9158 |   0.6413 | 0.4728 | 0.0000
    2 |      2.5496 |      1.6507 |   2.0080 | 32.3226 | 0.0000
    3 |      0.7289 |      0.4141 |   0.4649 | 0.4338 | 0.0000
    4 |      8.4915 |      6.3019 |   4.1235 | 1.4714 | 0.0000
    5 |      1.4039 |      0.2334 |   0.1731 | 0.5068 | 0.0000
    6 |      0.3565 |      0.2633 |   0.4715 | 0.4013 | 0.0000
    7 |      6.8630 |      1.9232 |   1.3450 | 1.3541 | 0.0000

Fully Benchmark - Sum of stages 1-7:
Little Core: 23.8813 ms
Medium Core: 11.7025 ms
Big Core: 9.2272 ms
Vulkan: 36.9628 ms
CUDA: 0.0000 ms

Performance Comparison (Fully vs Normal):
Processor  | Normal (ms) | Fully (ms) | Ratio
-----------|-------------|------------|-------
Little Core|       18.35 |      23.88 |  1.30x
Medium Core|       11.60 |      11.70 |  1.01x
Big Core   |       16.05 |       9.23 |  0.58x
Vulkan     |       50.90 |      36.96 |  0.73x

### PYTHON_DATA_START ###
# NORMAL_BENCHMARK_DATA
stage,little,medium,big,vulkan,cuda
1,2.6368,0.9209,1.1375,1.6074,0.0000
2,1.5559,0.8614,2.6162,43.0417,0.0000
3,0.6782,0.3802,0.6720,0.2196,0.0000
4,8.2893,6.8435,8.2213,2.5482,0.0000
5,0.7207,0.2373,0.3128,1.1297,0.0000
6,0.3488,0.2827,0.5294,0.1875,0.0000
7,4.1189,2.0702,2.5561,2.1641,0.0000
# FULLY_BENCHMARK_DATA
stage,little,medium,big,vulkan,cuda
1,3.4878,0.9158,0.6413,0.4728,0.0000
2,2.5496,1.6507,2.0080,32.3226,0.0000
3,0.7289,0.4141,0.4649,0.4338,0.0000
4,8.4915,6.3019,4.1235,1.4714,0.0000
5,1.4039,0.2334,0.1731,0.5068,0.0000
6,0.3565,0.2633,0.4715,0.4013,0.0000
7,6.8630,1.9232,1.3450,1.3541,0.0000
### PYTHON_DATA_END ###
