
Running only on specified device: 9b034f1b
Deploying and running 'bm-fully-tree-vk' on device: 9b034f1b
build/android/arm64-v8a/release/bm-fully-tree-vk: 1 file pushed, 0 skipped. 466.6 MB/s (2816720 bytes in 0.006s)
[2025-06-28 10:38:30.176] [info] Pinable Lit cores: 0 1 2 
[2025-06-28 10:38:30.177] [info] Pinable Med cores: 3 4 
[2025-06-28 10:38:30.177] [info] Pinable Big cores: 5 6 7 
[2025-06-28 10:38:30.177] [info] Pinable Sup cores: 
Stage: 1 by Little
	Count 	379
	Average 	2.6438 ms
Stage: 1 by Medium
	Count 	1086
	Average 	0.9217 ms
Stage: 1 by Big
	Count 	819
	Average 	1.2222 ms
Stage: 1 by Vulkan
	Count 	577
	Average 	1.7383 ms
Stage: 2 by Little
	Count 	646
	Average 	1.5511 ms
Stage: 2 by Medium
	Count 	1162
	Average 	0.8614 ms
Stage: 2 by Big
	Count 	694
	Average 	1.4409 ms
Stage: 2 by Vulkan
	Count 	24
	Average 	43.1667 ms
Stage: 3 by Little
	Count 	1458
	Average 	0.6866 ms
Stage: 3 by Medium
	Count 	2739
	Average 	0.3651 ms
Stage: 3 by Big
	Count 	1498
	Average 	0.6682 ms
Stage: 3 by Vulkan
	Count 	4582
	Average 	0.2182 ms
Stage: 4 by Little
	Count 	121
	Average 	8.2893 ms
Stage: 4 by Medium
	Count 	146
	Average 	6.8630 ms
Stage: 4 by Big
	Count 	133
	Average 	7.5414 ms
Stage: 4 by Vulkan
	Count 	394
	Average 	2.5457 ms
Stage: 5 by Little
	Count 	1372
	Average 	0.7296 ms
Stage: 5 by Medium
	Count 	4226
	Average 	0.2366 ms
Stage: 5 by Big
	Count 	3220
	Average 	0.3106 ms
Stage: 5 by Vulkan
	Count 	788
	Average 	1.2728 ms
Stage: 6 by Little
	Count 	2842
	Average 	0.3522 ms
Stage: 6 by Medium
	Count 	3664
	Average 	0.2729 ms
Stage: 6 by Big
	Count 	1798
	Average 	0.5567 ms
Stage: 6 by Vulkan
	Count 	5338
	Average 	0.1873 ms
Stage: 7 by Little
	Count 	246
	Average 	4.0732 ms
Stage: 7 by Medium
	Count 	485
	Average 	2.0639 ms
Stage: 7 by Big
	Count 	461
	Average 	2.1714 ms
Stage: 7 by Vulkan
	Count 	460
	Average 	2.1783 ms
Stage: 1
	Little 	4.1750 ms 	(240)
	Medium 	0.9060 ms 	(1106)
	Big    	0.6243 ms 	(1605)
	Vulkan 	0.5431 ms 	(1845)
Stage: 2
	Little 	2.8515 ms 	(357)
	Medium 	1.7674 ms 	(576)
	Big    	2.1208 ms 	(480)
	Vulkan 	30.8485 ms 	(33)
Stage: 3
	Little 	0.7020 ms 	(1426)
	Medium 	0.3580 ms 	(2796)
	Big    	0.6081 ms 	(1646)
	Vulkan 	0.5112 ms 	(1958)
Stage: 4
	Little 	9.3738 ms 	(107)
	Medium 	6.3082 ms 	(159)
	Big    	4.1276 ms 	(243)
	Vulkan 	1.5383 ms 	(652)
Stage: 5
	Little 	1.5259 ms 	(656)
	Medium 	0.2335 ms 	(4287)
	Big    	0.1749 ms 	(5723)
	Vulkan 	0.5066 ms 	(1976)
Stage: 6
	Little 	0.3630 ms 	(2755)
	Medium 	0.2523 ms 	(3964)
	Big    	0.5008 ms 	(1997)
	Vulkan 	0.2631 ms 	(3801)
Stage: 7
	Little 	5.9290 ms 	(169)
	Medium 	1.9269 ms 	(520)
	Big    	1.3378 ms 	(749)
	Vulkan 	1.2401 ms 	(808)

Normal Benchmark Results Table (ms per task):
Stage | Little Core | Medium Core | Big Core | Vulkan | CUDA
------|------------|-------------|----------|--------|-------
    1 |      2.6438 |      0.9217 |   1.2222 | 1.7383 | 0.0000
    2 |      1.5511 |      0.8614 |   1.4409 | 43.1667 | 0.0000
    3 |      0.6866 |      0.3651 |   0.6682 | 0.2182 | 0.0000
    4 |      8.2893 |      6.8630 |   7.5414 | 2.5457 | 0.0000
    5 |      0.7296 |      0.2366 |   0.3106 | 1.2728 | 0.0000
    6 |      0.3522 |      0.2729 |   0.5567 | 0.1873 | 0.0000
    7 |      4.0732 |      2.0639 |   2.1714 | 2.1783 | 0.0000

Normal Benchmark - Sum of stages 1-7:
Little Core: 18.3257 ms
Medium Core: 11.5848 ms
Big Core: 13.9114 ms
Vulkan: 51.3073 ms
CUDA: 0.0000 ms

Fully Benchmark Results Table (ms per task):
Stage | Little Core | Medium Core | Big Core | Vulkan | CUDA
------|-------------|-------------|----------|--------|-------
    1 |      4.1750 |      0.9060 |   0.6243 | 0.5431 | 0.0000
    2 |      2.8515 |      1.7674 |   2.1208 | 30.8485 | 0.0000
    3 |      0.7020 |      0.3580 |   0.6081 | 0.5112 | 0.0000
    4 |      9.3738 |      6.3082 |   4.1276 | 1.5383 | 0.0000
    5 |      1.5259 |      0.2335 |   0.1749 | 0.5066 | 0.0000
    6 |      0.3630 |      0.2523 |   0.5008 | 0.2631 | 0.0000
    7 |      5.9290 |      1.9269 |   1.3378 | 1.2401 | 0.0000

Fully Benchmark - Sum of stages 1-7:
Little Core: 24.9202 ms
Medium Core: 11.7522 ms
Big Core: 9.4943 ms
Vulkan: 35.4509 ms
CUDA: 0.0000 ms

Performance Comparison (Fully vs Normal):
Processor  | Normal (ms) | Fully (ms) | Ratio
-----------|-------------|------------|-------
Little Core|       18.33 |      24.92 |  1.36x
Medium Core|       11.58 |      11.75 |  1.01x
Big Core   |       13.91 |       9.49 |  0.68x
Vulkan     |       51.31 |      35.45 |  0.69x

### PYTHON_DATA_START ###
# NORMAL_BENCHMARK_DATA
stage,little,medium,big,vulkan,cuda
1,2.6438,0.9217,1.2222,1.7383,0.0000
2,1.5511,0.8614,1.4409,43.1667,0.0000
3,0.6866,0.3651,0.6682,0.2182,0.0000
4,8.2893,6.8630,7.5414,2.5457,0.0000
5,0.7296,0.2366,0.3106,1.2728,0.0000
6,0.3522,0.2729,0.5567,0.1873,0.0000
7,4.0732,2.0639,2.1714,2.1783,0.0000
# FULLY_BENCHMARK_DATA
stage,little,medium,big,vulkan,cuda
1,4.1750,0.9060,0.6243,0.5431,0.0000
2,2.8515,1.7674,2.1208,30.8485,0.0000
3,0.7020,0.3580,0.6081,0.5112,0.0000
4,9.3738,6.3082,4.1276,1.5383,0.0000
5,1.5259,0.2335,0.1749,0.5066,0.0000
6,0.3630,0.2523,0.5008,0.2631,0.0000
7,5.9290,1.9269,1.3378,1.2401,0.0000
### PYTHON_DATA_END ###
