[2026-06-16 23:45:51.632] [info] Pinable Lit cores: 0 1 2 3 4 5 
[2026-06-16 23:45:51.632] [info] Pinable Med cores: 
[2026-06-16 23:45:51.632] [info] Pinable Big cores: 
[2026-06-16 23:45:51.632] [info] Pinable Sup cores: 
[2026-06-16 23:45:52.389] [info] Loading schedule JSON from file: schedules_btpm_tmax.json
[2026-06-16 23:45:52.389] [info] Loaded 10 valid schedules from JSON
[2026-06-16 23:45:52.390] [info] Loaded 10 schedules
--------------------------------
Schedule 0 [UID: SCH-L9-G000-2bd7]:
  Chunk 0 [OMP/Little]: 1, 2, 3, 4, 5, 6, 7, 8, 9
--------------------------------
Schedule 1 [UID: SCH-G9-G000-3794]:
  Chunk 0 [Vulkan    ]: 1, 2, 3, 4, 5, 6, 7, 8, 9
--------------------------------
Schedule 2 [UID: SCH-L4G5-G017-4c90]:
  Chunk 0 [OMP/Little]: 1, 2, 3, 4
  Chunk 1 [Vulkan    ]: 5, 6, 7, 8, 9
--------------------------------
Schedule 3 [UID: SCH-L3G6-G124-ffd1]:
  Chunk 0 [OMP/Little]: 1, 2, 3
  Chunk 1 [Vulkan    ]: 4, 5, 6, 7, 8, 9
--------------------------------
Schedule 4 [UID: SCH-G6L3-G1919-6d08]:
  Chunk 0 [Vulkan    ]: 1, 2, 3, 4, 5, 6
  Chunk 1 [OMP/Little]: 7, 8, 9
--------------------------------
Schedule 5 [UID: SCH-L5G4-G3833-4322]:
  Chunk 0 [OMP/Little]: 1, 2, 3, 4, 5
  Chunk 1 [Vulkan    ]: 6, 7, 8, 9
--------------------------------
Schedule 6 [UID: SCH-L2G7-G4016-79e5]:
  Chunk 0 [OMP/Little]: 1, 2
  Chunk 1 [Vulkan    ]: 3, 4, 5, 6, 7, 8, 9
--------------------------------
Schedule 7 [UID: SCH-L1G8-G4202-8826]:
  Chunk 0 [OMP/Little]: 1
  Chunk 1 [Vulkan    ]: 2, 3, 4, 5, 6, 7, 8, 9
--------------------------------
Schedule 8 [UID: SCH-G7L2-G5676-a35c]:
  Chunk 0 [Vulkan    ]: 1, 2, 3, 4, 5, 6, 7
  Chunk 1 [OMP/Little]: 8, 9
--------------------------------
Schedule 9 [UID: SCH-G8L1-G5758-832e]:
  Chunk 0 [Vulkan    ]: 1, 2, 3, 4, 5, 6, 7, 8
  Chunk 1 [OMP/Little]: 9
[2026-06-16 23:45:52.390] [info] Running 3/10 schedules

--------------------------------
[2026-06-16 23:45:52.390] [info] Available Vulkan Layers:
[2026-06-16 23:45:52.390] [warning] Validation layer requested but not available, continuing without it...
[2026-06-16 23:45:52.393] [info] Using integrated GPU: NVIDIA Tegra Orin (nvgpu)
### Python Begin ###
Schedule_UID=SCH-L9-G000-2bd7
Frequency=31250000 Hz
Task=0 Chunk=0 Start=38897020666396 End=38897026900948 Duration=6234552
Task=1 Chunk=0 Start=38897026900959 End=38897032905701 Duration=6004742
Task=2 Chunk=0 Start=38897032905704 End=38897038873144 Duration=5967440
Task=3 Chunk=0 Start=38897038873145 End=38897044958056 Duration=6084911
Task=4 Chunk=0 Start=38897044958067 End=38897050965866 Duration=6007799
Task=5 Chunk=0 Start=38897050965884 End=38897056999049 Duration=6033165
Task=6 Chunk=0 Start=38897056999060 End=38897063001640 Duration=6002580
Task=7 Chunk=0 Start=38897063001650 End=38897068951601 Duration=5949951
Task=8 Chunk=0 Start=38897068951603 End=38897074996476 Duration=6044873
Task=9 Chunk=0 Start=38897074996481 End=38897080995053 Duration=5998572
Task=10 Chunk=0 Start=38897080995068 End=38897087033031 Duration=6037963
Task=11 Chunk=0 Start=38897087033042 End=38897093030168 Duration=5997126
Task=12 Chunk=0 Start=38897093030180 End=38897099041405 Duration=6011225
Task=13 Chunk=0 Start=38897099041407 End=38897105111581 Duration=6070174
Task=14 Chunk=0 Start=38897105111582 End=38897111049333 Duration=5937751
Task=15 Chunk=0 Start=38897111049345 End=38897117108642 Duration=6059297
Task=16 Chunk=0 Start=38897117108676 End=38897123121961 Duration=6013285
Task=17 Chunk=0 Start=38897123121972 End=38897129129562 Duration=6007590
Task=18 Chunk=0 Start=38897129129573 End=38897135142613 Duration=6013040
Task=19 Chunk=0 Start=38897135142623 End=38897141289844 Duration=6147221
Task=20 Chunk=0 Start=38897141289854 End=38897147320515 Duration=6030661
Task=21 Chunk=0 Start=38897147320525 End=38897153312195 Duration=5991670
Task=22 Chunk=0 Start=38897153312203 End=38897159312133 Duration=5999930
Task=23 Chunk=0 Start=38897159312143 End=38897165329075 Duration=6016932
Task=24 Chunk=0 Start=38897165329086 End=38897171406096 Duration=6077010
Task=25 Chunk=0 Start=38897171406107 End=38897177413277 Duration=6007170
Task=26 Chunk=0 Start=38897177413288 End=38897183442602 Duration=6029314
Task=27 Chunk=0 Start=38897183442613 End=38897189442044 Duration=5999431
Task=28 Chunk=0 Start=38897189442061 End=38897195442774 Duration=6000713
Task=29 Chunk=0 Start=38897195442785 End=38897201512367 Duration=6069582
Task=30 Chunk=0 Start=38897201512378 End=38897207505715 Duration=5993337
Task=31 Chunk=0 Start=38897207505725 End=38897213526809 Duration=6021084
Task=32 Chunk=0 Start=38897213526821 End=38897219515653 Duration=5988832
Task=33 Chunk=0 Start=38897219515665 End=38897225502663 Duration=5986998
Task=34 Chunk=0 Start=38897225502679 End=38897231498351 Duration=5995672
Task=35 Chunk=0 Start=38897231498365 End=38897237570153 Duration=6071788
Task=36 Chunk=0 Start=38897237570163 End=38897243602140 Duration=6031977
Task=37 Chunk=0 Start=38897243602151 End=38897249589475 Duration=5987324
Task=38 Chunk=0 Start=38897249589485 End=38897255579558 Duration=5990073
Task=39 Chunk=0 Start=38897255579560 End=38897261558527 Duration=5978967
Task=40 Chunk=0 Start=38897261558535 End=38897267595765 Duration=6037230
Task=41 Chunk=0 Start=38897267595777 End=38897273609052 Duration=6013275
Task=42 Chunk=0 Start=38897273609062 End=38897279606570 Duration=5997508
Task=43 Chunk=0 Start=38897279606571 End=38897285654094 Duration=6047523
Task=44 Chunk=0 Start=38897285654105 End=38897291652842 Duration=5998737
Task=45 Chunk=0 Start=38897291652850 End=38897297714889 Duration=6062039
Task=46 Chunk=0 Start=38897297714901 End=38897303760361 Duration=6045460
Task=47 Chunk=0 Start=38897303760381 End=38897309744403 Duration=5984022
Task=48 Chunk=0 Start=38897309744404 End=38897315743286 Duration=5998882
Task=49 Chunk=0 Start=38897315743299 End=38897321730532 Duration=5987233
Task=50 Chunk=0 Start=38897321730534 End=38897327823139 Duration=6092605
Task=51 Chunk=0 Start=38897327823148 End=38897333773532 Duration=5950384
Task=52 Chunk=0 Start=38897333773547 End=38897339777734 Duration=6004187
Task=53 Chunk=0 Start=38897339777745 End=38897345753685 Duration=5975940
Task=54 Chunk=0 Start=38897345753696 End=38897351742982 Duration=5989286
Task=55 Chunk=0 Start=38897351742983 End=38897357730679 Duration=5987696
Task=56 Chunk=0 Start=38897357730679 End=38897363771148 Duration=6040469
Task=57 Chunk=0 Start=38897363771158 End=38897369820406 Duration=6049248
Task=58 Chunk=0 Start=38897369820421 End=38897375821540 Duration=6001119
Task=59 Chunk=0 Start=38897375821552 End=38897381829266 Duration=6007714
Task=60 Chunk=0 Start=38897381829281 End=38897387833917 Duration=6004636
Task=61 Chunk=0 Start=38897387833927 End=38897393891132 Duration=6057205
Task=62 Chunk=0 Start=38897393891142 End=38897399961640 Duration=6070498
Task=63 Chunk=0 Start=38897399961650 End=38897405942609 Duration=5980959
Task=64 Chunk=0 Start=38897405942610 End=38897411927801 Duration=5985191
Task=65 Chunk=0 Start=38897411927813 End=38897417962026 Duration=6034213
Task=66 Chunk=0 Start=38897417962037 End=38897424039175 Duration=6077138
Task=67 Chunk=0 Start=38897424039185 End=38897430017612 Duration=5978427
Task=68 Chunk=0 Start=38897430017622 End=38897436005817 Duration=5988195
Task=69 Chunk=0 Start=38897436005827 End=38897442102003 Duration=6096176
Task=70 Chunk=0 Start=38897442102014 End=38897448131940 Duration=6029926
Task=71 Chunk=0 Start=38897448131942 End=38897454128262 Duration=5996320
Task=72 Chunk=0 Start=38897454128273 End=38897460228007 Duration=6099734
Task=73 Chunk=0 Start=38897460228017 End=38897466223411 Duration=5995394
Task=74 Chunk=0 Start=38897466223416 End=38897472206391 Duration=5982975
Task=75 Chunk=0 Start=38897472206392 End=38897478205827 Duration=5999435
Task=76 Chunk=0 Start=38897478205832 End=38897484189656 Duration=5983824
Task=77 Chunk=0 Start=38897484189664 End=38897490262344 Duration=6072680
Task=78 Chunk=0 Start=38897490262355 End=38897496721476 Duration=6459121
Task=79 Chunk=0 Start=38897496721487 End=38897502685569 Duration=5964082
Task=80 Chunk=0 Start=38897502685579 End=38897508697242 Duration=6011663
Task=81 Chunk=0 Start=38897508697247 End=38897514721054 Duration=6023807
Task=82 Chunk=0 Start=38897514721066 End=38897520796788 Duration=6075722
Task=83 Chunk=0 Start=38897520796800 End=38897526772295 Duration=5975495
Task=84 Chunk=0 Start=38897526772305 End=38897532781773 Duration=6009468
Task=85 Chunk=0 Start=38897532781780 End=38897538797387 Duration=6015607
Task=86 Chunk=0 Start=38897538797389 End=38897544767883 Duration=5970494
Task=87 Chunk=0 Start=38897544767890 End=38897550718654 Duration=5950764
Task=88 Chunk=0 Start=38897550718665 End=38897556786947 Duration=6068282
Task=89 Chunk=0 Start=38897556786958 End=38897562778008 Duration=5991050
Task=90 Chunk=0 Start=38897562778017 End=38897568775998 Duration=5997981
Task=91 Chunk=0 Start=38897568776001 End=38897574768942 Duration=5992941
Task=92 Chunk=0 Start=38897574768952 End=38897580755674 Duration=5986722
Task=93 Chunk=0 Start=38897580755685 End=38897586829815 Duration=6074130
Task=94 Chunk=0 Start=38897586829826 End=38897592814404 Duration=5984578
Task=95 Chunk=0 Start=38897592814413 End=38897598799474 Duration=5985061
Task=96 Chunk=0 Start=38897598799483 End=38897604792385 Duration=5992902
Task=97 Chunk=0 Start=38897604792399 End=38897610803144 Duration=6010745
Task=98 Chunk=0 Start=38897610803159 End=38897616860356 Duration=6057197
Task=99 Chunk=0 Start=38897616860367 End=38897622846514 Duration=5986147
### Python End ###

--------------------------------
[2026-06-16 23:46:12.066] [info] Available Vulkan Layers:
[2026-06-16 23:46:12.066] [warning] Validation layer requested but not available, continuing without it...
[2026-06-16 23:46:12.068] [info] Using integrated GPU: NVIDIA Tegra Orin (nvgpu)
### Python Begin ###
Schedule_UID=SCH-G9-G000-3794
Frequency=31250000 Hz
Task=0 Chunk=0 Start=38897635458873 End=38897638011392 Duration=2552519
Task=1 Chunk=0 Start=38897638011400 End=38897639906246 Duration=1894846
Task=2 Chunk=0 Start=38897639906251 End=38897641778356 Duration=1872105
Task=3 Chunk=0 Start=38897641778359 End=38897643638956 Duration=1860597
Task=4 Chunk=0 Start=38897643638961 End=38897645502768 Duration=1863807
Task=5 Chunk=0 Start=38897645502772 End=38897647351365 Duration=1848593
Task=6 Chunk=0 Start=38897647351369 End=38897649202743 Duration=1851374
Task=7 Chunk=0 Start=38897649202747 End=38897651049333 Duration=1846586
Task=8 Chunk=0 Start=38897651049337 End=38897652894399 Duration=1845062
Task=9 Chunk=0 Start=38897652894403 End=38897654740511 Duration=1846108
Task=10 Chunk=0 Start=38897654740514 End=38897656588797 Duration=1848283
Task=11 Chunk=0 Start=38897656588804 End=38897658436599 Duration=1847795
Task=12 Chunk=0 Start=38897658436602 End=38897660281858 Duration=1845256
Task=13 Chunk=0 Start=38897660281861 End=38897662125534 Duration=1843673
Task=14 Chunk=0 Start=38897662125539 End=38897663975421 Duration=1849882
Task=15 Chunk=0 Start=38897663975427 End=38897665827567 Duration=1852140
Task=16 Chunk=0 Start=38897665827571 End=38897667673744 Duration=1846173
Task=17 Chunk=0 Start=38897667673748 End=38897669521726 Duration=1847978
Task=18 Chunk=0 Start=38897669521731 End=38897671367701 Duration=1845970
Task=19 Chunk=0 Start=38897671367705 End=38897673213477 Duration=1845772
Task=20 Chunk=0 Start=38897673213480 End=38897675061061 Duration=1847581
Task=21 Chunk=0 Start=38897675061064 End=38897676908235 Duration=1847171
Task=22 Chunk=0 Start=38897676908240 End=38897678756867 Duration=1848627
Task=23 Chunk=0 Start=38897678756870 End=38897680602252 Duration=1845382
Task=24 Chunk=0 Start=38897680602259 End=38897682450218 Duration=1847959
Task=25 Chunk=0 Start=38897682450221 End=38897684294177 Duration=1843956
Task=26 Chunk=0 Start=38897684294181 End=38897686146521 Duration=1852340
Task=27 Chunk=0 Start=38897686146526 End=38897687990231 Duration=1843705
Task=28 Chunk=0 Start=38897687990233 End=38897689841182 Duration=1850949
Task=29 Chunk=0 Start=38897689841190 End=38897691686824 Duration=1845634
Task=30 Chunk=0 Start=38897691686831 End=38897693530762 Duration=1843931
Task=31 Chunk=0 Start=38897693530766 End=38897695413056 Duration=1882290
Task=32 Chunk=0 Start=38897695413061 End=38897697260481 Duration=1847420
Task=33 Chunk=0 Start=38897697260486 End=38897699104663 Duration=1844177
Task=34 Chunk=0 Start=38897699104665 End=38897700949620 Duration=1844955
Task=35 Chunk=0 Start=38897700949623 End=38897702796313 Duration=1846690
Task=36 Chunk=0 Start=38897702796316 End=38897704643969 Duration=1847653
Task=37 Chunk=0 Start=38897704643971 End=38897706491655 Duration=1847684
Task=38 Chunk=0 Start=38897706491658 End=38897708341031 Duration=1849373
Task=39 Chunk=0 Start=38897708341034 End=38897710188432 Duration=1847398
Task=40 Chunk=0 Start=38897710188438 End=38897712036035 Duration=1847597
Task=41 Chunk=0 Start=38897712036040 End=38897713883572 Duration=1847532
Task=42 Chunk=0 Start=38897713883577 End=38897715733487 Duration=1849910
Task=43 Chunk=0 Start=38897715733492 End=38897717577779 Duration=1844287
Task=44 Chunk=0 Start=38897717577783 End=38897719428161 Duration=1850378
Task=45 Chunk=0 Start=38897719428163 End=38897721277898 Duration=1849735
Task=46 Chunk=0 Start=38897721277901 End=38897723121447 Duration=1843546
Task=47 Chunk=0 Start=38897723121451 End=38897724966992 Duration=1845541
Task=48 Chunk=0 Start=38897724966996 End=38897726813677 Duration=1846681
Task=49 Chunk=0 Start=38897726813681 End=38897728664545 Duration=1850864
Task=50 Chunk=0 Start=38897728664548 End=38897730511702 Duration=1847154
Task=51 Chunk=0 Start=38897730511705 End=38897732359740 Duration=1848035
Task=52 Chunk=0 Start=38897732359743 End=38897734205791 Duration=1846048
Task=53 Chunk=0 Start=38897734205796 End=38897736053926 Duration=1848130
Task=54 Chunk=0 Start=38897736053930 End=38897737900219 Duration=1846289
Task=55 Chunk=0 Start=38897737900223 End=38897739746377 Duration=1846154
Task=56 Chunk=0 Start=38897739746379 End=38897741598094 Duration=1851715
Task=57 Chunk=0 Start=38897741598099 End=38897743440098 Duration=1841999
Task=58 Chunk=0 Start=38897743440104 End=38897745293387 Duration=1853283
Task=59 Chunk=0 Start=38897745293396 End=38897747138471 Duration=1845075
Task=60 Chunk=0 Start=38897747138480 End=38897748980760 Duration=1842280
Task=61 Chunk=0 Start=38897748980765 End=38897750825967 Duration=1845202
Task=62 Chunk=0 Start=38897750825972 End=38897752672247 Duration=1846275
Task=63 Chunk=0 Start=38897752672252 End=38897754519407 Duration=1847155
Task=64 Chunk=0 Start=38897754519410 End=38897756366031 Duration=1846621
Task=65 Chunk=0 Start=38897756366034 End=38897758212291 Duration=1846257
Task=66 Chunk=0 Start=38897758212294 End=38897760062097 Duration=1849803
Task=67 Chunk=0 Start=38897760062100 End=38897761904541 Duration=1842441
Task=68 Chunk=0 Start=38897761904543 End=38897763750101 Duration=1845558
Task=69 Chunk=0 Start=38897763750104 End=38897765594656 Duration=1844552
Task=70 Chunk=0 Start=38897765594659 End=38897767437977 Duration=1843318
Task=71 Chunk=0 Start=38897767437980 End=38897769287464 Duration=1849484
Task=72 Chunk=0 Start=38897769287467 End=38897771134833 Duration=1847366
Task=73 Chunk=0 Start=38897771134836 End=38897772981486 Duration=1846650
Task=74 Chunk=0 Start=38897772981491 End=38897774829218 Duration=1847727
Task=75 Chunk=0 Start=38897774829222 End=38897776679481 Duration=1850259
Task=76 Chunk=0 Start=38897776679486 End=38897778525243 Duration=1845757
Task=77 Chunk=0 Start=38897778525248 End=38897780369017 Duration=1843769
Task=78 Chunk=0 Start=38897780369020 End=38897782213341 Duration=1844321
Task=79 Chunk=0 Start=38897782213345 End=38897784058500 Duration=1845155
Task=80 Chunk=0 Start=38897784058502 End=38897785900606 Duration=1842104
Task=81 Chunk=0 Start=38897785900609 End=38897787746495 Duration=1845886
Task=82 Chunk=0 Start=38897787746499 End=38897789590363 Duration=1843864
Task=83 Chunk=0 Start=38897789590366 End=38897791435022 Duration=1844656
Task=84 Chunk=0 Start=38897791435026 End=38897793276709 Duration=1841683
Task=85 Chunk=0 Start=38897793276712 End=38897795121921 Duration=1845209
Task=86 Chunk=0 Start=38897795121924 End=38897796969772 Duration=1847848
Task=87 Chunk=0 Start=38897796969775 End=38897798820376 Duration=1850601
Task=88 Chunk=0 Start=38897798820379 End=38897800663391 Duration=1843012
Task=89 Chunk=0 Start=38897800663394 End=38897802508032 Duration=1844638
Task=90 Chunk=0 Start=38897802508036 End=38897804357138 Duration=1849102
Task=91 Chunk=0 Start=38897804357144 End=38897806202355 Duration=1845211
Task=92 Chunk=0 Start=38897806202357 End=38897808054249 Duration=1851892
Task=93 Chunk=0 Start=38897808054252 End=38897809900764 Duration=1846512
Task=94 Chunk=0 Start=38897809900769 End=38897811744487 Duration=1843718
Task=95 Chunk=0 Start=38897811744491 End=38897813587974 Duration=1843483
Task=96 Chunk=0 Start=38897813587979 End=38897815431170 Duration=1843191
Task=97 Chunk=0 Start=38897815431173 End=38897817279358 Duration=1848185
Task=98 Chunk=0 Start=38897817279359 End=38897819123231 Duration=1843872
Task=99 Chunk=0 Start=38897819123234 End=38897820968938 Duration=1845704
### Python End ###

--------------------------------
[2026-06-16 23:46:18.411] [info] Available Vulkan Layers:
[2026-06-16 23:46:18.411] [warning] Validation layer requested but not available, continuing without it...
[2026-06-16 23:46:18.413] [info] Using integrated GPU: NVIDIA Tegra Orin (nvgpu)
### Python Begin ###
Schedule_UID=SCH-L4G5-G017-4c90
Frequency=31250000 Hz
Task=0 Chunk=0 Start=38897833562482 End=38897835915766 Duration=2353284
Task=0 Chunk=1 Start=38897835915803 End=38897837878709 Duration=1962906
Task=1 Chunk=0 Start=38897835915776 End=38897837436196 Duration=1520420
Task=1 Chunk=1 Start=38897837878747 End=38897839338072 Duration=1459325
Task=2 Chunk=0 Start=38897837436207 End=38897838898790 Duration=1462583
Task=2 Chunk=1 Start=38897839338092 End=38897840798604 Duration=1460512
Task=3 Chunk=0 Start=38897838898806 End=38897840402683 Duration=1503877
Task=3 Chunk=1 Start=38897840798607 End=38897842258742 Duration=1460135
Task=4 Chunk=0 Start=38897840402693 End=38897841874350 Duration=1471657
Task=4 Chunk=1 Start=38897842258744 End=38897843724158 Duration=1465414
Task=5 Chunk=0 Start=38897841874350 End=38897843391781 Duration=1517431
Task=5 Chunk=1 Start=38897843724162 End=38897845187677 Duration=1463515
Task=6 Chunk=0 Start=38897843391788 End=38897844864118 Duration=1472330
Task=6 Chunk=1 Start=38897845187681 End=38897846652339 Duration=1464658
Task=7 Chunk=0 Start=38897844864130 End=38897846325632 Duration=1461502
Task=7 Chunk=1 Start=38897846652343 End=38897848119603 Duration=1467260
Task=8 Chunk=0 Start=38897846325643 End=38897847801631 Duration=1475988
Task=8 Chunk=1 Start=38897848119608 End=38897849580993 Duration=1461385
Task=9 Chunk=0 Start=38897847801643 End=38897849252150 Duration=1450507
Task=9 Chunk=1 Start=38897849581004 End=38897851056772 Duration=1475768
Task=10 Chunk=0 Start=38897849252161 End=38897850718340 Duration=1466179
Task=10 Chunk=1 Start=38897851056782 End=38897852518282 Duration=1461500
Task=11 Chunk=0 Start=38897850718352 End=38897852191914 Duration=1473562
Task=11 Chunk=1 Start=38897852518286 End=38897853979206 Duration=1460920
Task=12 Chunk=0 Start=38897852191924 End=38897853646671 Duration=1454747
Task=12 Chunk=1 Start=38897853979209 End=38897855449975 Duration=1470766
Task=13 Chunk=0 Start=38897853646677 End=38897855098131 Duration=1451454
Task=13 Chunk=1 Start=38897855449978 End=38897856916514 Duration=1466536
Task=14 Chunk=0 Start=38897855098132 End=38897856556360 Duration=1458228
Task=14 Chunk=1 Start=38897856916525 End=38897858387589 Duration=1471064
Task=15 Chunk=0 Start=38897856556369 End=38897858028009 Duration=1471640
Task=15 Chunk=1 Start=38897858387599 End=38897859851371 Duration=1463772
Task=16 Chunk=0 Start=38897858028018 End=38897859475638 Duration=1447620
Task=16 Chunk=1 Start=38897859851375 End=38897861323900 Duration=1472525
Task=17 Chunk=0 Start=38897859475648 End=38897860951832 Duration=1476184
Task=17 Chunk=1 Start=38897861323904 End=38897862786332 Duration=1462428
Task=18 Chunk=0 Start=38897860951832 End=38897862401210 Duration=1449378
Task=18 Chunk=1 Start=38897862786343 End=38897864250596 Duration=1464253
Task=19 Chunk=0 Start=38897862401220 End=38897863849177 Duration=1447957
Task=19 Chunk=1 Start=38897864250601 End=38897865719892 Duration=1469291
Task=20 Chunk=0 Start=38897863849180 End=38897865298279 Duration=1449099
Task=20 Chunk=1 Start=38897865719897 End=38897867174809 Duration=1454912
Task=21 Chunk=0 Start=38897865298286 End=38897866791325 Duration=1493039
Task=21 Chunk=1 Start=38897867174814 End=38897868637153 Duration=1462339
Task=22 Chunk=0 Start=38897866791337 End=38897868239003 Duration=1447666
Task=22 Chunk=1 Start=38897868637156 End=38897870099057 Duration=1461901
Task=23 Chunk=0 Start=38897868239013 End=38897869681309 Duration=1442296
Task=23 Chunk=1 Start=38897870099067 End=38897871557420 Duration=1458353
Task=24 Chunk=0 Start=38897869681321 End=38897871131443 Duration=1450122
Task=24 Chunk=1 Start=38897871557431 End=38897873013637 Duration=1456206
Task=25 Chunk=0 Start=38897871131453 End=38897872663668 Duration=1532215
Task=25 Chunk=1 Start=38897873013642 End=38897874477240 Duration=1463598
Task=26 Chunk=0 Start=38897872663679 End=38897874109853 Duration=1446174
Task=26 Chunk=1 Start=38897874477243 End=38897875942703 Duration=1465460
Task=27 Chunk=0 Start=38897874109855 End=38897875560544 Duration=1450689
Task=27 Chunk=1 Start=38897875942706 End=38897877408776 Duration=1466070
Task=28 Chunk=0 Start=38897875560545 End=38897877014434 Duration=1453889
Task=28 Chunk=1 Start=38897877408786 End=38897878878043 Duration=1469257
Task=29 Chunk=0 Start=38897877014438 End=38897878464274 Duration=1449836
Task=29 Chunk=1 Start=38897878878055 End=38897880341948 Duration=1463893
Task=30 Chunk=0 Start=38897878464285 End=38897879922627 Duration=1458342
Task=30 Chunk=1 Start=38897880341958 End=38897881803758 Duration=1461800
Task=31 Chunk=0 Start=38897879922650 End=38897881368446 Duration=1445796
Task=31 Chunk=1 Start=38897881803761 End=38897883261272 Duration=1457511
Task=32 Chunk=0 Start=38897881368447 End=38897882817108 Duration=1448661
Task=32 Chunk=1 Start=38897883261277 End=38897884717862 Duration=1456585
Task=33 Chunk=0 Start=38897882817108 End=38897884265407 Duration=1448299
Task=33 Chunk=1 Start=38897884717865 End=38897886176450 Duration=1458585
Task=34 Chunk=0 Start=38897884265411 End=38897885716523 Duration=1451112
Task=34 Chunk=1 Start=38897886176464 End=38897887636048 Duration=1459584
Task=35 Chunk=0 Start=38897885716526 End=38897887166727 Duration=1450201
Task=35 Chunk=1 Start=38897887636059 End=38897889095169 Duration=1459110
Task=36 Chunk=0 Start=38897887166740 End=38897888624379 Duration=1457639
Task=36 Chunk=1 Start=38897889095172 End=38897890554320 Duration=1459148
Task=37 Chunk=0 Start=38897888624380 End=38897890077819 Duration=1453439
Task=37 Chunk=1 Start=38897890554328 End=38897892013852 Duration=1459524
Task=38 Chunk=0 Start=38897890077820 End=38897891529687 Duration=1451867
Task=38 Chunk=1 Start=38897892013858 End=38897893470595 Duration=1456737
Task=39 Chunk=0 Start=38897891529688 End=38897892981772 Duration=1452084
Task=39 Chunk=1 Start=38897893470606 End=38897894926214 Duration=1455608
Task=40 Chunk=0 Start=38897892981775 End=38897894446764 Duration=1464989
Task=40 Chunk=1 Start=38897894926246 End=38897896386274 Duration=1460028
Task=41 Chunk=0 Start=38897894446775 End=38897895902912 Duration=1456137
Task=41 Chunk=1 Start=38897896386297 End=38897897843239 Duration=1456942
Task=42 Chunk=0 Start=38897895902925 End=38897897374680 Duration=1471755
Task=42 Chunk=1 Start=38897897843250 End=38897899305478 Duration=1462228
Task=43 Chunk=0 Start=38897897374681 End=38897898828054 Duration=1453373
Task=43 Chunk=1 Start=38897899305488 End=38897900758768 Duration=1453280
Task=44 Chunk=0 Start=38897898828065 End=38897900274535 Duration=1446470
Task=44 Chunk=1 Start=38897900758778 End=38897902215233 Duration=1456455
Task=45 Chunk=0 Start=38897900274546 End=38897901722184 Duration=1447638
Task=45 Chunk=1 Start=38897902215243 End=38897903672195 Duration=1456952
Task=46 Chunk=0 Start=38897901722195 End=38897903176216 Duration=1454021
Task=46 Chunk=1 Start=38897903672207 End=38897905125459 Duration=1453252
Task=47 Chunk=0 Start=38897903176226 End=38897904729889 Duration=1553663
Task=47 Chunk=1 Start=38897905125462 End=38897906589693 Duration=1464231
Task=48 Chunk=0 Start=38897904729900 End=38897906182300 Duration=1452400
Task=48 Chunk=1 Start=38897906589696 End=38897908052277 Duration=1462581
Task=49 Chunk=0 Start=38897906182307 End=38897907622300 Duration=1439993
Task=49 Chunk=1 Start=38897908052287 End=38897909510928 Duration=1458641
Task=50 Chunk=0 Start=38897907622300 End=38897909063645 Duration=1441345
Task=50 Chunk=1 Start=38897909510940 End=38897910966654 Duration=1455714
Task=51 Chunk=0 Start=38897909063645 End=38897910505416 Duration=1441771
Task=51 Chunk=1 Start=38897910966664 End=38897912419021 Duration=1452357
Task=52 Chunk=0 Start=38897910505434 End=38897911958803 Duration=1453369
Task=52 Chunk=1 Start=38897912419030 End=38897913876812 Duration=1457782
Task=53 Chunk=0 Start=38897911958812 End=38897913413338 Duration=1454526
Task=53 Chunk=1 Start=38897913876823 End=38897915329988 Duration=1453165
Task=54 Chunk=0 Start=38897913413339 End=38897914857741 Duration=1444402
Task=54 Chunk=1 Start=38897915329997 End=38897916785650 Duration=1455653
Task=55 Chunk=0 Start=38897914857743 End=38897916299013 Duration=1441270
Task=55 Chunk=1 Start=38897916785660 End=38897918241243 Duration=1455583
Task=56 Chunk=0 Start=38897916299014 End=38897917741526 Duration=1442512
Task=56 Chunk=1 Start=38897918241254 End=38897919702331 Duration=1461077
Task=57 Chunk=0 Start=38897917741537 End=38897919190187 Duration=1448650
Task=57 Chunk=1 Start=38897919702341 End=38897921153872 Duration=1451531
Task=58 Chunk=0 Start=38897919190199 End=38897920643727 Duration=1453528
Task=58 Chunk=1 Start=38897921153882 End=38897922611387 Duration=1457505
Task=59 Chunk=0 Start=38897920643738 End=38897922105509 Duration=1461771
Task=59 Chunk=1 Start=38897922611398 End=38897924065737 Duration=1454339
Task=60 Chunk=0 Start=38897922105526 End=38897923557243 Duration=1451717
Task=60 Chunk=1 Start=38897924065748 End=38897925516404 Duration=1450656
Task=61 Chunk=0 Start=38897923557254 End=38897925004199 Duration=1446945
Task=61 Chunk=1 Start=38897925516413 End=38897926973551 Duration=1457138
Task=62 Chunk=0 Start=38897925004210 End=38897926451967 Duration=1447757
Task=62 Chunk=1 Start=38897926973561 End=38897928428202 Duration=1454641
Task=63 Chunk=0 Start=38897926451967 End=38897927900600 Duration=1448633
Task=63 Chunk=1 Start=38897928428215 End=38897929885360 Duration=1457145
Task=64 Chunk=0 Start=38897927900603 End=38897929440019 Duration=1539416
Task=64 Chunk=1 Start=38897929885369 End=38897931342726 Duration=1457357
Task=65 Chunk=0 Start=38897929440021 End=38897930887409 Duration=1447388
Task=65 Chunk=1 Start=38897931342729 End=38897932800330 Duration=1457601
Task=66 Chunk=0 Start=38897930887440 End=38897932334350 Duration=1446910
Task=66 Chunk=1 Start=38897932800342 End=38897934256771 Duration=1456429
Task=67 Chunk=0 Start=38897932334360 End=38897933786289 Duration=1451929
Task=67 Chunk=1 Start=38897934256774 End=38897935717291 Duration=1460517
Task=68 Chunk=0 Start=38897933786297 End=38897935233914 Duration=1447617
Task=68 Chunk=1 Start=38897935717303 End=38897937176444 Duration=1459141
Task=69 Chunk=0 Start=38897935233916 End=38897936738788 Duration=1504872
Task=69 Chunk=1 Start=38897937176456 End=38897938632172 Duration=1455716
Task=70 Chunk=0 Start=38897936738790 End=38897938183711 Duration=1444921
Task=70 Chunk=1 Start=38897938632182 End=38897940089145 Duration=1456963
Task=71 Chunk=0 Start=38897938183718 End=38897939628910 Duration=1445192
Task=71 Chunk=1 Start=38897940089157 End=38897941546197 Duration=1457040
Task=72 Chunk=0 Start=38897939628918 End=38897941078133 Duration=1449215
Task=72 Chunk=1 Start=38897941546202 End=38897943001438 Duration=1455236
Task=73 Chunk=0 Start=38897941078134 End=38897942524492 Duration=1446358
Task=73 Chunk=1 Start=38897943001440 End=38897944458200 Duration=1456760
Task=74 Chunk=0 Start=38897942524496 End=38897943984474 Duration=1459978
Task=74 Chunk=1 Start=38897944458200 End=38897945921553 Duration=1463353
Task=75 Chunk=0 Start=38897943984506 End=38897945431823 Duration=1447317
Task=75 Chunk=1 Start=38897945921555 End=38897947380622 Duration=1459067
Task=76 Chunk=0 Start=38897945431825 End=38897946882392 Duration=1450567
Task=76 Chunk=1 Start=38897947380635 End=38897948836880 Duration=1456245
Task=77 Chunk=0 Start=38897946882400 End=38897948325879 Duration=1443479
Task=77 Chunk=1 Start=38897948836890 End=38897950297712 Duration=1460822
Task=78 Chunk=0 Start=38897948325890 End=38897949777816 Duration=1451926
Task=78 Chunk=1 Start=38897950297723 End=38897951754251 Duration=1456528
Task=79 Chunk=0 Start=38897949777820 End=38897951228116 Duration=1450296
Task=79 Chunk=1 Start=38897951754253 End=38897953214985 Duration=1460732
Task=80 Chunk=0 Start=38897951228117 End=38897952674112 Duration=1445995
Task=80 Chunk=1 Start=38897953214989 End=38897954705211 Duration=1490222
Task=81 Chunk=0 Start=38897952674113 End=38897954169626 Duration=1495513
Task=81 Chunk=1 Start=38897954705222 End=38897956154518 Duration=1449296
Task=82 Chunk=0 Start=38897954169631 End=38897955611452 Duration=1441821
Task=82 Chunk=1 Start=38897956154523 End=38897957614831 Duration=1460308
Task=83 Chunk=0 Start=38897955611454 End=38897957065705 Duration=1454251
Task=83 Chunk=1 Start=38897957614840 End=38897959068308 Duration=1453468
Task=84 Chunk=0 Start=38897957065724 End=38897958511907 Duration=1446183
Task=84 Chunk=1 Start=38897959068312 End=38897960526282 Duration=1457970
Task=85 Chunk=0 Start=38897958511907 End=38897959961707 Duration=1449800
Task=85 Chunk=1 Start=38897960526294 End=38897961974692 Duration=1448398
Task=86 Chunk=0 Start=38897959961708 End=38897961416848 Duration=1455140
Task=86 Chunk=1 Start=38897961974704 End=38897963426365 Duration=1451661
Task=87 Chunk=0 Start=38897961416850 End=38897962885247 Duration=1468397
Task=87 Chunk=1 Start=38897963426374 End=38897964873287 Duration=1446913
Task=88 Chunk=0 Start=38897962885247 End=38897964340154 Duration=1454907
Task=88 Chunk=1 Start=38897964873289 End=38897966320921 Duration=1447632
Task=89 Chunk=0 Start=38897964340161 End=38897965778441 Duration=1438280
Task=89 Chunk=1 Start=38897966320923 End=38897967770134 Duration=1449211
Task=90 Chunk=0 Start=38897965778441 End=38897967213827 Duration=1435386
Task=90 Chunk=1 Start=38897967770145 End=38897969220817 Duration=1450672
Task=91 Chunk=0 Start=38897967213834 End=38897968742404 Duration=1528570
Task=91 Chunk=1 Start=38897969220827 End=38897970674131 Duration=1453304
Task=92 Chunk=0 Start=38897968742404 End=38897970185294 Duration=1442890
Task=92 Chunk=1 Start=38897970674143 End=38897972128122 Duration=1453979
Task=93 Chunk=0 Start=38897970185303 End=38897971653001 Duration=1467698
Task=93 Chunk=1 Start=38897972128125 End=38897973579963 Duration=1451838
Task=94 Chunk=0 Start=38897971653008 End=38897973122912 Duration=1469904
Task=94 Chunk=1 Start=38897973579965 End=38897975030720 Duration=1450755
Task=95 Chunk=0 Start=38897973122919 End=38897974587190 Duration=1464271
Task=95 Chunk=1 Start=38897975030730 End=38897976481339 Duration=1450609
Task=96 Chunk=0 Start=38897974587191 End=38897976025716 Duration=1438525
Task=96 Chunk=1 Start=38897976481350 End=38897977931019 Duration=1449669
Task=97 Chunk=0 Start=38897976025738 End=38897977462999 Duration=1437261
Task=97 Chunk=1 Start=38897977931021 End=38897979379587 Duration=1448566
Task=98 Chunk=0 Start=38897977463006 End=38897978905188 Duration=1442182
Task=98 Chunk=1 Start=38897979379604 End=38897980826993 Duration=1447389
Task=99 Chunk=0 Start=38897978905188 End=38897980344332 Duration=1439144
Task=99 Chunk=1 Start=38897980826995 End=38897982297943 Duration=1470948
### Python End ###
