
Running only on specified device: 3A021JEHN02756
Deploying and running 'bm-gen-logs-cifar-dense-vk' on device: 3A021JEHN02756
build/android/arm64-v8a/release/bm-gen-logs-cifar-dense-vk: 1 file pushed, 0 skipped. 478.4 MB/s (6981840 bytes in 0.014s)
[2025-06-28 12:09:48.858] [info] Pinable Lit cores: 0 1 2 3 
[2025-06-28 12:09:48.858] [info] Pinable Med cores: 4 5 
[2025-06-28 12:09:48.858] [info] Pinable Big cores: 6 7 
[2025-06-28 12:09:48.858] [info] Pinable Sup cores: 
[2025-06-28 12:09:50.820] [info] Fetching JSON from URL: http://192.168.1.12:8080/3A021JEHN02756/cifar-dense/vk/schedules_isolated_tmax.json
[2025-06-28 12:09:50.962] [info] Loaded 30 valid schedules from JSON
[2025-06-28 12:09:50.963] [info] Loaded 30 schedules
--------------------------------
Schedule 0 [UID: SCH-M9-G000-3fba]:
  Chunk 0 [OMP/Medium]: 1, 2, 3, 4, 5, 6, 7, 8, 9
--------------------------------
Schedule 1 [UID: SCH-L9-G000-34b2]:
  Chunk 0 [OMP/Little]: 1, 2, 3, 4, 5, 6, 7, 8, 9
--------------------------------
Schedule 2 [UID: SCH-B9-G000-3728]:
  Chunk 0 [OMP/Big   ]: 1, 2, 3, 4, 5, 6, 7, 8, 9
--------------------------------
Schedule 3 [UID: SCH-G9-G000-eb37]:
  Chunk 0 [Vulkan    ]: 1, 2, 3, 4, 5, 6, 7, 8, 9
--------------------------------
Schedule 4 [UID: SCH-G7L2-G538-a7a3]:
  Chunk 0 [Vulkan    ]: 1, 2, 3, 4, 5, 6, 7
  Chunk 1 [OMP/Little]: 8, 9
--------------------------------
Schedule 5 [UID: SCH-G7M2-G675-a7ad]:
  Chunk 0 [Vulkan    ]: 1, 2, 3, 4, 5, 6, 7
  Chunk 1 [OMP/Medium]: 8, 9
--------------------------------
Schedule 6 [UID: SCH-G7B2-G683-1885]:
  Chunk 0 [Vulkan    ]: 1, 2, 3, 4, 5, 6, 7
  Chunk 1 [OMP/Big   ]: 8, 9
--------------------------------
Schedule 7 [UID: SCH-G7M1L1-G736-6e23]:
  Chunk 0 [Vulkan    ]: 1, 2, 3, 4, 5, 6, 7
  Chunk 1 [OMP/Medium]: 8
  Chunk 2 [OMP/Little]: 9
--------------------------------
Schedule 8 [UID: SCH-G7B1L1-G741-0343]:
  Chunk 0 [Vulkan    ]: 1, 2, 3, 4, 5, 6, 7
  Chunk 1 [OMP/Big   ]: 8
  Chunk 2 [OMP/Little]: 9
--------------------------------
Schedule 9 [UID: SCH-G8L1-G756-ef56]:
  Chunk 0 [Vulkan    ]: 1, 2, 3, 4, 5, 6, 7, 8
  Chunk 1 [OMP/Little]: 9
--------------------------------
Schedule 10 [UID: SCH-G7B1M1-G759-832c]:
  Chunk 0 [Vulkan    ]: 1, 2, 3, 4, 5, 6, 7
  Chunk 1 [OMP/Big   ]: 8
  Chunk 2 [OMP/Medium]: 9
--------------------------------
Schedule 11 [UID: SCH-G7L1M1-G759-8fe1]:
  Chunk 0 [Vulkan    ]: 1, 2, 3, 4, 5, 6, 7
  Chunk 1 [OMP/Little]: 8
  Chunk 2 [OMP/Medium]: 9
--------------------------------
Schedule 12 [UID: SCH-G7M1B1-G763-31e4]:
  Chunk 0 [Vulkan    ]: 1, 2, 3, 4, 5, 6, 7
  Chunk 1 [OMP/Medium]: 8
  Chunk 2 [OMP/Big   ]: 9
--------------------------------
Schedule 13 [UID: SCH-G7L1B1-G763-0e17]:
  Chunk 0 [Vulkan    ]: 1, 2, 3, 4, 5, 6, 7
  Chunk 1 [OMP/Little]: 8
  Chunk 2 [OMP/Big   ]: 9
--------------------------------
Schedule 14 [UID: SCH-G8M1-G805-70fd]:
  Chunk 0 [Vulkan    ]: 1, 2, 3, 4, 5, 6, 7, 8
  Chunk 1 [OMP/Medium]: 9
--------------------------------
Schedule 15 [UID: SCH-G8B1-G808-5045]:
  Chunk 0 [Vulkan    ]: 1, 2, 3, 4, 5, 6, 7, 8
  Chunk 1 [OMP/Big   ]: 9
--------------------------------
Schedule 16 [UID: SCH-M6L3-G4734-259d]:
  Chunk 0 [OMP/Medium]: 1, 2, 3, 4, 5, 6
  Chunk 1 [OMP/Little]: 7, 8, 9
--------------------------------
Schedule 17 [UID: SCH-B1G8-G5322-fc53]:
  Chunk 0 [OMP/Big   ]: 1
  Chunk 1 [Vulkan    ]: 2, 3, 4, 5, 6, 7, 8, 9
--------------------------------
Schedule 18 [UID: SCH-M1G8-G5443-5cd9]:
  Chunk 0 [OMP/Medium]: 1
  Chunk 1 [Vulkan    ]: 2, 3, 4, 5, 6, 7, 8, 9
--------------------------------
Schedule 19 [UID: SCH-B1L1G7-G5479-822f]:
  Chunk 0 [OMP/Big   ]: 1
  Chunk 1 [OMP/Little]: 2
  Chunk 2 [Vulkan    ]: 3, 4, 5, 6, 7, 8, 9
--------------------------------
Schedule 20 [UID: SCH-B6L3-G5560-78a0]:
  Chunk 0 [OMP/Big   ]: 1, 2, 3, 4, 5, 6
  Chunk 1 [OMP/Little]: 7, 8, 9
--------------------------------
Schedule 21 [UID: SCH-M1L1G7-G5600-1dbe]:
  Chunk 0 [OMP/Medium]: 1
  Chunk 1 [OMP/Little]: 2
  Chunk 2 [Vulkan    ]: 3, 4, 5, 6, 7, 8, 9
--------------------------------
Schedule 22 [UID: SCH-B2G7-G5703-2122]:
  Chunk 0 [OMP/Big   ]: 1, 2
  Chunk 1 [Vulkan    ]: 3, 4, 5, 6, 7, 8, 9
--------------------------------
Schedule 23 [UID: SCH-M2G7-G5848-680e]:
  Chunk 0 [OMP/Medium]: 1, 2
  Chunk 1 [Vulkan    ]: 3, 4, 5, 6, 7, 8, 9
--------------------------------
Schedule 24 [UID: SCH-B1M1G7-G5855-9664]:
  Chunk 0 [OMP/Big   ]: 1
  Chunk 1 [OMP/Medium]: 2
  Chunk 2 [Vulkan    ]: 3, 4, 5, 6, 7, 8, 9
--------------------------------
Schedule 25 [UID: SCH-B1M1G5L2-G5920-73f0]:
  Chunk 0 [OMP/Big   ]: 1
  Chunk 1 [OMP/Medium]: 2
  Chunk 2 [Vulkan    ]: 3, 4, 5, 6, 7
  Chunk 3 [OMP/Little]: 8, 9
--------------------------------
Schedule 26 [UID: SCH-B1G6L2-G5920-682a]:
  Chunk 0 [OMP/Big   ]: 1
  Chunk 1 [Vulkan    ]: 2, 3, 4, 5, 6, 7
  Chunk 2 [OMP/Little]: 8, 9
--------------------------------
Schedule 27 [UID: SCH-M1B1G7-G6001-7731]:
  Chunk 0 [OMP/Medium]: 1
  Chunk 1 [OMP/Big   ]: 2
  Chunk 2 [Vulkan    ]: 3, 4, 5, 6, 7, 8, 9
--------------------------------
Schedule 28 [UID: SCH-M1G6L2-G6041-e517]:
  Chunk 0 [OMP/Medium]: 1
  Chunk 1 [Vulkan    ]: 2, 3, 4, 5, 6, 7
  Chunk 2 [OMP/Little]: 8, 9
--------------------------------
Schedule 29 [UID: SCH-M1B1G5L2-G6041-a786]:
  Chunk 0 [OMP/Medium]: 1
  Chunk 1 [OMP/Big   ]: 2
  Chunk 2 [Vulkan    ]: 3, 4, 5, 6, 7
  Chunk 3 [OMP/Little]: 8, 9
[2025-06-28 12:09:50.965] [info] Running 30/30 schedules

--------------------------------
[2025-06-28 12:09:50.983] [info] Available Vulkan Layers:
[2025-06-28 12:09:50.983] [warning] Validation layer requested but not available, continuing without it...
[2025-06-28 12:09:50.989] [info] Using integrated GPU: Mali-G710
### Python Begin ###
Schedule_UID=SCH-M9-G000-3fba
Frequency=24576000 Hz
Task=0 Chunk=0 Start=7779379373835 End=7779398911805 Duration=19537970
Task=1 Chunk=0 Start=7779398911885 End=7779418391773 Duration=19479888
Task=2 Chunk=0 Start=7779418391773 End=7779437842497 Duration=19450724
Task=3 Chunk=0 Start=7779437842506 End=7779457340636 Duration=19498130
Task=4 Chunk=0 Start=7779457340712 End=7779476821652 Duration=19480940
Task=5 Chunk=0 Start=7779476821653 End=7779496631260 Duration=19809607
Task=6 Chunk=0 Start=7779496631271 End=7779516462104 Duration=19830833
Task=7 Chunk=0 Start=7779516462140 End=7779536367314 Duration=19905174
Task=8 Chunk=0 Start=7779536367398 End=7779556964288 Duration=20596890
Task=9 Chunk=0 Start=7779556964291 End=7779577579207 Duration=20614916
Task=10 Chunk=0 Start=7779577579210 End=7779598193196 Duration=20613986
Task=11 Chunk=0 Start=7779598193211 End=7779618856321 Duration=20663110
Task=12 Chunk=0 Start=7779618856322 End=7779639769136 Duration=20912814
Task=13 Chunk=0 Start=7779639769144 End=7779661088342 Duration=21319198
Task=14 Chunk=0 Start=7779661088344 End=7779681799214 Duration=20710870
Task=15 Chunk=0 Start=7779681799272 End=7779702553636 Duration=20754364
Task=16 Chunk=0 Start=7779702553700 End=7779724621058 Duration=22067358
Task=17 Chunk=0 Start=7779724621084 End=7779746848018 Duration=22226934
Task=18 Chunk=0 Start=7779746848019 End=7779769144853 Duration=22296834
Task=19 Chunk=0 Start=7779769144865 End=7779791485624 Duration=22340759
Task=20 Chunk=0 Start=7779791486724 End=7779813838506 Duration=22351782
Task=21 Chunk=0 Start=7779813838528 End=7779836521291 Duration=22682763
Task=22 Chunk=0 Start=7779836521294 End=7779858903630 Duration=22382336
Task=23 Chunk=0 Start=7779858903633 End=7779881503571 Duration=22599938
Task=24 Chunk=0 Start=7779881503587 End=7779905754425 Duration=24250838
Task=25 Chunk=0 Start=7779905754426 End=7779930011402 Duration=24256976
Task=26 Chunk=0 Start=7779930011448 End=7779954329707 Duration=24318259
Task=27 Chunk=0 Start=7779954329772 End=7779978501776 Duration=24172004
Task=28 Chunk=0 Start=7779978501780 End=7780002999616 Duration=24497836
Task=29 Chunk=0 Start=7780002999621 End=7780027668694 Duration=24669073
Task=30 Chunk=0 Start=7780027668734 End=7780052618914 Duration=24950180
Task=31 Chunk=0 Start=7780052618924 End=7780079234664 Duration=26615740
Task=32 Chunk=0 Start=7780079234678 End=7780105860791 Duration=26626113
Task=33 Chunk=0 Start=7780105860794 End=7780133002864 Duration=27142070
Task=34 Chunk=0 Start=7780133002874 End=7780160227893 Duration=27225019
Task=35 Chunk=0 Start=7780160227910 End=7780187365169 Duration=27137259
Task=36 Chunk=0 Start=7780187365265 End=7780214219937 Duration=26854672
Task=37 Chunk=0 Start=7780214219938 End=7780243047229 Duration=28827291
Task=38 Chunk=0 Start=7780243047232 End=7780272892016 Duration=29844784
Task=39 Chunk=0 Start=7780272892018 End=7780302799554 Duration=29907536
Task=40 Chunk=0 Start=7780302799555 End=7780332962884 Duration=30163329
Task=41 Chunk=0 Start=7780332962887 End=7780362936580 Duration=29973693
Task=42 Chunk=0 Start=7780362936581 End=7780392594673 Duration=29658092
Task=43 Chunk=0 Start=7780392594674 End=7780425916726 Duration=33322052
Task=44 Chunk=0 Start=7780425916807 End=7780459078574 Duration=33161767
Task=45 Chunk=0 Start=7780459078576 End=7780492710421 Duration=33631845
Task=46 Chunk=0 Start=7780492710422 End=7780526314988 Duration=33604566
Task=47 Chunk=0 Start=7780526314991 End=7780559572687 Duration=33257696
Task=48 Chunk=0 Start=7780559572696 End=7780591020669 Duration=31447973
Task=49 Chunk=0 Start=7780591020737 End=7780621145003 Duration=30124266
Task=50 Chunk=0 Start=7780621145041 End=7780650852002 Duration=29706961
Task=51 Chunk=0 Start=7780650852007 End=7780680604936 Duration=29752929
Task=52 Chunk=0 Start=7780680604939 End=7780710917972 Duration=30313033
Task=53 Chunk=0 Start=7780710918047 End=7780742191360 Duration=31273313
Task=54 Chunk=0 Start=7780742191369 End=7780772225185 Duration=30033816
Task=55 Chunk=0 Start=7780772225207 End=7780802025722 Duration=29800515
Task=56 Chunk=0 Start=7780802025725 End=7780831714116 Duration=29688391
Task=57 Chunk=0 Start=7780831714120 End=7780861381527 Duration=29667407
Task=58 Chunk=0 Start=7780861381530 End=7780891433716 Duration=30052186
Task=59 Chunk=0 Start=7780891433717 End=7780921160742 Duration=29727025
Task=60 Chunk=0 Start=7780921160770 End=7780950934590 Duration=29773820
Task=61 Chunk=0 Start=7780950934613 End=7780981166522 Duration=30231909
Task=62 Chunk=0 Start=7780981166523 End=7781011170824 Duration=30004301
Task=63 Chunk=0 Start=7781011170829 End=7781040961618 Duration=29790789
Task=64 Chunk=0 Start=7781040961621 End=7781070956971 Duration=29995350
Task=65 Chunk=0 Start=7781070956998 End=7781100430799 Duration=29473801
Task=66 Chunk=0 Start=7781100430832 End=7781129998665 Duration=29567833
Task=67 Chunk=0 Start=7781129998706 End=7781159595423 Duration=29596717
Task=68 Chunk=0 Start=7781159595438 End=7781189911847 Duration=30316409
Task=69 Chunk=0 Start=7781189911848 End=7781219803158 Duration=29891310
Task=70 Chunk=0 Start=7781219803159 End=7781249693070 Duration=29889911
Task=71 Chunk=0 Start=7781249693073 End=7781277829314 Duration=28136241
Task=72 Chunk=0 Start=7781277829318 End=7781304444821 Duration=26615503
Task=73 Chunk=0 Start=7781304444840 End=7781331125633 Duration=26680793
Task=74 Chunk=0 Start=7781331125636 End=7781357891861 Duration=26766225
Task=75 Chunk=0 Start=7781357891864 End=7781384828211 Duration=26936347
Task=76 Chunk=0 Start=7781384828214 End=7781412324304 Duration=27496090
Task=77 Chunk=0 Start=7781412324304 End=7781440067504 Duration=27743200
Task=78 Chunk=0 Start=7781440067537 End=7781470210688 Duration=30143151
Task=79 Chunk=0 Start=7781470210691 End=7781499786362 Duration=29575671
Task=80 Chunk=0 Start=7781499786368 End=7781529344451 Duration=29558083
Task=81 Chunk=0 Start=7781529344452 End=7781559365547 Duration=30021095
Task=82 Chunk=0 Start=7781559365581 End=7781589067479 Duration=29701898
Task=83 Chunk=0 Start=7781589067500 End=7781617395933 Duration=28328433
Task=84 Chunk=0 Start=7781617395955 End=7781644166644 Duration=26770689
Task=85 Chunk=0 Start=7781644166656 End=7781671169716 Duration=27003060
Task=86 Chunk=0 Start=7781671169754 End=7781698197567 Duration=27027813
Task=87 Chunk=0 Start=7781698197570 End=7781725287621 Duration=27090051
Task=88 Chunk=0 Start=7781725287663 End=7781752343046 Duration=27055383
Task=89 Chunk=0 Start=7781752343058 End=7781779976151 Duration=27633093
Task=90 Chunk=0 Start=7781779976179 End=7781810905851 Duration=30929672
Task=91 Chunk=0 Start=7781810905860 End=7781840902045 Duration=29996185
Task=92 Chunk=0 Start=7781840902088 End=7781870903943 Duration=30001855
Task=93 Chunk=0 Start=7781870904032 End=7781900762842 Duration=29858810
Task=94 Chunk=0 Start=7781900762845 End=7781931070100 Duration=30307255
Task=95 Chunk=0 Start=7781931070103 End=7781960350083 Duration=29279980
Task=96 Chunk=0 Start=7781960350127 End=7781988245362 Duration=27895235
Task=97 Chunk=0 Start=7781988245380 End=7782015285840 Duration=27040460
Task=98 Chunk=0 Start=7782015285847 End=7782042135464 Duration=26849617
Task=99 Chunk=0 Start=7782042135467 End=7782068947150 Duration=26811683
### Python End ###

--------------------------------
[2025-06-28 12:11:40.698] [info] Available Vulkan Layers:
[2025-06-28 12:11:40.698] [warning] Validation layer requested but not available, continuing without it...
[2025-06-28 12:11:40.702] [info] Using integrated GPU: Mali-G710
### Python Begin ###
Schedule_UID=SCH-L9-G000-34b2
Frequency=24576000 Hz
Task=0 Chunk=0 Start=7782076587383 End=7782122042706 Duration=45455323
Task=1 Chunk=0 Start=7782122042985 End=7782167618756 Duration=45575771
Task=2 Chunk=0 Start=7782167618995 End=7782213424950 Duration=45805955
Task=3 Chunk=0 Start=7782213425158 End=7782258981240 Duration=45556082
Task=4 Chunk=0 Start=7782258981471 End=7782305718168 Duration=46736697
Task=5 Chunk=0 Start=7782305718422 End=7782353875208 Duration=48156786
Task=6 Chunk=0 Start=7782353875471 End=7782402059467 Duration=48183996
Task=7 Chunk=0 Start=7782402059783 End=7782450355149 Duration=48295366
Task=8 Chunk=0 Start=7782450355434 End=7782500666832 Duration=50311398
Task=9 Chunk=0 Start=7782500667127 End=7782552223235 Duration=51556108
Task=10 Chunk=0 Start=7782552223539 End=7782603777968 Duration=51554429
Task=11 Chunk=0 Start=7782603778184 End=7782654844780 Duration=51066596
Task=12 Chunk=0 Start=7782654845082 End=7782703085015 Duration=48239933
Task=13 Chunk=0 Start=7782703085220 End=7782751282157 Duration=48196937
Task=14 Chunk=0 Start=7782751282455 End=7782799488411 Duration=48205956
Task=15 Chunk=0 Start=7782799488654 End=7782850027347 Duration=50538693
Task=16 Chunk=0 Start=7782850027579 End=7782901350517 Duration=51322938
Task=17 Chunk=0 Start=7782901350795 End=7782952712613 Duration=51361818
Task=18 Chunk=0 Start=7782952712859 End=7783003005749 Duration=50292890
Task=19 Chunk=0 Start=7783003006119 End=7783051342479 Duration=48336360
Task=20 Chunk=0 Start=7783051342744 End=7783099671085 Duration=48328341
Task=21 Chunk=0 Start=7783099671371 End=7783147982602 Duration=48311231
Task=22 Chunk=0 Start=7783147982855 End=7783194208165 Duration=46225310
Task=23 Chunk=0 Start=7783194208447 End=7783239809058 Duration=45600611
Task=24 Chunk=0 Start=7783239809421 End=7783285412503 Duration=45603082
Task=25 Chunk=0 Start=7783285412760 End=7783330856265 Duration=45443505
Task=26 Chunk=0 Start=7783330856515 End=7783376394454 Duration=45537939
Task=27 Chunk=0 Start=7783376394752 End=7783422032383 Duration=45637631
Task=28 Chunk=0 Start=7783422032674 End=7783467639665 Duration=45606991
Task=29 Chunk=0 Start=7783467639896 End=7783513313585 Duration=45673689
Task=30 Chunk=0 Start=7783513313869 End=7783558946990 Duration=45633121
Task=31 Chunk=0 Start=7783558947144 End=7783604557869 Duration=45610725
Task=32 Chunk=0 Start=7783604558107 End=7783650194054 Duration=45635947
Task=33 Chunk=0 Start=7783650194404 End=7783695764435 Duration=45570031
Task=34 Chunk=0 Start=7783695764689 End=7783741426215 Duration=45661526
Task=35 Chunk=0 Start=7783741426564 End=7783787264399 Duration=45837835
Task=36 Chunk=0 Start=7783787264673 End=7783836749432 Duration=49484759
Task=37 Chunk=0 Start=7783836749714 End=7783882340052 Duration=45590338
Task=38 Chunk=0 Start=7783882340307 End=7783928006804 Duration=45666497
Task=39 Chunk=0 Start=7783928007149 End=7783973578910 Duration=45571761
Task=40 Chunk=0 Start=7783973579192 End=7784019226918 Duration=45647726
Task=41 Chunk=0 Start=7784019227115 End=7784065300026 Duration=46072911
Task=42 Chunk=0 Start=7784065300314 End=7784111135317 Duration=45835003
Task=43 Chunk=0 Start=7784111135606 End=7784156720027 Duration=45584421
Task=44 Chunk=0 Start=7784156720254 End=7784202340207 Duration=45619953
Task=45 Chunk=0 Start=7784202340436 End=7784247982856 Duration=45642420
Task=46 Chunk=0 Start=7784247982959 End=7784293619768 Duration=45636809
Task=47 Chunk=0 Start=7784293620041 End=7784339126468 Duration=45506427
Task=48 Chunk=0 Start=7784339126768 End=7784384667967 Duration=45541199
Task=49 Chunk=0 Start=7784384668272 End=7784430235161 Duration=45566889
Task=50 Chunk=0 Start=7784430235477 End=7784475872141 Duration=45636664
Task=51 Chunk=0 Start=7784475872448 End=7784521451918 Duration=45579470
Task=52 Chunk=0 Start=7784521452231 End=7784567108932 Duration=45656701
Task=53 Chunk=0 Start=7784567109238 End=7784612671408 Duration=45562170
Task=54 Chunk=0 Start=7784612671783 End=7784658297308 Duration=45625525
Task=55 Chunk=0 Start=7784658297575 End=7784703905164 Duration=45607589
Task=56 Chunk=0 Start=7784703905464 End=7784749560583 Duration=45655119
Task=57 Chunk=0 Start=7784749560794 End=7784795838476 Duration=46277682
Task=58 Chunk=0 Start=7784795838782 End=7784841404119 Duration=45565337
Task=59 Chunk=0 Start=7784841404359 End=7784887024675 Duration=45620316
Task=60 Chunk=0 Start=7784887024920 End=7784932609378 Duration=45584458
Task=61 Chunk=0 Start=7784932609625 End=7784978259554 Duration=45649929
Task=62 Chunk=0 Start=7784978259832 End=7785023861721 Duration=45601889
Task=63 Chunk=0 Start=7785023861978 End=7785069441015 Duration=45579037
Task=64 Chunk=0 Start=7785069441351 End=7785115057465 Duration=45616114
Task=65 Chunk=0 Start=7785115057821 End=7785160589121 Duration=45531300
Task=66 Chunk=0 Start=7785160589477 End=7785206183307 Duration=45593830
Task=67 Chunk=0 Start=7785206183666 End=7785251919158 Duration=45735492
Task=68 Chunk=0 Start=7785251919436 End=7785297433476 Duration=45514040
Task=69 Chunk=0 Start=7785297433741 End=7785343000732 Duration=45566991
Task=70 Chunk=0 Start=7785343000810 End=7785388757954 Duration=45757144
Task=71 Chunk=0 Start=7785388758213 End=7785434267754 Duration=45509541
Task=72 Chunk=0 Start=7785434268069 End=7785479891855 Duration=45623786
Task=73 Chunk=0 Start=7785479892153 End=7785525610622 Duration=45718469
Task=74 Chunk=0 Start=7785525610913 End=7785571379224 Duration=45768311
Task=75 Chunk=0 Start=7785571379489 End=7785616949387 Duration=45569898
Task=76 Chunk=0 Start=7785616949645 End=7785662504833 Duration=45555188
Task=77 Chunk=0 Start=7785662505122 End=7785708107248 Duration=45602126
Task=78 Chunk=0 Start=7785708107518 End=7785755467924 Duration=47360406
Task=79 Chunk=0 Start=7785755468219 End=7785801167954 Duration=45699735
Task=80 Chunk=0 Start=7785801168298 End=7785846745760 Duration=45577462
Task=81 Chunk=0 Start=7785846746122 End=7785892297132 Duration=45551010
Task=82 Chunk=0 Start=7785892297400 End=7785937905399 Duration=45607999
Task=83 Chunk=0 Start=7785937905643 End=7785983474293 Duration=45568650
Task=84 Chunk=0 Start=7785983474648 End=7786029991445 Duration=46516797
Task=85 Chunk=0 Start=7786029991724 End=7786075506407 Duration=45514683
Task=86 Chunk=0 Start=7786075506703 End=7786121225680 Duration=45718977
Task=87 Chunk=0 Start=7786121225950 End=7786166760051 Duration=45534101
Task=88 Chunk=0 Start=7786166760204 End=7786212361320 Duration=45601116
Task=89 Chunk=0 Start=7786212361622 End=7786257978664 Duration=45617042
Task=90 Chunk=0 Start=7786257978956 End=7786303683266 Duration=45704310
Task=91 Chunk=0 Start=7786303683559 End=7786349252783 Duration=45569224
Task=92 Chunk=0 Start=7786349253062 End=7786394836147 Duration=45583085
Task=93 Chunk=0 Start=7786394836423 End=7786440428024 Duration=45591601
Task=94 Chunk=0 Start=7786440428352 End=7786486111845 Duration=45683493
Task=95 Chunk=0 Start=7786486112108 End=7786531655842 Duration=45543734
Task=96 Chunk=0 Start=7786531656140 End=7786577333350 Duration=45677210
Task=97 Chunk=0 Start=7786577333652 End=7786622970375 Duration=45636723
Task=98 Chunk=0 Start=7786622970641 End=7786668548453 Duration=45577812
Task=99 Chunk=0 Start=7786668548706 End=7786714236529 Duration=45687823
### Python End ###

--------------------------------
[2025-06-28 12:14:49.717] [info] Available Vulkan Layers:
[2025-06-28 12:14:49.717] [warning] Validation layer requested but not available, continuing without it...
[2025-06-28 12:14:49.721] [info] Using integrated GPU: Mali-G710
