[2025-06-28 21:06:11.140] [info] Pinable Lit cores: 0 1 2 3 4 5 
[2025-06-28 21:06:11.140] [info] Pinable Med cores: 
[2025-06-28 21:06:11.140] [info] Pinable Big cores: 
[2025-06-28 21:06:11.140] [info] Pinable Sup cores: 
Stage: 1 by Little
	Count 	327
	Average 	3.0632 ms
Stage: 1 by CUDA
	Count 	312
	Average 	3.2071 ms
Stage: 2 by Little
	Count 	172
	Average 	5.8457 ms
Stage: 2 by CUDA
	Count 	610
	Average 	1.6391 ms
Stage: 3 by Little
	Count 	558
	Average 	1.7934 ms
Stage: 3 by CUDA
	Count 	489
	Average 	2.0475 ms
Stage: 4 by Little
	Count 	278
	Average 	3.6045 ms
Stage: 4 by CUDA
	Count 	848
	Average 	1.1796 ms
Stage: 5 by Little
	Count 	1080
	Average 	0.9264 ms
Stage: 5 by CUDA
	Count 	703
	Average 	1.4230 ms
Stage: 6 by Little
	Count 	1046
	Average 	0.9566 ms
Stage: 6 by CUDA
	Count 	662
	Average 	1.5110 ms
Stage: 7 by Little
	Count 	1130
	Average 	0.8855 ms
Stage: 7 by CUDA
	Count 	603
	Average 	1.6607 ms
Stage: 8 by Little
	Count 	552
	Average 	1.8131 ms
Stage: 8 by CUDA
	Count 	1171
	Average 	0.8542 ms
Stage: 9 by Little
	Count 	58475
	Average 	0.0171 ms
Stage: 9 by CUDA
	Count 	3896
	Average 	0.2566 ms
Stage: 1
	Little 	3.3147 ms 	(302)
	Medium 	inf ms 	(0)
	Big    	inf ms 	(0)
	CUDA   	2.7055 ms 	(370)
Stage: 2
	Little 	7.6142 ms 	(132)
	Medium 	inf ms 	(0)
	Big    	inf ms 	(0)
	CUDA   	1.3138 ms 	(765)
Stage: 3
	Little 	2.1934 ms 	(456)
	Medium 	inf ms 	(0)
	Big    	inf ms 	(0)
	CUDA   	2.8095 ms 	(356)
Stage: 4
	Little 	4.1589 ms 	(241)
	Medium 	inf ms 	(0)
	Big    	inf ms 	(0)
	CUDA   	1.0083 ms 	(994)
Stage: 5
	Little 	1.1857 ms 	(844)
	Medium 	inf ms 	(0)
	Big    	inf ms 	(0)
	CUDA   	1.8917 ms 	(529)
Stage: 6
	Little 	1.2385 ms 	(808)
	Medium 	inf ms 	(0)
	Big    	inf ms 	(0)
	CUDA   	1.4892 ms 	(672)
Stage: 7
	Little 	1.1569 ms 	(865)
	Medium 	inf ms 	(0)
	Big    	inf ms 	(0)
	CUDA   	2.4055 ms 	(416)
Stage: 8
	Little 	2.4318 ms 	(412)
	Medium 	inf ms 	(0)
	Big    	inf ms 	(0)
	CUDA   	0.6729 ms 	(1489)
Stage: 9
	Little 	0.0370 ms 	(27061)
	Medium 	inf ms 	(0)
	Big    	inf ms 	(0)
	CUDA   	0.1677 ms 	(5962)

Normal Benchmark Results Table (ms per task):
Stage | Little Core | Medium Core | Big Core | Vulkan | CUDA
------|------------|-------------|----------|--------|-------
    1 |      3.0632 |      0.0000 |   0.0000 | 0.0000 | 3.2071
    2 |      5.8457 |      0.0000 |   0.0000 | 0.0000 | 1.6391
    3 |      1.7934 |      0.0000 |   0.0000 | 0.0000 | 2.0475
    4 |      3.6045 |      0.0000 |   0.0000 | 0.0000 | 1.1796
    5 |      0.9264 |      0.0000 |   0.0000 | 0.0000 | 1.4230
    6 |      0.9566 |      0.0000 |   0.0000 | 0.0000 | 1.5110
    7 |      0.8855 |      0.0000 |   0.0000 | 0.0000 | 1.6607
    8 |      1.8131 |      0.0000 |   0.0000 | 0.0000 | 0.8542
    9 |      0.0171 |      0.0000 |   0.0000 | 0.0000 | 0.2566

Normal Benchmark - Sum of stages 1-9:
Little Core: 18.9055 ms
Medium Core: 0.0000 ms
Big Core: 0.0000 ms
Vulkan: 0.0000 ms
CUDA: 13.7788 ms

Fully Benchmark Results Table (ms per task):
Stage | Little Core | Medium Core | Big Core | Vulkan | CUDA
------|-------------|-------------|----------|--------|-------
    1 |      3.3147 |      0.0000 |   0.0000 | 0.0000 | 2.7055
    2 |      7.6142 |      0.0000 |   0.0000 | 0.0000 | 1.3138
    3 |      2.1934 |      0.0000 |   0.0000 | 0.0000 | 2.8095
    4 |      4.1589 |      0.0000 |   0.0000 | 0.0000 | 1.0083
    5 |      1.1857 |      0.0000 |   0.0000 | 0.0000 | 1.8917
    6 |      1.2385 |      0.0000 |   0.0000 | 0.0000 | 1.4892
    7 |      1.1569 |      0.0000 |   0.0000 | 0.0000 | 2.4055
    8 |      2.4318 |      0.0000 |   0.0000 | 0.0000 | 0.6729
    9 |      0.0370 |      0.0000 |   0.0000 | 0.0000 | 0.1677

Fully Benchmark - Sum of stages 1-9:
Little Core: 23.3310 ms
Medium Core: 0.0000 ms
Big Core: 0.0000 ms
Vulkan: 0.0000 ms
CUDA: 14.4641 ms

Performance Comparison (Fully vs Normal):
Processor  | Normal (ms) | Fully (ms) | Ratio
-----------|-------------|------------|-------
Little Core|       18.91 |      23.33 |  1.23x
CUDA       |       13.78 |      14.46 |  1.05x

### PYTHON_DATA_START ###
# NORMAL_BENCHMARK_DATA
stage,little,medium,big,vulkan,cuda
1,3.0632,0.0000,0.0000,0.0000,3.2071
2,5.8457,0.0000,0.0000,0.0000,1.6391
3,1.7934,0.0000,0.0000,0.0000,2.0475
4,3.6045,0.0000,0.0000,0.0000,1.1796
5,0.9264,0.0000,0.0000,0.0000,1.4230
6,0.9566,0.0000,0.0000,0.0000,1.5110
7,0.8855,0.0000,0.0000,0.0000,1.6607
8,1.8131,0.0000,0.0000,0.0000,0.8542
9,0.0171,0.0000,0.0000,0.0000,0.2566
# FULLY_BENCHMARK_DATA
stage,little,medium,big,vulkan,cuda
1,3.3147,0.0000,0.0000,0.0000,2.7055
2,7.6142,0.0000,0.0000,0.0000,1.3138
3,2.1934,0.0000,0.0000,0.0000,2.8095
4,4.1589,0.0000,0.0000,0.0000,1.0083
5,1.1857,0.0000,0.0000,0.0000,1.8917
6,1.2385,0.0000,0.0000,0.0000,1.4892
7,1.1569,0.0000,0.0000,0.0000,2.4055
8,2.4318,0.0000,0.0000,0.0000,0.6729
9,0.0370,0.0000,0.0000,0.0000,0.1677
### PYTHON_DATA_END ###
