[2025-06-28 21:19:16.633] [info] Pinable Lit cores: 0 1 2 3 4 5 
[2025-06-28 21:19:16.633] [info] Pinable Med cores: 
[2025-06-28 21:19:16.633] [info] Pinable Big cores: 
[2025-06-28 21:19:16.633] [info] Pinable Sup cores: 
Stage: 1 by Little
	Count 	279
	Average 	3.5895 ms
Stage: 1 by CUDA
	Count 	362
	Average 	2.7650 ms
Stage: 2 by Little
	Count 	166
	Average 	6.0676 ms
Stage: 2 by CUDA
	Count 	614
	Average 	1.6298 ms
Stage: 3 by Little
	Count 	640
	Average 	1.5647 ms
Stage: 3 by CUDA
	Count 	452
	Average 	2.2125 ms
Stage: 4 by Little
	Count 	324
	Average 	3.0915 ms
Stage: 4 by CUDA
	Count 	700
	Average 	1.4287 ms
Stage: 5 by Little
	Count 	993
	Average 	1.0080 ms
Stage: 5 by CUDA
	Count 	672
	Average 	1.4880 ms
Stage: 6 by Little
	Count 	1098
	Average 	0.9116 ms
Stage: 6 by CUDA
	Count 	692
	Average 	1.4459 ms
Stage: 7 by Little
	Count 	1115
	Average 	0.8978 ms
Stage: 7 by CUDA
	Count 	635
	Average 	1.5748 ms
Stage: 8 by Little
	Count 	514
	Average 	1.9465 ms
Stage: 8 by CUDA
	Count 	1264
	Average 	0.7913 ms
Stage: 9 by Little
	Count 	54233
	Average 	0.0184 ms
Stage: 9 by CUDA
	Count 	5434
	Average 	0.1840 ms
Stage: 1
	Little 	3.3862 ms 	(298)
	Medium 	inf ms 	(0)
	Big    	inf ms 	(0)
	CUDA   	3.8368 ms 	(263)
Stage: 2
	Little 	7.1995 ms 	(139)
	Medium 	inf ms 	(0)
	Big    	inf ms 	(0)
	CUDA   	1.3150 ms 	(761)
Stage: 3
	Little 	1.9216 ms 	(522)
	Medium 	inf ms 	(0)
	Big    	inf ms 	(0)
	CUDA   	2.9503 ms 	(340)
Stage: 4
	Little 	4.1368 ms 	(242)
	Medium 	inf ms 	(0)
	Big    	inf ms 	(0)
	CUDA   	1.1186 ms 	(895)
Stage: 5
	Little 	1.4611 ms 	(685)
	Medium 	inf ms 	(0)
	Big    	inf ms 	(0)
	CUDA   	1.6435 ms 	(609)
Stage: 6
	Little 	1.1296 ms 	(886)
	Medium 	inf ms 	(0)
	Big    	inf ms 	(0)
	CUDA   	2.3439 ms 	(427)
Stage: 7
	Little 	1.1346 ms 	(882)
	Medium 	inf ms 	(0)
	Big    	inf ms 	(0)
	CUDA   	2.0381 ms 	(491)
Stage: 8
	Little 	2.4642 ms 	(406)
	Medium 	inf ms 	(0)
	Big    	inf ms 	(0)
	CUDA   	0.6710 ms 	(1491)
Stage: 9
	Little 	0.0321 ms 	(31139)
	Medium 	inf ms 	(0)
	Big    	inf ms 	(0)
	CUDA   	0.1971 ms 	(5072)

Normal Benchmark Results Table (ms per task):
Stage | Little Core | Medium Core | Big Core | Vulkan | CUDA
------|------------|-------------|----------|--------|-------
    1 |      3.5895 |      0.0000 |   0.0000 | 0.0000 | 2.7650
    2 |      6.0676 |      0.0000 |   0.0000 | 0.0000 | 1.6298
    3 |      1.5647 |      0.0000 |   0.0000 | 0.0000 | 2.2125
    4 |      3.0915 |      0.0000 |   0.0000 | 0.0000 | 1.4287
    5 |      1.0080 |      0.0000 |   0.0000 | 0.0000 | 1.4880
    6 |      0.9116 |      0.0000 |   0.0000 | 0.0000 | 1.4459
    7 |      0.8978 |      0.0000 |   0.0000 | 0.0000 | 1.5748
    8 |      1.9465 |      0.0000 |   0.0000 | 0.0000 | 0.7913
    9 |      0.0184 |      0.0000 |   0.0000 | 0.0000 | 0.1840

Normal Benchmark - Sum of stages 1-9:
Little Core: 19.0957 ms
Medium Core: 0.0000 ms
Big Core: 0.0000 ms
Vulkan: 0.0000 ms
CUDA: 13.5199 ms

Fully Benchmark Results Table (ms per task):
Stage | Little Core | Medium Core | Big Core | Vulkan | CUDA
------|-------------|-------------|----------|--------|-------
    1 |      3.3862 |      0.0000 |   0.0000 | 0.0000 | 3.8368
    2 |      7.1995 |      0.0000 |   0.0000 | 0.0000 | 1.3150
    3 |      1.9216 |      0.0000 |   0.0000 | 0.0000 | 2.9503
    4 |      4.1368 |      0.0000 |   0.0000 | 0.0000 | 1.1186
    5 |      1.4611 |      0.0000 |   0.0000 | 0.0000 | 1.6435
    6 |      1.1296 |      0.0000 |   0.0000 | 0.0000 | 2.3439
    7 |      1.1346 |      0.0000 |   0.0000 | 0.0000 | 2.0381
    8 |      2.4642 |      0.0000 |   0.0000 | 0.0000 | 0.6710
    9 |      0.0321 |      0.0000 |   0.0000 | 0.0000 | 0.1971

Fully Benchmark - Sum of stages 1-9:
Little Core: 22.8658 ms
Medium Core: 0.0000 ms
Big Core: 0.0000 ms
Vulkan: 0.0000 ms
CUDA: 16.1143 ms

Performance Comparison (Fully vs Normal):
Processor  | Normal (ms) | Fully (ms) | Ratio
-----------|-------------|------------|-------
Little Core|       19.10 |      22.87 |  1.20x
CUDA       |       13.52 |      16.11 |  1.19x

### PYTHON_DATA_START ###
# NORMAL_BENCHMARK_DATA
stage,little,medium,big,vulkan,cuda
1,3.5895,0.0000,0.0000,0.0000,2.7650
2,6.0676,0.0000,0.0000,0.0000,1.6298
3,1.5647,0.0000,0.0000,0.0000,2.2125
4,3.0915,0.0000,0.0000,0.0000,1.4287
5,1.0080,0.0000,0.0000,0.0000,1.4880
6,0.9116,0.0000,0.0000,0.0000,1.4459
7,0.8978,0.0000,0.0000,0.0000,1.5748
8,1.9465,0.0000,0.0000,0.0000,0.7913
9,0.0184,0.0000,0.0000,0.0000,0.1840
# FULLY_BENCHMARK_DATA
stage,little,medium,big,vulkan,cuda
1,3.3862,0.0000,0.0000,0.0000,3.8368
2,7.1995,0.0000,0.0000,0.0000,1.3150
3,1.9216,0.0000,0.0000,0.0000,2.9503
4,4.1368,0.0000,0.0000,0.0000,1.1186
5,1.4611,0.0000,0.0000,0.0000,1.6435
6,1.1296,0.0000,0.0000,0.0000,2.3439
7,1.1346,0.0000,0.0000,0.0000,2.0381
8,2.4642,0.0000,0.0000,0.0000,0.6710
9,0.0321,0.0000,0.0000,0.0000,0.1971
### PYTHON_DATA_END ###
