[2025-06-28 22:40:34.035] [info] Pinable Lit cores: 0 1 2 3 4 5 
[2025-06-28 22:40:34.035] [info] Pinable Med cores: 
[2025-06-28 22:40:34.035] [info] Pinable Big cores: 
[2025-06-28 22:40:34.035] [info] Pinable Sup cores: 
Stage: 1 by Little
	Count 	331
	Average 	3.0224 ms
Stage: 1 by CUDA
	Count 	322
	Average 	3.1125 ms
Stage: 2 by Little
	Count 	150
	Average 	6.6799 ms
Stage: 2 by CUDA
	Count 	577
	Average 	1.7329 ms
Stage: 3 by Little
	Count 	577
	Average 	1.7347 ms
Stage: 3 by CUDA
	Count 	447
	Average 	2.2381 ms
Stage: 4 by Little
	Count 	308
	Average 	3.2479 ms
Stage: 4 by CUDA
	Count 	784
	Average 	1.2764 ms
Stage: 5 by Little
	Count 	1063
	Average 	0.9413 ms
Stage: 5 by CUDA
	Count 	668
	Average 	1.4972 ms
Stage: 6 by Little
	Count 	1100
	Average 	0.9100 ms
Stage: 6 by CUDA
	Count 	599
	Average 	1.6698 ms
Stage: 7 by Little
	Count 	957
	Average 	1.0459 ms
Stage: 7 by CUDA
	Count 	723
	Average 	1.3832 ms
Stage: 8 by Little
	Count 	588
	Average 	1.7066 ms
Stage: 8 by CUDA
	Count 	1075
	Average 	0.9305 ms
Stage: 9 by Little
	Count 	55471
	Average 	0.0180 ms
Stage: 9 by CUDA
	Count 	2007
	Average 	0.4981 ms
Stage: 1
	Little 	3.7676 ms 	(266)
	Medium 	inf ms 	(0)
	Big    	inf ms 	(0)
	CUDA   	3.0095 ms 	(333)
Stage: 2
	Little 	7.5396 ms 	(133)
	Medium 	inf ms 	(0)
	Big    	inf ms 	(0)
	CUDA   	1.3551 ms 	(740)
Stage: 3
	Little 	1.8685 ms 	(536)
	Medium 	inf ms 	(0)
	Big    	inf ms 	(0)
	CUDA   	3.0166 ms 	(332)
Stage: 4
	Little 	3.8953 ms 	(257)
	Medium 	inf ms 	(0)
	Big    	inf ms 	(0)
	CUDA   	1.0593 ms 	(945)
Stage: 5
	Little 	1.1517 ms 	(869)
	Medium 	inf ms 	(0)
	Big    	inf ms 	(0)
	CUDA   	1.9819 ms 	(505)
Stage: 6
	Little 	1.1956 ms 	(837)
	Medium 	inf ms 	(0)
	Big    	inf ms 	(0)
	CUDA   	2.0848 ms 	(480)
Stage: 7
	Little 	1.1971 ms 	(836)
	Medium 	inf ms 	(0)
	Big    	inf ms 	(0)
	CUDA   	1.8229 ms 	(549)
Stage: 8
	Little 	2.6671 ms 	(375)
	Medium 	inf ms 	(0)
	Big    	inf ms 	(0)
	CUDA   	0.6415 ms 	(1559)
Stage: 9
	Little 	0.0420 ms 	(23804)
	Medium 	inf ms 	(0)
	Big    	inf ms 	(0)
	CUDA   	0.1543 ms 	(6480)

Normal Benchmark Results Table (ms per task):
Stage | Little Core | Medium Core | Big Core | Vulkan | CUDA
------|------------|-------------|----------|--------|-------
    1 |      3.0224 |      0.0000 |   0.0000 | 0.0000 | 3.1125
    2 |      6.6799 |      0.0000 |   0.0000 | 0.0000 | 1.7329
    3 |      1.7347 |      0.0000 |   0.0000 | 0.0000 | 2.2381
    4 |      3.2479 |      0.0000 |   0.0000 | 0.0000 | 1.2764
    5 |      0.9413 |      0.0000 |   0.0000 | 0.0000 | 1.4972
    6 |      0.9100 |      0.0000 |   0.0000 | 0.0000 | 1.6698
    7 |      1.0459 |      0.0000 |   0.0000 | 0.0000 | 1.3832
    8 |      1.7066 |      0.0000 |   0.0000 | 0.0000 | 0.9305
    9 |      0.0180 |      0.0000 |   0.0000 | 0.0000 | 0.4981

Normal Benchmark - Sum of stages 1-9:
Little Core: 19.3068 ms
Medium Core: 0.0000 ms
Big Core: 0.0000 ms
Vulkan: 0.0000 ms
CUDA: 14.3388 ms

Fully Benchmark Results Table (ms per task):
Stage | Little Core | Medium Core | Big Core | Vulkan | CUDA
------|-------------|-------------|----------|--------|-------
    1 |      3.7676 |      0.0000 |   0.0000 | 0.0000 | 3.0095
    2 |      7.5396 |      0.0000 |   0.0000 | 0.0000 | 1.3551
    3 |      1.8685 |      0.0000 |   0.0000 | 0.0000 | 3.0166
    4 |      3.8953 |      0.0000 |   0.0000 | 0.0000 | 1.0593
    5 |      1.1517 |      0.0000 |   0.0000 | 0.0000 | 1.9819
    6 |      1.1956 |      0.0000 |   0.0000 | 0.0000 | 2.0848
    7 |      1.1971 |      0.0000 |   0.0000 | 0.0000 | 1.8229
    8 |      2.6671 |      0.0000 |   0.0000 | 0.0000 | 0.6415
    9 |      0.0420 |      0.0000 |   0.0000 | 0.0000 | 0.1543

Fully Benchmark - Sum of stages 1-9:
Little Core: 23.3244 ms
Medium Core: 0.0000 ms
Big Core: 0.0000 ms
Vulkan: 0.0000 ms
CUDA: 15.1260 ms

Performance Comparison (Fully vs Normal):
Processor  | Normal (ms) | Fully (ms) | Ratio
-----------|-------------|------------|-------
Little Core|       19.31 |      23.32 |  1.21x
CUDA       |       14.34 |      15.13 |  1.05x

### PYTHON_DATA_START ###
# NORMAL_BENCHMARK_DATA
stage,little,medium,big,vulkan,cuda
1,3.0224,0.0000,0.0000,0.0000,3.1125
2,6.6799,0.0000,0.0000,0.0000,1.7329
3,1.7347,0.0000,0.0000,0.0000,2.2381
4,3.2479,0.0000,0.0000,0.0000,1.2764
5,0.9413,0.0000,0.0000,0.0000,1.4972
6,0.9100,0.0000,0.0000,0.0000,1.6698
7,1.0459,0.0000,0.0000,0.0000,1.3832
8,1.7066,0.0000,0.0000,0.0000,0.9305
9,0.0180,0.0000,0.0000,0.0000,0.4981
# FULLY_BENCHMARK_DATA
stage,little,medium,big,vulkan,cuda
1,3.7676,0.0000,0.0000,0.0000,3.0095
2,7.5396,0.0000,0.0000,0.0000,1.3551
3,1.8685,0.0000,0.0000,0.0000,3.0166
4,3.8953,0.0000,0.0000,0.0000,1.0593
5,1.1517,0.0000,0.0000,0.0000,1.9819
6,1.1956,0.0000,0.0000,0.0000,2.0848
7,1.1971,0.0000,0.0000,0.0000,1.8229
8,2.6671,0.0000,0.0000,0.0000,0.6415
9,0.0420,0.0000,0.0000,0.0000,0.1543
### PYTHON_DATA_END ###
