[2026-06-17 00:53:10.175] [info] Pinable Lit cores: 0 1 2 3 4 5 
[2026-06-17 00:53:10.176] [info] Pinable Med cores: 
[2026-06-17 00:53:10.176] [info] Pinable Big cores: 
[2026-06-17 00:53:10.176] [info] Pinable Sup cores: 
[2026-06-17 00:53:16.762] [info] Loading schedule JSON from file: schedules_btpm_tmax.json
[2026-06-17 00:53:16.763] [info] Loaded 10 valid schedules from JSON
[2026-06-17 00:53:16.763] [info] Loaded 10 schedules
--------------------------------
Schedule 0 [UID: SCH-L9-G000-8dcf]:
  Chunk 0 [OMP/Little]: 1, 2, 3, 4, 5, 6, 7, 8, 9
--------------------------------
Schedule 1 [UID: SCH-G9-G000-1834]:
  Chunk 0 [CUDA      ]: 1, 2, 3, 4, 5, 6, 7, 8, 9
--------------------------------
Schedule 2 [UID: SCH-L2G7-G16440-c17d]:
  Chunk 0 [OMP/Little]: 1, 2
  Chunk 1 [CUDA      ]: 3, 4, 5, 6, 7, 8, 9
--------------------------------
Schedule 3 [UID: SCH-L1G8-G16817-4cee]:
  Chunk 0 [OMP/Little]: 1
  Chunk 1 [CUDA      ]: 2, 3, 4, 5, 6, 7, 8, 9
--------------------------------
Schedule 4 [UID: SCH-L3G6-G29324-8c5d]:
  Chunk 0 [OMP/Little]: 1, 2, 3
  Chunk 1 [CUDA      ]: 4, 5, 6, 7, 8, 9
--------------------------------
Schedule 5 [UID: SCH-L4G5-G29550-c413]:
  Chunk 0 [OMP/Little]: 1, 2, 3, 4
  Chunk 1 [CUDA      ]: 5, 6, 7, 8, 9
--------------------------------
Schedule 6 [UID: SCH-G7L2-G35142-9fd5]:
  Chunk 0 [CUDA      ]: 1, 2, 3, 4, 5, 6, 7
  Chunk 1 [OMP/Little]: 8, 9
--------------------------------
Schedule 7 [UID: SCH-G8L1-G35282-c4b9]:
  Chunk 0 [CUDA      ]: 1, 2, 3, 4, 5, 6, 7, 8
  Chunk 1 [OMP/Little]: 9
--------------------------------
Schedule 8 [UID: SCH-G6L3-G56787-4d43]:
  Chunk 0 [CUDA      ]: 1, 2, 3, 4, 5, 6
  Chunk 1 [OMP/Little]: 7, 8, 9
--------------------------------
Schedule 9 [UID: SCH-L5G4-G74172-4369]:
  Chunk 0 [OMP/Little]: 1, 2, 3, 4, 5
  Chunk 1 [CUDA      ]: 6, 7, 8, 9
[2026-06-17 00:53:16.763] [info] Running 3/10 schedules

--------------------------------
### Python Begin ###
Schedule_UID=SCH-L9-G000-8dcf
Frequency=31250000 Hz
Task=0 Chunk=0 Start=39023459624760 End=39023539854395 Duration=80229635
Task=1 Chunk=0 Start=39023539854407 End=39023619168116 Duration=79313709
Task=2 Chunk=0 Start=39023619168126 End=39023698388871 Duration=79220745
Task=3 Chunk=0 Start=39023698388881 End=39023777716985 Duration=79328104
Task=4 Chunk=0 Start=39023777716997 End=39023857335205 Duration=79618208
Task=5 Chunk=0 Start=39023857335215 End=39023936568227 Duration=79233012
Task=6 Chunk=0 Start=39023936568238 End=39024016001373 Duration=79433135
Task=7 Chunk=0 Start=39024016001384 End=39024095209890 Duration=79208506
Task=8 Chunk=0 Start=39024095209900 End=39024174514455 Duration=79304555
Task=9 Chunk=0 Start=39024174514465 End=39024253877332 Duration=79362867
Task=10 Chunk=0 Start=39024253877343 End=39024333377266 Duration=79499923
Task=11 Chunk=0 Start=39024333377277 End=39024412919384 Duration=79542107
Task=12 Chunk=0 Start=39024412919394 End=39024492110744 Duration=79191350
Task=13 Chunk=0 Start=39024492110755 End=39024571553515 Duration=79442760
Task=14 Chunk=0 Start=39024571553529 End=39024650751792 Duration=79198263
Task=15 Chunk=0 Start=39024650751802 End=39024730181944 Duration=79430142
Task=16 Chunk=0 Start=39024730181955 End=39024809656220 Duration=79474265
Task=17 Chunk=0 Start=39024809656230 End=39024889586413 Duration=79930183
Task=18 Chunk=0 Start=39024889586425 End=39024969184376 Duration=79597951
Task=19 Chunk=0 Start=39024969184387 End=39025048467116 Duration=79282729
Task=20 Chunk=0 Start=39025048467127 End=39025127883650 Duration=79416523
Task=21 Chunk=0 Start=39025127883662 End=39025207157957 Duration=79274295
Task=22 Chunk=0 Start=39025207157969 End=39025286384703 Duration=79226734
Task=23 Chunk=0 Start=39025286384714 End=39025365808682 Duration=79423968
Task=24 Chunk=0 Start=39025365808700 End=39025446491387 Duration=80682687
Task=25 Chunk=0 Start=39025446491400 End=39025526249210 Duration=79757810
Task=26 Chunk=0 Start=39025526249224 End=39025606216207 Duration=79966983
Task=27 Chunk=0 Start=39025606216218 End=39025685606673 Duration=79390455
Task=28 Chunk=0 Start=39025685606684 End=39025764710166 Duration=79103482
Task=29 Chunk=0 Start=39025764710176 End=39025843940917 Duration=79230741
Task=30 Chunk=0 Start=39025843940928 End=39025923238657 Duration=79297729
Task=31 Chunk=0 Start=39025923238668 End=39026002634391 Duration=79395723
Task=32 Chunk=0 Start=39026002634402 End=39026081889490 Duration=79255088
Task=33 Chunk=0 Start=39026081889494 End=39026161240739 Duration=79351245
Task=34 Chunk=0 Start=39026161240749 End=39026240699389 Duration=79458640
Task=35 Chunk=0 Start=39026240699399 End=39026320084979 Duration=79385580
Task=36 Chunk=0 Start=39026320084990 End=39026401317691 Duration=81232701
Task=37 Chunk=0 Start=39026401317702 End=39026480811406 Duration=79493704
Task=38 Chunk=0 Start=39026480811417 End=39026559910343 Duration=79098926
Task=39 Chunk=0 Start=39026559910354 End=39026639097389 Duration=79187035
Task=40 Chunk=0 Start=39026639097400 End=39026718300986 Duration=79203586
Task=41 Chunk=0 Start=39026718300997 End=39026798135398 Duration=79834401
Task=42 Chunk=0 Start=39026798135411 End=39026879794605 Duration=81659194
Task=43 Chunk=0 Start=39026879794618 End=39026961044877 Duration=81250259
Task=44 Chunk=0 Start=39026961044887 End=39027041220744 Duration=80175857
Task=45 Chunk=0 Start=39027041220755 End=39027120571875 Duration=79351120
Task=46 Chunk=0 Start=39027120571885 End=39027199962514 Duration=79390629
Task=47 Chunk=0 Start=39027199962525 End=39027279491980 Duration=79529455
Task=48 Chunk=0 Start=39027279491990 End=39027358825000 Duration=79333010
Task=49 Chunk=0 Start=39027358825010 End=39027438412156 Duration=79587146
Task=50 Chunk=0 Start=39027438412169 End=39027517528516 Duration=79116347
Task=51 Chunk=0 Start=39027517528526 End=39027598106259 Duration=80577733
Task=52 Chunk=0 Start=39027598106270 End=39027677301341 Duration=79195071
Task=53 Chunk=0 Start=39027677301352 End=39027756500864 Duration=79199512
Task=54 Chunk=0 Start=39027756500875 End=39027835844300 Duration=79343425
Task=55 Chunk=0 Start=39027835844310 End=39027915132484 Duration=79288174
Task=56 Chunk=0 Start=39027915132494 End=39027994475958 Duration=79343464
Task=57 Chunk=0 Start=39027994475970 End=39028073561419 Duration=79085449
Task=58 Chunk=0 Start=39028073561430 End=39028152939285 Duration=79377855
Task=59 Chunk=0 Start=39028152939297 End=39028232025208 Duration=79085911
Task=60 Chunk=0 Start=39028232025220 End=39028311181737 Duration=79156517
Task=61 Chunk=0 Start=39028311181748 End=39028390413234 Duration=79231486
Task=62 Chunk=0 Start=39028390413245 End=39028469799975 Duration=79386730
Task=63 Chunk=0 Start=39028469799984 End=39028548996774 Duration=79196790
Task=64 Chunk=0 Start=39028548996784 End=39028628530538 Duration=79533754
Task=65 Chunk=0 Start=39028628530549 End=39028708009219 Duration=79478670
Task=66 Chunk=0 Start=39028708009230 End=39028787482455 Duration=79473225
Task=67 Chunk=0 Start=39028787482466 End=39028866697519 Duration=79215053
Task=68 Chunk=0 Start=39028866697530 End=39028946148384 Duration=79450854
Task=69 Chunk=0 Start=39028946148395 End=39029025336631 Duration=79188236
Task=70 Chunk=0 Start=39029025336642 End=39029104559583 Duration=79222941
Task=71 Chunk=0 Start=39029104559595 End=39029184510316 Duration=79950721
Task=72 Chunk=0 Start=39029184510327 End=39029264610074 Duration=80099747
Task=73 Chunk=0 Start=39029264610074 End=39029344996321 Duration=80386247
Task=74 Chunk=0 Start=39029344996332 End=39029424246837 Duration=79250505
Task=75 Chunk=0 Start=39029424246847 End=39029503778827 Duration=79531980
Task=76 Chunk=0 Start=39029503778838 End=39029583089772 Duration=79310934
Task=77 Chunk=0 Start=39029583089783 End=39029662412656 Duration=79322873
Task=78 Chunk=0 Start=39029662412667 End=39029741735639 Duration=79322972
Task=79 Chunk=0 Start=39029741735650 End=39029821088655 Duration=79353005
Task=80 Chunk=0 Start=39029821088666 End=39029900442391 Duration=79353725
Task=81 Chunk=0 Start=39029900442403 End=39029979642497 Duration=79200094
Task=82 Chunk=0 Start=39029979642509 End=39030059001548 Duration=79359039
Task=83 Chunk=0 Start=39030059001559 End=39030138291099 Duration=79289540
Task=84 Chunk=0 Start=39030138291111 End=39030217470392 Duration=79179281
Task=85 Chunk=0 Start=39030217470402 End=39030296804296 Duration=79333894
Task=86 Chunk=0 Start=39030296804306 End=39030376109044 Duration=79304738
Task=87 Chunk=0 Start=39030376109056 End=39030455602882 Duration=79493826
Task=88 Chunk=0 Start=39030455602893 End=39030535301631 Duration=79698738
Task=89 Chunk=0 Start=39030535301643 End=39030615381597 Duration=80079954
Task=90 Chunk=0 Start=39030615381603 End=39030694566265 Duration=79184662
Task=91 Chunk=0 Start=39030694566277 End=39030773764004 Duration=79197727
Task=92 Chunk=0 Start=39030773764015 End=39030853505323 Duration=79741308
Task=93 Chunk=0 Start=39030853505334 End=39030932842112 Duration=79336778
Task=94 Chunk=0 Start=39030932842122 End=39031012789032 Duration=79946910
Task=95 Chunk=0 Start=39031012789044 End=39031091893177 Duration=79104133
Task=96 Chunk=0 Start=39031091893188 End=39031171127121 Duration=79233933
Task=97 Chunk=0 Start=39031171127132 End=39031250668527 Duration=79541395
Task=98 Chunk=0 Start=39031250668538 End=39031329902070 Duration=79233532
Task=99 Chunk=0 Start=39031329902081 End=39031409250421 Duration=79348340
### Python End ###

--------------------------------
### Python Begin ###
Schedule_UID=SCH-G9-G000-1834
Frequency=31250000 Hz
Task=0 Chunk=0 Start=39031485441159 End=39031497481457 Duration=12040298
Task=1 Chunk=0 Start=39031497481491 End=39031508590507 Duration=11109016
Task=2 Chunk=0 Start=39031508590522 End=39031519695890 Duration=11105368
Task=3 Chunk=0 Start=39031519695904 End=39031530806964 Duration=11111060
Task=4 Chunk=0 Start=39031530806972 End=39031541917692 Duration=11110720
Task=5 Chunk=0 Start=39031541917699 End=39031553026961 Duration=11109262
Task=6 Chunk=0 Start=39031553026968 End=39031564151213 Duration=11124245
Task=7 Chunk=0 Start=39031564151220 End=39031575274428 Duration=11123208
Task=8 Chunk=0 Start=39031575274451 End=39031586398303 Duration=11123852
Task=9 Chunk=0 Start=39031586398318 End=39031597511186 Duration=11112868
Task=10 Chunk=0 Start=39031597511200 End=39031608622799 Duration=11111599
Task=11 Chunk=0 Start=39031608622804 End=39031619741427 Duration=11118623
Task=12 Chunk=0 Start=39031619741443 End=39031630862626 Duration=11121183
Task=13 Chunk=0 Start=39031630862636 End=39031641978143 Duration=11115507
Task=14 Chunk=0 Start=39031641978151 End=39031653093508 Duration=11115357
Task=15 Chunk=0 Start=39031653093515 End=39031664216500 Duration=11122985
Task=16 Chunk=0 Start=39031664216517 End=39031675337749 Duration=11121232
Task=17 Chunk=0 Start=39031675337758 End=39031686458502 Duration=11120744
Task=18 Chunk=0 Start=39031686458510 End=39031697572401 Duration=11113891
Task=19 Chunk=0 Start=39031697572409 End=39031708685891 Duration=11113482
Task=20 Chunk=0 Start=39031708685899 End=39031719792239 Duration=11106340
Task=21 Chunk=0 Start=39031719792246 End=39031730905959 Duration=11113713
Task=22 Chunk=0 Start=39031730905967 End=39031742019791 Duration=11113824
Task=23 Chunk=0 Start=39031742019799 End=39031753135398 Duration=11115599
Task=24 Chunk=0 Start=39031753135407 End=39031764253221 Duration=11117814
Task=25 Chunk=0 Start=39031764253230 End=39031775382418 Duration=11129188
Task=26 Chunk=0 Start=39031775382425 End=39031786499034 Duration=11116609
Task=27 Chunk=0 Start=39031786499042 End=39031797621906 Duration=11122864
Task=28 Chunk=0 Start=39031797621913 End=39031808730373 Duration=11108460
Task=29 Chunk=0 Start=39031808730380 End=39031819845267 Duration=11114887
Task=30 Chunk=0 Start=39031819845273 End=39031830963638 Duration=11118365
Task=31 Chunk=0 Start=39031830963646 End=39031842078754 Duration=11115108
Task=32 Chunk=0 Start=39031842078762 End=39031853202962 Duration=11124200
Task=33 Chunk=0 Start=39031853202970 End=39031864316697 Duration=11113727
Task=34 Chunk=0 Start=39031864316705 End=39031875438491 Duration=11121786
Task=35 Chunk=0 Start=39031875438501 End=39031886552478 Duration=11113977
Task=36 Chunk=0 Start=39031886552489 End=39031897677480 Duration=11124991
Task=37 Chunk=0 Start=39031897677491 End=39031908800141 Duration=11122650
Task=38 Chunk=0 Start=39031908800149 End=39031919914223 Duration=11114074
Task=39 Chunk=0 Start=39031919914229 End=39031931028327 Duration=11114098
Task=40 Chunk=0 Start=39031931028337 End=39031942142540 Duration=11114203
Task=41 Chunk=0 Start=39031942142549 End=39031953254743 Duration=11112194
Task=42 Chunk=0 Start=39031953254752 End=39031964379112 Duration=11124360
Task=43 Chunk=0 Start=39031964379121 End=39031975494291 Duration=11115170
Task=44 Chunk=0 Start=39031975494298 End=39031986617158 Duration=11122860
Task=45 Chunk=0 Start=39031986617165 End=39031997733997 Duration=11116832
Task=46 Chunk=0 Start=39031997734005 End=39032008853559 Duration=11119554
Task=47 Chunk=0 Start=39032008853567 End=39032019967807 Duration=11114240
Task=48 Chunk=0 Start=39032019967817 End=39032031077661 Duration=11109844
Task=49 Chunk=0 Start=39032031077671 End=39032042200921 Duration=11123250
Task=50 Chunk=0 Start=39032042200930 End=39032053311714 Duration=11110784
Task=51 Chunk=0 Start=39032053311726 End=39032064430568 Duration=11118842
Task=52 Chunk=0 Start=39032064430576 End=39032075543402 Duration=11112826
Task=53 Chunk=0 Start=39032075543411 End=39032086662503 Duration=11119092
Task=54 Chunk=0 Start=39032086662507 End=39032097781305 Duration=11118798
Task=55 Chunk=0 Start=39032097781312 End=39032108902865 Duration=11121553
Task=56 Chunk=0 Start=39032108902874 End=39032120030240 Duration=11127366
Task=57 Chunk=0 Start=39032120030250 End=39032131142570 Duration=11112320
Task=58 Chunk=0 Start=39032131142578 End=39032142255287 Duration=11112709
Task=59 Chunk=0 Start=39032142255295 End=39032153366727 Duration=11111432
Task=60 Chunk=0 Start=39032153366736 End=39032164497207 Duration=11130471
Task=61 Chunk=0 Start=39032164497215 End=39032175619025 Duration=11121810
Task=62 Chunk=0 Start=39032175619034 End=39032186748368 Duration=11129334
Task=63 Chunk=0 Start=39032186748376 End=39032197865105 Duration=11116729
Task=64 Chunk=0 Start=39032197865115 End=39032208984705 Duration=11119590
Task=65 Chunk=0 Start=39032208984711 End=39032220097704 Duration=11112993
Task=66 Chunk=0 Start=39032220097711 End=39032231221937 Duration=11124226
Task=67 Chunk=0 Start=39032231221944 End=39032242349911 Duration=11127967
Task=68 Chunk=0 Start=39032242349918 End=39032253468832 Duration=11118914
Task=69 Chunk=0 Start=39032253468841 End=39032264586516 Duration=11117675
Task=70 Chunk=0 Start=39032264586523 End=39032275705408 Duration=11118885
Task=71 Chunk=0 Start=39032275705418 End=39032286825662 Duration=11120244
Task=72 Chunk=0 Start=39032286825672 End=39032297943865 Duration=11118193
Task=73 Chunk=0 Start=39032297943874 End=39032309064639 Duration=11120765
Task=74 Chunk=0 Start=39032309064648 End=39032320186126 Duration=11121478
Task=75 Chunk=0 Start=39032320186135 End=39032331306960 Duration=11120825
Task=76 Chunk=0 Start=39032331306968 End=39032342427826 Duration=11120858
Task=77 Chunk=0 Start=39032342427836 End=39032353550936 Duration=11123100
Task=78 Chunk=0 Start=39032353550944 End=39032364673247 Duration=11122303
Task=79 Chunk=0 Start=39032364673258 End=39032375800983 Duration=11127725
Task=80 Chunk=0 Start=39032375800994 End=39032386930145 Duration=11129151
Task=81 Chunk=0 Start=39032386930153 End=39032398041924 Duration=11111771
Task=82 Chunk=0 Start=39032398041928 End=39032409162709 Duration=11120781
Task=83 Chunk=0 Start=39032409162716 End=39032420272541 Duration=11109825
Task=84 Chunk=0 Start=39032420272549 End=39032431383479 Duration=11110930
Task=85 Chunk=0 Start=39032431383486 End=39032442493680 Duration=11110194
Task=86 Chunk=0 Start=39032442493688 End=39032453613644 Duration=11119956
Task=87 Chunk=0 Start=39032453613651 End=39032464724493 Duration=11110842
Task=88 Chunk=0 Start=39032464724498 End=39032475831189 Duration=11106691
Task=89 Chunk=0 Start=39032475831220 End=39032486950737 Duration=11119517
Task=90 Chunk=0 Start=39032486950763 End=39032498071393 Duration=11120630
Task=91 Chunk=0 Start=39032498071411 End=39032509190613 Duration=11119202
Task=92 Chunk=0 Start=39032509190620 End=39032520310692 Duration=11120072
Task=93 Chunk=0 Start=39032520310700 End=39032531425843 Duration=11115143
Task=94 Chunk=0 Start=39032531425850 End=39032542549708 Duration=11123858
Task=95 Chunk=0 Start=39032542549715 End=39032553664536 Duration=11114821
Task=96 Chunk=0 Start=39032553664550 End=39032564776322 Duration=11111772
Task=97 Chunk=0 Start=39032564776330 End=39032575883345 Duration=11107015
Task=98 Chunk=0 Start=39032575883352 End=39032586999146 Duration=11115794
Task=99 Chunk=0 Start=39032586999153 End=39032598118603 Duration=11119450
### Python End ###

--------------------------------
### Python Begin ###
Schedule_UID=SCH-L2G7-G16440-c17d
Frequency=31250000 Hz
Task=0 Chunk=0 Start=39032673641512 End=39032681940525 Duration=8299013
Task=0 Chunk=1 Start=39032681940573 End=39032693223183 Duration=11282610
Task=1 Chunk=0 Start=39032681940536 End=39032688234597 Duration=6294061
Task=1 Chunk=1 Start=39032693223193 End=39032703525928 Duration=10302735
Task=2 Chunk=0 Start=39032688234608 End=39032693551163 Duration=5316555
Task=2 Chunk=1 Start=39032703525939 End=39032713828343 Duration=10302404
Task=3 Chunk=0 Start=39032693551185 End=39032698855906 Duration=5304721
Task=3 Chunk=1 Start=39032713828353 End=39032724132741 Duration=10304388
Task=4 Chunk=0 Start=39032698855918 End=39032704157405 Duration=5301487
Task=4 Chunk=1 Start=39032724132752 End=39032734436909 Duration=10304157
Task=5 Chunk=0 Start=39032704157420 End=39032709474882 Duration=5317462
Task=5 Chunk=1 Start=39032734436920 End=39032744741884 Duration=10304964
Task=6 Chunk=0 Start=39032709474892 End=39032714773668 Duration=5298776
Task=6 Chunk=1 Start=39032744741895 End=39032755043868 Duration=10301973
Task=7 Chunk=0 Start=39032714773685 End=39032720151027 Duration=5377342
Task=7 Chunk=1 Start=39032755043879 End=39032765347186 Duration=10303307
Task=8 Chunk=0 Start=39032720151037 End=39032725469460 Duration=5318423
Task=8 Chunk=1 Start=39032765347196 End=39032775647925 Duration=10300729
Task=9 Chunk=0 Start=39032725469471 End=39032730752028 Duration=5282557
Task=9 Chunk=1 Start=39032775647935 End=39032785950751 Duration=10302816
Task=10 Chunk=0 Start=39032730752038 End=39032736063999 Duration=5311961
Task=10 Chunk=1 Start=39032785950769 End=39032796254093 Duration=10303324
Task=11 Chunk=0 Start=39032736064009 End=39032741397951 Duration=5333942
Task=11 Chunk=1 Start=39032796254105 End=39032806558032 Duration=10303927
Task=12 Chunk=0 Start=39032741397960 End=39032746698034 Duration=5300074
Task=12 Chunk=1 Start=39032806558048 End=39032816860215 Duration=10302167
Task=13 Chunk=0 Start=39032746698045 End=39032752092939 Duration=5394894
Task=13 Chunk=1 Start=39032816860224 End=39032827164408 Duration=10304184
Task=14 Chunk=0 Start=39032752092955 End=39032757391523 Duration=5298568
Task=14 Chunk=1 Start=39032827164411 End=39032837468014 Duration=10303603
Task=15 Chunk=0 Start=39032757391535 End=39032762678549 Duration=5287014
Task=15 Chunk=1 Start=39032837468028 End=39032847772835 Duration=10304807
Task=16 Chunk=0 Start=39032762678582 End=39032767976435 Duration=5297853
Task=16 Chunk=1 Start=39032847772873 End=39032858075110 Duration=10302237
Task=17 Chunk=0 Start=39032767976446 End=39032773306173 Duration=5329727
Task=17 Chunk=1 Start=39032858075149 End=39032868379603 Duration=10304454
Task=18 Chunk=0 Start=39032773306184 End=39032778591150 Duration=5284966
Task=18 Chunk=1 Start=39032868379621 End=39032878681784 Duration=10302163
Task=19 Chunk=0 Start=39032778591160 End=39032783974254 Duration=5383094
Task=19 Chunk=1 Start=39032878681802 End=39032888982961 Duration=10301159
Task=20 Chunk=0 Start=39032783974271 End=39032789268280 Duration=5294009
Task=20 Chunk=1 Start=39032888982977 End=39032899285788 Duration=10302811
Task=21 Chunk=0 Start=39032789268292 End=39032794542302 Duration=5274010
Task=21 Chunk=1 Start=39032899285803 End=39032909587426 Duration=10301623
Task=22 Chunk=0 Start=39032794542313 End=39032799875690 Duration=5333377
Task=22 Chunk=1 Start=39032909587448 End=39032919888574 Duration=10301126
Task=23 Chunk=0 Start=39032799875705 End=39032805188594 Duration=5312889
Task=23 Chunk=1 Start=39032919888584 End=39032930190853 Duration=10302269
Task=24 Chunk=0 Start=39032805188605 End=39032810505040 Duration=5316435
Task=24 Chunk=1 Start=39032930190859 End=39032940494277 Duration=10303418
Task=25 Chunk=0 Start=39032810505051 End=39032815901844 Duration=5396793
Task=25 Chunk=1 Start=39032940494283 End=39032950796390 Duration=10302107
Task=26 Chunk=0 Start=39032815901855 End=39032821206892 Duration=5305037
Task=26 Chunk=1 Start=39032950796393 End=39032961098154 Duration=10301761
Task=27 Chunk=0 Start=39032821206909 End=39032826475400 Duration=5268491
Task=27 Chunk=1 Start=39032961098157 End=39032971402645 Duration=10304488
Task=28 Chunk=0 Start=39032826475414 End=39032831781060 Duration=5305646
Task=28 Chunk=1 Start=39032971402663 End=39032981705666 Duration=10303003
Task=29 Chunk=0 Start=39032831781071 End=39032837097844 Duration=5316773
Task=29 Chunk=1 Start=39032981705677 End=39032992008035 Duration=10302358
Task=30 Chunk=0 Start=39032837097856 End=39032842453621 Duration=5355765
Task=30 Chunk=1 Start=39032992008045 End=39033002311692 Duration=10303647
Task=31 Chunk=0 Start=39032842453632 End=39032847821295 Duration=5367663
Task=31 Chunk=1 Start=39033002311702 End=39033012614610 Duration=10302908
Task=32 Chunk=0 Start=39032847821295 End=39032853098549 Duration=5277254
Task=32 Chunk=1 Start=39033012614617 End=39033022914738 Duration=10300121
Task=33 Chunk=0 Start=39032853098571 End=39032858384272 Duration=5285701
Task=33 Chunk=1 Start=39033022914765 End=39033033229307 Duration=10314542
Task=34 Chunk=0 Start=39032858384283 End=39032863711677 Duration=5327394
Task=34 Chunk=1 Start=39033033229335 End=39033043542077 Duration=10312742
Task=35 Chunk=0 Start=39032863711687 End=39032868994251 Duration=5282564
Task=35 Chunk=1 Start=39033043542087 End=39033053848219 Duration=10306132
Task=36 Chunk=0 Start=39032868994271 End=39032874289107 Duration=5294836
Task=36 Chunk=1 Start=39033053848248 End=39033064155408 Duration=10307160
Task=37 Chunk=0 Start=39032874289118 End=39032879681402 Duration=5392284
Task=37 Chunk=1 Start=39033064155429 End=39033074462088 Duration=10306659
Task=38 Chunk=0 Start=39032879681403 End=39032884957535 Duration=5276132
Task=38 Chunk=1 Start=39033074462095 End=39033084765786 Duration=10303691
Task=39 Chunk=0 Start=39032884957545 End=39032890247372 Duration=5289827
Task=39 Chunk=1 Start=39033084765812 End=39033095073876 Duration=10308064
Task=40 Chunk=0 Start=39032890247383 End=39032895577440 Duration=5330057
Task=40 Chunk=1 Start=39033095073882 End=39033105389984 Duration=10316102
Task=41 Chunk=0 Start=39032895577458 End=39032900863728 Duration=5286270
Task=41 Chunk=1 Start=39033105389992 End=39033115703100 Duration=10313108
Task=42 Chunk=0 Start=39032900863742 End=39032906147557 Duration=5283815
Task=42 Chunk=1 Start=39033115703108 End=39033126015494 Duration=10312386
Task=43 Chunk=0 Start=39032906147567 End=39032911518741 Duration=5371174
Task=43 Chunk=1 Start=39033126015521 End=39033136322910 Duration=10307389
Task=44 Chunk=0 Start=39032911518752 End=39032916793810 Duration=5275058
Task=44 Chunk=1 Start=39033136322938 End=39033146629611 Duration=10306673
Task=45 Chunk=0 Start=39032916793822 End=39032922097997 Duration=5304175
Task=45 Chunk=1 Start=39033146629620 End=39033156937329 Duration=10307709
Task=46 Chunk=0 Start=39032922098001 End=39032927427517 Duration=5329516
Task=46 Chunk=1 Start=39033156937336 End=39033167250117 Duration=10312781
Task=47 Chunk=0 Start=39032927427520 End=39032932715030 Duration=5287510
Task=47 Chunk=1 Start=39033167250140 End=39033177557116 Duration=10306976
Task=48 Chunk=0 Start=39032932715034 End=39032937992527 Duration=5277493
Task=48 Chunk=1 Start=39033177557123 End=39033187861820 Duration=10304697
Task=49 Chunk=0 Start=39032937992532 End=39032943364152 Duration=5371620
Task=49 Chunk=1 Start=39033187861828 End=39033198167974 Duration=10306146
Task=50 Chunk=0 Start=39032943364155 End=39032948636331 Duration=5272176
Task=50 Chunk=1 Start=39033198168000 End=39033208480301 Duration=10312301
Task=51 Chunk=0 Start=39032948636334 End=39032953918344 Duration=5282010
Task=51 Chunk=1 Start=39033208480310 End=39033218787446 Duration=10307136
Task=52 Chunk=0 Start=39032953918353 End=39032959252241 Duration=5333888
Task=52 Chunk=1 Start=39033218787472 End=39033229095022 Duration=10307550
Task=53 Chunk=0 Start=39032959252248 End=39032965336480 Duration=6084232
Task=53 Chunk=1 Start=39033229095048 End=39033239401383 Duration=10306335
Task=54 Chunk=0 Start=39032965336483 End=39032971148649 Duration=5812166
Task=54 Chunk=1 Start=39033239401410 End=39033249709073 Duration=10307663
Task=55 Chunk=0 Start=39032971148653 End=39032976584405 Duration=5435752
Task=55 Chunk=1 Start=39033249709080 End=39033260019304 Duration=10310224
Task=56 Chunk=0 Start=39032976584428 End=39032981958432 Duration=5374004
Task=56 Chunk=1 Start=39033260019336 End=39033270332754 Duration=10313418
Task=57 Chunk=0 Start=39032981958441 End=39032987319107 Duration=5360666
Task=57 Chunk=1 Start=39033270332785 End=39033280639002 Duration=10306217
Task=58 Chunk=0 Start=39032987319117 End=39032992690836 Duration=5371719
Task=58 Chunk=1 Start=39033280639022 End=39033290950640 Duration=10311618
Task=59 Chunk=0 Start=39032992690845 End=39032998002482 Duration=5311637
Task=59 Chunk=1 Start=39033290950666 End=39033301258117 Duration=10307451
Task=60 Chunk=0 Start=39032998002497 End=39033003300021 Duration=5297524
Task=60 Chunk=1 Start=39033301258126 End=39033311563336 Duration=10305210
Task=61 Chunk=0 Start=39033003300037 End=39033008683542 Duration=5383505
Task=61 Chunk=1 Start=39033311563363 End=39033321870005 Duration=10306642
Task=62 Chunk=0 Start=39033012614646 End=39033017946042 Duration=5331396
Task=62 Chunk=1 Start=39033321870032 End=39033332178028 Duration=10307996
Task=63 Chunk=0 Start=39033022914774 End=39033028199380 Duration=5284606
Task=63 Chunk=1 Start=39033332178035 End=39033342484491 Duration=10306456
Task=64 Chunk=0 Start=39033033229347 End=39033038638537 Duration=5409190
Task=64 Chunk=1 Start=39033342484522 End=39033352793465 Duration=10308943
Task=65 Chunk=0 Start=39033043542111 End=39033048894761 Duration=5352650
Task=65 Chunk=1 Start=39033352793502 End=39033363100249 Duration=10306747
Task=66 Chunk=0 Start=39033053848253 End=39033059165612 Duration=5317359
Task=66 Chunk=1 Start=39033363100276 End=39033373408113 Duration=10307837
Task=67 Chunk=0 Start=39033064155448 End=39033069493005 Duration=5337557
Task=67 Chunk=1 Start=39033373408119 End=39033383718591 Duration=10310472
Task=68 Chunk=0 Start=39033074462130 End=39033080094871 Duration=5632741
Task=68 Chunk=1 Start=39033383718613 End=39033394025470 Duration=10306857
Task=69 Chunk=0 Start=39033084765817 End=39033091247722 Duration=6481905
Task=69 Chunk=1 Start=39033394025497 End=39033404360054 Duration=10334557
Task=70 Chunk=0 Start=39033095073911 End=39033100374608 Duration=5300697
Task=70 Chunk=1 Start=39033404360076 End=39033414708576 Duration=10348500
Task=71 Chunk=0 Start=39033105390014 End=39033110676181 Duration=5286167
Task=71 Chunk=1 Start=39033414708595 End=39033425059080 Duration=10350485
Task=72 Chunk=0 Start=39033115703138 End=39033121009188 Duration=5306050
Task=72 Chunk=1 Start=39033425059092 End=39033435405255 Duration=10346163
Task=73 Chunk=0 Start=39033126015541 End=39033131298764 Duration=5283223
Task=73 Chunk=1 Start=39033435405267 End=39033445748929 Duration=10343662
Task=74 Chunk=0 Start=39033136322940 End=39033141611241 Duration=5288301
Task=74 Chunk=1 Start=39033445748939 End=39033456097007 Duration=10348068
Task=75 Chunk=0 Start=39033146629647 End=39033151914324 Duration=5284677
Task=75 Chunk=1 Start=39033456097016 End=39033466442449 Duration=10345433
Task=76 Chunk=0 Start=39033156937386 End=39033162232213 Duration=5294827
Task=76 Chunk=1 Start=39033466442457 End=39033476783160 Duration=10340703
Task=77 Chunk=0 Start=39033167250161 End=39033172528570 Duration=5278409
Task=77 Chunk=1 Start=39033476783168 End=39033487130129 Duration=10346961
Task=78 Chunk=0 Start=39033177557164 End=39033182855774 Duration=5298610
Task=78 Chunk=1 Start=39033487130138 End=39033497478401 Duration=10348263
Task=79 Chunk=0 Start=39033187861855 End=39033193178528 Duration=5316673
Task=79 Chunk=1 Start=39033497478410 End=39033507825110 Duration=10346700
Task=80 Chunk=0 Start=39033198168017 End=39033203451665 Duration=5283648
Task=80 Chunk=1 Start=39033507825128 End=39033518169184 Duration=10344056
Task=81 Chunk=0 Start=39033208480359 End=39033213766624 Duration=5286265
Task=81 Chunk=1 Start=39033518169192 End=39033528517352 Duration=10348160
Task=82 Chunk=0 Start=39033218787479 End=39033224080606 Duration=5293127
Task=82 Chunk=1 Start=39033528517361 End=39033538867060 Duration=10349699
Task=83 Chunk=0 Start=39033229095070 End=39033234456780 Duration=5361710
Task=83 Chunk=1 Start=39033538867069 End=39033549214930 Duration=10347861
Task=84 Chunk=0 Start=39033239401419 End=39033244685338 Duration=5283919
Task=84 Chunk=1 Start=39033549214939 End=39033559563913 Duration=10348974
Task=85 Chunk=0 Start=39033249709111 End=39033255005235 Duration=5296124
Task=85 Chunk=1 Start=39033559563922 End=39033569911110 Duration=10347188
Task=86 Chunk=0 Start=39033260019341 End=39033265389219 Duration=5369878
Task=86 Chunk=1 Start=39033569911119 End=39033580256552 Duration=10345433
Task=87 Chunk=0 Start=39033270332793 End=39033275634051 Duration=5301258
Task=87 Chunk=1 Start=39033580256560 End=39033590604179 Duration=10347619
Task=88 Chunk=0 Start=39033280639044 End=39033285926041 Duration=5286997
Task=88 Chunk=1 Start=39033590604196 End=39033600949123 Duration=10344927
Task=89 Chunk=0 Start=39033290950690 End=39033296349778 Duration=5399088
Task=89 Chunk=1 Start=39033600949139 End=39033611295001 Duration=10345862
Task=90 Chunk=0 Start=39033301258151 End=39033306561181 Duration=5303030
Task=90 Chunk=1 Start=39033611295019 End=39033621640645 Duration=10345626
Task=91 Chunk=0 Start=39033311563366 End=39033316850892 Duration=5287526
Task=91 Chunk=1 Start=39033621640648 End=39033631978514 Duration=10337866
Task=92 Chunk=0 Start=39033321870053 End=39033327238114 Duration=5368061
Task=92 Chunk=1 Start=39033631978517 End=39033642316349 Duration=10337832
Task=93 Chunk=0 Start=39033332178081 End=39033337499219 Duration=5321138
Task=93 Chunk=1 Start=39033642316352 End=39033652654524 Duration=10338172
Task=94 Chunk=0 Start=39033342484519 End=39033347768055 Duration=5283536
Task=94 Chunk=1 Start=39033652654526 End=39033662992868 Duration=10338342
Task=95 Chunk=0 Start=39033352793502 End=39033358160971 Duration=5367469
Task=95 Chunk=1 Start=39033662992871 End=39033673335487 Duration=10342616
Task=96 Chunk=0 Start=39033363100303 End=39033368445504 Duration=5345201
Task=96 Chunk=1 Start=39033673335491 End=39033683680011 Duration=10344520
Task=97 Chunk=0 Start=39033373408148 End=39033378707763 Duration=5299615
Task=97 Chunk=1 Start=39033683680015 End=39033694023414 Duration=10343399
Task=98 Chunk=0 Start=39033383718629 End=39033389013378 Duration=5294749
Task=98 Chunk=1 Start=39033694023419 End=39033704370606 Duration=10347187
Task=99 Chunk=0 Start=39033394025512 End=39033399358590 Duration=5333078
Task=99 Chunk=1 Start=39033704370614 End=39033714715511 Duration=10344897
### Python End ###
