
Running only on specified device: 3A021JEHN02756
Deploying and running 'bm-fully-tree-vk' on device: 3A021JEHN02756
build/android/arm64-v8a/release/bm-fully-tree-vk: 1 file pushed, 0 skipped. 451.9 MB/s (2816720 bytes in 0.006s)
[2025-06-24 19:13:49.279] [info] Pinable Lit cores: 0 1 2 3 
[2025-06-24 19:13:49.280] [info] Pinable Med cores: 4 5 
[2025-06-24 19:13:49.280] [info] Pinable Big cores: 6 7 
[2025-06-24 19:13:49.280] [info] Pinable Sup cores: 
Stage: 1 by Little
	Count 	483
	Average 	2.0725 ms
Stage: 1 by Medium
	Count 	1366
	Average 	0.7321 ms
Stage: 1 by Big
	Count 	1774
	Average 	0.5637 ms
Stage: 1 by Vulkan
	Count 	908
	Average 	1.1024 ms
Stage: 2 by Little
	Count 	422
	Average 	2.3720 ms
Stage: 2 by Medium
	Count 	1397
	Average 	0.7394 ms
Stage: 2 by Big
	Count 	1526
	Average 	0.6553 ms
Stage: 2 by Vulkan
	Count 	37
	Average 	27.3784 ms
Stage: 3 by Little
	Count 	700
	Average 	1.4314 ms
Stage: 3 by Medium
	Count 	4300
	Average 	0.2326 ms
Stage: 3 by Big
	Count 	4082
	Average 	0.2450 ms
Stage: 3 by Vulkan
	Count 	4167
	Average 	0.2400 ms
Stage: 4 by Little
	Count 	102
	Average 	9.8235 ms
Stage: 4 by Medium
	Count 	191
	Average 	5.2408 ms
Stage: 4 by Big
	Count 	208
	Average 	4.8077 ms
Stage: 4 by Vulkan
	Count 	360
	Average 	2.7806 ms
Stage: 5 by Little
	Count 	1146
	Average 	0.8726 ms
Stage: 5 by Medium
	Count 	4824
	Average 	0.2073 ms
Stage: 5 by Big
	Count 	5203
	Average 	0.1922 ms
Stage: 5 by Vulkan
	Count 	1485
	Average 	0.6734 ms
Stage: 6 by Little
	Count 	1489
	Average 	0.6716 ms
Stage: 6 by Medium
	Count 	4360
	Average 	0.2296 ms
Stage: 6 by Big
	Count 	4163
	Average 	0.2405 ms
Stage: 6 by Vulkan
	Count 	4455
	Average 	0.2245 ms
Stage: 7 by Little
	Count 	228
	Average 	4.3947 ms
Stage: 7 by Medium
	Count 	585
	Average 	1.7128 ms
Stage: 7 by Big
	Count 	589
	Average 	1.7012 ms
Stage: 7 by Vulkan
	Count 	658
	Average 	1.5228 ms
Stage: 1
	Little 	3.7011 ms 	(281)
	Medium 	0.8814 ms 	(1180)
	Big    	0.8407 ms 	(1237)
	Vulkan 	0.8762 ms 	(1187)
Stage: 2
	Little 	5.0000 ms 	(210)
	Medium 	2.2727 ms 	(462)
	Big    	2.2727 ms 	(462)
	Vulkan 	22.3404 ms 	(47)
Stage: 3
	Little 	2.8851 ms 	(348)
	Medium 	0.7560 ms 	(1328)
	Big    	0.5015 ms 	(2002)
	Vulkan 	0.4068 ms 	(2468)
Stage: 4
	Little 	13.4533 ms 	(75)
	Medium 	6.1524 ms 	(164)
	Big    	7.2590 ms 	(139)
	Vulkan 	1.2565 ms 	(803)
Stage: 5
	Little 	2.1118 ms 	(474)
	Medium 	0.2993 ms 	(3344)
	Big    	0.3474 ms 	(2881)
	Vulkan 	0.6005 ms 	(1667)
Stage: 6
	Little 	2.1481 ms 	(466)
	Medium 	0.5230 ms 	(1914)
	Big    	0.4453 ms 	(2248)
	Vulkan 	0.9833 ms 	(1018)
Stage: 7
	Little 	7.6718 ms 	(131)
	Medium 	2.2137 ms 	(454)
	Big    	2.7310 ms 	(368)
	Vulkan 	1.5927 ms 	(631)

Normal Benchmark Results Table (ms per task):
Stage | Little Core | Medium Core | Big Core | Vulkan | CUDA
------|------------|-------------|----------|--------|-------
    1 |      2.0725 |      0.7321 |   0.5637 | 1.1024 | 0.0000
    2 |      2.3720 |      0.7394 |   0.6553 | 27.3784 | 0.0000
    3 |      1.4314 |      0.2326 |   0.2450 | 0.2400 | 0.0000
    4 |      9.8235 |      5.2408 |   4.8077 | 2.7806 | 0.0000
    5 |      0.8726 |      0.2073 |   0.1922 | 0.6734 | 0.0000
    6 |      0.6716 |      0.2296 |   0.2405 | 0.2245 | 0.0000
    7 |      4.3947 |      1.7128 |   1.7012 | 1.5228 | 0.0000

Normal Benchmark - Sum of stages 1-7:
Little Core: 21.6384 ms
Medium Core: 9.0946 ms
Big Core: 8.4055 ms
Vulkan: 33.9220 ms
CUDA: 0.0000 ms

Fully Benchmark Results Table (ms per task):
Stage | Little Core | Medium Core | Big Core | Vulkan | CUDA
------|-------------|-------------|----------|--------|-------
    1 |      3.7011 |      0.8814 |   0.8407 | 0.8762 | 0.0000
    2 |      5.0000 |      2.2727 |   2.2727 | 22.3404 | 0.0000
    3 |      2.8851 |      0.7560 |   0.5015 | 0.4068 | 0.0000
    4 |     13.4533 |      6.1524 |   7.2590 | 1.2565 | 0.0000
    5 |      2.1118 |      0.2993 |   0.3474 | 0.6005 | 0.0000
    6 |      2.1481 |      0.5230 |   0.4453 | 0.9833 | 0.0000
    7 |      7.6718 |      2.2137 |   2.7310 | 1.5927 | 0.0000

Fully Benchmark - Sum of stages 1-7:
Little Core: 36.9711 ms
Medium Core: 13.0985 ms
Big Core: 14.3977 ms
Vulkan: 28.0564 ms
CUDA: 0.0000 ms

Performance Comparison (Fully vs Normal):
Processor  | Normal (ms) | Fully (ms) | Ratio
-----------|-------------|------------|-------
Little Core|       21.64 |      36.97 |  1.71x
Medium Core|        9.09 |      13.10 |  1.44x
Big Core   |        8.41 |      14.40 |  1.71x
Vulkan     |       33.92 |      28.06 |  0.83x

### PYTHON_DATA_START ###
# NORMAL_BENCHMARK_DATA
stage,little,medium,big,vulkan,cuda
1,2.0725,0.7321,0.5637,1.1024,0.0000
2,2.3720,0.7394,0.6553,27.3784,0.0000
3,1.4314,0.2326,0.2450,0.2400,0.0000
4,9.8235,5.2408,4.8077,2.7806,0.0000
5,0.8726,0.2073,0.1922,0.6734,0.0000
6,0.6716,0.2296,0.2405,0.2245,0.0000
7,4.3947,1.7128,1.7012,1.5228,0.0000
# FULLY_BENCHMARK_DATA
stage,little,medium,big,vulkan,cuda
1,3.7011,0.8814,0.8407,0.8762,0.0000
2,5.0000,2.2727,2.2727,22.3404,0.0000
3,2.8851,0.7560,0.5015,0.4068,0.0000
4,13.4533,6.1524,7.2590,1.2565,0.0000
5,2.1118,0.2993,0.3474,0.6005,0.0000
6,2.1481,0.5230,0.4453,0.9833,0.0000
7,7.6718,2.2137,2.7310,1.5927,0.0000
### PYTHON_DATA_END ###
