
Running only on specified device: 3A021JEHN02756
Deploying and running 'bm-fully-tree-vk' on device: 3A021JEHN02756
build/android/arm64-v8a/release/bm-fully-tree-vk: 1 file pushed, 0 skipped. 327.7 MB/s (2816720 bytes in 0.008s)
[2025-06-25 10:42:14.180] [info] Pinable Lit cores: 0 1 2 3 
[2025-06-25 10:42:14.181] [info] Pinable Med cores: 4 5 
[2025-06-25 10:42:14.181] [info] Pinable Big cores: 6 7 
[2025-06-25 10:42:14.181] [info] Pinable Sup cores: 
Stage: 1 by Little
	Count 	462
	Average 	2.1732 ms
Stage: 1 by Medium
	Count 	1331
	Average 	0.7521 ms
Stage: 1 by Big
	Count 	1978
	Average 	0.5061 ms
Stage: 1 by Vulkan
	Count 	640
	Average 	1.5688 ms
Stage: 2 by Little
	Count 	437
	Average 	2.2883 ms
Stage: 2 by Medium
	Count 	1384
	Average 	0.7233 ms
Stage: 2 by Big
	Count 	1611
	Average 	0.6220 ms
Stage: 2 by Vulkan
	Count 	36
	Average 	28.3611 ms
Stage: 3 by Little
	Count 	625
	Average 	1.6048 ms
Stage: 3 by Medium
	Count 	4267
	Average 	0.2344 ms
Stage: 3 by Big
	Count 	4925
	Average 	0.2032 ms
Stage: 3 by Vulkan
	Count 	4973
	Average 	0.2011 ms
Stage: 4 by Little
	Count 	99
	Average 	10.1717 ms
Stage: 4 by Medium
	Count 	193
	Average 	5.1969 ms
Stage: 4 by Big
	Count 	236
	Average 	4.2585 ms
Stage: 4 by Vulkan
	Count 	280
	Average 	3.5750 ms
Stage: 5 by Little
	Count 	1158
	Average 	0.8644 ms
Stage: 5 by Medium
	Count 	4774
	Average 	0.2097 ms
Stage: 5 by Big
	Count 	6241
	Average 	0.1604 ms
Stage: 5 by Vulkan
	Count 	1331
	Average 	0.7528 ms
Stage: 6 by Little
	Count 	1528
	Average 	0.6551 ms
Stage: 6 by Medium
	Count 	4449
	Average 	0.2250 ms
Stage: 6 by Big
	Count 	4973
	Average 	0.2013 ms
Stage: 6 by Vulkan
	Count 	4933
	Average 	0.2027 ms
Stage: 7 by Little
	Count 	168
	Average 	5.9524 ms
Stage: 7 by Medium
	Count 	618
	Average 	1.6214 ms
Stage: 7 by Big
	Count 	748
	Average 	1.3396 ms
Stage: 7 by Vulkan
	Count 	686
	Average 	1.4592 ms
Stage: 1
	Little 	2.7425 ms 	(365)
	Medium 	0.9133 ms 	(1096)
	Big    	0.6538 ms 	(1531)
	Vulkan 	0.7420 ms 	(1349)
Stage: 2
	Little 	3.4088 ms 	(296)
	Medium 	1.6353 ms 	(617)
	Big    	1.5173 ms 	(665)
	Vulkan 	24.0238 ms 	(42)
Stage: 3
	Little 	1.7798 ms 	(563)
	Medium 	0.5765 ms 	(1738)
	Big    	0.3817 ms 	(2625)
	Vulkan 	0.2955 ms 	(3391)
Stage: 4
	Little 	9.2202 ms 	(109)
	Medium 	5.2344 ms 	(192)
	Big    	5.2344 ms 	(192)
	Vulkan 	1.8011 ms 	(558)
Stage: 5
	Little 	1.5889 ms 	(630)
	Medium 	0.4089 ms 	(2448)
	Big    	0.2723 ms 	(3676)
	Vulkan 	0.7010 ms 	(1428)
Stage: 6
	Little 	0.9100 ms 	(1100)
	Medium 	0.5512 ms 	(1816)
	Big    	0.4645 ms 	(2155)
	Vulkan 	0.4441 ms 	(2254)
Stage: 7
	Little 	6.6733 ms 	(150)
	Medium 	2.1343 ms 	(469)
	Big    	2.1714 ms 	(461)
	Vulkan 	1.3509 ms 	(741)

Normal Benchmark Results Table (ms per task):
Stage | Little Core | Medium Core | Big Core | Vulkan | CUDA
------|------------|-------------|----------|--------|-------
    1 |      2.1732 |      0.7521 |   0.5061 | 1.5688 | 0.0000
    2 |      2.2883 |      0.7233 |   0.6220 | 28.3611 | 0.0000
    3 |      1.6048 |      0.2344 |   0.2032 | 0.2011 | 0.0000
    4 |     10.1717 |      5.1969 |   4.2585 | 3.5750 | 0.0000
    5 |      0.8644 |      0.2097 |   0.1604 | 0.7528 | 0.0000
    6 |      0.6551 |      0.2250 |   0.2013 | 0.2027 | 0.0000
    7 |      5.9524 |      1.6214 |   1.3396 | 1.4592 | 0.0000

Normal Benchmark - Sum of stages 1-7:
Little Core: 23.7099 ms
Medium Core: 8.9626 ms
Big Core: 7.2910 ms
Vulkan: 36.1207 ms
CUDA: 0.0000 ms

Fully Benchmark Results Table (ms per task):
Stage | Little Core | Medium Core | Big Core | Vulkan | CUDA
------|-------------|-------------|----------|--------|-------
    1 |      2.7425 |      0.9133 |   0.6538 | 0.7420 | 0.0000
    2 |      3.4088 |      1.6353 |   1.5173 | 24.0238 | 0.0000
    3 |      1.7798 |      0.5765 |   0.3817 | 0.2955 | 0.0000
    4 |      9.2202 |      5.2344 |   5.2344 | 1.8011 | 0.0000
    5 |      1.5889 |      0.4089 |   0.2723 | 0.7010 | 0.0000
    6 |      0.9100 |      0.5512 |   0.4645 | 0.4441 | 0.0000
    7 |      6.6733 |      2.1343 |   2.1714 | 1.3509 | 0.0000

Fully Benchmark - Sum of stages 1-7:
Little Core: 26.3234 ms
Medium Core: 11.4540 ms
Big Core: 10.6954 ms
Vulkan: 29.3584 ms
CUDA: 0.0000 ms

Performance Comparison (Fully vs Normal):
Processor  | Normal (ms) | Fully (ms) | Ratio
-----------|-------------|------------|-------
Little Core|       23.71 |      26.32 |  1.11x
Medium Core|        8.96 |      11.45 |  1.28x
Big Core   |        7.29 |      10.70 |  1.47x
Vulkan     |       36.12 |      29.36 |  0.81x

### PYTHON_DATA_START ###
# NORMAL_BENCHMARK_DATA
stage,little,medium,big,vulkan,cuda
1,2.1732,0.7521,0.5061,1.5688,0.0000
2,2.2883,0.7233,0.6220,28.3611,0.0000
3,1.6048,0.2344,0.2032,0.2011,0.0000
4,10.1717,5.1969,4.2585,3.5750,0.0000
5,0.8644,0.2097,0.1604,0.7528,0.0000
6,0.6551,0.2250,0.2013,0.2027,0.0000
7,5.9524,1.6214,1.3396,1.4592,0.0000
# FULLY_BENCHMARK_DATA
stage,little,medium,big,vulkan,cuda
1,2.7425,0.9133,0.6538,0.7420,0.0000
2,3.4088,1.6353,1.5173,24.0238,0.0000
3,1.7798,0.5765,0.3817,0.2955,0.0000
4,9.2202,5.2344,5.2344,1.8011,0.0000
5,1.5889,0.4089,0.2723,0.7010,0.0000
6,0.9100,0.5512,0.4645,0.4441,0.0000
7,6.6733,2.1343,2.1714,1.3509,0.0000
### PYTHON_DATA_END ###
