
Running only on specified device: 3A021JEHN02756
Deploying and running 'bm-fully-tree-vk' on device: 3A021JEHN02756
build/android/arm64-v8a/release/bm-fully-tree-vk: 1 file pushed, 0 skipped. 445.4 MB/s (2816720 bytes in 0.006s)
[2025-06-25 10:48:31.931] [info] Pinable Lit cores: 0 1 2 3 
[2025-06-25 10:48:31.932] [info] Pinable Med cores: 4 5 
[2025-06-25 10:48:31.932] [info] Pinable Big cores: 6 7 
[2025-06-25 10:48:31.932] [info] Pinable Sup cores: 
Stage: 1 by Little
	Count 	486
	Average 	2.0638 ms
Stage: 1 by Medium
	Count 	1361
	Average 	0.7568 ms
Stage: 1 by Big
	Count 	1969
	Average 	0.5084 ms
Stage: 1 by Vulkan
	Count 	633
	Average 	1.5877 ms
Stage: 2 by Little
	Count 	430
	Average 	2.3279 ms
Stage: 2 by Medium
	Count 	1398
	Average 	0.7167 ms
Stage: 2 by Big
	Count 	1577
	Average 	0.6347 ms
Stage: 2 by Vulkan
	Count 	36
	Average 	28.6667 ms
Stage: 3 by Little
	Count 	641
	Average 	1.5679 ms
Stage: 3 by Medium
	Count 	4192
	Average 	0.2388 ms
Stage: 3 by Big
	Count 	4780
	Average 	0.2094 ms
Stage: 3 by Vulkan
	Count 	4859
	Average 	0.2058 ms
Stage: 4 by Little
	Count 	90
	Average 	11.1778 ms
Stage: 4 by Medium
	Count 	198
	Average 	5.0808 ms
Stage: 4 by Big
	Count 	226
	Average 	4.4469 ms
Stage: 4 by Vulkan
	Count 	321
	Average 	3.1277 ms
Stage: 5 by Little
	Count 	1182
	Average 	0.8477 ms
Stage: 5 by Medium
	Count 	4824
	Average 	0.2075 ms
Stage: 5 by Big
	Count 	6099
	Average 	0.1641 ms
Stage: 5 by Vulkan
	Count 	1489
	Average 	0.6736 ms
Stage: 6 by Little
	Count 	1530
	Average 	0.6549 ms
Stage: 6 by Medium
	Count 	4469
	Average 	0.2240 ms
Stage: 6 by Big
	Count 	4920
	Average 	0.2035 ms
Stage: 6 by Vulkan
	Count 	4853
	Average 	0.2061 ms
Stage: 7 by Little
	Count 	237
	Average 	4.2363 ms
Stage: 7 by Medium
	Count 	612
	Average 	1.6373 ms
Stage: 7 by Big
	Count 	735
	Average 	1.3633 ms
Stage: 7 by Vulkan
	Count 	615
	Average 	1.6309 ms
Stage: 1
	Little 	2.6935 ms 	(372)
	Medium 	0.8660 ms 	(1157)
	Big    	0.6779 ms 	(1478)
	Vulkan 	0.7915 ms 	(1266)
Stage: 2
	Little 	3.6618 ms 	(275)
	Medium 	1.5984 ms 	(630)
	Big    	1.7422 ms 	(578)
	Vulkan 	23.9762 ms 	(42)
Stage: 3
	Little 	3.7148 ms 	(270)
	Medium 	0.3282 ms 	(3056)
	Big    	0.3204 ms 	(3130)
	Vulkan 	1.6470 ms 	(609)
Stage: 4
	Little 	10.2347 ms 	(98)
	Medium 	5.3069 ms 	(189)
	Big    	5.4809 ms 	(183)
	Vulkan 	1.6416 ms 	(611)
Stage: 5
	Little 	1.3017 ms 	(769)
	Medium 	0.3491 ms 	(2867)
	Big    	0.3066 ms 	(3265)
	Vulkan 	0.5733 ms 	(1746)
Stage: 6
	Little 	0.8307 ms 	(1205)
	Medium 	0.6001 ms 	(1668)
	Big    	0.4749 ms 	(2108)
	Vulkan 	0.4097 ms 	(2443)
Stage: 7
	Little 	6.6928 ms 	(153)
	Medium 	2.1695 ms 	(472)
	Big    	2.2213 ms 	(461)
	Vulkan 	1.5015 ms 	(682)

Normal Benchmark Results Table (ms per task):
Stage | Little Core | Medium Core | Big Core | Vulkan | CUDA
------|------------|-------------|----------|--------|-------
    1 |      2.0638 |      0.7568 |   0.5084 | 1.5877 | 0.0000
    2 |      2.3279 |      0.7167 |   0.6347 | 28.6667 | 0.0000
    3 |      1.5679 |      0.2388 |   0.2094 | 0.2058 | 0.0000
    4 |     11.1778 |      5.0808 |   4.4469 | 3.1277 | 0.0000
    5 |      0.8477 |      0.2075 |   0.1641 | 0.6736 | 0.0000
    6 |      0.6549 |      0.2240 |   0.2035 | 0.2061 | 0.0000
    7 |      4.2363 |      1.6373 |   1.3633 | 1.6309 | 0.0000

Normal Benchmark - Sum of stages 1-7:
Little Core: 22.8762 ms
Medium Core: 8.8619 ms
Big Core: 7.5303 ms
Vulkan: 36.0984 ms
CUDA: 0.0000 ms

Fully Benchmark Results Table (ms per task):
Stage | Little Core | Medium Core | Big Core | Vulkan | CUDA
------|-------------|-------------|----------|--------|-------
    1 |      2.6935 |      0.8660 |   0.6779 | 0.7915 | 0.0000
    2 |      3.6618 |      1.5984 |   1.7422 | 23.9762 | 0.0000
    3 |      3.7148 |      0.3282 |   0.3204 | 1.6470 | 0.0000
    4 |     10.2347 |      5.3069 |   5.4809 | 1.6416 | 0.0000
    5 |      1.3017 |      0.3491 |   0.3066 | 0.5733 | 0.0000
    6 |      0.8307 |      0.6001 |   0.4749 | 0.4097 | 0.0000
    7 |      6.6928 |      2.1695 |   2.2213 | 1.5015 | 0.0000

Fully Benchmark - Sum of stages 1-7:
Little Core: 29.1301 ms
Medium Core: 11.2183 ms
Big Core: 11.2242 ms
Vulkan: 30.5407 ms
CUDA: 0.0000 ms

Performance Comparison (Fully vs Normal):
Processor  | Normal (ms) | Fully (ms) | Ratio
-----------|-------------|------------|-------
Little Core|       22.88 |      29.13 |  1.27x
Medium Core|        8.86 |      11.22 |  1.27x
Big Core   |        7.53 |      11.22 |  1.49x
Vulkan     |       36.10 |      30.54 |  0.85x

### PYTHON_DATA_START ###
# NORMAL_BENCHMARK_DATA
stage,little,medium,big,vulkan,cuda
1,2.0638,0.7568,0.5084,1.5877,0.0000
2,2.3279,0.7167,0.6347,28.6667,0.0000
3,1.5679,0.2388,0.2094,0.2058,0.0000
4,11.1778,5.0808,4.4469,3.1277,0.0000
5,0.8477,0.2075,0.1641,0.6736,0.0000
6,0.6549,0.2240,0.2035,0.2061,0.0000
7,4.2363,1.6373,1.3633,1.6309,0.0000
# FULLY_BENCHMARK_DATA
stage,little,medium,big,vulkan,cuda
1,2.6935,0.8660,0.6779,0.7915,0.0000
2,3.6618,1.5984,1.7422,23.9762,0.0000
3,3.7148,0.3282,0.3204,1.6470,0.0000
4,10.2347,5.3069,5.4809,1.6416,0.0000
5,1.3017,0.3491,0.3066,0.5733,0.0000
6,0.8307,0.6001,0.4749,0.4097,0.0000
7,6.6928,2.1695,2.2213,1.5015,0.0000
### PYTHON_DATA_END ###
