
Running only on specified device: 3A021JEHN02756
Deploying and running 'bm-fully-tree-vk' on device: 3A021JEHN02756
build/android/arm64-v8a/release/bm-fully-tree-vk: 1 file pushed, 0 skipped. 466.3 MB/s (2816720 bytes in 0.006s)
[2025-06-28 09:37:55.529] [info] Pinable Lit cores: 0 1 2 3 
[2025-06-28 09:37:55.529] [info] Pinable Med cores: 4 5 
[2025-06-28 09:37:55.529] [info] Pinable Big cores: 6 7 
[2025-06-28 09:37:55.529] [info] Pinable Sup cores: 
Stage: 1 by Little
	Count 	516
	Average 	1.9457 ms
Stage: 1 by Medium
	Count 	1356
	Average 	0.7596 ms
Stage: 1 by Big
	Count 	1948
	Average 	0.5139 ms
Stage: 1 by Vulkan
	Count 	678
	Average 	1.4779 ms
Stage: 2 by Little
	Count 	436
	Average 	2.2982 ms
Stage: 2 by Medium
	Count 	1396
	Average 	0.7170 ms
Stage: 2 by Big
	Count 	1604
	Average 	0.6247 ms
Stage: 2 by Vulkan
	Count 	41
	Average 	24.8780 ms
Stage: 3 by Little
	Count 	640
	Average 	1.5672 ms
Stage: 3 by Medium
	Count 	4118
	Average 	0.2431 ms
Stage: 3 by Big
	Count 	4705
	Average 	0.2128 ms
Stage: 3 by Vulkan
	Count 	4635
	Average 	0.2157 ms
Stage: 4 by Little
	Count 	93
	Average 	10.8925 ms
Stage: 4 by Medium
	Count 	198
	Average 	5.0657 ms
Stage: 4 by Big
	Count 	228
	Average 	4.4035 ms
Stage: 4 by Vulkan
	Count 	241
	Average 	4.1660 ms
Stage: 5 by Little
	Count 	1159
	Average 	0.8637 ms
Stage: 5 by Medium
	Count 	4729
	Average 	0.2117 ms
Stage: 5 by Big
	Count 	6073
	Average 	0.1648 ms
Stage: 5 by Vulkan
	Count 	1389
	Average 	0.7214 ms
Stage: 6 by Little
	Count 	1534
	Average 	0.6525 ms
Stage: 6 by Medium
	Count 	4582
	Average 	0.2185 ms
Stage: 6 by Big
	Count 	4771
	Average 	0.2098 ms
Stage: 6 by Vulkan
	Count 	4777
	Average 	0.2095 ms
Stage: 7 by Little
	Count 	242
	Average 	4.1488 ms
Stage: 7 by Medium
	Count 	619
	Average 	1.6187 ms
Stage: 7 by Big
	Count 	706
	Average 	1.4178 ms
Stage: 7 by Vulkan
	Count 	548
	Average 	1.8285 ms
Stage: 1
	Little 	2.6791 ms 	(374)
	Medium 	0.8329 ms 	(1203)
	Big    	0.7277 ms 	(1377)
	Vulkan 	0.8441 ms 	(1187)
Stage: 2
	Little 	3.3227 ms 	(313)
	Medium 	1.7190 ms 	(605)
	Big    	1.7190 ms 	(605)
	Vulkan 	22.1277 ms 	(47)
Stage: 3
	Little 	1.8054 ms 	(555)
	Medium 	0.4774 ms 	(2099)
	Big    	0.4201 ms 	(2385)
	Vulkan 	0.3833 ms 	(2614)
Stage: 4
	Little 	9.6635 ms 	(104)
	Medium 	5.2895 ms 	(190)
	Big    	5.4918 ms 	(183)
	Vulkan 	1.3824 ms 	(727)
Stage: 5
	Little 	1.5353 ms 	(652)
	Medium 	0.2583 ms 	(3875)
	Big    	0.2899 ms 	(3453)
	Vulkan 	0.5428 ms 	(1844)
Stage: 6
	Little 	1.5213 ms 	(681)
	Medium 	0.8081 ms 	(1282)
	Big    	0.5543 ms 	(1869)
	Vulkan 	0.5920 ms 	(1750)
Stage: 7
	Little 	8.5508 ms 	(118)
	Medium 	2.0343 ms 	(496)
	Big    	2.6907 ms 	(375)
	Vulkan 	1.6248 ms 	(621)

Normal Benchmark Results Table (ms per task):
Stage | Little Core | Medium Core | Big Core | Vulkan | CUDA
------|------------|-------------|----------|--------|-------
    1 |      1.9457 |      0.7596 |   0.5139 | 1.4779 | 0.0000
    2 |      2.2982 |      0.7170 |   0.6247 | 24.8780 | 0.0000
    3 |      1.5672 |      0.2431 |   0.2128 | 0.2157 | 0.0000
    4 |     10.8925 |      5.0657 |   4.4035 | 4.1660 | 0.0000
    5 |      0.8637 |      0.2117 |   0.1648 | 0.7214 | 0.0000
    6 |      0.6525 |      0.2185 |   0.2098 | 0.2095 | 0.0000
    7 |      4.1488 |      1.6187 |   1.4178 | 1.8285 | 0.0000

Normal Benchmark - Sum of stages 1-7:
Little Core: 22.3685 ms
Medium Core: 8.8342 ms
Big Core: 7.5473 ms
Vulkan: 33.4970 ms
CUDA: 0.0000 ms

Fully Benchmark Results Table (ms per task):
Stage | Little Core | Medium Core | Big Core | Vulkan | CUDA
------|-------------|-------------|----------|--------|-------
    1 |      2.6791 |      0.8329 |   0.7277 | 0.8441 | 0.0000
    2 |      3.3227 |      1.7190 |   1.7190 | 22.1277 | 0.0000
    3 |      1.8054 |      0.4774 |   0.4201 | 0.3833 | 0.0000
    4 |      9.6635 |      5.2895 |   5.4918 | 1.3824 | 0.0000
    5 |      1.5353 |      0.2583 |   0.2899 | 0.5428 | 0.0000
    6 |      1.5213 |      0.8081 |   0.5543 | 0.5920 | 0.0000
    7 |      8.5508 |      2.0343 |   2.6907 | 1.6248 | 0.0000

Fully Benchmark - Sum of stages 1-7:
Little Core: 29.0781 ms
Medium Core: 11.4195 ms
Big Core: 11.8935 ms
Vulkan: 27.4972 ms
CUDA: 0.0000 ms

Performance Comparison (Fully vs Normal):
Processor  | Normal (ms) | Fully (ms) | Ratio
-----------|-------------|------------|-------
Little Core|       22.37 |      29.08 |  1.30x
Medium Core|        8.83 |      11.42 |  1.29x
Big Core   |        7.55 |      11.89 |  1.58x
Vulkan     |       33.50 |      27.50 |  0.82x

### PYTHON_DATA_START ###
# NORMAL_BENCHMARK_DATA
stage,little,medium,big,vulkan,cuda
1,1.9457,0.7596,0.5139,1.4779,0.0000
2,2.2982,0.7170,0.6247,24.8780,0.0000
3,1.5672,0.2431,0.2128,0.2157,0.0000
4,10.8925,5.0657,4.4035,4.1660,0.0000
5,0.8637,0.2117,0.1648,0.7214,0.0000
6,0.6525,0.2185,0.2098,0.2095,0.0000
7,4.1488,1.6187,1.4178,1.8285,0.0000
# FULLY_BENCHMARK_DATA
stage,little,medium,big,vulkan,cuda
1,2.6791,0.8329,0.7277,0.8441,0.0000
2,3.3227,1.7190,1.7190,22.1277,0.0000
3,1.8054,0.4774,0.4201,0.3833,0.0000
4,9.6635,5.2895,5.4918,1.3824,0.0000
5,1.5353,0.2583,0.2899,0.5428,0.0000
6,1.5213,0.8081,0.5543,0.5920,0.0000
7,8.5508,2.0343,2.6907,1.6248,0.0000
### PYTHON_DATA_END ###
