
Running only on specified device: 9b034f1b
Deploying and running 'bm-fully-cifar-sparse-vk' on device: 9b034f1b
build/android/arm64-v8a/release/bm-fully-cifar-sparse-vk: 1 file pushed, 0 skipped. 473.8 MB/s (2712016 bytes in 0.005s)
[2025-06-24 19:08:29.195] [info] Pinable Lit cores: 0 1 2 
[2025-06-24 19:08:29.195] [info] Pinable Med cores: 3 4 
[2025-06-24 19:08:29.195] [info] Pinable Big cores: 5 6 7 
[2025-06-24 19:08:29.196] [info] Pinable Sup cores: 
Stage: 1 by Little
	Count 	28
	Average 	36.4643 ms
Stage: 1 by Medium
	Count 	151
	Average 	6.6358 ms
Stage: 1 by Big
	Count 	119
	Average 	8.4454 ms
Stage: 1 by Vulkan
	Count 	166
	Average 	6.0482 ms
Stage: 2 by Little
	Count 	36
	Average 	28.0556 ms
Stage: 2 by Medium
	Count 	61
	Average 	16.4262 ms
Stage: 2 by Big
	Count 	54
	Average 	18.7963 ms
Stage: 2 by Vulkan
	Count 	248
	Average 	4.0524 ms
Stage: 3 by Little
	Count 	57
	Average 	17.7193 ms
Stage: 3 by Medium
	Count 	281
	Average 	3.5623 ms
Stage: 3 by Big
	Count 	251
	Average 	3.9920 ms
Stage: 3 by Vulkan
	Count 	258
	Average 	3.8992 ms
Stage: 4 by Little
	Count 	71
	Average 	14.2535 ms
Stage: 4 by Medium
	Count 	119
	Average 	8.4370 ms
Stage: 4 by Big
	Count 	109
	Average 	9.1927 ms
Stage: 4 by Vulkan
	Count 	252
	Average 	3.9762 ms
Stage: 5 by Little
	Count 	103
	Average 	9.7864 ms
Stage: 5 by Medium
	Count 	472
	Average 	2.1208 ms
Stage: 5 by Big
	Count 	444
	Average 	2.2545 ms
Stage: 5 by Vulkan
	Count 	386
	Average 	2.5984 ms
Stage: 6 by Little
	Count 	107
	Average 	9.3832 ms
Stage: 6 by Medium
	Count 	470
	Average 	2.1319 ms
Stage: 6 by Big
	Count 	438
	Average 	2.2877 ms
Stage: 6 by Vulkan
	Count 	372
	Average 	2.6989 ms
Stage: 7 by Little
	Count 	107
	Average 	9.3925 ms
Stage: 7 by Medium
	Count 	472
	Average 	2.1208 ms
Stage: 7 by Big
	Count 	439
	Average 	2.2802 ms
Stage: 7 by Vulkan
	Count 	389
	Average 	2.5784 ms
Stage: 8 by Little
	Count 	136
	Average 	7.3750 ms
Stage: 8 by Medium
	Count 	225
	Average 	4.4622 ms
Stage: 8 by Big
	Count 	197
	Average 	5.1015 ms
Stage: 8 by Vulkan
	Count 	376
	Average 	2.6755 ms
Stage: 9 by Little
	Count 	30385
	Average 	0.0330 ms
Stage: 9 by Medium
	Count 	58544
	Average 	0.0171 ms
Stage: 9 by Big
	Count 	29786
	Average 	0.0336 ms
Stage: 9 by Vulkan
	Count 	984
	Average 	1.0193 ms
Stage: 1
	Little 	34.3667 ms 	(30)
	Medium 	6.4037 ms 	(161)
	Big    	4.8863 ms 	(211)
	Vulkan 	2.5520 ms 	(404)
Stage: 2
	Little 	32.0312 ms 	(32)
	Medium 	15.5303 ms 	(66)
	Big    	10.0490 ms 	(102)
	Vulkan 	3.0236 ms 	(339)
Stage: 3
	Little 	19.8627 ms 	(51)
	Medium 	3.3213 ms 	(305)
	Big    	2.4768 ms 	(409)
	Vulkan 	2.5776 ms 	(393)
Stage: 4
	Little 	15.0448 ms 	(67)
	Medium 	7.9370 ms 	(127)
	Big    	5.0909 ms 	(198)
	Vulkan 	1.5000 ms 	(672)
Stage: 5
	Little 	10.0700 ms 	(100)
	Medium 	1.9553 ms 	(515)
	Big    	1.4243 ms 	(707)
	Vulkan 	1.3590 ms 	(741)
Stage: 6
	Little 	11.6744 ms 	(86)
	Medium 	1.9725 ms 	(509)
	Big    	1.4363 ms 	(699)
	Vulkan 	1.4530 ms 	(691)
Stage: 7
	Little 	10.2020 ms 	(99)
	Medium 	1.9612 ms 	(515)
	Big    	1.4306 ms 	(706)
	Vulkan 	1.3704 ms 	(737)
Stage: 8
	Little 	9.2385 ms 	(109)
	Medium 	4.1612 ms 	(242)
	Big    	2.7895 ms 	(361)
	Vulkan 	0.9239 ms 	(1090)
Stage: 9
	Little 	0.1362 ms 	(7352)
	Medium 	0.0170 ms 	(58898)
	Big    	0.0128 ms 	(78114)
	Vulkan 	0.3589 ms 	(2789)

Normal Benchmark Results Table (ms per task):
Stage | Little Core | Medium Core | Big Core | Vulkan | CUDA
------|------------|-------------|----------|--------|-------
    1 |     36.4643 |      6.6358 |   8.4454 | 6.0482 | 0.0000
    2 |     28.0556 |     16.4262 |  18.7963 | 4.0524 | 0.0000
    3 |     17.7193 |      3.5623 |   3.9920 | 3.8992 | 0.0000
    4 |     14.2535 |      8.4370 |   9.1927 | 3.9762 | 0.0000
    5 |      9.7864 |      2.1208 |   2.2545 | 2.5984 | 0.0000
    6 |      9.3832 |      2.1319 |   2.2877 | 2.6989 | 0.0000
    7 |      9.3925 |      2.1208 |   2.2802 | 2.5784 | 0.0000
    8 |      7.3750 |      4.4622 |   5.1015 | 2.6755 | 0.0000
    9 |      0.0330 |      0.0171 |   0.0336 | 1.0193 | 0.0000

Normal Benchmark - Sum of stages 1-9:
Little Core: 132.4627 ms
Medium Core: 45.9140 ms
Big Core: 52.3838 ms
Vulkan: 29.5466 ms
CUDA: 0.0000 ms

Fully Benchmark Results Table (ms per task):
Stage | Little Core | Medium Core | Big Core | Vulkan | CUDA
------|-------------|-------------|----------|--------|-------
    1 |     34.3667 |      6.4037 |   4.8863 | 2.5520 | 0.0000
    2 |     32.0312 |     15.5303 |  10.0490 | 3.0236 | 0.0000
    3 |     19.8627 |      3.3213 |   2.4768 | 2.5776 | 0.0000
    4 |     15.0448 |      7.9370 |   5.0909 | 1.5000 | 0.0000
    5 |     10.0700 |      1.9553 |   1.4243 | 1.3590 | 0.0000
    6 |     11.6744 |      1.9725 |   1.4363 | 1.4530 | 0.0000
    7 |     10.2020 |      1.9612 |   1.4306 | 1.3704 | 0.0000
    8 |      9.2385 |      4.1612 |   2.7895 | 0.9239 | 0.0000
    9 |      0.1362 |      0.0170 |   0.0128 | 0.3589 | 0.0000

Fully Benchmark - Sum of stages 1-9:
Little Core: 142.6266 ms
Medium Core: 43.2595 ms
Big Core: 29.5965 ms
Vulkan: 15.1183 ms
CUDA: 0.0000 ms

Performance Comparison (Fully vs Normal):
Processor  | Normal (ms) | Fully (ms) | Ratio
-----------|-------------|------------|-------
Little Core|      132.46 |     142.63 |  1.08x
Medium Core|       45.91 |      43.26 |  0.94x
Big Core   |       52.38 |      29.60 |  0.56x
Vulkan     |       29.55 |      15.12 |  0.51x

### PYTHON_DATA_START ###
# NORMAL_BENCHMARK_DATA
stage,little,medium,big,vulkan,cuda
1,36.4643,6.6358,8.4454,6.0482,0.0000
2,28.0556,16.4262,18.7963,4.0524,0.0000
3,17.7193,3.5623,3.9920,3.8992,0.0000
4,14.2535,8.4370,9.1927,3.9762,0.0000
5,9.7864,2.1208,2.2545,2.5984,0.0000
6,9.3832,2.1319,2.2877,2.6989,0.0000
7,9.3925,2.1208,2.2802,2.5784,0.0000
8,7.3750,4.4622,5.1015,2.6755,0.0000
9,0.0330,0.0171,0.0336,1.0193,0.0000
# FULLY_BENCHMARK_DATA
stage,little,medium,big,vulkan,cuda
1,34.3667,6.4037,4.8863,2.5520,0.0000
2,32.0312,15.5303,10.0490,3.0236,0.0000
3,19.8627,3.3213,2.4768,2.5776,0.0000
4,15.0448,7.9370,5.0909,1.5000,0.0000
5,10.0700,1.9553,1.4243,1.3590,0.0000
6,11.6744,1.9725,1.4363,1.4530,0.0000
7,10.2020,1.9612,1.4306,1.3704,0.0000
8,9.2385,4.1612,2.7895,0.9239,0.0000
9,0.1362,0.0170,0.0128,0.3589,0.0000
### PYTHON_DATA_END ###
