
Running only on specified device: 9b034f1b
Deploying and running 'bm-fully-cifar-sparse-vk' on device: 9b034f1b
build/android/arm64-v8a/release/bm-fully-cifar-sparse-vk: 1 file pushed, 0 skipped. 479.5 MB/s (2712016 bytes in 0.005s)
[2025-06-25 10:42:14.077] [info] Pinable Lit cores: 0 1 2 
[2025-06-25 10:42:14.078] [info] Pinable Med cores: 3 4 
[2025-06-25 10:42:14.078] [info] Pinable Big cores: 5 6 7 
[2025-06-25 10:42:14.078] [info] Pinable Sup cores: 
Stage: 1 by Little
	Count 	31
	Average 	33.3871 ms
Stage: 1 by Medium
	Count 	152
	Average 	6.5855 ms
Stage: 1 by Big
	Count 	107
	Average 	9.3645 ms
Stage: 1 by Vulkan
	Count 	184
	Average 	5.4457 ms
Stage: 2 by Little
	Count 	38
	Average 	27.0000 ms
Stage: 2 by Medium
	Count 	60
	Average 	16.8500 ms
Stage: 2 by Big
	Count 	52
	Average 	19.3846 ms
Stage: 2 by Vulkan
	Count 	273
	Average 	3.6813 ms
Stage: 3 by Little
	Count 	58
	Average 	17.4310 ms
Stage: 3 by Medium
	Count 	284
	Average 	3.5352 ms
Stage: 3 by Big
	Count 	205
	Average 	4.8829 ms
Stage: 3 by Vulkan
	Count 	301
	Average 	3.3389 ms
Stage: 4 by Little
	Count 	72
	Average 	14.0139 ms
Stage: 4 by Medium
	Count 	119
	Average 	8.4202 ms
Stage: 4 by Big
	Count 	100
	Average 	10.0700 ms
Stage: 4 by Vulkan
	Count 	443
	Average 	2.2619 ms
Stage: 5 by Little
	Count 	108
	Average 	9.3148 ms
Stage: 5 by Medium
	Count 	475
	Average 	2.1116 ms
Stage: 5 by Big
	Count 	416
	Average 	2.4062 ms
Stage: 5 by Vulkan
	Count 	467
	Average 	2.1478 ms
Stage: 6 by Little
	Count 	108
	Average 	9.3611 ms
Stage: 6 by Medium
	Count 	475
	Average 	2.1116 ms
Stage: 6 by Big
	Count 	418
	Average 	2.3947 ms
Stage: 6 by Vulkan
	Count 	467
	Average 	2.1499 ms
Stage: 7 by Little
	Count 	106
	Average 	9.4906 ms
Stage: 7 by Medium
	Count 	475
	Average 	2.1116 ms
Stage: 7 by Big
	Count 	350
	Average 	2.8600 ms
Stage: 7 by Vulkan
	Count 	437
	Average 	2.2952 ms
Stage: 8 by Little
	Count 	140
	Average 	7.1571 ms
Stage: 8 by Medium
	Count 	226
	Average 	4.4292 ms
Stage: 8 by Big
	Count 	185
	Average 	5.4162 ms
Stage: 8 by Vulkan
	Count 	380
	Average 	2.6421 ms
Stage: 9 by Little
	Count 	29405
	Average 	0.0341 ms
Stage: 9 by Medium
	Count 	59112
	Average 	0.0169 ms
Stage: 9 by Big
	Count 	33588
	Average 	0.0298 ms
Stage: 9 by Vulkan
	Count 	1126
	Average 	0.8899 ms
Stage: 1
	Little 	36.7143 ms 	(28)
	Medium 	6.3457 ms 	(162)
	Big    	4.8720 ms 	(211)
	Vulkan 	2.8011 ms 	(367)
Stage: 2
	Little 	28.7714 ms 	(35)
	Medium 	15.2576 ms 	(66)
	Big    	9.8725 ms 	(102)
	Vulkan 	2.1200 ms 	(475)
Stage: 3
	Little 	18.2545 ms 	(55)
	Medium 	3.3026 ms 	(304)
	Big    	2.4608 ms 	(408)
	Vulkan 	2.4193 ms 	(415)
Stage: 4
	Little 	15.4769 ms 	(65)
	Medium 	7.9213 ms 	(127)
	Big    	5.1590 ms 	(195)
	Vulkan 	1.4816 ms 	(679)
Stage: 5
	Little 	10.1616 ms 	(99)
	Medium 	1.9725 ms 	(510)
	Big    	1.4310 ms 	(703)
	Vulkan 	1.3467 ms 	(747)
Stage: 6
	Little 	10.7340 ms 	(94)
	Medium 	1.9823 ms 	(509)
	Big    	1.4292 ms 	(706)
	Vulkan 	1.4132 ms 	(714)
Stage: 7
	Little 	10.0900 ms 	(100)
	Medium 	1.9707 ms 	(512)
	Big    	1.4272 ms 	(707)
	Vulkan 	1.3580 ms 	(743)
Stage: 8
	Little 	8.1048 ms 	(124)
	Medium 	4.1875 ms 	(240)
	Big    	2.7762 ms 	(362)
	Vulkan 	0.8732 ms 	(1151)
Stage: 9
	Little 	0.0911 ms 	(10989)
	Medium 	0.0167 ms 	(59762)
	Big    	0.0147 ms 	(67901)
	Vulkan 	0.2830 ms 	(3537)

Normal Benchmark Results Table (ms per task):
Stage | Little Core | Medium Core | Big Core | Vulkan | CUDA
------|------------|-------------|----------|--------|-------
    1 |     33.3871 |      6.5855 |   9.3645 | 5.4457 | 0.0000
    2 |     27.0000 |     16.8500 |  19.3846 | 3.6813 | 0.0000
    3 |     17.4310 |      3.5352 |   4.8829 | 3.3389 | 0.0000
    4 |     14.0139 |      8.4202 |  10.0700 | 2.2619 | 0.0000
    5 |      9.3148 |      2.1116 |   2.4062 | 2.1478 | 0.0000
    6 |      9.3611 |      2.1116 |   2.3947 | 2.1499 | 0.0000
    7 |      9.4906 |      2.1116 |   2.8600 | 2.2952 | 0.0000
    8 |      7.1571 |      4.4292 |   5.4162 | 2.6421 | 0.0000
    9 |      0.0341 |      0.0169 |   0.0298 | 0.8899 | 0.0000

Normal Benchmark - Sum of stages 1-9:
Little Core: 127.1897 ms
Medium Core: 46.1718 ms
Big Core: 56.8090 ms
Vulkan: 24.8525 ms
CUDA: 0.0000 ms

Fully Benchmark Results Table (ms per task):
Stage | Little Core | Medium Core | Big Core | Vulkan | CUDA
------|-------------|-------------|----------|--------|-------
    1 |     36.7143 |      6.3457 |   4.8720 | 2.8011 | 0.0000
    2 |     28.7714 |     15.2576 |   9.8725 | 2.1200 | 0.0000
    3 |     18.2545 |      3.3026 |   2.4608 | 2.4193 | 0.0000
    4 |     15.4769 |      7.9213 |   5.1590 | 1.4816 | 0.0000
    5 |     10.1616 |      1.9725 |   1.4310 | 1.3467 | 0.0000
    6 |     10.7340 |      1.9823 |   1.4292 | 1.4132 | 0.0000
    7 |     10.0900 |      1.9707 |   1.4272 | 1.3580 | 0.0000
    8 |      8.1048 |      4.1875 |   2.7762 | 0.8732 | 0.0000
    9 |      0.0911 |      0.0167 |   0.0147 | 0.2830 | 0.0000

Fully Benchmark - Sum of stages 1-9:
Little Core: 138.3988 ms
Medium Core: 42.9570 ms
Big Core: 29.4427 ms
Vulkan: 14.0960 ms
CUDA: 0.0000 ms

Performance Comparison (Fully vs Normal):
Processor  | Normal (ms) | Fully (ms) | Ratio
-----------|-------------|------------|-------
Little Core|      127.19 |     138.40 |  1.09x
Medium Core|       46.17 |      42.96 |  0.93x
Big Core   |       56.81 |      29.44 |  0.52x
Vulkan     |       24.85 |      14.10 |  0.57x

### PYTHON_DATA_START ###
# NORMAL_BENCHMARK_DATA
stage,little,medium,big,vulkan,cuda
1,33.3871,6.5855,9.3645,5.4457,0.0000
2,27.0000,16.8500,19.3846,3.6813,0.0000
3,17.4310,3.5352,4.8829,3.3389,0.0000
4,14.0139,8.4202,10.0700,2.2619,0.0000
5,9.3148,2.1116,2.4062,2.1478,0.0000
6,9.3611,2.1116,2.3947,2.1499,0.0000
7,9.4906,2.1116,2.8600,2.2952,0.0000
8,7.1571,4.4292,5.4162,2.6421,0.0000
9,0.0341,0.0169,0.0298,0.8899,0.0000
# FULLY_BENCHMARK_DATA
stage,little,medium,big,vulkan,cuda
1,36.7143,6.3457,4.8720,2.8011,0.0000
2,28.7714,15.2576,9.8725,2.1200,0.0000
3,18.2545,3.3026,2.4608,2.4193,0.0000
4,15.4769,7.9213,5.1590,1.4816,0.0000
5,10.1616,1.9725,1.4310,1.3467,0.0000
6,10.7340,1.9823,1.4292,1.4132,0.0000
7,10.0900,1.9707,1.4272,1.3580,0.0000
8,8.1048,4.1875,2.7762,0.8732,0.0000
9,0.0911,0.0167,0.0147,0.2830,0.0000
### PYTHON_DATA_END ###
