
Running only on specified device: 9b034f1b
Deploying and running 'bm-fully-cifar-sparse-vk' on device: 9b034f1b
build/android/arm64-v8a/release/bm-fully-cifar-sparse-vk: 1 file pushed, 0 skipped. 453.3 MB/s (2712016 bytes in 0.006s)
[2025-06-28 09:25:10.936] [info] Pinable Lit cores: 0 1 2 
[2025-06-28 09:25:10.936] [info] Pinable Med cores: 3 4 
[2025-06-28 09:25:10.936] [info] Pinable Big cores: 5 6 7 
[2025-06-28 09:25:10.936] [info] Pinable Sup cores: 
Stage: 1 by Little
	Count 	30
	Average 	33.9000 ms
Stage: 1 by Medium
	Count 	153
	Average 	6.5817 ms
Stage: 1 by Big
	Count 	106
	Average 	9.4623 ms
Stage: 1 by Vulkan
	Count 	177
	Average 	5.6893 ms
Stage: 2 by Little
	Count 	37
	Average 	27.4865 ms
Stage: 2 by Medium
	Count 	62
	Average 	16.2742 ms
Stage: 2 by Big
	Count 	51
	Average 	19.8431 ms
Stage: 2 by Vulkan
	Count 	270
	Average 	3.7148 ms
Stage: 3 by Little
	Count 	59
	Average 	17.2203 ms
Stage: 3 by Medium
	Count 	284
	Average 	3.5387 ms
Stage: 3 by Big
	Count 	244
	Average 	4.1066 ms
Stage: 3 by Vulkan
	Count 	296
	Average 	3.3885 ms
Stage: 4 by Little
	Count 	72
	Average 	14.0139 ms
Stage: 4 by Medium
	Count 	120
	Average 	8.4083 ms
Stage: 4 by Big
	Count 	110
	Average 	9.1182 ms
Stage: 4 by Vulkan
	Count 	438
	Average 	2.2945 ms
Stage: 5 by Little
	Count 	107
	Average 	9.4206 ms
Stage: 5 by Medium
	Count 	475
	Average 	2.1116 ms
Stage: 5 by Big
	Count 	349
	Average 	2.8711 ms
Stage: 5 by Vulkan
	Count 	457
	Average 	2.1947 ms
Stage: 6 by Little
	Count 	95
	Average 	10.6316 ms
Stage: 6 by Medium
	Count 	473
	Average 	2.1163 ms
Stage: 6 by Big
	Count 	469
	Average 	2.1343 ms
Stage: 6 by Vulkan
	Count 	461
	Average 	2.1735 ms
Stage: 7 by Little
	Count 	107
	Average 	9.4019 ms
Stage: 7 by Medium
	Count 	474
	Average 	2.1118 ms
Stage: 7 by Big
	Count 	493
	Average 	2.0304 ms
Stage: 7 by Vulkan
	Count 	457
	Average 	2.1969 ms
Stage: 8 by Little
	Count 	140
	Average 	7.1643 ms
Stage: 8 by Medium
	Count 	226
	Average 	4.4381 ms
Stage: 8 by Big
	Count 	201
	Average 	4.9950 ms
Stage: 8 by Vulkan
	Count 	419
	Average 	2.3938 ms
Stage: 9 by Little
	Count 	30366
	Average 	0.0330 ms
Stage: 9 by Medium
	Count 	59723
	Average 	0.0168 ms
Stage: 9 by Big
	Count 	30068
	Average 	0.0333 ms
Stage: 9 by Vulkan
	Count 	1168
	Average 	0.8587 ms
Stage: 1
	Little 	35.4483 ms 	(29)
	Medium 	6.2683 ms 	(164)
	Big    	4.7814 ms 	(215)
	Vulkan 	2.8164 ms 	(365)
Stage: 2
	Little 	30.7273 ms 	(33)
	Medium 	15.3636 ms 	(66)
	Big    	9.8447 ms 	(103)
	Vulkan 	2.9649 ms 	(342)
Stage: 3
	Little 	18.3455 ms 	(55)
	Medium 	3.3082 ms 	(305)
	Big    	2.4791 ms 	(407)
	Vulkan 	2.4670 ms 	(409)
Stage: 4
	Little 	16.8167 ms 	(60)
	Medium 	7.9449 ms 	(127)
	Big    	5.1480 ms 	(196)
	Vulkan 	1.5815 ms 	(638)
Stage: 5
	Little 	10.3918 ms 	(97)
	Medium 	1.9726 ms 	(511)
	Big    	1.4257 ms 	(707)
	Vulkan 	1.3603 ms 	(741)
Stage: 6
	Little 	10.2347 ms 	(98)
	Medium 	1.9744 ms 	(508)
	Big    	1.4247 ms 	(704)
	Vulkan 	1.3518 ms 	(742)
Stage: 7
	Little 	10.3402 ms 	(97)
	Medium 	1.9628 ms 	(511)
	Big    	1.4227 ms 	(705)
	Vulkan 	1.3518 ms 	(742)
Stage: 8
	Little 	8.8333 ms 	(114)
	Medium 	4.1784 ms 	(241)
	Big    	2.7665 ms 	(364)
	Vulkan 	0.9281 ms 	(1085)
Stage: 9
	Little 	0.1197 ms 	(8363)
	Medium 	0.0172 ms 	(58358)
	Big    	0.0126 ms 	(79324)
	Vulkan 	0.3317 ms 	(3018)

Normal Benchmark Results Table (ms per task):
Stage | Little Core | Medium Core | Big Core | Vulkan | CUDA
------|------------|-------------|----------|--------|-------
    1 |     33.9000 |      6.5817 |   9.4623 | 5.6893 | 0.0000
    2 |     27.4865 |     16.2742 |  19.8431 | 3.7148 | 0.0000
    3 |     17.2203 |      3.5387 |   4.1066 | 3.3885 | 0.0000
    4 |     14.0139 |      8.4083 |   9.1182 | 2.2945 | 0.0000
    5 |      9.4206 |      2.1116 |   2.8711 | 2.1947 | 0.0000
    6 |     10.6316 |      2.1163 |   2.1343 | 2.1735 | 0.0000
    7 |      9.4019 |      2.1118 |   2.0304 | 2.1969 | 0.0000
    8 |      7.1643 |      4.4381 |   4.9950 | 2.3938 | 0.0000
    9 |      0.0330 |      0.0168 |   0.0333 | 0.8587 | 0.0000

Normal Benchmark - Sum of stages 1-9:
Little Core: 129.2720 ms
Medium Core: 45.5974 ms
Big Core: 54.5942 ms
Vulkan: 24.9049 ms
CUDA: 0.0000 ms

Fully Benchmark Results Table (ms per task):
Stage | Little Core | Medium Core | Big Core | Vulkan | CUDA
------|-------------|-------------|----------|--------|-------
    1 |     35.4483 |      6.2683 |   4.7814 | 2.8164 | 0.0000
    2 |     30.7273 |     15.3636 |   9.8447 | 2.9649 | 0.0000
    3 |     18.3455 |      3.3082 |   2.4791 | 2.4670 | 0.0000
    4 |     16.8167 |      7.9449 |   5.1480 | 1.5815 | 0.0000
    5 |     10.3918 |      1.9726 |   1.4257 | 1.3603 | 0.0000
    6 |     10.2347 |      1.9744 |   1.4247 | 1.3518 | 0.0000
    7 |     10.3402 |      1.9628 |   1.4227 | 1.3518 | 0.0000
    8 |      8.8333 |      4.1784 |   2.7665 | 0.9281 | 0.0000
    9 |      0.1197 |      0.0172 |   0.0126 | 0.3317 | 0.0000

Fully Benchmark - Sum of stages 1-9:
Little Core: 141.2573 ms
Medium Core: 42.9904 ms
Big Core: 29.3054 ms
Vulkan: 15.1535 ms
CUDA: 0.0000 ms

Performance Comparison (Fully vs Normal):
Processor  | Normal (ms) | Fully (ms) | Ratio
-----------|-------------|------------|-------
Little Core|      129.27 |     141.26 |  1.09x
Medium Core|       45.60 |      42.99 |  0.94x
Big Core   |       54.59 |      29.31 |  0.54x
Vulkan     |       24.90 |      15.15 |  0.61x

### PYTHON_DATA_START ###
# NORMAL_BENCHMARK_DATA
stage,little,medium,big,vulkan,cuda
1,33.9000,6.5817,9.4623,5.6893,0.0000
2,27.4865,16.2742,19.8431,3.7148,0.0000
3,17.2203,3.5387,4.1066,3.3885,0.0000
4,14.0139,8.4083,9.1182,2.2945,0.0000
5,9.4206,2.1116,2.8711,2.1947,0.0000
6,10.6316,2.1163,2.1343,2.1735,0.0000
7,9.4019,2.1118,2.0304,2.1969,0.0000
8,7.1643,4.4381,4.9950,2.3938,0.0000
9,0.0330,0.0168,0.0333,0.8587,0.0000
# FULLY_BENCHMARK_DATA
stage,little,medium,big,vulkan,cuda
1,35.4483,6.2683,4.7814,2.8164,0.0000
2,30.7273,15.3636,9.8447,2.9649,0.0000
3,18.3455,3.3082,2.4791,2.4670,0.0000
4,16.8167,7.9449,5.1480,1.5815,0.0000
5,10.3918,1.9726,1.4257,1.3603,0.0000
6,10.2347,1.9744,1.4247,1.3518,0.0000
7,10.3402,1.9628,1.4227,1.3518,0.0000
8,8.8333,4.1784,2.7665,0.9281,0.0000
9,0.1197,0.0172,0.0126,0.3317,0.0000
### PYTHON_DATA_END ###
