
Running only on specified device: 9b034f1b
Deploying and running 'bm-fully-cifar-sparse-vk' on device: 9b034f1b
build/android/arm64-v8a/release/bm-fully-cifar-sparse-vk: 1 file pushed, 0 skipped. 412.0 MB/s (2712016 bytes in 0.006s)
[2025-06-28 09:31:35.646] [info] Pinable Lit cores: 0 1 2 
[2025-06-28 09:31:35.646] [info] Pinable Med cores: 3 4 
[2025-06-28 09:31:35.646] [info] Pinable Big cores: 5 6 7 
[2025-06-28 09:31:35.646] [info] Pinable Sup cores: 
Stage: 1 by Little
	Count 	30
	Average 	33.5333 ms
Stage: 1 by Medium
	Count 	153
	Average 	6.5817 ms
Stage: 1 by Big
	Count 	109
	Average 	9.1927 ms
Stage: 1 by Vulkan
	Count 	186
	Average 	5.4086 ms
Stage: 2 by Little
	Count 	37
	Average 	27.2432 ms
Stage: 2 by Medium
	Count 	62
	Average 	16.3065 ms
Stage: 2 by Big
	Count 	52
	Average 	19.4231 ms
Stage: 2 by Vulkan
	Count 	283
	Average 	3.5442 ms
Stage: 3 by Little
	Count 	58
	Average 	17.5172 ms
Stage: 3 by Medium
	Count 	284
	Average 	3.5282 ms
Stage: 3 by Big
	Count 	204
	Average 	4.9265 ms
Stage: 3 by Vulkan
	Count 	299
	Average 	3.3545 ms
Stage: 4 by Little
	Count 	72
	Average 	14.0417 ms
Stage: 4 by Medium
	Count 	120
	Average 	8.3917 ms
Stage: 4 by Big
	Count 	100
	Average 	10.0900 ms
Stage: 4 by Vulkan
	Count 	343
	Average 	2.9300 ms
Stage: 5 by Little
	Count 	107
	Average 	9.3832 ms
Stage: 5 by Medium
	Count 	474
	Average 	2.1139 ms
Stage: 5 by Big
	Count 	369
	Average 	2.7182 ms
Stage: 5 by Vulkan
	Count 	456
	Average 	2.1974 ms
Stage: 6 by Little
	Count 	107
	Average 	9.3645 ms
Stage: 6 by Medium
	Count 	474
	Average 	2.1139 ms
Stage: 6 by Big
	Count 	366
	Average 	2.7350 ms
Stage: 6 by Vulkan
	Count 	457
	Average 	2.1926 ms
Stage: 7 by Little
	Count 	107
	Average 	9.3738 ms
Stage: 7 by Medium
	Count 	475
	Average 	2.1116 ms
Stage: 7 by Big
	Count 	433
	Average 	2.3141 ms
Stage: 7 by Vulkan
	Count 	456
	Average 	2.1996 ms
Stage: 8 by Little
	Count 	139
	Average 	7.2158 ms
Stage: 8 by Medium
	Count 	226
	Average 	4.4292 ms
Stage: 8 by Big
	Count 	188
	Average 	5.3245 ms
Stage: 8 by Vulkan
	Count 	424
	Average 	2.3679 ms
Stage: 9 by Little
	Count 	29954
	Average 	0.0335 ms
Stage: 9 by Medium
	Count 	58576
	Average 	0.0171 ms
Stage: 9 by Big
	Count 	26502
	Average 	0.0377 ms
Stage: 9 by Vulkan
	Count 	1172
	Average 	0.8558 ms
Stage: 1
	Little 	35.3793 ms 	(29)
	Medium 	6.2945 ms 	(163)
	Big    	4.7721 ms 	(215)
	Vulkan 	2.8500 ms 	(360)
Stage: 2
	Little 	31.0000 ms 	(33)
	Medium 	15.5000 ms 	(66)
	Big    	10.0294 ms 	(102)
	Vulkan 	3.0088 ms 	(340)
Stage: 3
	Little 	18.3091 ms 	(55)
	Medium 	3.3016 ms 	(305)
	Big    	2.4621 ms 	(409)
	Vulkan 	2.4383 ms 	(413)
Stage: 4
	Little 	14.9851 ms 	(67)
	Medium 	7.8438 ms 	(128)
	Big    	5.0452 ms 	(199)
	Vulkan 	1.4896 ms 	(674)
Stage: 5
	Little 	10.0800 ms 	(100)
	Medium 	1.9611 ms 	(514)
	Big    	1.4237 ms 	(708)
	Vulkan 	1.3585 ms 	(742)
Stage: 6
	Little 	10.0700 ms 	(100)
	Medium 	1.9745 ms 	(510)
	Big    	1.4284 ms 	(705)
	Vulkan 	1.3627 ms 	(739)
Stage: 7
	Little 	10.1717 ms 	(99)
	Medium 	1.9553 ms 	(515)
	Big    	1.4243 ms 	(707)
	Vulkan 	1.3627 ms 	(739)
Stage: 8
	Little 	9.5905 ms 	(105)
	Medium 	4.1784 ms 	(241)
	Big    	2.7741 ms 	(363)
	Vulkan 	0.9664 ms 	(1042)
Stage: 9
	Little 	0.1185 ms 	(8445)
	Medium 	0.0168 ms 	(59451)
	Big    	0.0127 ms 	(78731)
	Vulkan 	0.3405 ms 	(2940)

Normal Benchmark Results Table (ms per task):
Stage | Little Core | Medium Core | Big Core | Vulkan | CUDA
------|------------|-------------|----------|--------|-------
    1 |     33.5333 |      6.5817 |   9.1927 | 5.4086 | 0.0000
    2 |     27.2432 |     16.3065 |  19.4231 | 3.5442 | 0.0000
    3 |     17.5172 |      3.5282 |   4.9265 | 3.3545 | 0.0000
    4 |     14.0417 |      8.3917 |  10.0900 | 2.9300 | 0.0000
    5 |      9.3832 |      2.1139 |   2.7182 | 2.1974 | 0.0000
    6 |      9.3645 |      2.1139 |   2.7350 | 2.1926 | 0.0000
    7 |      9.3738 |      2.1116 |   2.3141 | 2.1996 | 0.0000
    8 |      7.2158 |      4.4292 |   5.3245 | 2.3679 | 0.0000
    9 |      0.0335 |      0.0171 |   0.0377 | 0.8558 | 0.0000

Normal Benchmark - Sum of stages 1-9:
Little Core: 127.7063 ms
Medium Core: 45.5937 ms
Big Core: 56.7616 ms
Vulkan: 25.0505 ms
CUDA: 0.0000 ms

Fully Benchmark Results Table (ms per task):
Stage | Little Core | Medium Core | Big Core | Vulkan | CUDA
------|-------------|-------------|----------|--------|-------
    1 |     35.3793 |      6.2945 |   4.7721 | 2.8500 | 0.0000
    2 |     31.0000 |     15.5000 |  10.0294 | 3.0088 | 0.0000
    3 |     18.3091 |      3.3016 |   2.4621 | 2.4383 | 0.0000
    4 |     14.9851 |      7.8438 |   5.0452 | 1.4896 | 0.0000
    5 |     10.0800 |      1.9611 |   1.4237 | 1.3585 | 0.0000
    6 |     10.0700 |      1.9745 |   1.4284 | 1.3627 | 0.0000
    7 |     10.1717 |      1.9553 |   1.4243 | 1.3627 | 0.0000
    8 |      9.5905 |      4.1784 |   2.7741 | 0.9664 | 0.0000
    9 |      0.1185 |      0.0168 |   0.0127 | 0.3405 | 0.0000

Fully Benchmark - Sum of stages 1-9:
Little Core: 139.7042 ms
Medium Core: 43.0261 ms
Big Core: 29.3721 ms
Vulkan: 15.1774 ms
CUDA: 0.0000 ms

Performance Comparison (Fully vs Normal):
Processor  | Normal (ms) | Fully (ms) | Ratio
-----------|-------------|------------|-------
Little Core|      127.71 |     139.70 |  1.09x
Medium Core|       45.59 |      43.03 |  0.94x
Big Core   |       56.76 |      29.37 |  0.52x
Vulkan     |       25.05 |      15.18 |  0.61x

### PYTHON_DATA_START ###
# NORMAL_BENCHMARK_DATA
stage,little,medium,big,vulkan,cuda
1,33.5333,6.5817,9.1927,5.4086,0.0000
2,27.2432,16.3065,19.4231,3.5442,0.0000
3,17.5172,3.5282,4.9265,3.3545,0.0000
4,14.0417,8.3917,10.0900,2.9300,0.0000
5,9.3832,2.1139,2.7182,2.1974,0.0000
6,9.3645,2.1139,2.7350,2.1926,0.0000
7,9.3738,2.1116,2.3141,2.1996,0.0000
8,7.2158,4.4292,5.3245,2.3679,0.0000
9,0.0335,0.0171,0.0377,0.8558,0.0000
# FULLY_BENCHMARK_DATA
stage,little,medium,big,vulkan,cuda
1,35.3793,6.2945,4.7721,2.8500,0.0000
2,31.0000,15.5000,10.0294,3.0088,0.0000
3,18.3091,3.3016,2.4621,2.4383,0.0000
4,14.9851,7.8438,5.0452,1.4896,0.0000
5,10.0800,1.9611,1.4237,1.3585,0.0000
6,10.0700,1.9745,1.4284,1.3627,0.0000
7,10.1717,1.9553,1.4243,1.3627,0.0000
8,9.5905,4.1784,2.7741,0.9664,0.0000
9,0.1185,0.0168,0.0127,0.3405,0.0000
### PYTHON_DATA_END ###
