
Running only on specified device: 9b034f1b
Deploying and running 'bm-fully-cifar-sparse-vk' on device: 9b034f1b
build/android/arm64-v8a/release/bm-fully-cifar-sparse-vk: 1 file pushed, 0 skipped. 424.6 MB/s (2712016 bytes in 0.006s)
[2025-06-28 09:37:59.999] [info] Pinable Lit cores: 0 1 2 
[2025-06-28 09:37:59.999] [info] Pinable Med cores: 3 4 
[2025-06-28 09:37:59.999] [info] Pinable Big cores: 5 6 7 
[2025-06-28 09:37:59.999] [info] Pinable Sup cores: 
Stage: 1 by Little
	Count 	30
	Average 	33.6000 ms
Stage: 1 by Medium
	Count 	153
	Average 	6.5882 ms
Stage: 1 by Big
	Count 	131
	Average 	7.6718 ms
Stage: 1 by Vulkan
	Count 	168
	Average 	5.9881 ms
Stage: 2 by Little
	Count 	37
	Average 	27.4865 ms
Stage: 2 by Medium
	Count 	62
	Average 	16.2419 ms
Stage: 2 by Big
	Count 	58
	Average 	17.3448 ms
Stage: 2 by Vulkan
	Count 	270
	Average 	3.7222 ms
Stage: 3 by Little
	Count 	58
	Average 	17.3793 ms
Stage: 3 by Medium
	Count 	284
	Average 	3.5352 ms
Stage: 3 by Big
	Count 	202
	Average 	4.9653 ms
Stage: 3 by Vulkan
	Count 	295
	Average 	3.3966 ms
Stage: 4 by Little
	Count 	72
	Average 	13.9861 ms
Stage: 4 by Medium
	Count 	120
	Average 	8.4083 ms
Stage: 4 by Big
	Count 	104
	Average 	9.6538 ms
Stage: 4 by Vulkan
	Count 	455
	Average 	2.2066 ms
Stage: 5 by Little
	Count 	107
	Average 	9.4486 ms
Stage: 5 by Medium
	Count 	473
	Average 	2.1184 ms
Stage: 5 by Big
	Count 	428
	Average 	2.3364 ms
Stage: 5 by Vulkan
	Count 	470
	Average 	2.1319 ms
Stage: 6 by Little
	Count 	106
	Average 	9.5094 ms
Stage: 6 by Medium
	Count 	475
	Average 	2.1095 ms
Stage: 6 by Big
	Count 	428
	Average 	2.3388 ms
Stage: 6 by Vulkan
	Count 	450
	Average 	2.2267 ms
Stage: 7 by Little
	Count 	106
	Average 	9.5094 ms
Stage: 7 by Medium
	Count 	475
	Average 	2.1074 ms
Stage: 7 by Big
	Count 	428
	Average 	2.3364 ms
Stage: 7 by Vulkan
	Count 	413
	Average 	2.4310 ms
Stage: 8 by Little
	Count 	139
	Average 	7.2230 ms
Stage: 8 by Medium
	Count 	227
	Average 	4.4229 ms
Stage: 8 by Big
	Count 	183
	Average 	5.4863 ms
Stage: 8 by Vulkan
	Count 	377
	Average 	2.6578 ms
Stage: 9 by Little
	Count 	30414
	Average 	0.0329 ms
Stage: 9 by Medium
	Count 	59900
	Average 	0.0167 ms
Stage: 9 by Big
	Count 	25784
	Average 	0.0388 ms
Stage: 9 by Vulkan
	Count 	1106
	Average 	0.9069 ms
Stage: 1
	Little 	34.8621 ms 	(29)
	Medium 	6.2025 ms 	(163)
	Big    	4.7915 ms 	(211)
	Vulkan 	2.7775 ms 	(364)
Stage: 2
	Little 	31.6250 ms 	(32)
	Medium 	15.3333 ms 	(66)
	Big    	9.8252 ms 	(103)
	Vulkan 	3.0299 ms 	(334)
Stage: 3
	Little 	18.2182 ms 	(55)
	Medium 	3.2638 ms 	(307)
	Big    	2.4439 ms 	(410)
	Vulkan 	2.4262 ms 	(413)
Stage: 4
	Little 	16.7833 ms 	(60)
	Medium 	7.9291 ms 	(127)
	Big    	5.0603 ms 	(199)
	Vulkan 	1.5734 ms 	(640)
Stage: 5
	Little 	10.0500 ms 	(100)
	Medium 	1.9667 ms 	(511)
	Big    	1.4215 ms 	(707)
	Vulkan 	1.3544 ms 	(742)
Stage: 6
	Little 	10.0900 ms 	(100)
	Medium 	1.9784 ms 	(510)
	Big    	1.4312 ms 	(705)
	Vulkan 	1.3544 ms 	(745)
Stage: 7
	Little 	10.2020 ms 	(99)
	Medium 	1.9612 ms 	(515)
	Big    	1.4245 ms 	(709)
	Vulkan 	1.3630 ms 	(741)
Stage: 8
	Little 	9.5905 ms 	(105)
	Medium 	4.1784 ms 	(241)
	Big    	2.7514 ms 	(366)
	Vulkan 	0.9536 ms 	(1056)
Stage: 9
	Little 	0.0966 ms 	(10365)
	Medium 	0.0167 ms 	(59823)
	Big    	0.0147 ms 	(68139)
	Vulkan 	0.2948 ms 	(3396)

Normal Benchmark Results Table (ms per task):
Stage | Little Core | Medium Core | Big Core | Vulkan | CUDA
------|------------|-------------|----------|--------|-------
    1 |     33.6000 |      6.5882 |   7.6718 | 5.9881 | 0.0000
    2 |     27.4865 |     16.2419 |  17.3448 | 3.7222 | 0.0000
    3 |     17.3793 |      3.5352 |   4.9653 | 3.3966 | 0.0000
    4 |     13.9861 |      8.4083 |   9.6538 | 2.2066 | 0.0000
    5 |      9.4486 |      2.1184 |   2.3364 | 2.1319 | 0.0000
    6 |      9.5094 |      2.1095 |   2.3388 | 2.2267 | 0.0000
    7 |      9.5094 |      2.1074 |   2.3364 | 2.4310 | 0.0000
    8 |      7.2230 |      4.4229 |   5.4863 | 2.6578 | 0.0000
    9 |      0.0329 |      0.0167 |   0.0388 | 0.9069 | 0.0000

Normal Benchmark - Sum of stages 1-9:
Little Core: 128.1753 ms
Medium Core: 45.5486 ms
Big Core: 52.1726 ms
Vulkan: 25.6678 ms
CUDA: 0.0000 ms

Fully Benchmark Results Table (ms per task):
Stage | Little Core | Medium Core | Big Core | Vulkan | CUDA
------|-------------|-------------|----------|--------|-------
    1 |     34.8621 |      6.2025 |   4.7915 | 2.7775 | 0.0000
    2 |     31.6250 |     15.3333 |   9.8252 | 3.0299 | 0.0000
    3 |     18.2182 |      3.2638 |   2.4439 | 2.4262 | 0.0000
    4 |     16.7833 |      7.9291 |   5.0603 | 1.5734 | 0.0000
    5 |     10.0500 |      1.9667 |   1.4215 | 1.3544 | 0.0000
    6 |     10.0900 |      1.9784 |   1.4312 | 1.3544 | 0.0000
    7 |     10.2020 |      1.9612 |   1.4245 | 1.3630 | 0.0000
    8 |      9.5905 |      4.1784 |   2.7514 | 0.9536 | 0.0000
    9 |      0.0966 |      0.0167 |   0.0147 | 0.2948 | 0.0000

Fully Benchmark - Sum of stages 1-9:
Little Core: 141.5177 ms
Medium Core: 42.8302 ms
Big Core: 29.1642 ms
Vulkan: 15.1272 ms
CUDA: 0.0000 ms

Performance Comparison (Fully vs Normal):
Processor  | Normal (ms) | Fully (ms) | Ratio
-----------|-------------|------------|-------
Little Core|      128.18 |     141.52 |  1.10x
Medium Core|       45.55 |      42.83 |  0.94x
Big Core   |       52.17 |      29.16 |  0.56x
Vulkan     |       25.67 |      15.13 |  0.59x

### PYTHON_DATA_START ###
# NORMAL_BENCHMARK_DATA
stage,little,medium,big,vulkan,cuda
1,33.6000,6.5882,7.6718,5.9881,0.0000
2,27.4865,16.2419,17.3448,3.7222,0.0000
3,17.3793,3.5352,4.9653,3.3966,0.0000
4,13.9861,8.4083,9.6538,2.2066,0.0000
5,9.4486,2.1184,2.3364,2.1319,0.0000
6,9.5094,2.1095,2.3388,2.2267,0.0000
7,9.5094,2.1074,2.3364,2.4310,0.0000
8,7.2230,4.4229,5.4863,2.6578,0.0000
9,0.0329,0.0167,0.0388,0.9069,0.0000
# FULLY_BENCHMARK_DATA
stage,little,medium,big,vulkan,cuda
1,34.8621,6.2025,4.7915,2.7775,0.0000
2,31.6250,15.3333,9.8252,3.0299,0.0000
3,18.2182,3.2638,2.4439,2.4262,0.0000
4,16.7833,7.9291,5.0603,1.5734,0.0000
5,10.0500,1.9667,1.4215,1.3544,0.0000
6,10.0900,1.9784,1.4312,1.3544,0.0000
7,10.2020,1.9612,1.4245,1.3630,0.0000
8,9.5905,4.1784,2.7514,0.9536,0.0000
9,0.0966,0.0167,0.0147,0.2948,0.0000
### PYTHON_DATA_END ###
