
Running only on specified device: 9b034f1b
Deploying and running 'bm-fully-cifar-sparse-vk' on device: 9b034f1b
build/android/arm64-v8a/release/bm-fully-cifar-sparse-vk: 1 file pushed, 0 skipped. 468.2 MB/s (2712016 bytes in 0.006s)
[2025-06-28 10:39:20.437] [info] Pinable Lit cores: 0 1 2 
[2025-06-28 10:39:20.437] [info] Pinable Med cores: 3 4 
[2025-06-28 10:39:20.438] [info] Pinable Big cores: 5 6 7 
[2025-06-28 10:39:20.438] [info] Pinable Sup cores: 
Stage: 1 by Little
	Count 	31
	Average 	33.0645 ms
Stage: 1 by Medium
	Count 	153
	Average 	6.5752 ms
Stage: 1 by Big
	Count 	107
	Average 	9.3738 ms
Stage: 1 by Vulkan
	Count 	175
	Average 	5.7429 ms
Stage: 2 by Little
	Count 	38
	Average 	27.0526 ms
Stage: 2 by Medium
	Count 	62
	Average 	16.3065 ms
Stage: 2 by Big
	Count 	54
	Average 	18.7222 ms
Stage: 2 by Vulkan
	Count 	252
	Average 	3.9762 ms
Stage: 3 by Little
	Count 	58
	Average 	17.2931 ms
Stage: 3 by Medium
	Count 	283
	Average 	3.5371 ms
Stage: 3 by Big
	Count 	243
	Average 	4.1276 ms
Stage: 3 by Vulkan
	Count 	270
	Average 	3.7222 ms
Stage: 4 by Little
	Count 	71
	Average 	14.1127 ms
Stage: 4 by Medium
	Count 	118
	Average 	8.4831 ms
Stage: 4 by Big
	Count 	104
	Average 	9.6538 ms
Stage: 4 by Vulkan
	Count 	405
	Average 	2.4790 ms
Stage: 5 by Little
	Count 	106
	Average 	9.4717 ms
Stage: 5 by Medium
	Count 	475
	Average 	2.1116 ms
Stage: 5 by Big
	Count 	348
	Average 	2.8764 ms
Stage: 5 by Vulkan
	Count 	409
	Average 	2.4523 ms
Stage: 6 by Little
	Count 	107
	Average 	9.4299 ms
Stage: 6 by Medium
	Count 	475
	Average 	2.1116 ms
Stage: 6 by Big
	Count 	349
	Average 	2.8739 ms
Stage: 6 by Vulkan
	Count 	414
	Average 	2.4203 ms
Stage: 7 by Little
	Count 	108
	Average 	9.2963 ms
Stage: 7 by Medium
	Count 	475
	Average 	2.1074 ms
Stage: 7 by Big
	Count 	345
	Average 	2.8986 ms
Stage: 7 by Vulkan
	Count 	411
	Average 	2.4380 ms
Stage: 8 by Little
	Count 	138
	Average 	7.2754 ms
Stage: 8 by Medium
	Count 	226
	Average 	4.4425 ms
Stage: 8 by Big
	Count 	180
	Average 	5.5667 ms
Stage: 8 by Vulkan
	Count 	394
	Average 	2.5482 ms
Stage: 9 by Little
	Count 	28912
	Average 	0.0347 ms
Stage: 9 by Medium
	Count 	59574
	Average 	0.0168 ms
Stage: 9 by Big
	Count 	22243
	Average 	0.0450 ms
Stage: 9 by Vulkan
	Count 	1134
	Average 	0.8845 ms
Stage: 1
	Little 	36.1071 ms 	(28)
	Medium 	6.2025 ms 	(163)
	Big    	4.7023 ms 	(215)
	Vulkan 	2.7928 ms 	(362)
Stage: 2
	Little 	28.9714 ms 	(35)
	Medium 	15.3636 ms 	(66)
	Big    	10.0396 ms 	(101)
	Vulkan 	2.7629 ms 	(367)
Stage: 3
	Little 	18.3455 ms 	(55)
	Medium 	3.3191 ms 	(304)
	Big    	2.4975 ms 	(404)
	Vulkan 	2.4431 ms 	(413)
Stage: 4
	Little 	15.0597 ms 	(67)
	Medium 	7.9449 ms 	(127)
	Big    	5.1744 ms 	(195)
	Vulkan 	1.4970 ms 	(674)
Stage: 5
	Little 	10.1515 ms 	(99)
	Medium 	1.9515 ms 	(515)
	Big    	1.4235 ms 	(706)
	Vulkan 	1.3692 ms 	(734)
Stage: 6
	Little 	10.2449 ms 	(98)
	Medium 	1.9764 ms 	(508)
	Big    	1.4363 ms 	(699)
	Vulkan 	1.3549 ms 	(741)
Stage: 7
	Little 	10.9239 ms 	(92)
	Medium 	1.9706 ms 	(510)
	Big    	1.4235 ms 	(706)
	Vulkan 	1.4215 ms 	(707)
Stage: 8
	Little 	8.6154 ms 	(117)
	Medium 	4.1653 ms 	(242)
	Big    	2.8078 ms 	(359)
	Vulkan 	0.9273 ms 	(1087)
Stage: 9
	Little 	0.0998 ms 	(10033)
	Medium 	0.0168 ms 	(59604)
	Big    	0.0145 ms 	(68916)
	Vulkan 	0.2853 ms 	(3509)

Normal Benchmark Results Table (ms per task):
Stage | Little Core | Medium Core | Big Core | Vulkan | CUDA
------|------------|-------------|----------|--------|-------
    1 |     33.0645 |      6.5752 |   9.3738 | 5.7429 | 0.0000
    2 |     27.0526 |     16.3065 |  18.7222 | 3.9762 | 0.0000
    3 |     17.2931 |      3.5371 |   4.1276 | 3.7222 | 0.0000
    4 |     14.1127 |      8.4831 |   9.6538 | 2.4790 | 0.0000
    5 |      9.4717 |      2.1116 |   2.8764 | 2.4523 | 0.0000
    6 |      9.4299 |      2.1116 |   2.8739 | 2.4203 | 0.0000
    7 |      9.2963 |      2.1074 |   2.8986 | 2.4380 | 0.0000
    8 |      7.2754 |      4.4425 |   5.5667 | 2.5482 | 0.0000
    9 |      0.0347 |      0.0168 |   0.0450 | 0.8845 | 0.0000

Normal Benchmark - Sum of stages 1-9:
Little Core: 127.0309 ms
Medium Core: 45.6916 ms
Big Core: 56.1380 ms
Vulkan: 26.6636 ms
CUDA: 0.0000 ms

Fully Benchmark Results Table (ms per task):
Stage | Little Core | Medium Core | Big Core | Vulkan | CUDA
------|-------------|-------------|----------|--------|-------
    1 |     36.1071 |      6.2025 |   4.7023 | 2.7928 | 0.0000
    2 |     28.9714 |     15.3636 |  10.0396 | 2.7629 | 0.0000
    3 |     18.3455 |      3.3191 |   2.4975 | 2.4431 | 0.0000
    4 |     15.0597 |      7.9449 |   5.1744 | 1.4970 | 0.0000
    5 |     10.1515 |      1.9515 |   1.4235 | 1.3692 | 0.0000
    6 |     10.2449 |      1.9764 |   1.4363 | 1.3549 | 0.0000
    7 |     10.9239 |      1.9706 |   1.4235 | 1.4215 | 0.0000
    8 |      8.6154 |      4.1653 |   2.8078 | 0.9273 | 0.0000
    9 |      0.0998 |      0.0168 |   0.0145 | 0.2853 | 0.0000

Fully Benchmark - Sum of stages 1-9:
Little Core: 138.5192 ms
Medium Core: 42.9106 ms
Big Core: 29.5195 ms
Vulkan: 14.8541 ms
CUDA: 0.0000 ms

Performance Comparison (Fully vs Normal):
Processor  | Normal (ms) | Fully (ms) | Ratio
-----------|-------------|------------|-------
Little Core|      127.03 |     138.52 |  1.09x
Medium Core|       45.69 |      42.91 |  0.94x
Big Core   |       56.14 |      29.52 |  0.53x
Vulkan     |       26.66 |      14.85 |  0.56x

### PYTHON_DATA_START ###
# NORMAL_BENCHMARK_DATA
stage,little,medium,big,vulkan,cuda
1,33.0645,6.5752,9.3738,5.7429,0.0000
2,27.0526,16.3065,18.7222,3.9762,0.0000
3,17.2931,3.5371,4.1276,3.7222,0.0000
4,14.1127,8.4831,9.6538,2.4790,0.0000
5,9.4717,2.1116,2.8764,2.4523,0.0000
6,9.4299,2.1116,2.8739,2.4203,0.0000
7,9.2963,2.1074,2.8986,2.4380,0.0000
8,7.2754,4.4425,5.5667,2.5482,0.0000
9,0.0347,0.0168,0.0450,0.8845,0.0000
# FULLY_BENCHMARK_DATA
stage,little,medium,big,vulkan,cuda
1,36.1071,6.2025,4.7023,2.7928,0.0000
2,28.9714,15.3636,10.0396,2.7629,0.0000
3,18.3455,3.3191,2.4975,2.4431,0.0000
4,15.0597,7.9449,5.1744,1.4970,0.0000
5,10.1515,1.9515,1.4235,1.3692,0.0000
6,10.2449,1.9764,1.4363,1.3549,0.0000
7,10.9239,1.9706,1.4235,1.4215,0.0000
8,8.6154,4.1653,2.8078,0.9273,0.0000
9,0.0998,0.0168,0.0145,0.2853,0.0000
### PYTHON_DATA_END ###
