
Running only on specified device: 9b034f1b
Deploying and running 'bm-fully-cifar-dense-vk' on device: 9b034f1b
build/android/arm64-v8a/release/bm-fully-cifar-dense-vk: 1 file pushed, 0 skipped. 469.4 MB/s (2710480 bytes in 0.006s)
[2025-06-24 19:09:53.049] [info] Pinable Lit cores: 0 1 2 
[2025-06-24 19:09:53.050] [info] Pinable Med cores: 3 4 
[2025-06-24 19:09:53.050] [info] Pinable Big cores: 5 6 7 
[2025-06-24 19:09:53.050] [info] Pinable Sup cores: 
Stage: 1 by Little
	Count 	8
	Average 	130.5000 ms
Stage: 1 by Medium
	Count 	14
	Average 	74.2143 ms
Stage: 1 by Big
	Count 	12
	Average 	86.9167 ms
Stage: 1 by Vulkan
	Count 	593
	Average 	1.6914 ms
Stage: 2 by Little
	Count 	112
	Average 	8.9375 ms
Stage: 2 by Medium
	Count 	241
	Average 	4.1701 ms
Stage: 2 by Big
	Count 	197
	Average 	5.0863 ms
Stage: 2 by Vulkan
	Count 	879
	Average 	1.1411 ms
Stage: 3 by Little
	Count 	4
	Average 	310.2500 ms
Stage: 3 by Medium
	Count 	6
	Average 	191.3333 ms
Stage: 3 by Big
	Count 	5
	Average 	212.4000 ms
Stage: 3 by Vulkan
	Count 	742
	Average 	1.3504 ms
Stage: 4 by Little
	Count 	224
	Average 	4.4821 ms
Stage: 4 by Medium
	Count 	487
	Average 	2.0595 ms
Stage: 4 by Big
	Count 	394
	Average 	2.5406 ms
Stage: 4 by Vulkan
	Count 	971
	Average 	1.0319 ms
Stage: 5 by Little
	Count 	4
	Average 	290.5000 ms
Stage: 5 by Medium
	Count 	6
	Average 	190.6667 ms
Stage: 5 by Big
	Count 	5
	Average 	209.0000 ms
Stage: 5 by Vulkan
	Count 	741
	Average 	1.3536 ms
Stage: 6 by Little
	Count 	2
	Average 	585.5000 ms
Stage: 6 by Medium
	Count 	3
	Average 	369.0000 ms
Stage: 6 by Big
	Count 	3
	Average 	338.0000 ms
Stage: 6 by Vulkan
	Count 	595
	Average 	1.6857 ms
Stage: 7 by Little
	Count 	2
	Average 	587.0000 ms
Stage: 7 by Medium
	Count 	3
	Average 	370.6667 ms
Stage: 7 by Big
	Count 	3
	Average 	391.0000 ms
Stage: 7 by Vulkan
	Count 	596
	Average 	1.6829 ms
Stage: 8 by Little
	Count 	447
	Average 	2.2438 ms
Stage: 8 by Medium
	Count 	771
	Average 	1.2983 ms
Stage: 8 by Big
	Count 	780
	Average 	1.2833 ms
Stage: 8 by Vulkan
	Count 	966
	Average 	1.0383 ms
Stage: 9 by Little
	Count 	962
	Average 	1.0416 ms
Stage: 9 by Medium
	Count 	1261
	Average 	0.7938 ms
Stage: 9 by Big
	Count 	1032
	Average 	0.9700 ms
Stage: 9 by Vulkan
	Count 	399
	Average 	2.5113 ms
Stage: 1
	Little 	159.2857 ms 	(7)
	Medium 	74.3333 ms 	(15)
	Big    	48.4783 ms 	(23)
	Vulkan 	0.9755 ms 	(1143)
Stage: 2
	Little 	16.1613 ms 	(62)
	Medium 	3.9605 ms 	(253)
	Big    	2.5431 ms 	(394)
	Vulkan 	0.4366 ms 	(2295)
Stage: 3
	Little 	392.0000 ms 	(3)
	Medium 	196.0000 ms 	(6)
	Big    	117.6000 ms 	(10)
	Vulkan 	0.6930 ms 	(1697)
Stage: 4
	Little 	10.1212 ms 	(99)
	Medium 	1.9306 ms 	(519)
	Big    	1.2684 ms 	(790)
	Vulkan 	0.3764 ms 	(2662)
Stage: 5
	Little 	365.3333 ms 	(3)
	Medium 	182.6667 ms 	(6)
	Big    	109.6000 ms 	(10)
	Vulkan 	0.6470 ms 	(1694)
Stage: 6
	Little 	653.0000 ms 	(2)
	Medium 	435.3333 ms 	(3)
	Big    	261.2000 ms 	(5)
	Vulkan 	1.1143 ms 	(1172)
Stage: 7
	Little 	650.0000 ms 	(2)
	Medium 	433.3333 ms 	(3)
	Big    	260.0000 ms 	(5)
	Vulkan 	1.1285 ms 	(1152)
Stage: 8
	Little 	3.7811 ms 	(265)
	Medium 	0.9543 ms 	(1050)
	Big    	0.6350 ms 	(1578)
	Vulkan 	0.3113 ms 	(3219)
Stage: 9
	Little 	1.2220 ms 	(820)
	Medium 	0.7439 ms 	(1347)
	Big    	0.4660 ms 	(2150)
	Vulkan 	1.4911 ms 	(672)

Normal Benchmark Results Table (ms per task):
Stage | Little Core | Medium Core | Big Core | Vulkan | CUDA
------|------------|-------------|----------|--------|-------
    1 |    130.5000 |     74.2143 |  86.9167 | 1.6914 | 0.0000
    2 |      8.9375 |      4.1701 |   5.0863 | 1.1411 | 0.0000
    3 |    310.2500 |    191.3333 | 212.4000 | 1.3504 | 0.0000
    4 |      4.4821 |      2.0595 |   2.5406 | 1.0319 | 0.0000
    5 |    290.5000 |    190.6667 | 209.0000 | 1.3536 | 0.0000
    6 |    585.5000 |    369.0000 | 338.0000 | 1.6857 | 0.0000
    7 |    587.0000 |    370.6667 | 391.0000 | 1.6829 | 0.0000
    8 |      2.2438 |      1.2983 |   1.2833 | 1.0383 | 0.0000
    9 |      1.0416 |      0.7938 |   0.9700 | 2.5113 | 0.0000

Normal Benchmark - Sum of stages 1-9:
Little Core: 1920.4551 ms
Medium Core: 1204.2028 ms
Big Core: 1247.1969 ms
Vulkan: 13.4866 ms
CUDA: 0.0000 ms

Fully Benchmark Results Table (ms per task):
Stage | Little Core | Medium Core | Big Core | Vulkan | CUDA
------|-------------|-------------|----------|--------|-------
    1 |    159.2857 |     74.3333 |  48.4783 | 0.9755 | 0.0000
    2 |     16.1613 |      3.9605 |   2.5431 | 0.4366 | 0.0000
    3 |    392.0000 |    196.0000 | 117.6000 | 0.6930 | 0.0000
    4 |     10.1212 |      1.9306 |   1.2684 | 0.3764 | 0.0000
    5 |    365.3333 |    182.6667 | 109.6000 | 0.6470 | 0.0000
    6 |    653.0000 |    435.3333 | 261.2000 | 1.1143 | 0.0000
    7 |    650.0000 |    433.3333 | 260.0000 | 1.1285 | 0.0000
    8 |      3.7811 |      0.9543 |   0.6350 | 0.3113 | 0.0000
    9 |      1.2220 |      0.7439 |   0.4660 | 1.4911 | 0.0000

Fully Benchmark - Sum of stages 1-9:
Little Core: 2250.9046 ms
Medium Core: 1329.2559 ms
Big Core: 801.7908 ms
Vulkan: 7.1736 ms
CUDA: 0.0000 ms

Performance Comparison (Fully vs Normal):
Processor  | Normal (ms) | Fully (ms) | Ratio
-----------|-------------|------------|-------
Little Core|     1920.46 |    2250.90 |  1.17x
Medium Core|     1204.20 |    1329.26 |  1.10x
Big Core   |     1247.20 |     801.79 |  0.64x
Vulkan     |       13.49 |       7.17 |  0.53x

### PYTHON_DATA_START ###
# NORMAL_BENCHMARK_DATA
stage,little,medium,big,vulkan,cuda
1,130.5000,74.2143,86.9167,1.6914,0.0000
2,8.9375,4.1701,5.0863,1.1411,0.0000
3,310.2500,191.3333,212.4000,1.3504,0.0000
4,4.4821,2.0595,2.5406,1.0319,0.0000
5,290.5000,190.6667,209.0000,1.3536,0.0000
6,585.5000,369.0000,338.0000,1.6857,0.0000
7,587.0000,370.6667,391.0000,1.6829,0.0000
8,2.2438,1.2983,1.2833,1.0383,0.0000
9,1.0416,0.7938,0.9700,2.5113,0.0000
# FULLY_BENCHMARK_DATA
stage,little,medium,big,vulkan,cuda
1,159.2857,74.3333,48.4783,0.9755,0.0000
2,16.1613,3.9605,2.5431,0.4366,0.0000
3,392.0000,196.0000,117.6000,0.6930,0.0000
4,10.1212,1.9306,1.2684,0.3764,0.0000
5,365.3333,182.6667,109.6000,0.6470,0.0000
6,653.0000,435.3333,261.2000,1.1143,0.0000
7,650.0000,433.3333,260.0000,1.1285,0.0000
8,3.7811,0.9543,0.6350,0.3113,0.0000
9,1.2220,0.7439,0.4660,1.4911,0.0000
### PYTHON_DATA_END ###
