
Running only on specified device: 9b034f1b
Deploying and running 'bm-fully-cifar-dense-vk' on device: 9b034f1b
build/android/arm64-v8a/release/bm-fully-cifar-dense-vk: 1 file pushed, 0 skipped. 482.5 MB/s (2710480 bytes in 0.005s)
[2025-06-25 10:37:14.881] [info] Pinable Lit cores: 0 1 2 
[2025-06-25 10:37:14.881] [info] Pinable Med cores: 3 4 
[2025-06-25 10:37:14.881] [info] Pinable Big cores: 5 6 7 
[2025-06-25 10:37:14.881] [info] Pinable Sup cores: 
Stage: 1 by Little
	Count 	8
	Average 	130.3750 ms
Stage: 1 by Medium
	Count 	14
	Average 	73.9286 ms
Stage: 1 by Big
	Count 	12
	Average 	87.7500 ms
Stage: 1 by Vulkan
	Count 	647
	Average 	1.5502 ms
Stage: 2 by Little
	Count 	112
	Average 	8.9643 ms
Stage: 2 by Medium
	Count 	243
	Average 	4.1358 ms
Stage: 2 by Big
	Count 	199
	Average 	5.0402 ms
Stage: 2 by Vulkan
	Count 	979
	Average 	1.0245 ms
Stage: 3 by Little
	Count 	4
	Average 	303.2500 ms
Stage: 3 by Medium
	Count 	6
	Average 	189.5000 ms
Stage: 3 by Big
	Count 	5
	Average 	212.8000 ms
Stage: 3 by Vulkan
	Count 	825
	Average 	1.2158 ms
Stage: 4 by Little
	Count 	222
	Average 	4.5270 ms
Stage: 4 by Medium
	Count 	483
	Average 	2.0745 ms
Stage: 4 by Big
	Count 	477
	Average 	2.1006 ms
Stage: 4 by Vulkan
	Count 	1045
	Average 	0.9589 ms
Stage: 5 by Little
	Count 	4
	Average 	298.2500 ms
Stage: 5 by Medium
	Count 	6
	Average 	184.8333 ms
Stage: 5 by Big
	Count 	6
	Average 	190.8333 ms
Stage: 5 by Vulkan
	Count 	825
	Average 	1.2145 ms
Stage: 6 by Little
	Count 	2
	Average 	573.5000 ms
Stage: 6 by Medium
	Count 	3
	Average 	366.3333 ms
Stage: 6 by Big
	Count 	3
	Average 	358.0000 ms
Stage: 6 by Vulkan
	Count 	686
	Average 	1.4621 ms
Stage: 7 by Little
	Count 	2
	Average 	592.0000 ms
Stage: 7 by Medium
	Count 	3
	Average 	369.6667 ms
Stage: 7 by Big
	Count 	3
	Average 	401.0000 ms
Stage: 7 by Vulkan
	Count 	664
	Average 	1.5090 ms
Stage: 8 by Little
	Count 	450
	Average 	2.2267 ms
Stage: 8 by Medium
	Count 	961
	Average 	1.0416 ms
Stage: 8 by Big
	Count 	846
	Average 	1.1832 ms
Stage: 8 by Vulkan
	Count 	1098
	Average 	0.9135 ms
Stage: 9 by Little
	Count 	957
	Average 	1.0470 ms
Stage: 9 by Medium
	Count 	1270
	Average 	0.7882 ms
Stage: 9 by Big
	Count 	1091
	Average 	0.9175 ms
Stage: 9 by Vulkan
	Count 	426
	Average 	2.3498 ms
Stage: 1
	Little 	158.2857 ms 	(7)
	Medium 	73.8667 ms 	(15)
	Big    	48.1739 ms 	(23)
	Vulkan 	0.9552 ms 	(1160)
Stage: 2
	Little 	14.5942 ms 	(69)
	Medium 	3.9031 ms 	(258)
	Big    	2.5238 ms 	(399)
	Vulkan 	0.4342 ms 	(2319)
Stage: 3
	Little 	390.3333 ms 	(3)
	Medium 	195.1667 ms 	(6)
	Big    	117.1000 ms 	(10)
	Vulkan 	0.6309 ms 	(1856)
Stage: 4
	Little 	7.1135 ms 	(141)
	Medium 	1.9744 ms 	(508)
	Big    	1.2616 ms 	(795)
	Vulkan 	0.3508 ms 	(2859)
Stage: 5
	Little 	356.6667 ms 	(3)
	Medium 	178.3333 ms 	(6)
	Big    	107.0000 ms 	(10)
	Vulkan 	0.5774 ms 	(1853)
Stage: 6
	Little 	623.5000 ms 	(2)
	Medium 	415.6667 ms 	(3)
	Big    	249.4000 ms 	(5)
	Vulkan 	1.0155 ms 	(1228)
Stage: 7
	Little 	646.0000 ms 	(2)
	Medium 	430.6667 ms 	(3)
	Big    	258.4000 ms 	(5)
	Vulkan 	1.0513 ms 	(1229)
Stage: 8
	Little 	4.3991 ms 	(228)
	Medium 	0.9589 ms 	(1046)
	Big    	0.6273 ms 	(1599)
	Vulkan 	0.3134 ms 	(3200)
Stage: 9
	Little 	1.1914 ms 	(841)
	Medium 	0.7373 ms 	(1359)
	Big    	0.4678 ms 	(2142)
	Vulkan 	1.4193 ms 	(706)

Normal Benchmark Results Table (ms per task):
Stage | Little Core | Medium Core | Big Core | Vulkan | CUDA
------|------------|-------------|----------|--------|-------
    1 |    130.3750 |     73.9286 |  87.7500 | 1.5502 | 0.0000
    2 |      8.9643 |      4.1358 |   5.0402 | 1.0245 | 0.0000
    3 |    303.2500 |    189.5000 | 212.8000 | 1.2158 | 0.0000
    4 |      4.5270 |      2.0745 |   2.1006 | 0.9589 | 0.0000
    5 |    298.2500 |    184.8333 | 190.8333 | 1.2145 | 0.0000
    6 |    573.5000 |    366.3333 | 358.0000 | 1.4621 | 0.0000
    7 |    592.0000 |    369.6667 | 401.0000 | 1.5090 | 0.0000
    8 |      2.2267 |      1.0416 |   1.1832 | 0.9135 | 0.0000
    9 |      1.0470 |      0.7882 |   0.9175 | 2.3498 | 0.0000

Normal Benchmark - Sum of stages 1-9:
Little Core: 1914.1400 ms
Medium Core: 1192.3021 ms
Big Core: 1259.6249 ms
Vulkan: 12.1983 ms
CUDA: 0.0000 ms

Fully Benchmark Results Table (ms per task):
Stage | Little Core | Medium Core | Big Core | Vulkan | CUDA
------|-------------|-------------|----------|--------|-------
    1 |    158.2857 |     73.8667 |  48.1739 | 0.9552 | 0.0000
    2 |     14.5942 |      3.9031 |   2.5238 | 0.4342 | 0.0000
    3 |    390.3333 |    195.1667 | 117.1000 | 0.6309 | 0.0000
    4 |      7.1135 |      1.9744 |   1.2616 | 0.3508 | 0.0000
    5 |    356.6667 |    178.3333 | 107.0000 | 0.5774 | 0.0000
    6 |    623.5000 |    415.6667 | 249.4000 | 1.0155 | 0.0000
    7 |    646.0000 |    430.6667 | 258.4000 | 1.0513 | 0.0000
    8 |      4.3991 |      0.9589 |   0.6273 | 0.3134 | 0.0000
    9 |      1.1914 |      0.7373 |   0.4678 | 1.4193 | 0.0000

Fully Benchmark - Sum of stages 1-9:
Little Core: 2202.0840 ms
Medium Core: 1301.2737 ms
Big Core: 784.9544 ms
Vulkan: 6.7480 ms
CUDA: 0.0000 ms

Performance Comparison (Fully vs Normal):
Processor  | Normal (ms) | Fully (ms) | Ratio
-----------|-------------|------------|-------
Little Core|     1914.14 |    2202.08 |  1.15x
Medium Core|     1192.30 |    1301.27 |  1.09x
Big Core   |     1259.62 |     784.95 |  0.62x
Vulkan     |       12.20 |       6.75 |  0.55x

### PYTHON_DATA_START ###
# NORMAL_BENCHMARK_DATA
stage,little,medium,big,vulkan,cuda
1,130.3750,73.9286,87.7500,1.5502,0.0000
2,8.9643,4.1358,5.0402,1.0245,0.0000
3,303.2500,189.5000,212.8000,1.2158,0.0000
4,4.5270,2.0745,2.1006,0.9589,0.0000
5,298.2500,184.8333,190.8333,1.2145,0.0000
6,573.5000,366.3333,358.0000,1.4621,0.0000
7,592.0000,369.6667,401.0000,1.5090,0.0000
8,2.2267,1.0416,1.1832,0.9135,0.0000
9,1.0470,0.7882,0.9175,2.3498,0.0000
# FULLY_BENCHMARK_DATA
stage,little,medium,big,vulkan,cuda
1,158.2857,73.8667,48.1739,0.9552,0.0000
2,14.5942,3.9031,2.5238,0.4342,0.0000
3,390.3333,195.1667,117.1000,0.6309,0.0000
4,7.1135,1.9744,1.2616,0.3508,0.0000
5,356.6667,178.3333,107.0000,0.5774,0.0000
6,623.5000,415.6667,249.4000,1.0155,0.0000
7,646.0000,430.6667,258.4000,1.0513,0.0000
8,4.3991,0.9589,0.6273,0.3134,0.0000
9,1.1914,0.7373,0.4678,1.4193,0.0000
### PYTHON_DATA_END ###
