
Running only on specified device: 9b034f1b
Deploying and running 'bm-fully-cifar-dense-vk' on device: 9b034f1b
build/android/arm64-v8a/release/bm-fully-cifar-dense-vk: 1 file pushed, 0 skipped. 466.5 MB/s (2710480 bytes in 0.006s)
[2025-06-25 10:43:32.248] [info] Pinable Lit cores: 0 1 2 
[2025-06-25 10:43:32.249] [info] Pinable Med cores: 3 4 
[2025-06-25 10:43:32.249] [info] Pinable Big cores: 5 6 7 
[2025-06-25 10:43:32.249] [info] Pinable Sup cores: 
Stage: 1 by Little
	Count 	8
	Average 	132.5000 ms
Stage: 1 by Medium
	Count 	14
	Average 	74.0000 ms
Stage: 1 by Big
	Count 	14
	Average 	76.0714 ms
Stage: 1 by Vulkan
	Count 	638
	Average 	1.5705 ms
Stage: 2 by Little
	Count 	113
	Average 	8.8938 ms
Stage: 2 by Medium
	Count 	242
	Average 	4.1488 ms
Stage: 2 by Big
	Count 	200
	Average 	5.0050 ms
Stage: 2 by Vulkan
	Count 	985
	Average 	1.0173 ms
Stage: 3 by Little
	Count 	4
	Average 	306.5000 ms
Stage: 3 by Medium
	Count 	6
	Average 	189.8333 ms
Stage: 3 by Big
	Count 	8
	Average 	134.8750 ms
Stage: 3 by Vulkan
	Count 	828
	Average 	1.2114 ms
Stage: 4 by Little
	Count 	226
	Average 	4.4381 ms
Stage: 4 by Medium
	Count 	483
	Average 	2.0745 ms
Stage: 4 by Big
	Count 	393
	Average 	2.5496 ms
Stage: 4 by Vulkan
	Count 	1045
	Average 	0.9589 ms
Stage: 5 by Little
	Count 	4
	Average 	289.7500 ms
Stage: 5 by Medium
	Count 	6
	Average 	185.1667 ms
Stage: 5 by Big
	Count 	5
	Average 	204.8000 ms
Stage: 5 by Vulkan
	Count 	809
	Average 	1.2398 ms
Stage: 6 by Little
	Count 	2
	Average 	580.0000 ms
Stage: 6 by Medium
	Count 	3
	Average 	367.6667 ms
Stage: 6 by Big
	Count 	3
	Average 	374.3333 ms
Stage: 6 by Vulkan
	Count 	656
	Average 	1.5274 ms
Stage: 7 by Little
	Count 	2
	Average 	582.5000 ms
Stage: 7 by Medium
	Count 	3
	Average 	442.6667 ms
Stage: 7 by Big
	Count 	3
	Average 	396.6667 ms
Stage: 7 by Vulkan
	Count 	661
	Average 	1.5159 ms
Stage: 8 by Little
	Count 	450
	Average 	2.2289 ms
Stage: 8 by Medium
	Count 	963
	Average 	1.0395 ms
Stage: 8 by Big
	Count 	1179
	Average 	0.8490 ms
Stage: 8 by Vulkan
	Count 	1095
	Average 	0.9151 ms
Stage: 9 by Little
	Count 	968
	Average 	1.0351 ms
Stage: 9 by Medium
	Count 	1270
	Average 	0.7882 ms
Stage: 9 by Big
	Count 	1078
	Average 	0.9286 ms
Stage: 9 by Vulkan
	Count 	402
	Average 	2.4925 ms
Stage: 1
	Little 	147.0000 ms 	(7)
	Medium 	68.6000 ms 	(15)
	Big    	44.7391 ms 	(23)
	Vulkan 	0.8352 ms 	(1232)
Stage: 2
	Little 	15.5385 ms 	(65)
	Medium 	3.9300 ms 	(257)
	Big    	2.5313 ms 	(399)
	Vulkan 	0.4311 ms 	(2343)
Stage: 3
	Little 	364.6667 ms 	(3)
	Medium 	182.3333 ms 	(6)
	Big    	109.4000 ms 	(10)
	Vulkan 	0.5952 ms 	(1838)
Stage: 4
	Little 	8.5085 ms 	(118)
	Medium 	1.9495 ms 	(515)
	Big    	1.2597 ms 	(797)
	Vulkan 	0.3622 ms 	(2772)
Stage: 5
	Little 	366.6667 ms 	(3)
	Medium 	183.3333 ms 	(6)
	Big    	110.0000 ms 	(10)
	Vulkan 	0.6403 ms 	(1718)
Stage: 6
	Little 	638.0000 ms 	(2)
	Medium 	425.3333 ms 	(3)
	Big    	255.2000 ms 	(5)
	Vulkan 	1.1183 ms 	(1141)
Stage: 7
	Little 	633.0000 ms 	(2)
	Medium 	422.0000 ms 	(3)
	Big    	253.2000 ms 	(5)
	Vulkan 	1.0377 ms 	(1220)
Stage: 8
	Little 	3.4082 ms 	(294)
	Medium 	0.9570 ms 	(1047)
	Big    	0.6366 ms 	(1574)
	Vulkan 	0.2688 ms 	(3728)
Stage: 9
	Little 	1.2014 ms 	(834)
	Medium 	0.7335 ms 	(1366)
	Big    	0.4615 ms 	(2171)
	Vulkan 	1.4735 ms 	(680)

Normal Benchmark Results Table (ms per task):
Stage | Little Core | Medium Core | Big Core | Vulkan | CUDA
------|------------|-------------|----------|--------|-------
    1 |    132.5000 |     74.0000 |  76.0714 | 1.5705 | 0.0000
    2 |      8.8938 |      4.1488 |   5.0050 | 1.0173 | 0.0000
    3 |    306.5000 |    189.8333 | 134.8750 | 1.2114 | 0.0000
    4 |      4.4381 |      2.0745 |   2.5496 | 0.9589 | 0.0000
    5 |    289.7500 |    185.1667 | 204.8000 | 1.2398 | 0.0000
    6 |    580.0000 |    367.6667 | 374.3333 | 1.5274 | 0.0000
    7 |    582.5000 |    442.6667 | 396.6667 | 1.5159 | 0.0000
    8 |      2.2289 |      1.0395 |   0.8490 | 0.9151 | 0.0000
    9 |      1.0351 |      0.7882 |   0.9286 | 2.4925 | 0.0000

Normal Benchmark - Sum of stages 1-9:
Little Core: 1907.8459 ms
Medium Core: 1267.3843 ms
Big Core: 1196.0786 ms
Vulkan: 12.4487 ms
CUDA: 0.0000 ms

Fully Benchmark Results Table (ms per task):
Stage | Little Core | Medium Core | Big Core | Vulkan | CUDA
------|-------------|-------------|----------|--------|-------
    1 |    147.0000 |     68.6000 |  44.7391 | 0.8352 | 0.0000
    2 |     15.5385 |      3.9300 |   2.5313 | 0.4311 | 0.0000
    3 |    364.6667 |    182.3333 | 109.4000 | 0.5952 | 0.0000
    4 |      8.5085 |      1.9495 |   1.2597 | 0.3622 | 0.0000
    5 |    366.6667 |    183.3333 | 110.0000 | 0.6403 | 0.0000
    6 |    638.0000 |    425.3333 | 255.2000 | 1.1183 | 0.0000
    7 |    633.0000 |    422.0000 | 253.2000 | 1.0377 | 0.0000
    8 |      3.4082 |      0.9570 |   0.6366 | 0.2688 | 0.0000
    9 |      1.2014 |      0.7335 |   0.4615 | 1.4735 | 0.0000

Fully Benchmark - Sum of stages 1-9:
Little Core: 2177.9899 ms
Medium Core: 1289.1700 ms
Big Core: 777.4283 ms
Vulkan: 6.7623 ms
CUDA: 0.0000 ms

Performance Comparison (Fully vs Normal):
Processor  | Normal (ms) | Fully (ms) | Ratio
-----------|-------------|------------|-------
Little Core|     1907.85 |    2177.99 |  1.14x
Medium Core|     1267.38 |    1289.17 |  1.02x
Big Core   |     1196.08 |     777.43 |  0.65x
Vulkan     |       12.45 |       6.76 |  0.54x

### PYTHON_DATA_START ###
# NORMAL_BENCHMARK_DATA
stage,little,medium,big,vulkan,cuda
1,132.5000,74.0000,76.0714,1.5705,0.0000
2,8.8938,4.1488,5.0050,1.0173,0.0000
3,306.5000,189.8333,134.8750,1.2114,0.0000
4,4.4381,2.0745,2.5496,0.9589,0.0000
5,289.7500,185.1667,204.8000,1.2398,0.0000
6,580.0000,367.6667,374.3333,1.5274,0.0000
7,582.5000,442.6667,396.6667,1.5159,0.0000
8,2.2289,1.0395,0.8490,0.9151,0.0000
9,1.0351,0.7882,0.9286,2.4925,0.0000
# FULLY_BENCHMARK_DATA
stage,little,medium,big,vulkan,cuda
1,147.0000,68.6000,44.7391,0.8352,0.0000
2,15.5385,3.9300,2.5313,0.4311,0.0000
3,364.6667,182.3333,109.4000,0.5952,0.0000
4,8.5085,1.9495,1.2597,0.3622,0.0000
5,366.6667,183.3333,110.0000,0.6403,0.0000
6,638.0000,425.3333,255.2000,1.1183,0.0000
7,633.0000,422.0000,253.2000,1.0377,0.0000
8,3.4082,0.9570,0.6366,0.2688,0.0000
9,1.2014,0.7335,0.4615,1.4735,0.0000
### PYTHON_DATA_END ###
