[2025-06-28 21:07:48.533] [info] Pinable Lit cores: 0 1 2 3 4 5 
[2025-06-28 21:07:48.533] [info] Pinable Med cores: 
[2025-06-28 21:07:48.533] [info] Pinable Big cores: 
[2025-06-28 21:07:48.533] [info] Pinable Sup cores: 
Stage: 1 by Little
	Count 	37
	Average 	27.4429 ms
Stage: 1 by CUDA
	Count 	534
	Average 	1.8744 ms
Stage: 2 by Little
	Count 	641
	Average 	1.5619 ms
Stage: 2 by CUDA
	Count 	1587
	Average 	0.6301 ms
Stage: 3 by Little
	Count 	16
	Average 	62.9300 ms
Stage: 3 by CUDA
	Count 	260
	Average 	3.8525 ms
Stage: 4 by Little
	Count 	1205
	Average 	0.8306 ms
Stage: 4 by CUDA
	Count 	1915
	Average 	0.5221 ms
Stage: 5 by Little
	Count 	17
	Average 	59.3439 ms
Stage: 5 by CUDA
	Count 	224
	Average 	4.4809 ms
Stage: 6 by Little
	Count 	9
	Average 	125.2860 ms
Stage: 6 by CUDA
	Count 	119
	Average 	8.4543 ms
Stage: 7 by Little
	Count 	9
	Average 	123.5540 ms
Stage: 7 by CUDA
	Count 	116
	Average 	8.6611 ms
Stage: 8 by Little
	Count 	2105
	Average 	0.4754 ms
Stage: 8 by CUDA
	Count 	3699
	Average 	0.2703 ms
Stage: 9 by Little
	Count 	2918
	Average 	0.3428 ms
Stage: 9 by CUDA
	Count 	1366
	Average 	0.7322 ms
Stage: 1
	Little 	28.1722 ms 	(36)
	Medium 	inf ms 	(0)
	Big    	inf ms 	(0)
	CUDA   	1.7190 ms 	(590)
Stage: 2
	Little 	2.5163 ms 	(398)
	Medium 	inf ms 	(0)
	Big    	inf ms 	(0)
	CUDA   	0.3906 ms 	(2564)
Stage: 3
	Little 	77.6287 ms 	(13)
	Medium 	inf ms 	(0)
	Big    	inf ms 	(0)
	CUDA   	3.7516 ms 	(269)
Stage: 4
	Little 	1.6014 ms 	(625)
	Medium 	inf ms 	(0)
	Big    	inf ms 	(0)
	CUDA   	0.2914 ms 	(3435)
Stage: 5
	Little 	59.9091 ms 	(17)
	Medium 	inf ms 	(0)
	Big    	inf ms 	(0)
	CUDA   	4.3899 ms 	(232)
Stage: 6
	Little 	130.7617 ms 	(8)
	Medium 	inf ms 	(0)
	Big    	inf ms 	(0)
	CUDA   	8.6454 ms 	(121)
Stage: 7
	Little 	120.4607 ms 	(9)
	Medium 	inf ms 	(0)
	Big    	inf ms 	(0)
	CUDA   	9.0346 ms 	(120)
Stage: 8
	Little 	0.7852 ms 	(1274)
	Medium 	inf ms 	(0)
	Big    	inf ms 	(0)
	CUDA   	0.2444 ms 	(4093)
Stage: 9
	Little 	0.5502 ms 	(1817)
	Medium 	inf ms 	(0)
	Big    	inf ms 	(0)
	CUDA   	0.4937 ms 	(2025)

Normal Benchmark Results Table (ms per task):
Stage | Little Core | Medium Core | Big Core | Vulkan | CUDA
------|------------|-------------|----------|--------|-------
    1 |     27.4429 |      0.0000 |   0.0000 | 0.0000 | 1.8744
    2 |      1.5619 |      0.0000 |   0.0000 | 0.0000 | 0.6301
    3 |     62.9300 |      0.0000 |   0.0000 | 0.0000 | 3.8525
    4 |      0.8306 |      0.0000 |   0.0000 | 0.0000 | 0.5221
    5 |     59.3439 |      0.0000 |   0.0000 | 0.0000 | 4.4809
    6 |    125.2860 |      0.0000 |   0.0000 | 0.0000 | 8.4543
    7 |    123.5540 |      0.0000 |   0.0000 | 0.0000 | 8.6611
    8 |      0.4754 |      0.0000 |   0.0000 | 0.0000 | 0.2703
    9 |      0.3428 |      0.0000 |   0.0000 | 0.0000 | 0.7322

Normal Benchmark - Sum of stages 1-9:
Little Core: 401.7675 ms
Medium Core: 0.0000 ms
Big Core: 0.0000 ms
Vulkan: 0.0000 ms
CUDA: 29.4779 ms

Fully Benchmark Results Table (ms per task):
Stage | Little Core | Medium Core | Big Core | Vulkan | CUDA
------|-------------|-------------|----------|--------|-------
    1 |     28.1722 |      0.0000 |   0.0000 | 0.0000 | 1.7190
    2 |      2.5163 |      0.0000 |   0.0000 | 0.0000 | 0.3906
    3 |     77.6287 |      0.0000 |   0.0000 | 0.0000 | 3.7516
    4 |      1.6014 |      0.0000 |   0.0000 | 0.0000 | 0.2914
    5 |     59.9091 |      0.0000 |   0.0000 | 0.0000 | 4.3899
    6 |    130.7617 |      0.0000 |   0.0000 | 0.0000 | 8.6454
    7 |    120.4607 |      0.0000 |   0.0000 | 0.0000 | 9.0346
    8 |      0.7852 |      0.0000 |   0.0000 | 0.0000 | 0.2444
    9 |      0.5502 |      0.0000 |   0.0000 | 0.0000 | 0.4937

Fully Benchmark - Sum of stages 1-9:
Little Core: 422.3856 ms
Medium Core: 0.0000 ms
Big Core: 0.0000 ms
Vulkan: 0.0000 ms
CUDA: 28.9605 ms

Performance Comparison (Fully vs Normal):
Processor  | Normal (ms) | Fully (ms) | Ratio
-----------|-------------|------------|-------
Little Core|      401.77 |     422.39 |  1.05x
CUDA       |       29.48 |      28.96 |  0.98x

### PYTHON_DATA_START ###
# NORMAL_BENCHMARK_DATA
stage,little,medium,big,vulkan,cuda
1,27.4429,0.0000,0.0000,0.0000,1.8744
2,1.5619,0.0000,0.0000,0.0000,0.6301
3,62.9300,0.0000,0.0000,0.0000,3.8525
4,0.8306,0.0000,0.0000,0.0000,0.5221
5,59.3439,0.0000,0.0000,0.0000,4.4809
6,125.2860,0.0000,0.0000,0.0000,8.4543
7,123.5540,0.0000,0.0000,0.0000,8.6611
8,0.4754,0.0000,0.0000,0.0000,0.2703
9,0.3428,0.0000,0.0000,0.0000,0.7322
# FULLY_BENCHMARK_DATA
stage,little,medium,big,vulkan,cuda
1,28.1722,0.0000,0.0000,0.0000,1.7190
2,2.5163,0.0000,0.0000,0.0000,0.3906
3,77.6287,0.0000,0.0000,0.0000,3.7516
4,1.6014,0.0000,0.0000,0.0000,0.2914
5,59.9091,0.0000,0.0000,0.0000,4.3899
6,130.7617,0.0000,0.0000,0.0000,8.6454
7,120.4607,0.0000,0.0000,0.0000,9.0346
8,0.7852,0.0000,0.0000,0.0000,0.2444
9,0.5502,0.0000,0.0000,0.0000,0.4937
### PYTHON_DATA_END ###
