[2025-06-29 10:00:56.603] [info] Pinable Lit cores: 0 1 2 3 4 5 
[2025-06-29 10:00:56.603] [info] Pinable Med cores: 
[2025-06-29 10:00:56.603] [info] Pinable Big cores: 
[2025-06-29 10:00:56.603] [info] Pinable Sup cores: 
Stage: 1 by Little
	Count 	38
	Average 	26.9056 ms
Stage: 1 by CUDA
	Count 	550
	Average 	1.8204 ms
Stage: 2 by Little
	Count 	623
	Average 	1.6064 ms
Stage: 2 by CUDA
	Count 	1500
	Average 	0.6666 ms
Stage: 3 by Little
	Count 	16
	Average 	63.4306 ms
Stage: 3 by CUDA
	Count 	274
	Average 	3.6547 ms
Stage: 4 by Little
	Count 	1127
	Average 	0.8877 ms
Stage: 4 by CUDA
	Count 	2578
	Average 	0.3879 ms
Stage: 5 by Little
	Count 	16
	Average 	65.0135 ms
Stage: 5 by CUDA
	Count 	222
	Average 	4.5174 ms
Stage: 6 by Little
	Count 	9
	Average 	116.5999 ms
Stage: 6 by CUDA
	Count 	116
	Average 	8.6229 ms
Stage: 7 by Little
	Count 	9
	Average 	122.2759 ms
Stage: 7 by CUDA
	Count 	119
	Average 	8.4674 ms
Stage: 8 by Little
	Count 	2118
	Average 	0.4734 ms
Stage: 8 by CUDA
	Count 	4119
	Average 	0.2428 ms
Stage: 9 by Little
	Count 	2874
	Average 	0.3481 ms
Stage: 9 by CUDA
	Count 	1261
	Average 	0.7930 ms
Stage: 1
	Little 	31.5249 ms 	(32)
	Medium 	inf ms 	(0)
	Big    	inf ms 	(0)
	CUDA   	1.6841 ms 	(599)
Stage: 2
	Little 	2.4878 ms 	(403)
	Medium 	inf ms 	(0)
	Big    	inf ms 	(0)
	CUDA   	0.4170 ms 	(2404)
Stage: 3
	Little 	63.7233 ms 	(16)
	Medium 	inf ms 	(0)
	Big    	inf ms 	(0)
	CUDA   	3.6808 ms 	(277)
Stage: 4
	Little 	1.5183 ms 	(659)
	Medium 	inf ms 	(0)
	Big    	inf ms 	(0)
	CUDA   	0.2914 ms 	(3434)
Stage: 5
	Little 	59.7287 ms 	(17)
	Medium 	inf ms 	(0)
	Big    	inf ms 	(0)
	CUDA   	4.3579 ms 	(233)
Stage: 6
	Little 	123.9692 ms 	(9)
	Medium 	inf ms 	(0)
	Big    	inf ms 	(0)
	CUDA   	9.3758 ms 	(119)
Stage: 7
	Little 	116.6654 ms 	(9)
	Medium 	inf ms 	(0)
	Big    	inf ms 	(0)
	CUDA   	8.6776 ms 	(121)
Stage: 8
	Little 	0.8190 ms 	(1221)
	Medium 	inf ms 	(0)
	Big    	inf ms 	(0)
	CUDA   	0.2852 ms 	(3506)
Stage: 9
	Little 	0.5293 ms 	(1889)
	Medium 	inf ms 	(0)
	Big    	inf ms 	(0)
	CUDA   	0.5112 ms 	(1956)

Normal Benchmark Results Table (ms per task):
Stage | Little Core | Medium Core | Big Core | Vulkan | CUDA
------|------------|-------------|----------|--------|-------
    1 |     26.9056 |      0.0000 |   0.0000 | 0.0000 | 1.8204
    2 |      1.6064 |      0.0000 |   0.0000 | 0.0000 | 0.6666
    3 |     63.4306 |      0.0000 |   0.0000 | 0.0000 | 3.6547
    4 |      0.8877 |      0.0000 |   0.0000 | 0.0000 | 0.3879
    5 |     65.0135 |      0.0000 |   0.0000 | 0.0000 | 4.5174
    6 |    116.5999 |      0.0000 |   0.0000 | 0.0000 | 8.6229
    7 |    122.2759 |      0.0000 |   0.0000 | 0.0000 | 8.4674
    8 |      0.4734 |      0.0000 |   0.0000 | 0.0000 | 0.2428
    9 |      0.3481 |      0.0000 |   0.0000 | 0.0000 | 0.7930

Normal Benchmark - Sum of stages 1-9:
Little Core: 397.5410 ms
Medium Core: 0.0000 ms
Big Core: 0.0000 ms
Vulkan: 0.0000 ms
CUDA: 29.1732 ms

Fully Benchmark Results Table (ms per task):
Stage | Little Core | Medium Core | Big Core | Vulkan | CUDA
------|-------------|-------------|----------|--------|-------
    1 |     31.5249 |      0.0000 |   0.0000 | 0.0000 | 1.6841
    2 |      2.4878 |      0.0000 |   0.0000 | 0.0000 | 0.4170
    3 |     63.7233 |      0.0000 |   0.0000 | 0.0000 | 3.6808
    4 |      1.5183 |      0.0000 |   0.0000 | 0.0000 | 0.2914
    5 |     59.7287 |      0.0000 |   0.0000 | 0.0000 | 4.3579
    6 |    123.9692 |      0.0000 |   0.0000 | 0.0000 | 9.3758
    7 |    116.6654 |      0.0000 |   0.0000 | 0.0000 | 8.6776
    8 |      0.8190 |      0.0000 |   0.0000 | 0.0000 | 0.2852
    9 |      0.5293 |      0.0000 |   0.0000 | 0.0000 | 0.5112

Fully Benchmark - Sum of stages 1-9:
Little Core: 400.9660 ms
Medium Core: 0.0000 ms
Big Core: 0.0000 ms
Vulkan: 0.0000 ms
CUDA: 29.2810 ms

Performance Comparison (Fully vs Normal):
Processor  | Normal (ms) | Fully (ms) | Ratio
-----------|-------------|------------|-------
Little Core|      397.54 |     400.97 |  1.01x
CUDA       |       29.17 |      29.28 |  1.00x

### PYTHON_DATA_START ###
# NORMAL_BENCHMARK_DATA
stage,little,medium,big,vulkan,cuda
1,26.9056,0.0000,0.0000,0.0000,1.8204
2,1.6064,0.0000,0.0000,0.0000,0.6666
3,63.4306,0.0000,0.0000,0.0000,3.6547
4,0.8877,0.0000,0.0000,0.0000,0.3879
5,65.0135,0.0000,0.0000,0.0000,4.5174
6,116.5999,0.0000,0.0000,0.0000,8.6229
7,122.2759,0.0000,0.0000,0.0000,8.4674
8,0.4734,0.0000,0.0000,0.0000,0.2428
9,0.3481,0.0000,0.0000,0.0000,0.7930
# FULLY_BENCHMARK_DATA
stage,little,medium,big,vulkan,cuda
1,31.5249,0.0000,0.0000,0.0000,1.6841
2,2.4878,0.0000,0.0000,0.0000,0.4170
3,63.7233,0.0000,0.0000,0.0000,3.6808
4,1.5183,0.0000,0.0000,0.0000,0.2914
5,59.7287,0.0000,0.0000,0.0000,4.3579
6,123.9692,0.0000,0.0000,0.0000,9.3758
7,116.6654,0.0000,0.0000,0.0000,8.6776
8,0.8190,0.0000,0.0000,0.0000,0.2852
9,0.5293,0.0000,0.0000,0.0000,0.5112
### PYTHON_DATA_END ###
