[2025-06-28 21:05:26.058] [info] Pinable Lit cores: 0 1 2 3 4 5 
[2025-06-28 21:05:26.058] [info] Pinable Med cores: 
[2025-06-28 21:05:26.058] [info] Pinable Big cores: 
[2025-06-28 21:05:26.058] [info] Pinable Sup cores: 
Stage: 1 by Little
	Count 	2019
	Average 	0.4956 ms
Stage: 1 by CUDA
	Count 	1567
	Average 	0.6382 ms
Stage: 2 by Little
	Count 	355
	Average 	2.8237 ms
Stage: 2 by CUDA
	Count 	542
	Average 	1.8454 ms
Stage: 3 by Little
	Count 	1957
	Average 	0.5113 ms
Stage: 3 by CUDA
	Count 	1102
	Average 	0.9076 ms
Stage: 4 by Little
	Count 	314
	Average 	3.1927 ms
Stage: 4 by CUDA
	Count 	789
	Average 	1.2676 ms
Stage: 5 by Little
	Count 	6121
	Average 	0.1634 ms
Stage: 5 by CUDA
	Count 	2510
	Average 	0.3984 ms
Stage: 6 by Little
	Count 	2571
	Average 	0.3891 ms
Stage: 6 by CUDA
	Count 	1537
	Average 	0.6505 ms
Stage: 7 by Little
	Count 	891
	Average 	1.1229 ms
Stage: 7 by CUDA
	Count 	742
	Average 	1.3478 ms
Stage: 1
	Little 	0.9347 ms 	(1072)
	Medium 	inf ms 	(0)
	Big    	inf ms 	(0)
	CUDA   	0.3343 ms 	(2997)
Stage: 2
	Little 	4.1476 ms 	(242)
	Medium 	inf ms 	(0)
	Big    	inf ms 	(0)
	CUDA   	1.9155 ms 	(524)
Stage: 3
	Little 	0.7305 ms 	(1369)
	Medium 	inf ms 	(0)
	Big    	inf ms 	(0)
	CUDA   	1.5949 ms 	(627)
Stage: 4
	Little 	3.4491 ms 	(290)
	Medium 	inf ms 	(0)
	Big    	inf ms 	(0)
	CUDA   	0.8891 ms 	(1125)
Stage: 5
	Little 	0.3183 ms 	(3141)
	Medium 	inf ms 	(0)
	Big    	inf ms 	(0)
	CUDA   	0.3285 ms 	(3043)
Stage: 6
	Little 	0.7623 ms 	(1316)
	Medium 	inf ms 	(0)
	Big    	inf ms 	(0)
	CUDA   	2.0267 ms 	(495)
Stage: 7
	Little 	1.2099 ms 	(827)
	Medium 	inf ms 	(0)
	Big    	inf ms 	(0)
	CUDA   	1.1280 ms 	(887)

Normal Benchmark Results Table (ms per task):
Stage | Little Core | Medium Core | Big Core | Vulkan | CUDA
------|------------|-------------|----------|--------|-------
    1 |      0.4956 |      0.0000 |   0.0000 | 0.0000 | 0.6382
    2 |      2.8237 |      0.0000 |   0.0000 | 0.0000 | 1.8454
    3 |      0.5113 |      0.0000 |   0.0000 | 0.0000 | 0.9076
    4 |      3.1927 |      0.0000 |   0.0000 | 0.0000 | 1.2676
    5 |      0.1634 |      0.0000 |   0.0000 | 0.0000 | 0.3984
    6 |      0.3891 |      0.0000 |   0.0000 | 0.0000 | 0.6505
    7 |      1.1229 |      0.0000 |   0.0000 | 0.0000 | 1.3478

Normal Benchmark - Sum of stages 1-7:
Little Core: 8.6988 ms
Medium Core: 0.0000 ms
Big Core: 0.0000 ms
Vulkan: 0.0000 ms
CUDA: 7.0554 ms

Fully Benchmark Results Table (ms per task):
Stage | Little Core | Medium Core | Big Core | Vulkan | CUDA
------|-------------|-------------|----------|--------|-------
    1 |      0.9347 |      0.0000 |   0.0000 | 0.0000 | 0.3343
    2 |      4.1476 |      0.0000 |   0.0000 | 0.0000 | 1.9155
    3 |      0.7305 |      0.0000 |   0.0000 | 0.0000 | 1.5949
    4 |      3.4491 |      0.0000 |   0.0000 | 0.0000 | 0.8891
    5 |      0.3183 |      0.0000 |   0.0000 | 0.0000 | 0.3285
    6 |      0.7623 |      0.0000 |   0.0000 | 0.0000 | 2.0267
    7 |      1.2099 |      0.0000 |   0.0000 | 0.0000 | 1.1280

Fully Benchmark - Sum of stages 1-7:
Little Core: 11.5523 ms
Medium Core: 0.0000 ms
Big Core: 0.0000 ms
Vulkan: 0.0000 ms
CUDA: 8.2171 ms

Performance Comparison (Fully vs Normal):
Processor  | Normal (ms) | Fully (ms) | Ratio
-----------|-------------|------------|-------
Little Core|        8.70 |      11.55 |  1.33x
CUDA       |        7.06 |       8.22 |  1.16x

### PYTHON_DATA_START ###
# NORMAL_BENCHMARK_DATA
stage,little,medium,big,vulkan,cuda
1,0.4956,0.0000,0.0000,0.0000,0.6382
2,2.8237,0.0000,0.0000,0.0000,1.8454
3,0.5113,0.0000,0.0000,0.0000,0.9076
4,3.1927,0.0000,0.0000,0.0000,1.2676
5,0.1634,0.0000,0.0000,0.0000,0.3984
6,0.3891,0.0000,0.0000,0.0000,0.6505
7,1.1229,0.0000,0.0000,0.0000,1.3478
# FULLY_BENCHMARK_DATA
stage,little,medium,big,vulkan,cuda
1,0.9347,0.0000,0.0000,0.0000,0.3343
2,4.1476,0.0000,0.0000,0.0000,1.9155
3,0.7305,0.0000,0.0000,0.0000,1.5949
4,3.4491,0.0000,0.0000,0.0000,0.8891
5,0.3183,0.0000,0.0000,0.0000,0.3285
6,0.7623,0.0000,0.0000,0.0000,2.0267
7,1.2099,0.0000,0.0000,0.0000,1.1280
### PYTHON_DATA_END ###
