[2025-06-28 21:18:30.521] [info] Pinable Lit cores: 0 1 2 3 4 5 
[2025-06-28 21:18:30.522] [info] Pinable Med cores: 
[2025-06-28 21:18:30.522] [info] Pinable Big cores: 
[2025-06-28 21:18:30.522] [info] Pinable Sup cores: 
Stage: 1 by Little
	Count 	1933
	Average 	0.5176 ms
Stage: 1 by CUDA
	Count 	1681
	Average 	0.5949 ms
Stage: 2 by Little
	Count 	336
	Average 	2.9798 ms
Stage: 2 by CUDA
	Count 	455
	Average 	2.1980 ms
Stage: 3 by Little
	Count 	2560
	Average 	0.3908 ms
Stage: 3 by CUDA
	Count 	643
	Average 	1.5556 ms
Stage: 4 by Little
	Count 	314
	Average 	3.1899 ms
Stage: 4 by CUDA
	Count 	733
	Average 	1.3648 ms
Stage: 5 by Little
	Count 	6138
	Average 	0.1630 ms
Stage: 5 by CUDA
	Count 	4219
	Average 	0.2370 ms
Stage: 6 by Little
	Count 	2605
	Average 	0.3840 ms
Stage: 6 by CUDA
	Count 	1326
	Average 	0.7541 ms
Stage: 7 by Little
	Count 	924
	Average 	1.0833 ms
Stage: 7 by CUDA
	Count 	818
	Average 	1.2224 ms
Stage: 1
	Little 	0.9923 ms 	(1008)
	Medium 	inf ms 	(0)
	Big    	inf ms 	(0)
	CUDA   	0.3226 ms 	(3101)
Stage: 2
	Little 	3.6936 ms 	(272)
	Medium 	inf ms 	(0)
	Big    	inf ms 	(0)
	CUDA   	1.9855 ms 	(506)
Stage: 3
	Little 	0.7764 ms 	(1289)
	Medium 	inf ms 	(0)
	Big    	inf ms 	(0)
	CUDA   	1.5986 ms 	(626)
Stage: 4
	Little 	3.6536 ms 	(274)
	Medium 	inf ms 	(0)
	Big    	inf ms 	(0)
	CUDA   	0.8836 ms 	(1133)
Stage: 5
	Little 	0.2213 ms 	(4517)
	Medium 	inf ms 	(0)
	Big    	inf ms 	(0)
	CUDA   	0.2602 ms 	(3842)
Stage: 6
	Little 	0.7273 ms 	(1376)
	Medium 	inf ms 	(0)
	Big    	inf ms 	(0)
	CUDA   	1.8430 ms 	(543)
Stage: 7
	Little 	1.2992 ms 	(770)
	Medium 	inf ms 	(0)
	Big    	inf ms 	(0)
	CUDA   	1.0791 ms 	(927)

Normal Benchmark Results Table (ms per task):
Stage | Little Core | Medium Core | Big Core | Vulkan | CUDA
------|------------|-------------|----------|--------|-------
    1 |      0.5176 |      0.0000 |   0.0000 | 0.0000 | 0.5949
    2 |      2.9798 |      0.0000 |   0.0000 | 0.0000 | 2.1980
    3 |      0.3908 |      0.0000 |   0.0000 | 0.0000 | 1.5556
    4 |      3.1899 |      0.0000 |   0.0000 | 0.0000 | 1.3648
    5 |      0.1630 |      0.0000 |   0.0000 | 0.0000 | 0.2370
    6 |      0.3840 |      0.0000 |   0.0000 | 0.0000 | 0.7541
    7 |      1.0833 |      0.0000 |   0.0000 | 0.0000 | 1.2224

Normal Benchmark - Sum of stages 1-7:
Little Core: 8.7084 ms
Medium Core: 0.0000 ms
Big Core: 0.0000 ms
Vulkan: 0.0000 ms
CUDA: 7.9267 ms

Fully Benchmark Results Table (ms per task):
Stage | Little Core | Medium Core | Big Core | Vulkan | CUDA
------|-------------|-------------|----------|--------|-------
    1 |      0.9923 |      0.0000 |   0.0000 | 0.0000 | 0.3226
    2 |      3.6936 |      0.0000 |   0.0000 | 0.0000 | 1.9855
    3 |      0.7764 |      0.0000 |   0.0000 | 0.0000 | 1.5986
    4 |      3.6536 |      0.0000 |   0.0000 | 0.0000 | 0.8836
    5 |      0.2213 |      0.0000 |   0.0000 | 0.0000 | 0.2602
    6 |      0.7273 |      0.0000 |   0.0000 | 0.0000 | 1.8430
    7 |      1.2992 |      0.0000 |   0.0000 | 0.0000 | 1.0791

Fully Benchmark - Sum of stages 1-7:
Little Core: 11.3637 ms
Medium Core: 0.0000 ms
Big Core: 0.0000 ms
Vulkan: 0.0000 ms
CUDA: 7.9726 ms

Performance Comparison (Fully vs Normal):
Processor  | Normal (ms) | Fully (ms) | Ratio
-----------|-------------|------------|-------
Little Core|        8.71 |      11.36 |  1.30x
CUDA       |        7.93 |       7.97 |  1.01x

### PYTHON_DATA_START ###
# NORMAL_BENCHMARK_DATA
stage,little,medium,big,vulkan,cuda
1,0.5176,0.0000,0.0000,0.0000,0.5949
2,2.9798,0.0000,0.0000,0.0000,2.1980
3,0.3908,0.0000,0.0000,0.0000,1.5556
4,3.1899,0.0000,0.0000,0.0000,1.3648
5,0.1630,0.0000,0.0000,0.0000,0.2370
6,0.3840,0.0000,0.0000,0.0000,0.7541
7,1.0833,0.0000,0.0000,0.0000,1.2224
# FULLY_BENCHMARK_DATA
stage,little,medium,big,vulkan,cuda
1,0.9923,0.0000,0.0000,0.0000,0.3226
2,3.6936,0.0000,0.0000,0.0000,1.9855
3,0.7764,0.0000,0.0000,0.0000,1.5986
4,3.6536,0.0000,0.0000,0.0000,0.8836
5,0.2213,0.0000,0.0000,0.0000,0.2602
6,0.7273,0.0000,0.0000,0.0000,1.8430
7,1.2992,0.0000,0.0000,0.0000,1.0791
### PYTHON_DATA_END ###
