[2025-06-29 09:58:32.927] [info] Pinable Lit cores: 0 1 2 3 4 5 
[2025-06-29 09:58:32.927] [info] Pinable Med cores: 
[2025-06-29 09:58:32.927] [info] Pinable Big cores: 
[2025-06-29 09:58:32.927] [info] Pinable Sup cores: 
Stage: 1 by Little
	Count 	1772
	Average 	0.5646 ms
Stage: 1 by CUDA
	Count 	2582
	Average 	0.3873 ms
Stage: 2 by Little
	Count 	346
	Average 	2.8964 ms
Stage: 2 by CUDA
	Count 	514
	Average 	1.9483 ms
Stage: 3 by Little
	Count 	2226
	Average 	0.4495 ms
Stage: 3 by CUDA
	Count 	1111
	Average 	0.8998 ms
Stage: 4 by Little
	Count 	357
	Average 	2.8032 ms
Stage: 4 by CUDA
	Count 	774
	Average 	1.2928 ms
Stage: 5 by Little
	Count 	6182
	Average 	0.1618 ms
Stage: 5 by CUDA
	Count 	4021
	Average 	0.2487 ms
Stage: 6 by Little
	Count 	2277
	Average 	0.4393 ms
Stage: 6 by CUDA
	Count 	660
	Average 	1.5159 ms
Stage: 7 by Little
	Count 	1026
	Average 	0.9756 ms
Stage: 7 by CUDA
	Count 	797
	Average 	1.2547 ms
Stage: 1
	Little 	0.8997 ms 	(1112)
	Medium 	inf ms 	(0)
	Big    	inf ms 	(0)
	CUDA   	0.3173 ms 	(3153)
Stage: 2
	Little 	3.6839 ms 	(272)
	Medium 	inf ms 	(0)
	Big    	inf ms 	(0)
	CUDA   	2.1926 ms 	(457)
Stage: 3
	Little 	0.7943 ms 	(1263)
	Medium 	inf ms 	(0)
	Big    	inf ms 	(0)
	CUDA   	1.7914 ms 	(560)
Stage: 4
	Little 	3.4069 ms 	(294)
	Medium 	inf ms 	(0)
	Big    	inf ms 	(0)
	CUDA   	0.8786 ms 	(1140)
Stage: 5
	Little 	0.2480 ms 	(4032)
	Medium 	inf ms 	(0)
	Big    	inf ms 	(0)
	CUDA   	0.2521 ms 	(3966)
Stage: 6
	Little 	0.7206 ms 	(1396)
	Medium 	inf ms 	(0)
	Big    	inf ms 	(0)
	CUDA   	1.9383 ms 	(519)
Stage: 7
	Little 	1.1513 ms 	(869)
	Medium 	inf ms 	(0)
	Big    	inf ms 	(0)
	CUDA   	1.2569 ms 	(796)

Normal Benchmark Results Table (ms per task):
Stage | Little Core | Medium Core | Big Core | Vulkan | CUDA
------|------------|-------------|----------|--------|-------
    1 |      0.5646 |      0.0000 |   0.0000 | 0.0000 | 0.3873
    2 |      2.8964 |      0.0000 |   0.0000 | 0.0000 | 1.9483
    3 |      0.4495 |      0.0000 |   0.0000 | 0.0000 | 0.8998
    4 |      2.8032 |      0.0000 |   0.0000 | 0.0000 | 1.2928
    5 |      0.1618 |      0.0000 |   0.0000 | 0.0000 | 0.2487
    6 |      0.4393 |      0.0000 |   0.0000 | 0.0000 | 1.5159
    7 |      0.9756 |      0.0000 |   0.0000 | 0.0000 | 1.2547

Normal Benchmark - Sum of stages 1-7:
Little Core: 8.2904 ms
Medium Core: 0.0000 ms
Big Core: 0.0000 ms
Vulkan: 0.0000 ms
CUDA: 7.5475 ms

Fully Benchmark Results Table (ms per task):
Stage | Little Core | Medium Core | Big Core | Vulkan | CUDA
------|-------------|-------------|----------|--------|-------
    1 |      0.8997 |      0.0000 |   0.0000 | 0.0000 | 0.3173
    2 |      3.6839 |      0.0000 |   0.0000 | 0.0000 | 2.1926
    3 |      0.7943 |      0.0000 |   0.0000 | 0.0000 | 1.7914
    4 |      3.4069 |      0.0000 |   0.0000 | 0.0000 | 0.8786
    5 |      0.2480 |      0.0000 |   0.0000 | 0.0000 | 0.2521
    6 |      0.7206 |      0.0000 |   0.0000 | 0.0000 | 1.9383
    7 |      1.1513 |      0.0000 |   0.0000 | 0.0000 | 1.2569

Fully Benchmark - Sum of stages 1-7:
Little Core: 10.9048 ms
Medium Core: 0.0000 ms
Big Core: 0.0000 ms
Vulkan: 0.0000 ms
CUDA: 8.6273 ms

Performance Comparison (Fully vs Normal):
Processor  | Normal (ms) | Fully (ms) | Ratio
-----------|-------------|------------|-------
Little Core|        8.29 |      10.90 |  1.32x
CUDA       |        7.55 |       8.63 |  1.14x

### PYTHON_DATA_START ###
# NORMAL_BENCHMARK_DATA
stage,little,medium,big,vulkan,cuda
1,0.5646,0.0000,0.0000,0.0000,0.3873
2,2.8964,0.0000,0.0000,0.0000,1.9483
3,0.4495,0.0000,0.0000,0.0000,0.8998
4,2.8032,0.0000,0.0000,0.0000,1.2928
5,0.1618,0.0000,0.0000,0.0000,0.2487
6,0.4393,0.0000,0.0000,0.0000,1.5159
7,0.9756,0.0000,0.0000,0.0000,1.2547
# FULLY_BENCHMARK_DATA
stage,little,medium,big,vulkan,cuda
1,0.8997,0.0000,0.0000,0.0000,0.3173
2,3.6839,0.0000,0.0000,0.0000,2.1926
3,0.7943,0.0000,0.0000,0.0000,1.7914
4,3.4069,0.0000,0.0000,0.0000,0.8786
5,0.2480,0.0000,0.0000,0.0000,0.2521
6,0.7206,0.0000,0.0000,0.0000,1.9383
7,1.1513,0.0000,0.0000,0.0000,1.2569
### PYTHON_DATA_END ###
