
Running only on specified device: 9b034f1b
Deploying and running 'bm-gen-logs-cifar-dense-vk' on device: 9b034f1b
build/android/arm64-v8a/release/bm-gen-logs-cifar-dense-vk: 1 file pushed, 0 skipped. 469.8 MB/s (6981840 bytes in 0.014s)
[2025-06-28 13:10:20.678] [info] Pinable Lit cores: 0 1 2 
[2025-06-28 13:10:20.678] [info] Pinable Med cores: 3 4 
[2025-06-28 13:10:20.678] [info] Pinable Big cores: 5 6 7 
[2025-06-28 13:10:20.678] [info] Pinable Sup cores: 
[2025-06-28 13:10:22.392] [info] Fetching JSON from URL: http://192.168.1.12:8080/9b034f1b/cifar-dense/vk/schedules_isolated_tmax.json
[2025-06-28 13:10:22.458] [info] Loaded 30 valid schedules from JSON
[2025-06-28 13:10:22.459] [info] Loaded 30 schedules
--------------------------------
Schedule 0 [UID: SCH-M9-G000-dfd5]:
  Chunk 0 [OMP/Medium]: 1, 2, 3, 4, 5, 6, 7, 8, 9
--------------------------------
Schedule 1 [UID: SCH-B9-G000-8358]:
  Chunk 0 [OMP/Big   ]: 1, 2, 3, 4, 5, 6, 7, 8, 9
--------------------------------
Schedule 2 [UID: SCH-L9-G000-e6e8]:
  Chunk 0 [OMP/Little]: 1, 2, 3, 4, 5, 6, 7, 8, 9
--------------------------------
Schedule 3 [UID: SCH-G9-G000-f2f7]:
  Chunk 0 [Vulkan    ]: 1, 2, 3, 4, 5, 6, 7, 8, 9
--------------------------------
Schedule 4 [UID: SCH-G7L2-G594-8a68]:
  Chunk 0 [Vulkan    ]: 1, 2, 3, 4, 5, 6, 7
  Chunk 1 [OMP/Little]: 8, 9
--------------------------------
Schedule 5 [UID: SCH-G7B2-G716-0253]:
  Chunk 0 [Vulkan    ]: 1, 2, 3, 4, 5, 6, 7
  Chunk 1 [OMP/Big   ]: 8, 9
--------------------------------
Schedule 6 [UID: SCH-G7M2-G730-89b7]:
  Chunk 0 [Vulkan    ]: 1, 2, 3, 4, 5, 6, 7
  Chunk 1 [OMP/Medium]: 8, 9
--------------------------------
Schedule 7 [UID: SCH-G7B1L1-G818-21e2]:
  Chunk 0 [Vulkan    ]: 1, 2, 3, 4, 5, 6, 7
  Chunk 1 [OMP/Big   ]: 8
  Chunk 2 [OMP/Little]: 9
--------------------------------
Schedule 8 [UID: SCH-G7M1L1-G818-cbc2]:
  Chunk 0 [Vulkan    ]: 1, 2, 3, 4, 5, 6, 7
  Chunk 1 [OMP/Medium]: 8
  Chunk 2 [OMP/Little]: 9
--------------------------------
Schedule 9 [UID: SCH-G7L1B1-G829-b428]:
  Chunk 0 [Vulkan    ]: 1, 2, 3, 4, 5, 6, 7
  Chunk 1 [OMP/Little]: 8
  Chunk 2 [OMP/Big   ]: 9
--------------------------------
Schedule 10 [UID: SCH-G7M1B1-G829-ae21]:
  Chunk 0 [Vulkan    ]: 1, 2, 3, 4, 5, 6, 7
  Chunk 1 [OMP/Medium]: 8
  Chunk 2 [OMP/Big   ]: 9
--------------------------------
Schedule 11 [UID: SCH-G7L1M1-G843-4cd6]:
  Chunk 0 [Vulkan    ]: 1, 2, 3, 4, 5, 6, 7
  Chunk 1 [OMP/Little]: 8
  Chunk 2 [OMP/Medium]: 9
--------------------------------
Schedule 12 [UID: SCH-G7B1M1-G843-c0ba]:
  Chunk 0 [Vulkan    ]: 1, 2, 3, 4, 5, 6, 7
  Chunk 1 [OMP/Big   ]: 8
  Chunk 2 [OMP/Medium]: 9
--------------------------------
Schedule 13 [UID: SCH-G8L1-G911-35e4]:
  Chunk 0 [Vulkan    ]: 1, 2, 3, 4, 5, 6, 7, 8
  Chunk 1 [OMP/Little]: 9
--------------------------------
Schedule 14 [UID: SCH-G8B1-G922-a73b]:
  Chunk 0 [Vulkan    ]: 1, 2, 3, 4, 5, 6, 7, 8
  Chunk 1 [OMP/Big   ]: 9
--------------------------------
Schedule 15 [UID: SCH-G8M1-G936-aeac]:
  Chunk 0 [Vulkan    ]: 1, 2, 3, 4, 5, 6, 7, 8
  Chunk 1 [OMP/Medium]: 9
--------------------------------
Schedule 16 [UID: SCH-L5M4-G962-6fe6]:
  Chunk 0 [OMP/Little]: 1, 2, 3, 4, 5
  Chunk 1 [OMP/Medium]: 6, 7, 8, 9
--------------------------------
Schedule 17 [UID: SCH-L5B4-G1194-dc2d]:
  Chunk 0 [OMP/Little]: 1, 2, 3, 4, 5
  Chunk 1 [OMP/Big   ]: 6, 7, 8, 9
--------------------------------
Schedule 18 [UID: SCH-M1G8-G6311-5c5d]:
  Chunk 0 [OMP/Medium]: 1
  Chunk 1 [Vulkan    ]: 2, 3, 4, 5, 6, 7, 8, 9
--------------------------------
Schedule 19 [UID: SCH-M1L1G7-G6515-b023]:
  Chunk 0 [OMP/Medium]: 1
  Chunk 1 [OMP/Little]: 2
  Chunk 2 [Vulkan    ]: 3, 4, 5, 6, 7, 8, 9
--------------------------------
Schedule 20 [UID: SCH-M2G7-G6830-7021]:
  Chunk 0 [OMP/Medium]: 1, 2
  Chunk 1 [Vulkan    ]: 3, 4, 5, 6, 7, 8, 9
--------------------------------
Schedule 21 [UID: SCH-M1B1G7-G6907-f58e]:
  Chunk 0 [OMP/Medium]: 1
  Chunk 1 [OMP/Big   ]: 2
  Chunk 2 [Vulkan    ]: 3, 4, 5, 6, 7, 8, 9
--------------------------------
Schedule 22 [UID: SCH-M1G6L2-G7080-f58b]:
  Chunk 0 [OMP/Medium]: 1
  Chunk 1 [Vulkan    ]: 2, 3, 4, 5, 6, 7
  Chunk 2 [OMP/Little]: 8, 9
--------------------------------
Schedule 23 [UID: SCH-M1B1G5L2-G7080-77d0]:
  Chunk 0 [OMP/Medium]: 1
  Chunk 1 [OMP/Big   ]: 2
  Chunk 2 [Vulkan    ]: 3, 4, 5, 6, 7
  Chunk 3 [OMP/Little]: 8, 9
--------------------------------
Schedule 24 [UID: SCH-M1G6B2-G7202-a9f8]:
  Chunk 0 [OMP/Medium]: 1
  Chunk 1 [Vulkan    ]: 2, 3, 4, 5, 6, 7
  Chunk 2 [OMP/Big   ]: 8, 9
--------------------------------
Schedule 25 [UID: SCH-M1L1G5B2-G7202-3c0f]:
  Chunk 0 [OMP/Medium]: 1
  Chunk 1 [OMP/Little]: 2
  Chunk 2 [Vulkan    ]: 3, 4, 5, 6, 7
  Chunk 3 [OMP/Big   ]: 8, 9
--------------------------------
Schedule 26 [UID: SCH-B1G8-G7265-12c4]:
  Chunk 0 [OMP/Big   ]: 1
  Chunk 1 [Vulkan    ]: 2, 3, 4, 5, 6, 7, 8, 9
--------------------------------
Schedule 27 [UID: SCH-M1G6B1L1-G7304-364c]:
  Chunk 0 [OMP/Medium]: 1
  Chunk 1 [Vulkan    ]: 2, 3, 4, 5, 6, 7
  Chunk 2 [OMP/Big   ]: 8
  Chunk 3 [OMP/Little]: 9
--------------------------------
Schedule 28 [UID: SCH-M1G7L1-G7304-5866]:
  Chunk 0 [OMP/Medium]: 1
  Chunk 1 [Vulkan    ]: 2, 3, 4, 5, 6, 7, 8
  Chunk 2 [OMP/Little]: 9
--------------------------------
Schedule 29 [UID: SCH-M1B1G6L1-G7304-e5d6]:
  Chunk 0 [OMP/Medium]: 1
  Chunk 1 [OMP/Big   ]: 2
  Chunk 2 [Vulkan    ]: 3, 4, 5, 6, 7, 8
  Chunk 3 [OMP/Little]: 9
[2025-06-28 13:10:22.470] [info] Running 30/30 schedules

--------------------------------
[2025-06-28 13:10:22.471] [info] Available Vulkan Layers:
[2025-06-28 13:10:22.471] [warning] Validation layer requested but not available, continuing without it...
[2025-06-28 13:10:22.476] [info] Using integrated GPU: Adreno (TM) 740
